Archive member included to satisfy reference by file (symbol)

c:/program files (x86)/atmel/studio/7.0/toolchain/avr8/avr8-gnu-toolchain/bin/../lib/gcc/avr/5.4.0/../../../../avr/lib/avr5\libm.a(addsf3.o)
                              Sketch.o (__addsf3)
c:/program files (x86)/atmel/studio/7.0/toolchain/avr8/avr8-gnu-toolchain/bin/../lib/gcc/avr/5.4.0/../../../../avr/lib/avr5\libm.a(addsf3x.o)
                              c:/program files (x86)/atmel/studio/7.0/toolchain/avr8/avr8-gnu-toolchain/bin/../lib/gcc/avr/5.4.0/../../../../avr/lib/avr5\libm.a(addsf3.o) (__addsf3x)
c:/program files (x86)/atmel/studio/7.0/toolchain/avr8/avr8-gnu-toolchain/bin/../lib/gcc/avr/5.4.0/../../../../avr/lib/avr5\libm.a(divsf3.o)
                              Sketch.o (__divsf3)
c:/program files (x86)/atmel/studio/7.0/toolchain/avr8/avr8-gnu-toolchain/bin/../lib/gcc/avr/5.4.0/../../../../avr/lib/avr5\libm.a(divsf3x.o)
                              c:/program files (x86)/atmel/studio/7.0/toolchain/avr8/avr8-gnu-toolchain/bin/../lib/gcc/avr/5.4.0/../../../../avr/lib/avr5\libm.a(divsf3.o) (__divsf3x)
c:/program files (x86)/atmel/studio/7.0/toolchain/avr8/avr8-gnu-toolchain/bin/../lib/gcc/avr/5.4.0/../../../../avr/lib/avr5\libm.a(fixsfsi.o)
                              RmMemManager.o (__fixsfsi)
c:/program files (x86)/atmel/studio/7.0/toolchain/avr8/avr8-gnu-toolchain/bin/../lib/gcc/avr/5.4.0/../../../../avr/lib/avr5\libm.a(fixunssfsi.o)
                              Sketch.o (__fixunssfsi)
c:/program files (x86)/atmel/studio/7.0/toolchain/avr8/avr8-gnu-toolchain/bin/../lib/gcc/avr/5.4.0/../../../../avr/lib/avr5\libm.a(floatsisf.o)
                              RmMemManager.o (__floatsisf)
c:/program files (x86)/atmel/studio/7.0/toolchain/avr8/avr8-gnu-toolchain/bin/../lib/gcc/avr/5.4.0/../../../../avr/lib/avr5\libm.a(fp_inf.o)
                              c:/program files (x86)/atmel/studio/7.0/toolchain/avr8/avr8-gnu-toolchain/bin/../lib/gcc/avr/5.4.0/../../../../avr/lib/avr5\libm.a(addsf3x.o) (__fp_inf)
c:/program files (x86)/atmel/studio/7.0/toolchain/avr8/avr8-gnu-toolchain/bin/../lib/gcc/avr/5.4.0/../../../../avr/lib/avr5\libm.a(fp_nan.o)
                              c:/program files (x86)/atmel/studio/7.0/toolchain/avr8/avr8-gnu-toolchain/bin/../lib/gcc/avr/5.4.0/../../../../avr/lib/avr5\libm.a(addsf3x.o) (__fp_nan)
c:/program files (x86)/atmel/studio/7.0/toolchain/avr8/avr8-gnu-toolchain/bin/../lib/gcc/avr/5.4.0/../../../../avr/lib/avr5\libm.a(fp_pscA.o)
                              c:/program files (x86)/atmel/studio/7.0/toolchain/avr8/avr8-gnu-toolchain/bin/../lib/gcc/avr/5.4.0/../../../../avr/lib/avr5\libm.a(addsf3x.o) (__fp_pscA)
c:/program files (x86)/atmel/studio/7.0/toolchain/avr8/avr8-gnu-toolchain/bin/../lib/gcc/avr/5.4.0/../../../../avr/lib/avr5\libm.a(fp_pscB.o)
                              c:/program files (x86)/atmel/studio/7.0/toolchain/avr8/avr8-gnu-toolchain/bin/../lib/gcc/avr/5.4.0/../../../../avr/lib/avr5\libm.a(addsf3x.o) (__fp_pscB)
c:/program files (x86)/atmel/studio/7.0/toolchain/avr8/avr8-gnu-toolchain/bin/../lib/gcc/avr/5.4.0/../../../../avr/lib/avr5\libm.a(fp_round.o)
                              c:/program files (x86)/atmel/studio/7.0/toolchain/avr8/avr8-gnu-toolchain/bin/../lib/gcc/avr/5.4.0/../../../../avr/lib/avr5\libm.a(addsf3.o) (__fp_round)
c:/program files (x86)/atmel/studio/7.0/toolchain/avr8/avr8-gnu-toolchain/bin/../lib/gcc/avr/5.4.0/../../../../avr/lib/avr5\libm.a(fp_split3.o)
                              c:/program files (x86)/atmel/studio/7.0/toolchain/avr8/avr8-gnu-toolchain/bin/../lib/gcc/avr/5.4.0/../../../../avr/lib/avr5\libm.a(addsf3x.o) (__fp_split3)
c:/program files (x86)/atmel/studio/7.0/toolchain/avr8/avr8-gnu-toolchain/bin/../lib/gcc/avr/5.4.0/../../../../avr/lib/avr5\libm.a(fp_zero.o)
                              c:/program files (x86)/atmel/studio/7.0/toolchain/avr8/avr8-gnu-toolchain/bin/../lib/gcc/avr/5.4.0/../../../../avr/lib/avr5\libm.a(addsf3x.o) (__fp_zero)
c:/program files (x86)/atmel/studio/7.0/toolchain/avr8/avr8-gnu-toolchain/bin/../lib/gcc/avr/5.4.0/../../../../avr/lib/avr5\libm.a(gesf2.o)
                              Sketch.o (__gtsf2)
c:/program files (x86)/atmel/studio/7.0/toolchain/avr8/avr8-gnu-toolchain/bin/../lib/gcc/avr/5.4.0/../../../../avr/lib/avr5\libm.a(mulsf3.o)
                              RmMemManager.o (__mulsf3)
c:/program files (x86)/atmel/studio/7.0/toolchain/avr8/avr8-gnu-toolchain/bin/../lib/gcc/avr/5.4.0/../../../../avr/lib/avr5\libm.a(mulsf3x.o)
                              c:/program files (x86)/atmel/studio/7.0/toolchain/avr8/avr8-gnu-toolchain/bin/../lib/gcc/avr/5.4.0/../../../../avr/lib/avr5\libm.a(mulsf3.o) (__mulsf3x)
c:/program files (x86)/atmel/studio/7.0/toolchain/avr8/avr8-gnu-toolchain/bin/../lib/gcc/avr/5.4.0/../../../../avr/lib/avr5\libm.a(fp_cmp.o)
[...]
Memory Configuration

Name             Origin             Length             Attributes
text             0x00000000         0x00020000         xr
data             0x00800060         0x0000ffa0         rw !x
eeprom           0x00810000         0x00010000         rw !x
fuse             0x00820000         0x00000003         rw !x
lock             0x00830000         0x00000400         rw !x
signature        0x00840000         0x00000400         rw !x
user_signatures  0x00850000         0x00000400         rw !x
*default*        0x00000000         0xffffffff

Linker script and memory map

Address of section .data set to 0x800100
LOAD C:/Program Files (x86)/Atmel/Studio/7.0/Packs/atmel/ATmega_DFP/1.2.132/gcc/dev/atmega328p/avr5/crtatmega328p.o
LOAD GPS.o
LOAD GsmManager.o
LOAD Helpers.o
LOAD RmMemManager.o
LOAD Sketch.o
LOAD src/libraries/Wire/src/utility/twi.o
LOAD src/libraries/Wire/src/Wire.o
LOAD Tester.o
LOAD Timing.o
START GROUP
LOAD c:/program files (x86)/atmel/studio/7.0/toolchain/avr8/avr8-gnu-toolchain/bin/../lib/gcc/avr/5.4.0/../../../../avr/lib/avr5\libm.a
LOAD C:\Users\Numaan\Documents\Atmel Studio\7.0\RM\RM\ArduinoCore\Debug\libArduinoCore.a
END GROUP
LOAD c:/program files (x86)/atmel/studio/7.0/toolchain/avr8/avr8-gnu-toolchain/bin/../lib/gcc/avr/5.4.0/avr5\libgcc.a
LOAD c:/program files (x86)/atmel/studio/7.0/toolchain/avr8/avr8-gnu-toolchain/bin/../lib/gcc/avr/5.4.0/../../../../avr/lib/avr5\libm.a
START GROUP
LOAD c:/program files (x86)/atmel/studio/7.0/toolchain/avr8/avr8-gnu-toolchain/bin/../lib/gcc/avr/5.4.0/avr5\libgcc.a
LOAD c:/program files (x86)/atmel/studio/7.0/toolchain/avr8/avr8-gnu-toolchain/bin/../lib/gcc/avr/5.4.0/../../../../avr/lib/avr5\libm.a
LOAD c:/program files (x86)/atmel/studio/7.0/toolchain/avr8/avr8-gnu-toolchain/bin/../lib/gcc/avr/5.4.0/../../../../avr/lib/avr5\libc.a
LOAD C:/Program Files (x86)/Atmel/Studio/7.0/Packs/atmel/ATmega_DFP/1.2.132/gcc/dev/atmega328p/avr5\libatmega328p.a
END GROUP
                0x00020000                __TEXT_REGION_LENGTH__ = DEFINED (__TEXT_REGION_LENGTH__)?__TEXT_REGION_LENGTH__:0x20000
                0x0000ffa0                __DATA_REGION_LENGTH__ = DEFINED (__DATA_REGION_LENGTH__)?__DATA_REGION_LENGTH__:0xffa0
                0x00010000                __EEPROM_REGION_LENGTH__ = DEFINED (__EEPROM_REGION_LENGTH__)?__EEPROM_REGION_LENGTH__:0x10000
                [0x00000003]                __FUSE_REGION_LENGTH__ = DEFINED (__FUSE_REGION_LENGTH__)?__FUSE_REGION_LENGTH__:0x400
                0x00000400                __LOCK_REGION_LENGTH__ = DEFINED (__LOCK_REGION_LENGTH__)?__LOCK_REGION_LENGTH__:0x400
                0x00000400                __SIGNATURE_REGION_LENGTH__ = DEFINED (__SIGNATURE_REGION_LENGTH__)?__SIGNATURE_REGION_LENGTH__:0x400
                0x00000400                __USER_SIGNATURE_REGION_LENGTH__ = DEFINED (__USER_SIGNATURE_REGION_LENGTH__)?__USER_SIGNATURE_REGION_LENGTH__:0x400

.hash
 *(.hash)

.dynsym
 *(.dynsym)

.dynstr
 *(.dynstr)

.gnu.version
 *(.gnu.version)

.gnu.version_d
 *(.gnu.version_d)

.gnu.version_r
 *(.gnu.version_r)

.rel.init
 *(.rel.init)

.rela.init
 *(.rela.init)

.rel.text
 *(.rel.text)
 *(.rel.text.*)
 *(.rel.gnu.linkonce.t*)

.rela.text
 *(.rela.text)
 *(.rela.text.*)
 *(.rela.gnu.linkonce.t*)

.rel.fini
 *(.rel.fini)

.rela.fini
 *(.rela.fini)

.rel.rodata
 *(.rel.rodata)
 *(.rel.rodata.*)
 *(.rel.gnu.linkonce.r*)

.rela.rodata
 *(.rela.rodata)
 *(.rela.rodata.*)
 *(.rela.gnu.linkonce.r*)

.rel.data
 *(.rel.data)
 *(.rel.data.*)
 *(.rel.gnu.linkonce.d*)

.rela.data
 *(.rela.data)
 *(.rela.data.*)
 *(.rela.gnu.linkonce.d*)

.rel.ctors
 *(.rel.ctors)

.rela.ctors
 *(.rela.ctors)

.rel.dtors
 *(.rel.dtors)

.rela.dtors
 *(.rela.dtors)

.rel.got
 *(.rel.got)

.rela.got
 *(.rela.got)

.rel.bss
 *(.rel.bss)

.rela.bss
 *(.rela.bss)

.rel.plt
 *(.rel.plt)

.rela.plt
 *(.rela.plt)

.text           0x00000000     0x68a0
 *(.vectors)
 .vectors       0x00000000       0x68 C:/Program Files (x86)/Atmel/Studio/7.0/Packs/atmel/ATmega_DFP/1.2.132/gcc/dev/atmega328p/avr5/crtatmega328p.o
                0x00000000                __vector_default
                0x00000000                __vectors
 *(.vectors)
 *(.progmem.gcc*)
 .progmem.gcc_sw_table
                0x00000068      0x1f2 src/libraries/Wire/src/utility/twi.o
                0x0000025a                . = ALIGN (0x2)
                0x0000025a                __trampolines_start = .
 *(.trampolines)
 .trampolines   0x0000025a        0x0 linker stubs
 *(.trampolines*)
                0x0000025a                __trampolines_end = .
 *libprintf_flt.a:*(.progmem.data)
 *libc.a:*(.progmem.data)
 *(.progmem*)
 .progmem.data  0x0000025a       0x23 GsmManager.o
 .progmem.data  0x0000027d       0xd9 Sketch.o
 .progmem.data.digital_pin_to_timer_PGM
                0x00000356       0x14 C:\Users\Numaan\Documents\Atmel Studio\7.0\RM\RM\ArduinoCore\Debug\libArduinoCore.a(wiring_digital.o)
                0x00000356                digital_pin_to_timer_PGM
 .progmem.data.digital_pin_to_bit_mask_PGM
                0x0000036a       0x14 C:\Users\Numaan\Documents\Atmel Studio\7.0\RM\RM\ArduinoCore\Debug\libArduinoCore.a(wiring_digital.o)
                0x0000036a                digital_pin_to_bit_mask_PGM
 .progmem.data.digital_pin_to_port_PGM
                0x0000037e       0x14 C:\Users\Numaan\Documents\Atmel Studio\7.0\RM\RM\ArduinoCore\Debug\libArduinoCore.a(wiring_digital.o)
                0x0000037e                digital_pin_to_port_PGM
 .progmem.data.port_to_input_PGM
                0x00000392        0xa C:\Users\Numaan\Documents\Atmel Studio\7.0\RM\RM\ArduinoCore\Debug\libArduinoCore.a(wiring_digital.o)
                0x00000392                port_to_input_PGM
 .progmem.data.port_to_output_PGM
                0x0000039c        0xa C:\Users\Numaan\Documents\Atmel Studio\7.0\RM\RM\ArduinoCore\Debug\libArduinoCore.a(wiring_digital.o)
                0x0000039c                port_to_output_PGM
 .progmem.data.port_to_mode_PGM
                0x000003a6        0xa C:\Users\Numaan\Documents\Atmel Studio\7.0\RM\RM\ArduinoCore\Debug\libArduinoCore.a(wiring_digital.o)
                0x000003a6                port_to_mode_PGM
 .progmem.data._ZZN13Adafruit_FONA14getReplyQuotedEPK19__FlashStringHelperS2_jE3__c_0
                0x000003b0        0x7 C:\Users\Numaan\Documents\Atmel Studio\7.0\RM\RM\ArduinoCore\Debug\libArduinoCore.a(Adafruit_FONA.o)
 .progmem.data._ZZN13Adafruit_FONA14getReplyQuotedEPK19__FlashStringHelperS2_jE3__c
                0x000003b7        0x7 C:\Users\Numaan\Documents\Atmel Studio\7.0\RM\RM\ArduinoCore\Debug\libArduinoCore.a(Adafruit_FONA.o)
 .progmem.data._ZZN13Adafruit_FONA8getReplyEPK19__FlashStringHelperljE3__c_0
                0x000003be        0x7 C:\Users\Numaan\Documents\Atmel Studio\7.0\RM\RM\ArduinoCore\Debug\libArduinoCore.a(Adafruit_FONA.o)
 .progmem.data._ZZN13Adafruit_FONA8getReplyEPK19__FlashStringHelperljE3__c
                0x000003c5        0x7 C:\Users\Numaan\Documents\Atmel Studio\7.0\RM\RM\ArduinoCore\Debug\libArduinoCore.a(Adafruit_FONA.o)
 .progmem.data._ZZN13Adafruit_FONA8getReplyEPK19__FlashStringHelperjE3__c_0
                0x000003cc        0x7 C:\Users\Numaan\Documents\Atmel Studio\7.0\RM\RM\ArduinoCore\Debug\libArduinoCore.a(Adafruit_FONA.o)
 .progmem.data._ZZN13Adafruit_FONA8getReplyEPK19__FlashStringHelperjE3__c
                0x000003d3        0x7 C:\Users\Numaan\Documents\Atmel Studio\7.0\RM\RM\ArduinoCore\Debug\libArduinoCore.a(Adafruit_FONA.o)
 .progmem.data._ZZN13Adafruit_FONA8getReplyEPcjE3__c_0
                0x000003da        0x7 C:\Users\Numaan\Documents\Atmel Studio\7.0\RM\RM\ArduinoCore\Debug\libArduinoCore.a(Adafruit_FONA.o)
 .progmem.data._ZZN13Adafruit_FONA8getReplyEPcjE3__c
                0x000003e1        0x7 C:\Users\Numaan\Documents\Atmel Studio\7.0\RM\RM\ArduinoCore\Debug\libArduinoCore.a(Adafruit_FONA.o)
 .progmem.data._ZZN13Adafruit_FONA8readlineEjbE3__c_0
                0x000003e8        0x8 C:\Users\Numaan\Documents\Atmel Studio\7.0\RM\RM\ArduinoCore\Debug\libArduinoCore.a(Adafruit_FONA.o)
 .progmem.data._ZZN13Adafruit_FONA8readlineEjbE3__c
                0x000003f0        0x6 C:\Users\Numaan\Documents\Atmel Studio\7.0\RM\RM\ArduinoCore\Debug\libArduinoCore.a(Adafruit_FONA.o)
 .progmem.data._ZZN13Adafruit_FONA11expectReplyEPK19__FlashStringHelperjE3__c
                0x000003f6        0x7 C:\Users\Numaan\Documents\Atmel Studio\7.0\RM\RM\ArduinoCore\Debug\libArduinoCore.a(Adafruit_FONA.o)
 .progmem.data._ZZN13Adafruit_FONA10HTTP_setupEPcE3__c_2
                0x000003fd        0x6 C:\Users\Numaan\Documents\Atmel Studio\7.0\RM\RM\ArduinoCore\Debug\libArduinoCore.a(Adafruit_FONA.o)
 .progmem.data._ZZN13Adafruit_FONA10HTTP_setupEPcE3__c_1
                0x00000403        0x4 C:\Users\Numaan\Documents\Atmel Studio\7.0\RM\RM\ArduinoCore\Debug\libArduinoCore.a(Adafruit_FONA.o)
 .progmem.data._ZZN13Adafruit_FONA10HTTP_setupEPcE3__c_0
                0x00000407        0x3 C:\Users\Numaan\Documents\Atmel Studio\7.0\RM\RM\ArduinoCore\Debug\libArduinoCore.a(Adafruit_FONA.o)
 .progmem.data._ZZN13Adafruit_FONA10HTTP_setupEPcE3__c
                0x0000040a        0x4 C:\Users\Numaan\Documents\Atmel Studio\7.0\RM\RM\ArduinoCore\Debug\libArduinoCore.a(Adafruit_FONA.o)
 .progmem.data._ZZN13Adafruit_FONA15HTTP_POST_startEPcPK19__FlashStringHelperPKhjPjS6_E3__c_1
                0x0000040e        0x6 C:\Users\Numaan\Documents\Atmel Studio\7.0\RM\RM\ArduinoCore\Debug\libArduinoCore.a(Adafruit_FONA.o)
 .progmem.data._ZZN13Adafruit_FONA15HTTP_POST_startEPcPK19__FlashStringHelperPKhjPjS6_E3__c_0
                0x00000414        0x9 C:\Users\Numaan\Documents\Atmel Studio\7.0\RM\RM\ArduinoCore\Debug\libArduinoCore.a(Adafruit_FONA.o)
 .progmem.data._ZZN13Adafruit_FONA15HTTP_POST_startEPcPK19__FlashStringHelperPKhjPjS6_E3__c
                0x0000041d        0x8 C:\Users\Numaan\Documents\Atmel Studio\7.0\RM\RM\ArduinoCore\Debug\libArduinoCore.a(Adafruit_FONA.o)
 .progmem.data._ZZN13Adafruit_FONA8HTTP_sslEbE3__c
                0x00000425        0xc C:\Users\Numaan\Documents\Atmel Studio\7.0\RM\RM\ArduinoCore\Debug\libArduinoCore.a(Adafruit_FONA.o)
 .progmem.data._ZZN13Adafruit_FONA12HTTP_readallEPjE3__c_0
                0x00000431        0xb C:\Users\Numaan\Documents\Atmel Studio\7.0\RM\RM\ArduinoCore\Debug\libArduinoCore.a(Adafruit_FONA.o)
 .progmem.data._ZZN13Adafruit_FONA12HTTP_readallEPjE3__c
                0x0000043c        0xc C:\Users\Numaan\Documents\Atmel Studio\7.0\RM\RM\ArduinoCore\Debug\libArduinoCore.a(Adafruit_FONA.o)
 .progmem.data._ZZN13Adafruit_FONA11HTTP_actionEhPjS0_lE3__c_1
                0x00000448        0xd C:\Users\Numaan\Documents\Atmel Studio\7.0\RM\RM\ArduinoCore\Debug\libArduinoCore.a(Adafruit_FONA.o)
 .progmem.data._ZZN13Adafruit_FONA11HTTP_actionEhPjS0_lE3__c_0
                0x00000455        0xd C:\Users\Numaan\Documents\Atmel Studio\7.0\RM\RM\ArduinoCore\Debug\libArduinoCore.a(Adafruit_FONA.o)
 .progmem.data._ZZN13Adafruit_FONA11HTTP_actionEhPjS0_lE3__c
                0x00000462        0xf C:\Users\Numaan\Documents\Atmel Studio\7.0\RM\RM\ArduinoCore\Debug\libArduinoCore.a(Adafruit_FONA.o)
 .progmem.data._ZZN13Adafruit_FONA9HTTP_dataEmmE3__c_2
                0x00000471        0x9 C:\Users\Numaan\Documents\Atmel Studio\7.0\RM\RM\ArduinoCore\Debug\libArduinoCore.a(Adafruit_FONA.o)
 .progmem.data._ZZN13Adafruit_FONA9HTTP_dataEmmE3__c_1
                0x0000047a        0xd C:\Users\Numaan\Documents\Atmel Studio\7.0\RM\RM\ArduinoCore\Debug\libArduinoCore.a(Adafruit_FONA.o)
 .progmem.data._ZZN13Adafruit_FONA9HTTP_dataEmmE3__c_0
                0x00000487        0xd C:\Users\Numaan\Documents\Atmel Studio\7.0\RM\RM\ArduinoCore\Debug\libArduinoCore.a(Adafruit_FONA.o)
 .progmem.data._ZZN13Adafruit_FONA9HTTP_dataEmmE3__c
                0x00000494        0x7 C:\Users\Numaan\Documents\Atmel Studio\7.0\RM\RM\ArduinoCore\Debug\libArduinoCore.a(Adafruit_FONA.o)
 .progmem.data._ZZN13Adafruit_FONA15HTTP_para_startEPK19__FlashStringHelperbE3__c_3
                0x0000049b        0x3 C:\Users\Numaan\Documents\Atmel Studio\7.0\RM\RM\ArduinoCore\Debug\libArduinoCore.a(Adafruit_FONA.o)
 .progmem.data._ZZN13Adafruit_FONA15HTTP_para_startEPK19__FlashStringHelperbE3__c_2
                0x0000049e        0x4 C:\Users\Numaan\Documents\Atmel Studio\7.0\RM\RM\ArduinoCore\Debug\libArduinoCore.a(Adafruit_FONA.o)
 .progmem.data._ZZN13Adafruit_FONA15HTTP_para_startEPK19__FlashStringHelperbE3__c_1
                0x000004a2        0xe C:\Users\Numaan\Documents\Atmel Studio\7.0\RM\RM\ArduinoCore\Debug\libArduinoCore.a(Adafruit_FONA.o)
 .progmem.data._ZZN13Adafruit_FONA15HTTP_para_startEPK19__FlashStringHelperbE3__c_0
                0x000004b0        0xe C:\Users\Numaan\Documents\Atmel Studio\7.0\RM\RM\ArduinoCore\Debug\libArduinoCore.a(Adafruit_FONA.o)
 .progmem.data._ZZN13Adafruit_FONA15HTTP_para_startEPK19__FlashStringHelperbE3__c
                0x000004be        0x7 C:\Users\Numaan\Documents\Atmel Studio\7.0\RM\RM\ArduinoCore\Debug\libArduinoCore.a(Adafruit_FONA.o)
 .progmem.data._ZZN13Adafruit_FONA9HTTP_termEvE3__c
                0x000004c5        0xc C:\Users\Numaan\Documents\Atmel Studio\7.0\RM\RM\ArduinoCore\Debug\libArduinoCore.a(Adafruit_FONA.o)
 .progmem.data._ZZN13Adafruit_FONA9HTTP_initEvE3__c
                0x000004d1        0xc C:\Users\Numaan\Documents\Atmel Studio\7.0\RM\RM\ArduinoCore\Debug\libArduinoCore.a(Adafruit_FONA.o)
 .progmem.data._ZZN13Adafruit_FONA10enableGPRSEbE3__c_14
                0x000004dd        0xb C:\Users\Numaan\Documents\Atmel Studio\7.0\RM\RM\ArduinoCore\Debug\libArduinoCore.a(Adafruit_FONA.o)
 .progmem.data._ZZN13Adafruit_FONA10enableGPRSEbE3__c_13
                0x000004e8        0xd C:\Users\Numaan\Documents\Atmel Studio\7.0\RM\RM\ArduinoCore\Debug\libArduinoCore.a(Adafruit_FONA.o)
 .progmem.data._ZZN13Adafruit_FONA10enableGPRSEbE3__c_11
                0x000004f5        0xb C:\Users\Numaan\Documents\Atmel Studio\7.0\RM\RM\ArduinoCore\Debug\libArduinoCore.a(Adafruit_FONA.o)
 .progmem.data._ZZN13Adafruit_FONA10enableGPRSEbE3__c_12
                0x00000500        0x8 C:\Users\Numaan\Documents\Atmel Studio\7.0\RM\RM\ArduinoCore\Debug\libArduinoCore.a(Adafruit_FONA.o)
 .progmem.data._ZZN13Adafruit_FONA10enableGPRSEbE3__c_10
                0x00000508        0x9 C:\Users\Numaan\Documents\Atmel Studio\7.0\RM\RM\ArduinoCore\Debug\libArduinoCore.a(Adafruit_FONA.o)
 .progmem.data._ZZN13Adafruit_FONA10enableGPRSEbE3__c_9
                0x00000511        0xd C:\Users\Numaan\Documents\Atmel Studio\7.0\RM\RM\ArduinoCore\Debug\libArduinoCore.a(Adafruit_FONA.o)
 .progmem.data._ZZN13Adafruit_FONA10enableGPRSEbE3__c_8
                0x0000051e       0x14 C:\Users\Numaan\Documents\Atmel Studio\7.0\RM\RM\ArduinoCore\Debug\libArduinoCore.a(Adafruit_FONA.o)
 .progmem.data._ZZN13Adafruit_FONA10enableGPRSEbE3__c_7
                0x00000532       0x15 C:\Users\Numaan\Documents\Atmel Studio\7.0\RM\RM\ArduinoCore\Debug\libArduinoCore.a(Adafruit_FONA.o)
 .progmem.data._ZZN13Adafruit_FONA10enableGPRSEbE3__c_6
                0x00000547        0xa C:\Users\Numaan\Documents\Atmel Studio\7.0\RM\RM\ArduinoCore\Debug\libArduinoCore.a(Adafruit_FONA.o)
 .progmem.data._ZZN13Adafruit_FONA10enableGPRSEbE3__c_5
                0x00000551        0x7 C:\Users\Numaan\Documents\Atmel Studio\7.0\RM\RM\ArduinoCore\Debug\libArduinoCore.a(Adafruit_FONA.o)
 .progmem.data._ZZN13Adafruit_FONA10enableGPRSEbE3__c_4
                0x00000558        0xa C:\Users\Numaan\Documents\Atmel Studio\7.0\RM\RM\ArduinoCore\Debug\libArduinoCore.a(Adafruit_FONA.o)
 .progmem.data._ZZN13Adafruit_FONA10enableGPRSEbE3__c_3
                0x00000562       0x14 C:\Users\Numaan\Documents\Atmel Studio\7.0\RM\RM\ArduinoCore\Debug\libArduinoCore.a(Adafruit_FONA.o)
 .progmem.data._ZZN13Adafruit_FONA10enableGPRSEbE3__c_2
                0x00000576       0x1e C:\Users\Numaan\Documents\Atmel Studio\7.0\RM\RM\ArduinoCore\Debug\libArduinoCore.a(Adafruit_FONA.o)
 .progmem.data._ZZN13Adafruit_FONA10enableGPRSEbE3__c_1
                0x00000594        0xb C:\Users\Numaan\Documents\Atmel Studio\7.0\RM\RM\ArduinoCore\Debug\libArduinoCore.a(Adafruit_FONA.o)
 .progmem.data._ZZN13Adafruit_FONA10enableGPRSEbE3__c
                0x0000059f        0xb C:\Users\Numaan\Documents\Atmel Studio\7.0\RM\RM\ArduinoCore\Debug\libArduinoCore.a(Adafruit_FONA.o)
 .progmem.data._ZZN13Adafruit_FONA10enableGPRSEbE3__c_0
                0x000005aa        0x8 C:\Users\Numaan\Documents\Atmel Studio\7.0\RM\RM\ArduinoCore\Debug\libArduinoCore.a(Adafruit_FONA.o)
 .progmem.data._ZZN13Adafruit_FONA7sendSMSEPcS0_E3__c_1
                0x000005b2        0x3 C:\Users\Numaan\Documents\Atmel Studio\7.0\RM\RM\ArduinoCore\Debug\libArduinoCore.a(Adafruit_FONA.o)
 .progmem.data._ZZN13Adafruit_FONA7sendSMSEPcS0_E3__c_0
                0x000005b5        0x3 C:\Users\Numaan\Documents\Atmel Studio\7.0\RM\RM\ArduinoCore\Debug\libArduinoCore.a(Adafruit_FONA.o)
 .progmem.data._ZZN13Adafruit_FONA7sendSMSEPcS0_E3__c
                0x000005b8        0xa C:\Users\Numaan\Documents\Atmel Studio\7.0\RM\RM\ArduinoCore\Debug\libArduinoCore.a(Adafruit_FONA.o)
 .progmem.data._ZZN13Adafruit_FONA7getRSSIEvE3__c
                0x000005c2        0x7 C:\Users\Numaan\Documents\Atmel Studio\7.0\RM\RM\ArduinoCore\Debug\libArduinoCore.a(Adafruit_FONA.o)
 .progmem.data._ZZN13Adafruit_FONA7getRSSIEvE3__c_0
                0x000005c9        0x7 C:\Users\Numaan\Documents\Atmel Studio\7.0\RM\RM\ArduinoCore\Debug\libArduinoCore.a(Adafruit_FONA.o)
 .progmem.data._ZZN13Adafruit_FONA16getNetworkStatusEvE3__c
                0x000005d0        0x9 C:\Users\Numaan\Documents\Atmel Studio\7.0\RM\RM\ArduinoCore\Debug\libArduinoCore.a(Adafruit_FONA.o)
 .progmem.data._ZZN13Adafruit_FONA16getNetworkStatusEvE3__c_0
                0x000005d9        0x8 C:\Users\Numaan\Documents\Atmel Studio\7.0\RM\RM\ArduinoCore\Debug\libArduinoCore.a(Adafruit_FONA.o)
 .progmem.data._ZZN13Adafruit_FONA14getBattPercentEPjE3__c
                0x000005e1        0x7 C:\Users\Numaan\Documents\Atmel Studio\7.0\RM\RM\ArduinoCore\Debug\libArduinoCore.a(Adafruit_FONA.o)
 .progmem.data._ZZN13Adafruit_FONA14getBattPercentEPjE3__c_0
                0x000005e8        0x7 C:\Users\Numaan\Documents\Atmel Studio\7.0\RM\RM\ArduinoCore\Debug\libArduinoCore.a(Adafruit_FONA.o)
 .progmem.data._ZZN13Adafruit_FONA5beginER6StreamE3__c_20
                0x000005ef        0x8 C:\Users\Numaan\Documents\Atmel Studio\7.0\RM\RM\ArduinoCore\Debug\libArduinoCore.a(Adafruit_FONA.o)
 .progmem.data._ZZN13Adafruit_FONA5beginER6StreamE3__c_19
                0x000005f7        0x7 C:\Users\Numaan\Documents\Atmel Studio\7.0\RM\RM\ArduinoCore\Debug\libArduinoCore.a(Adafruit_FONA.o)
 .progmem.data._ZZN13Adafruit_FONA5beginER6StreamE3__c_18
                0x000005fe        0x7 C:\Users\Numaan\Documents\Atmel Studio\7.0\RM\RM\ArduinoCore\Debug\libArduinoCore.a(Adafruit_FONA.o)
 .progmem.data._ZZN13Adafruit_FONA5beginER6StreamE3__c_17
                0x00000605       0x10 C:\Users\Numaan\Documents\Atmel Studio\7.0\RM\RM\ArduinoCore\Debug\libArduinoCore.a(Adafruit_FONA.o)
 .progmem.data._ZZN13Adafruit_FONA5beginER6StreamE3__c_16
                0x00000615       0x10 C:\Users\Numaan\Documents\Atmel Studio\7.0\RM\RM\ArduinoCore\Debug\libArduinoCore.a(Adafruit_FONA.o)
 .progmem.data._ZZN13Adafruit_FONA5beginER6StreamE3__c_15
                0x00000625        0xb C:\Users\Numaan\Documents\Atmel Studio\7.0\RM\RM\ArduinoCore\Debug\libArduinoCore.a(Adafruit_FONA.o)
 .progmem.data._ZZN13Adafruit_FONA5beginER6StreamE3__c_14
                0x00000630        0xb C:\Users\Numaan\Documents\Atmel Studio\7.0\RM\RM\ArduinoCore\Debug\libArduinoCore.a(Adafruit_FONA.o)
 .progmem.data._ZZN13Adafruit_FONA5beginER6StreamE3__c_13
                0x0000063b        0xb C:\Users\Numaan\Documents\Atmel Studio\7.0\RM\RM\ArduinoCore\Debug\libArduinoCore.a(Adafruit_FONA.o)
 .progmem.data._ZZN13Adafruit_FONA5beginER6StreamE3__c_12
                0x00000646        0x7 C:\Users\Numaan\Documents\Atmel Studio\7.0\RM\RM\ArduinoCore\Debug\libArduinoCore.a(Adafruit_FONA.o)
 .progmem.data._ZZN13Adafruit_FONA5beginER6StreamE3__c_11
                0x0000064d        0x7 C:\Users\Numaan\Documents\Atmel Studio\7.0\RM\RM\ArduinoCore\Debug\libArduinoCore.a(Adafruit_FONA.o)
 .progmem.data._ZZN13Adafruit_FONA5beginER6StreamE3__c_10
                0x00000654        0xa C:\Users\Numaan\Documents\Atmel Studio\7.0\RM\RM\ArduinoCore\Debug\libArduinoCore.a(Adafruit_FONA.o)
 .progmem.data._ZZN13Adafruit_FONA5beginER6StreamE3__c_9
                0x0000065e        0x5 C:\Users\Numaan\Documents\Atmel Studio\7.0\RM\RM\ArduinoCore\Debug\libArduinoCore.a(Adafruit_FONA.o)
 .progmem.data._ZZN13Adafruit_FONA5beginER6StreamE3__c_8
                0x00000663        0x5 C:\Users\Numaan\Documents\Atmel Studio\7.0\RM\RM\ArduinoCore\Debug\libArduinoCore.a(Adafruit_FONA.o)
 .progmem.data._ZZN13Adafruit_FONA5beginER6StreamE3__c_7
                0x00000668        0x3 C:\Users\Numaan\Documents\Atmel Studio\7.0\RM\RM\ArduinoCore\Debug\libArduinoCore.a(Adafruit_FONA.o)
 .progmem.data._ZZN13Adafruit_FONA5beginER6StreamE3__c_6
                0x0000066b        0x3 C:\Users\Numaan\Documents\Atmel Studio\7.0\RM\RM\ArduinoCore\Debug\libArduinoCore.a(Adafruit_FONA.o)
 .progmem.data._ZZN13Adafruit_FONA5beginER6StreamE3__c_5
                0x0000066e        0x3 C:\Users\Numaan\Documents\Atmel Studio\7.0\RM\RM\ArduinoCore\Debug\libArduinoCore.a(Adafruit_FONA.o)
 .progmem.data._ZZN13Adafruit_FONA5beginER6StreamE3__c_4
                0x00000671       0x32 C:\Users\Numaan\Documents\Atmel Studio\7.0\RM\RM\ArduinoCore\Debug\libArduinoCore.a(Adafruit_FONA.o)
 .progmem.data._ZZN13Adafruit_FONA5beginER6StreamE3__c_2
                0x000006a3        0x3 C:\Users\Numaan\Documents\Atmel Studio\7.0\RM\RM\ArduinoCore\Debug\libArduinoCore.a(Adafruit_FONA.o)
 .progmem.data._ZZN13Adafruit_FONA5beginER6StreamE3__c_3
                0x000006a6        0x3 C:\Users\Numaan\Documents\Atmel Studio\7.0\RM\RM\ArduinoCore\Debug\libArduinoCore.a(Adafruit_FONA.o)
 .progmem.data._ZZN13Adafruit_FONA5beginER6StreamE3__c_1
                0x000006a9        0x3 C:\Users\Numaan\Documents\Atmel Studio\7.0\RM\RM\ArduinoCore\Debug\libArduinoCore.a(Adafruit_FONA.o)
 .progmem.data._ZZN13Adafruit_FONA5beginER6StreamE3__c_0
                0x000006ac       0x15 C:\Users\Numaan\Documents\Atmel Studio\7.0\RM\RM\ArduinoCore\Debug\libArduinoCore.a(Adafruit_FONA.o)
 .progmem.data._ZZN13Adafruit_FONA5beginER6StreamE3__c
                0x000006c1       0x21 C:\Users\Numaan\Documents\Atmel Studio\7.0\RM\RM\ArduinoCore\Debug\libArduinoCore.a(Adafruit_FONA.o)
 .progmem.data._ZZN13Adafruit_FONAC4EaE3__c_1
                0x000006e2        0x3 C:\Users\Numaan\Documents\Atmel Studio\7.0\RM\RM\ArduinoCore\Debug\libArduinoCore.a(Adafruit_FONA.o)
 .progmem.data._ZZN13Adafruit_FONAC4EaE3__c_0
                0x000006e5        0x5 C:\Users\Numaan\Documents\Atmel Studio\7.0\RM\RM\ArduinoCore\Debug\libArduinoCore.a(Adafruit_FONA.o)
 .progmem.data._ZZN13Adafruit_FONAC4EaE3__c
                0x000006ea        0x8 C:\Users\Numaan\Documents\Atmel Studio\7.0\RM\RM\ArduinoCore\Debug\libArduinoCore.a(Adafruit_FONA.o)
                0x000006f2                . = ALIGN (0x2)
 *(.jumptables)
 *(.jumptables*)
 *(.lowtext)
 *(.lowtext*)
                0x000006f2                __ctors_start = .
 *(.ctors)
 .ctors         0x000006f2        0x2 Sketch.o
 .ctors         0x000006f4        0x2 src/libraries/Wire/src/Wire.o
 .ctors         0x000006f6        0x2 C:\Users\Numaan\Documents\Atmel Studio\7.0\RM\RM\ArduinoCore\Debug\libArduinoCore.a(HardwareSerial0.o)
                0x000006f8                __ctors_end = .
                0x000006f8                __dtors_start = .
 *(.dtors)
 .dtors         0x000006f8        0x2 Sketch.o
                0x000006fa                __dtors_end = .
 SORT(*)(.ctors)
 SORT(*)(.dtors)
 *(.init0)
 .init0         0x000006fa        0x0 C:/Program Files (x86)/Atmel/Studio/7.0/Packs/atmel/ATmega_DFP/1.2.132/gcc/dev/atmega328p/avr5/crtatmega328p.o
                0x000006fa                __init
 *(.init0)
 *(.init1)
 *(.init1)
 *(.init2)
 .init2         0x000006fa        0xc C:/Program Files (x86)/Atmel/Studio/7.0/Packs/atmel/ATmega_DFP/1.2.132/gcc/dev/atmega328p/avr5/crtatmega328p.o
 *(.init2)
 *(.init3)
 *(.init3)
 *(.init4)
 .init4         0x00000706       0x16 c:/program files (x86)/atmel/studio/7.0/toolchain/avr8/avr8-gnu-toolchain/bin/../lib/gcc/avr/5.4.0/avr5\libgcc.a(_copy_data.o)
                0x00000706                __do_copy_data
 .init4         0x0000071c       0x10 c:/program files (x86)/atmel/studio/7.0/toolchain/avr8/avr8-gnu-toolchain/bin/../lib/gcc/avr/5.4.0/avr5\libgcc.a(_clear_bss.o)
                0x0000071c                __do_clear_bss
 *(.init4)
 *(.init5)
 *(.init5)
 *(.init6)
 .init6         0x0000072c       0x16 c:/program files (x86)/atmel/studio/7.0/toolchain/avr8/avr8-gnu-toolchain/bin/../lib/gcc/avr/5.4.0/avr5\libgcc.a(_ctors.o)
                0x0000072c                __do_global_ctors
 *(.init6)
 *(.init7)
 *(.init7)
 *(.init8)
 *(.init8)
 *(.init9)
 .init9         0x00000742        0x8 C:/Program Files (x86)/Atmel/Studio/7.0/Packs/atmel/ATmega_DFP/1.2.132/gcc/dev/atmega328p/avr5/crtatmega328p.o
 *(.init9)
 *(.text)
 .text          0x0000074a        0x4 C:/Program Files (x86)/Atmel/Studio/7.0/Packs/atmel/ATmega_DFP/1.2.132/gcc/dev/atmega328p/avr5/crtatmega328p.o
                0x0000074a                __vector_22
                0x0000074a                __vector_12
                0x0000074a                __bad_interrupt
                0x0000074a                __vector_6
                0x0000074a                __vector_23
                0x0000074a                __vector_25
                0x0000074a                __vector_11
                0x0000074a                __vector_13
                0x0000074a                __vector_17
                0x0000074a                __vector_7
                0x0000074a                __vector_9
                0x0000074a                __vector_21
                0x0000074a                __vector_15
                0x0000074a                __vector_8
                0x0000074a                __vector_14
                0x0000074a                __vector_10
                0x0000074a                __vector_20
 .text          0x0000074e      0x26c GsmManager.o
                0x0000074e                _ZN10GsmManagerC1Eh
                0x0000074e                _ZN10GsmManagerC2Eh
                0x0000076a                _ZN10GsmManagerD1Ev
                0x0000076a                _ZN10GsmManagerD2Ev
                0x0000076c                _ZN10GsmManager5resetEv
                0x00000778                _ZN10GsmManager5beginEv
                0x000007e0                _ZN10GsmManager14getBattPercentEPj
                0x000007fe                _ZN10GsmManager10sendViaSmsEPc
                0x00000876                _ZN10GsmManager16getNetworkStatusEv
                0x0000088a                _ZN10GsmManager7getRSSIEv
                0x0000089e                _ZN10GsmManager10enableGPRSEb
                0x000008a6                _ZN10GsmManager11sendViaGprsEPc
 .text          0x000009ba      0x17c Helpers.o
                0x000009ba                _Z16getNumOfPadCharsjh
                0x00000a1a                _Z16writeCharWithPadPcch
                0x00000a3e                _Z19writeCharArrWithPadPcPKch
                0x00000a90                _Z16writeByteWithPadPchh
                0x00000ae4                _Z12writeWithPadPcjh
 .text          0x00000b36      0x69a RmMemManager.o
                0x00000b36                _ZN12RmMemManagerC1Eb
                0x00000b36                _ZN12RmMemManagerC2Eb
                0x00000b3c                _ZN12RmMemManager17getLongFromMemoryEj
                0x00000ba8                _Z17getUIntFromMemoryj
                0x00000be4                _ZN12RmMemManager15setLongToMemoryEjm
                0x00000c50                _Z15setUIntToMemoryjj
                0x00000c90                _ZN12RmMemManager14loadSensorDataEP10SensorDatajPm
                0x00000e40                _ZN12RmMemManager12markDataSentEm
                0x00000e4e                _ZN12RmMemManager16appendDailyEntryEP14DailyCycleData
                0x00000e50                _Z27internalWriteEntryAtAddressP10SensorDatam
                0x00000e98                _ZN12RmMemManager22replaceLastSensorEntryEP10SensorData
                0x00000f34                _ZN12RmMemManager17appendSensorEntryEP10SensorData
                0x00000ff4                _Z13internalFlashRbS_9LED_STATEb
                0x00001052                _ZN12RmMemManager8flashLEDEv
                0x000010c8                _ZN12RmMemManager9toggleLEDE7LED_SEL9LED_STATE
                0x000010dc                _ZN12RmMemManager5resetEv
                0x000010fe                _ZN12RmMemManager7readVccEv
                0x00001164                _ZN12RmMemManager16takeSampleAnalogEi
 .text          0x000011d0     0x15c0 Sketch.o
                0x00001272                _Z15get_free_memoryv
                0x000012b2                _Z10updateLEDsv
                0x000012b4                _Z17toggleSystemStatel
                0x000012d6                _Z14setErrorByFlaglh9SYS_STATE
                0x000012d8                _Z24initialiseModulePristinej
                0x00001366                _Z8shutdownv
                0x00001382                _Z15setupOnNewCyclev
                0x000013cc                setup
                0x00001436                _Z10toggleGPRSb
                0x00001442                _Z10sendViaSmsPc
                0x0000144e                _Z11sendViaGprsPc
                0x00001478                _Z14loopSystemTestv
                0x000014ea                _Z15resetSensorDatav
                0x00001510                _Z17persistSensorDatav
                0x000015a2                _Z16readSensorsAsyncv
                0x0000180c                _Z17prepareDataForSMSP10SensorDatajPcj
                0x0000180e                _Z18prepareDataForGPRSP10SensorDatajllhhjPcj
                0x000019c6                _Z20execTransmitReadingsP14DailyCycleData
                0x00001c34                _Z18ensureBatteryLevelv
                0x00001ca6                _Z9loopCyclev
                0x00001dfa                _Z8postLoopv
                0x00001dfc                _Z10assertTrueb
                0x00001e24                _Z9assertIntjjPc
                0x00001e5c                _Z6assertmmPc
                0x00001ebc                _Z26assertCharStringsIdenticalPKcS0_i
                0x00001f02                _Z22assertStringsIdenticalRK6StringPKci
                0x00001f78                _Z23assertReadingsIdentical10SensorDataS_
                0x0000203e                _Z17createMockReadingbc
                0x000020f0                _Z17runPreLoopForTestv
                0x00002114                _Z7preLoopv
                0x0000211a                _Z11runLoadTestv
                0x0000211e                _Z10runPadTestv
                0x00002122                _Z11runSendTestv
                0x00002126                _Z23runIntraCycleTimerTestsv
                0x0000212a                _Z23runInterCycleTimerTestsv
                0x00002304                _Z16runFullCycleTestv
                0x00002554                _Z11runAllTestsv
                0x0000264c                _Z8execLoopv
                0x0000276a                loop
 .text          0x00002790      0x762 src/libraries/Wire/src/utility/twi.o
                0x00002790                twi_init
                0x000027f6                twi_disable
                0x00002828                twi_setAddress
                0x0000284a                twi_setFrequency
                0x000028a8                twi_readFrom
                0x000029b2                twi_writeTo
                0x00002ade                twi_transmit
                0x00002b70                twi_attachSlaveRxEvent
                0x00002b96                twi_attachSlaveTxEvent
                0x00002bbc                twi_reply
                0x00002bee                twi_stop
                0x00002c24                twi_releaseBus
                0x00002c42                __vector_24
 .text          0x00002ef2      0x366 src/libraries/Wire/src/Wire.o
                0x00002ef2                _ZN7TwoWire9availableEv
                0x00002f02                _ZN7TwoWire4readEv
                0x00002f2a                _ZN7TwoWire4peekEv
                0x00002f48                _ZN7TwoWire5flushEv
                0x00002f4a                _ZN7TwoWire16onReceiveServiceEPhi
                0x00002f9a                _ZN7TwoWire16onRequestServiceEv
                0x00002fb2                _ZN7TwoWire5writeEPKhj
                0x00003012                _ZN7TwoWire5writeEh
                0x00003074                _ZN7TwoWireC2Ev
                0x00003074                _ZN7TwoWireC1Ev
                0x000030a8                _ZN7TwoWire5beginEv
                0x000030be                _ZN7TwoWire5beginEh
                0x000030e6                _ZN7TwoWire5beginEi
                0x000030ec                _ZN7TwoWire3endEv
                0x000030f2                _ZN7TwoWire8setClockEm
                0x000030fc                _ZN7TwoWire17beginTransmissionEh
                0x00003110                _ZN7TwoWire17beginTransmissionEi
                0x00003116                _ZN7TwoWire15endTransmissionEh
                0x0000313c                _ZN7TwoWire11requestFromEhhmhh
                0x000031f8                _ZN7TwoWire11requestFromEhhh
                0x00003218                _ZN7TwoWire11requestFromEhh
                0x00003220                _ZN7TwoWire11requestFromEii
                0x00003228                _ZN7TwoWire11requestFromEiii
                0x0000322e                _ZN7TwoWire15endTransmissionEv
                0x00003236                _ZN7TwoWire9onReceiveEPFviE
                0x00003240                _ZN7TwoWire9onRequestEPFvvE
 .text          0x00003258      0x598 Timing.o
                0x00003258                _ZN6TimingC1Ehmmm
                0x00003258                _ZN6TimingC2Ehmmm
                0x000032be                _ZN6TimingD1Ev
                0x000032be                _ZN6TimingD2Ev
                0x000032c0                _ZN6Timing17MOCK_ADVANCE_TIMEEm
                0x000032e4                _ZN6Timing5resetEv
                0x00003328                _ZN6Timing19getTimePerCycleInMsEv
                0x00003364                _ZN6Timing17getCyclesInOneDayEv
                0x00003386                _ZN6Timing9getMillisEv
                0x000033ee                _ZN6Timing11onCycleLoopEv
                0x000035ae                _ZN6Timing25getDurationPerCycleInSecsEv
                0x0000361e                _ZN6Timing18isStartOfHourCycleEm
                0x00003714                _ZN6Timing12isDailyCycleEm
                0x000037f0                . = ALIGN (0x2)
 *(.text.*)
 .text.avr-libc.fplib
                0x000037f0        0xe c:/program files (x86)/atmel/studio/7.0/toolchain/avr8/avr8-gnu-toolchain/bin/../lib/gcc/avr/5.4.0/../../../../avr/lib/avr5\libm.a(addsf3.o)
                0x000037f0                __subsf3
                0x000037f2                __addsf3
 .text.avr-libc.fplib
                0x000037fe       0xcc c:/program files (x86)/atmel/studio/7.0/toolchain/avr8/avr8-gnu-toolchain/bin/../lib/gcc/avr/5.4.0/../../../../avr/lib/avr5\libm.a(addsf3x.o)
                0x00003820                __addsf3x
 .text.avr-libc.fplib
                0x000038ca        0x8 c:/program files (x86)/atmel/studio/7.0/toolchain/avr8/avr8-gnu-toolchain/bin/../lib/gcc/avr/5.4.0/../../../../avr/lib/avr5\libm.a(divsf3.o)
                0x000038ca                __divsf3
 .text.avr-libc.fplib
                0x000038d2       0xdc c:/program files (x86)/atmel/studio/7.0/toolchain/avr8/avr8-gnu-toolchain/bin/../lib/gcc/avr/5.4.0/../../../../avr/lib/avr5\libm.a(divsf3x.o)
                0x000038f2                __divsf3x
                0x000038f8                __divsf3_pse
 .text.avr-libc.fplib
                0x000039ae        0xe c:/program files (x86)/atmel/studio/7.0/toolchain/avr8/avr8-gnu-toolchain/bin/../lib/gcc/avr/5.4.0/../../../../avr/lib/avr5\libm.a(fixsfsi.o)
                0x000039ae                __fixsfsi
 .text.avr-libc.fplib
                0x000039bc       0x5e c:/program files (x86)/atmel/studio/7.0/toolchain/avr8/avr8-gnu-toolchain/bin/../lib/gcc/avr/5.4.0/../../../../avr/lib/avr5\libm.a(fixunssfsi.o)
                0x000039bc                __fixunssfsi
 .text.avr-libc.fplib
                0x00003a1a       0x7a c:/program files (x86)/atmel/studio/7.0/toolchain/avr8/avr8-gnu-toolchain/bin/../lib/gcc/avr/5.4.0/../../../../avr/lib/avr5\libm.a(floatsisf.o)
                0x00003a1a                __floatunsisf
                0x00003a1e                __floatsisf
 .text.avr-libc.fplib
                0x00003a94        0xc c:/program files (x86)/atmel/studio/7.0/toolchain/avr8/avr8-gnu-toolchain/bin/../lib/gcc/avr/5.4.0/../../../../avr/lib/avr5\libm.a(fp_inf.o)
                0x00003a94                __fp_inf
 .text.avr-libc.fplib
                0x00003aa0        0x6 c:/program files (x86)/atmel/studio/7.0/toolchain/avr8/avr8-gnu-toolchain/bin/../lib/gcc/avr/5.4.0/../../../../avr/lib/avr5\libm.a(fp_nan.o)
                0x00003aa0                __fp_nan
 .text.avr-libc.fplib
                0x00003aa6        0xe c:/program files (x86)/atmel/studio/7.0/toolchain/avr8/avr8-gnu-toolchain/bin/../lib/gcc/avr/5.4.0/../../../../avr/lib/avr5\libm.a(fp_pscA.o)
                0x00003aa6                __fp_pscA
 .text.avr-libc.fplib
                0x00003ab4        0xe c:/program files (x86)/atmel/studio/7.0/toolchain/avr8/avr8-gnu-toolchain/bin/../lib/gcc/avr/5.4.0/../../../../avr/lib/avr5\libm.a(fp_pscB.o)
                0x00003ab4                __fp_pscB
 .text.avr-libc.fplib
                0x00003ac2       0x22 c:/program files (x86)/atmel/studio/7.0/toolchain/avr8/avr8-gnu-toolchain/bin/../lib/gcc/avr/5.4.0/../../../../avr/lib/avr5\libm.a(fp_round.o)
                0x00003ac2                __fp_round
 .text.avr-libc.fplib
                0x00003ae4       0x44 c:/program files (x86)/atmel/studio/7.0/toolchain/avr8/avr8-gnu-toolchain/bin/../lib/gcc/avr/5.4.0/../../../../avr/lib/avr5\libm.a(fp_split3.o)
                0x00003ae4                __fp_split3
                0x00003af4                __fp_splitA
 .text.avr-libc.fplib
                0x00003b28        0xe c:/program files (x86)/atmel/studio/7.0/toolchain/avr8/avr8-gnu-toolchain/bin/../lib/gcc/avr/5.4.0/../../../../avr/lib/avr5\libm.a(fp_zero.o)
                0x00003b28                __fp_zero
                0x00003b2a                __fp_szero
 .text.avr-libc.fplib
                0x00003b36        0xa c:/program files (x86)/atmel/studio/7.0/toolchain/avr8/avr8-gnu-toolchain/bin/../lib/gcc/avr/5.4.0/../../../../avr/lib/avr5\libm.a(gesf2.o)
                0x00003b36                __gesf2
                0x00003b36                __gtsf2
 .text.avr-libc.fplib
                0x00003b40        0x8 c:/program files (x86)/atmel/studio/7.0/toolchain/avr8/avr8-gnu-toolchain/bin/../lib/gcc/avr/5.4.0/../../../../avr/lib/avr5\libm.a(mulsf3.o)
                0x00003b40                __mulsf3
 .text.avr-libc.fplib
                0x00003b48       0xd2 c:/program files (x86)/atmel/studio/7.0/toolchain/avr8/avr8-gnu-toolchain/bin/../lib/gcc/avr/5.4.0/../../../../avr/lib/avr5\libm.a(mulsf3x.o)
                0x00003b66                __mulsf3x
                0x00003b6c                __mulsf3_pse
 .text.avr-libc.fplib
                0x00003c1a       0x48 c:/program files (x86)/atmel/studio/7.0/toolchain/avr8/avr8-gnu-toolchain/bin/../lib/gcc/avr/5.4.0/../../../../avr/lib/avr5\libm.a(fp_cmp.o)
                0x00003c1a                __fp_cmp
 .text._ZN14HardwareSerial9availableEv
                0x00003c62       0x18 C:\Users\Numaan\Documents\Atmel Studio\7.0\RM\RM\ArduinoCore\Debug\libArduinoCore.a(HardwareSerial.o)
                0x00003c62                _ZN14HardwareSerial9availableEv
 .text._ZN14HardwareSerial4peekEv
                0x00003c7a       0x1c C:\Users\Numaan\Documents\Atmel Studio\7.0\RM\RM\ArduinoCore\Debug\libArduinoCore.a(HardwareSerial.o)
                0x00003c7a                _ZN14HardwareSerial4peekEv
 .text._ZN14HardwareSerial4readEv
                0x00003c96       0x28 C:\Users\Numaan\Documents\Atmel Studio\7.0\RM\RM\ArduinoCore\Debug\libArduinoCore.a(HardwareSerial.o)
                0x00003c96                _ZN14HardwareSerial4readEv
 .text._Z14serialEventRunv
                0x00003cbe       0x1c C:\Users\Numaan\Documents\Atmel Studio\7.0\RM\RM\ArduinoCore\Debug\libArduinoCore.a(HardwareSerial.o)
                0x00003cbe                _Z14serialEventRunv
 .text._ZN14HardwareSerial17_tx_udr_empty_irqEv
                0x00003cda       0x42 C:\Users\Numaan\Documents\Atmel Studio\7.0\RM\RM\ArduinoCore\Debug\libArduinoCore.a(HardwareSerial.o)
                0x00003cda                _ZN14HardwareSerial17_tx_udr_empty_irqEv
 .text._ZN14HardwareSerial5writeEh
                0x00003d1c       0x8e C:\Users\Numaan\Documents\Atmel Studio\7.0\RM\RM\ArduinoCore\Debug\libArduinoCore.a(HardwareSerial.o)
                0x00003d1c                _ZN14HardwareSerial5writeEh
 .text._ZN14HardwareSerial5flushEv
                0x00003daa       0x44 C:\Users\Numaan\Documents\Atmel Studio\7.0\RM\RM\ArduinoCore\Debug\libArduinoCore.a(HardwareSerial.o)
                0x00003daa                _ZN14HardwareSerial5flushEv
 .text._ZN14HardwareSerial5beginEmh
                0x00003dee       0xca C:\Users\Numaan\Documents\Atmel Studio\7.0\RM\RM\ArduinoCore\Debug\libArduinoCore.a(HardwareSerial.o)
                0x00003dee                _ZN14HardwareSerial5beginEmh
 .text.__vector_18
                0x00003eb8       0x64 C:\Users\Numaan\Documents\Atmel Studio\7.0\RM\RM\ArduinoCore\Debug\libArduinoCore.a(HardwareSerial0.o)
                0x00003eb8                __vector_18
 .text.__vector_19
                0x00003f1c       0x4c C:\Users\Numaan\Documents\Atmel Studio\7.0\RM\RM\ArduinoCore\Debug\libArduinoCore.a(HardwareSerial0.o)
                0x00003f1c                __vector_19
 .text._Z17Serial0_availablev
                0x00003f68       0x14 C:\Users\Numaan\Documents\Atmel Studio\7.0\RM\RM\ArduinoCore\Debug\libArduinoCore.a(HardwareSerial0.o)
                0x00003f68                _Z17Serial0_availablev
 .text.startup._GLOBAL__sub_I___vector_18
                0x00003f7c       0x5a C:\Users\Numaan\Documents\Atmel Studio\7.0\RM\RM\ArduinoCore\Debug\libArduinoCore.a(HardwareSerial0.o)
 .text.initVariant
                0x00003fd6        0x2 C:\Users\Numaan\Documents\Atmel Studio\7.0\RM\RM\ArduinoCore\Debug\libArduinoCore.a(main.o)
                0x00003fd6                initVariant
 .text.startup.main
                0x00003fd8       0x1e C:\Users\Numaan\Documents\Atmel Studio\7.0\RM\RM\ArduinoCore\Debug\libArduinoCore.a(main.o)
                0x00003fd8                main
 .text._Znwj    0x00003ff6        0x4 C:\Users\Numaan\Documents\Atmel Studio\7.0\RM\RM\ArduinoCore\Debug\libArduinoCore.a(new.o)
                0x00003ff6                _Znwj
 .text._ZN5Print5writeEPKhj
                0x00003ffa       0x54 C:\Users\Numaan\Documents\Atmel Studio\7.0\RM\RM\ArduinoCore\Debug\libArduinoCore.a(Print.o)
                0x00003ffa                _ZN5Print5writeEPKhj
 .text._ZN5Print5writeEPKc
                0x0000404e       0x2a C:\Users\Numaan\Documents\Atmel Studio\7.0\RM\RM\ArduinoCore\Debug\libArduinoCore.a(Print.o)
                0x0000404e                _ZN5Print5writeEPKc
 .text._ZN5Print5printEPK19__FlashStringHelper
                0x00004078       0x48 C:\Users\Numaan\Documents\Atmel Studio\7.0\RM\RM\ArduinoCore\Debug\libArduinoCore.a(Print.o)
                0x00004078                _ZN5Print5printEPK19__FlashStringHelper
 .text._ZN5Print5printEPKc
                0x000040c0        0x4 C:\Users\Numaan\Documents\Atmel Studio\7.0\RM\RM\ArduinoCore\Debug\libArduinoCore.a(Print.o)
                0x000040c0                _ZN5Print5printEPKc
 .text._ZN5Print5printEc
                0x000040c4        0xe C:\Users\Numaan\Documents\Atmel Studio\7.0\RM\RM\ArduinoCore\Debug\libArduinoCore.a(Print.o)
                0x000040c4                _ZN5Print5printEc
 .text._ZN5Print7printlnEv
                0x000040d2        0x8 C:\Users\Numaan\Documents\Atmel Studio\7.0\RM\RM\ArduinoCore\Debug\libArduinoCore.a(Print.o)
                0x000040d2                _ZN5Print7printlnEv
 .text._ZN5Print7printlnEPK19__FlashStringHelper
                0x000040da       0x24 C:\Users\Numaan\Documents\Atmel Studio\7.0\RM\RM\ArduinoCore\Debug\libArduinoCore.a(Print.o)
                0x000040da                _ZN5Print7printlnEPK19__FlashStringHelper
 .text._ZN5Print7printlnEPKc
                0x000040fe       0x24 C:\Users\Numaan\Documents\Atmel Studio\7.0\RM\RM\ArduinoCore\Debug\libArduinoCore.a(Print.o)
                0x000040fe                _ZN5Print7printlnEPKc
 .text._ZN5Print7printlnEc
                0x00004122       0x24 C:\Users\Numaan\Documents\Atmel Studio\7.0\RM\RM\ArduinoCore\Debug\libArduinoCore.a(Print.o)
                0x00004122                _ZN5Print7printlnEc
 .text._ZN5Print11printNumberEmh
                0x00004146       0x92 C:\Users\Numaan\Documents\Atmel Studio\7.0\RM\RM\ArduinoCore\Debug\libArduinoCore.a(Print.o)
                0x00004146                _ZN5Print11printNumberEmh
 .text._ZN5Print5printEmi
                0x000041d8       0x1a C:\Users\Numaan\Documents\Atmel Studio\7.0\RM\RM\ArduinoCore\Debug\libArduinoCore.a(Print.o)
                0x000041d8                _ZN5Print5printEmi
 .text._ZN5Print5printEhi
                0x000041f2        0xe C:\Users\Numaan\Documents\Atmel Studio\7.0\RM\RM\ArduinoCore\Debug\libArduinoCore.a(Print.o)
                0x000041f2                _ZN5Print5printEhi
 .text._ZN5Print7printlnEhi
                0x00004200       0x24 C:\Users\Numaan\Documents\Atmel Studio\7.0\RM\RM\ArduinoCore\Debug\libArduinoCore.a(Print.o)
                0x00004200                _ZN5Print7printlnEhi
 .text._ZN5Print5printEji
                0x00004224        0xc C:\Users\Numaan\Documents\Atmel Studio\7.0\RM\RM\ArduinoCore\Debug\libArduinoCore.a(Print.o)
                0x00004224                _ZN5Print5printEji
 .text._ZN5Print7printlnEji
                0x00004230       0x24 C:\Users\Numaan\Documents\Atmel Studio\7.0\RM\RM\ArduinoCore\Debug\libArduinoCore.a(Print.o)
                0x00004230                _ZN5Print7printlnEji
 .text._ZN5Print7printlnEmi
                0x00004254       0x24 C:\Users\Numaan\Documents\Atmel Studio\7.0\RM\RM\ArduinoCore\Debug\libArduinoCore.a(Print.o)
                0x00004254                _ZN5Print7printlnEmi
 .text._ZN5Print5printEli
                0x00004278       0x90 C:\Users\Numaan\Documents\Atmel Studio\7.0\RM\RM\ArduinoCore\Debug\libArduinoCore.a(Print.o)
                0x00004278                _ZN5Print5printEli
 .text._ZN5Print5printEii
                0x00004308        0xe C:\Users\Numaan\Documents\Atmel Studio\7.0\RM\RM\ArduinoCore\Debug\libArduinoCore.a(Print.o)
                0x00004308                _ZN5Print5printEii
 .text._ZN5Print7printlnEii
                0x00004316       0x24 C:\Users\Numaan\Documents\Atmel Studio\7.0\RM\RM\ArduinoCore\Debug\libArduinoCore.a(Print.o)
                0x00004316                _ZN5Print7printlnEii
 .text._ZN5Print7printlnEli
                0x0000433a       0x24 C:\Users\Numaan\Documents\Atmel Studio\7.0\RM\RM\ArduinoCore\Debug\libArduinoCore.a(Print.o)
                0x0000433a                _ZN5Print7printlnEli
 .text.__vector_16
                0x0000435e       0x94 C:\Users\Numaan\Documents\Atmel Studio\7.0\RM\RM\ArduinoCore\Debug\libArduinoCore.a(wiring.o)
                0x0000435e                __vector_16
 .text.millis   0x000043f2       0x18 C:\Users\Numaan\Documents\Atmel Studio\7.0\RM\RM\ArduinoCore\Debug\libArduinoCore.a(wiring.o)
                0x000043f2                millis
 .text.micros   0x0000440a       0x4a C:\Users\Numaan\Documents\Atmel Studio\7.0\RM\RM\ArduinoCore\Debug\libArduinoCore.a(wiring.o)
                0x0000440a                micros
 .text.delay    0x00004454       0x78 C:\Users\Numaan\Documents\Atmel Studio\7.0\RM\RM\ArduinoCore\Debug\libArduinoCore.a(wiring.o)
                0x00004454                delay
 .text.init     0x000044cc       0x76 C:\Users\Numaan\Documents\Atmel Studio\7.0\RM\RM\ArduinoCore\Debug\libArduinoCore.a(wiring.o)
                0x000044cc                init
 .text.analogRead
                0x00004542       0x3a C:\Users\Numaan\Documents\Atmel Studio\7.0\RM\RM\ArduinoCore\Debug\libArduinoCore.a(wiring_analog.o)
                0x00004542                analogRead
 .text.turnOffPWM
                0x0000457c       0x52 C:\Users\Numaan\Documents\Atmel Studio\7.0\RM\RM\ArduinoCore\Debug\libArduinoCore.a(wiring_digital.o)
 .text.pinMode  0x000045ce       0x78 C:\Users\Numaan\Documents\Atmel Studio\7.0\RM\RM\ArduinoCore\Debug\libArduinoCore.a(wiring_digital.o)
                0x000045ce                pinMode
 .text.digitalWrite
                0x00004646       0x5e C:\Users\Numaan\Documents\Atmel Studio\7.0\RM\RM\ArduinoCore\Debug\libArduinoCore.a(wiring_digital.o)
                0x00004646                digitalWrite
 .text._ZN6StringD2Ev
                0x000046a4        0xa C:\Users\Numaan\Documents\Atmel Studio\7.0\RM\RM\ArduinoCore\Debug\libArduinoCore.a(WString.o)
                0x000046a4                _ZN6StringD2Ev
                0x000046a4                _ZN6StringD1Ev
 .text._ZN6String10invalidateEv
                0x000046ae       0x24 C:\Users\Numaan\Documents\Atmel Studio\7.0\RM\RM\ArduinoCore\Debug\libArduinoCore.a(WString.o)
                0x000046ae                _ZN6String10invalidateEv
 .text._ZN6String12changeBufferEj
                0x000046d2       0x34 C:\Users\Numaan\Documents\Atmel Studio\7.0\RM\RM\ArduinoCore\Debug\libArduinoCore.a(WString.o)
                0x000046d2                _ZN6String12changeBufferEj
 .text._ZN6String7reserveEj
                0x00004706       0x38 C:\Users\Numaan\Documents\Atmel Studio\7.0\RM\RM\ArduinoCore\Debug\libArduinoCore.a(WString.o)
                0x00004706                _ZN6String7reserveEj
 .text._ZN6String4copyEPKcj
                0x0000473e       0x42 C:\Users\Numaan\Documents\Atmel Studio\7.0\RM\RM\ArduinoCore\Debug\libArduinoCore.a(WString.o)
                0x0000473e                _ZN6String4copyEPKcj
 .text._ZN6StringC2EPKc
                0x00004780       0x2a C:\Users\Numaan\Documents\Atmel Studio\7.0\RM\RM\ArduinoCore\Debug\libArduinoCore.a(WString.o)
                0x00004780                _ZN6StringC2EPKc
                0x00004780                _ZN6StringC1EPKc
 .text._ZN13Adafruit_FONA9availableEv
                0x000047aa       0x18 C:\Users\Numaan\Documents\Atmel Studio\7.0\RM\RM\ArduinoCore\Debug\libArduinoCore.a(Adafruit_FONA.o)
                0x000047aa                _ZN13Adafruit_FONA9availableEv
 .text._ZN13Adafruit_FONA5writeEh
                0x000047c2       0x18 C:\Users\Numaan\Documents\Atmel Studio\7.0\RM\RM\ArduinoCore\Debug\libArduinoCore.a(Adafruit_FONA.o)
                0x000047c2                _ZN13Adafruit_FONA5writeEh
 .text._ZN13Adafruit_FONA4readEv
                0x000047da       0x18 C:\Users\Numaan\Documents\Atmel Studio\7.0\RM\RM\ArduinoCore\Debug\libArduinoCore.a(Adafruit_FONA.o)
                0x000047da                _ZN13Adafruit_FONA4readEv
 .text._ZN13Adafruit_FONA4peekEv
                0x000047f2       0x18 C:\Users\Numaan\Documents\Atmel Studio\7.0\RM\RM\ArduinoCore\Debug\libArduinoCore.a(Adafruit_FONA.o)
                0x000047f2                _ZN13Adafruit_FONA4peekEv
 .text._ZN13Adafruit_FONA5flushEv
                0x0000480a       0x18 C:\Users\Numaan\Documents\Atmel Studio\7.0\RM\RM\ArduinoCore\Debug\libArduinoCore.a(Adafruit_FONA.o)
                0x0000480a                _ZN13Adafruit_FONA5flushEv
 .text._ZN13Adafruit_FONAC2Ea
                0x00004822       0x64 C:\Users\Numaan\Documents\Atmel Studio\7.0\RM\RM\ArduinoCore\Debug\libArduinoCore.a(Adafruit_FONA.o)
                0x00004822                _ZN13Adafruit_FONAC1Ea
                0x00004822                _ZN13Adafruit_FONAC2Ea
 .text._ZN13Adafruit_FONA22setGPRSNetworkSettingsEPK19__FlashStringHelperS2_S2_
                0x00004886       0x18 C:\Users\Numaan\Documents\Atmel Studio\7.0\RM\RM\ArduinoCore\Debug\libArduinoCore.a(Adafruit_FONA.o)
                0x00004886                _ZN13Adafruit_FONA22setGPRSNetworkSettingsEPK19__FlashStringHelperS2_S2_
 .text._ZN13Adafruit_FONA10flushInputEv
                0x0000489e       0x58 C:\Users\Numaan\Documents\Atmel Studio\7.0\RM\RM\ArduinoCore\Debug\libArduinoCore.a(Adafruit_FONA.o)
                0x0000489e                _ZN13Adafruit_FONA10flushInputEv
 .text._ZN13Adafruit_FONA15HTTP_para_startEPK19__FlashStringHelperb
                0x000048f6       0x7a C:\Users\Numaan\Documents\Atmel Studio\7.0\RM\RM\ArduinoCore\Debug\libArduinoCore.a(Adafruit_FONA.o)
                0x000048f6                _ZN13Adafruit_FONA15HTTP_para_startEPK19__FlashStringHelperb
 .text._ZN13Adafruit_FONA8readlineEjb
                0x00004970       0xfc C:\Users\Numaan\Documents\Atmel Studio\7.0\RM\RM\ArduinoCore\Debug\libArduinoCore.a(Adafruit_FONA.o)
                0x00004970                _ZN13Adafruit_FONA8readlineEjb
 .text._ZN13Adafruit_FONA11expectReplyEPK19__FlashStringHelperj
                0x00004a6c       0x48 C:\Users\Numaan\Documents\Atmel Studio\7.0\RM\RM\ArduinoCore\Debug\libArduinoCore.a(Adafruit_FONA.o)
                0x00004a6c                _ZN13Adafruit_FONA11expectReplyEPK19__FlashStringHelperj
 .text._ZN13Adafruit_FONA13HTTP_para_endEb
                0x00004ab4       0x3c C:\Users\Numaan\Documents\Atmel Studio\7.0\RM\RM\ArduinoCore\Debug\libArduinoCore.a(Adafruit_FONA.o)
                0x00004ab4                _ZN13Adafruit_FONA13HTTP_para_endEb
 .text._ZN13Adafruit_FONA9HTTP_paraEPK19__FlashStringHelperPKc
                0x00004af0       0x32 C:\Users\Numaan\Documents\Atmel Studio\7.0\RM\RM\ArduinoCore\Debug\libArduinoCore.a(Adafruit_FONA.o)
                0x00004af0                _ZN13Adafruit_FONA9HTTP_paraEPK19__FlashStringHelperPKc
 .text._ZN13Adafruit_FONA9HTTP_paraEPK19__FlashStringHelperS2_
                0x00004b22       0x32 C:\Users\Numaan\Documents\Atmel Studio\7.0\RM\RM\ArduinoCore\Debug\libArduinoCore.a(Adafruit_FONA.o)
                0x00004b22                _ZN13Adafruit_FONA9HTTP_paraEPK19__FlashStringHelperS2_
 .text._ZN13Adafruit_FONA9HTTP_paraEPK19__FlashStringHelperl
                0x00004b54       0x42 C:\Users\Numaan\Documents\Atmel Studio\7.0\RM\RM\ArduinoCore\Debug\libArduinoCore.a(Adafruit_FONA.o)
                0x00004b54                _ZN13Adafruit_FONA9HTTP_paraEPK19__FlashStringHelperl
 .text._ZN13Adafruit_FONA9HTTP_dataEmm
                0x00004b96       0xd4 C:\Users\Numaan\Documents\Atmel Studio\7.0\RM\RM\ArduinoCore\Debug\libArduinoCore.a(Adafruit_FONA.o)
                0x00004b96                _ZN13Adafruit_FONA9HTTP_dataEmm
 .text._ZN13Adafruit_FONA8getReplyEPcj
                0x00004c6a       0x72 C:\Users\Numaan\Documents\Atmel Studio\7.0\RM\RM\ArduinoCore\Debug\libArduinoCore.a(Adafruit_FONA.o)
                0x00004c6a                _ZN13Adafruit_FONA8getReplyEPcj
 .text._ZN13Adafruit_FONA8getReplyEPK19__FlashStringHelperj
                0x00004cdc       0x72 C:\Users\Numaan\Documents\Atmel Studio\7.0\RM\RM\ArduinoCore\Debug\libArduinoCore.a(Adafruit_FONA.o)
                0x00004cdc                _ZN13Adafruit_FONA8getReplyEPK19__FlashStringHelperj
 .text._ZN13Adafruit_FONA8getReplyEPK19__FlashStringHelperlj
                0x00004d4e       0xb4 C:\Users\Numaan\Documents\Atmel Studio\7.0\RM\RM\ArduinoCore\Debug\libArduinoCore.a(Adafruit_FONA.o)
                0x00004d4e                _ZN13Adafruit_FONA8getReplyEPK19__FlashStringHelperlj
 .text._ZN13Adafruit_FONA14getReplyQuotedEPK19__FlashStringHelperS2_j
                0x00004e02       0xc8 C:\Users\Numaan\Documents\Atmel Studio\7.0\RM\RM\ArduinoCore\Debug\libArduinoCore.a(Adafruit_FONA.o)
                0x00004e02                _ZN13Adafruit_FONA14getReplyQuotedEPK19__FlashStringHelperS2_j
 .text._ZN13Adafruit_FONA14sendCheckReplyEPK19__FlashStringHelperS2_j
                0x00004eca       0x34 C:\Users\Numaan\Documents\Atmel Studio\7.0\RM\RM\ArduinoCore\Debug\libArduinoCore.a(Adafruit_FONA.o)
                0x00004eca                _ZN13Adafruit_FONA14sendCheckReplyEPK19__FlashStringHelperS2_j
 .text._ZN13Adafruit_FONA5beginER6Stream
                0x00004efe      0x308 C:\Users\Numaan\Documents\Atmel Studio\7.0\RM\RM\ArduinoCore\Debug\libArduinoCore.a(Adafruit_FONA.o)
                0x00004efe                _ZN13Adafruit_FONA5beginER6Stream
 .text._ZN13Adafruit_FONA9HTTP_initEv
                0x00005206       0x16 C:\Users\Numaan\Documents\Atmel Studio\7.0\RM\RM\ArduinoCore\Debug\libArduinoCore.a(Adafruit_FONA.o)
                0x00005206                _ZN13Adafruit_FONA9HTTP_initEv
 .text._ZN13Adafruit_FONA9HTTP_termEv
                0x0000521c       0x16 C:\Users\Numaan\Documents\Atmel Studio\7.0\RM\RM\ArduinoCore\Debug\libArduinoCore.a(Adafruit_FONA.o)
                0x0000521c                _ZN13Adafruit_FONA9HTTP_termEv
 .text._ZN13Adafruit_FONA13HTTP_POST_endEv
                0x00005232        0x4 C:\Users\Numaan\Documents\Atmel Studio\7.0\RM\RM\ArduinoCore\Debug\libArduinoCore.a(Adafruit_FONA.o)
                0x00005232                _ZN13Adafruit_FONA13HTTP_POST_endEv
 .text._ZN13Adafruit_FONA14sendCheckReplyEPcPK19__FlashStringHelperj
                0x00005236       0x34 C:\Users\Numaan\Documents\Atmel Studio\7.0\RM\RM\ArduinoCore\Debug\libArduinoCore.a(Adafruit_FONA.o)
                0x00005236                _ZN13Adafruit_FONA14sendCheckReplyEPcPK19__FlashStringHelperj
 .text._ZN13Adafruit_FONA7sendSMSEPcS0_
                0x0000526a      0x17c C:\Users\Numaan\Documents\Atmel Studio\7.0\RM\RM\ArduinoCore\Debug\libArduinoCore.a(Adafruit_FONA.o)
                0x0000526a                _ZN13Adafruit_FONA7sendSMSEPcS0_
 .text._ZN13Adafruit_FONA14sendCheckReplyEPK19__FlashStringHelperlS2_j
                0x000053e6       0x40 C:\Users\Numaan\Documents\Atmel Studio\7.0\RM\RM\ArduinoCore\Debug\libArduinoCore.a(Adafruit_FONA.o)
                0x000053e6                _ZN13Adafruit_FONA14sendCheckReplyEPK19__FlashStringHelperlS2_j
 .text._ZN13Adafruit_FONA8HTTP_sslEb
                0x00005426       0x34 C:\Users\Numaan\Documents\Atmel Studio\7.0\RM\RM\ArduinoCore\Debug\libArduinoCore.a(Adafruit_FONA.o)
                0x00005426                _ZN13Adafruit_FONA8HTTP_sslEb
 .text._ZN13Adafruit_FONA10HTTP_setupEPc
                0x0000545a       0x98 C:\Users\Numaan\Documents\Atmel Studio\7.0\RM\RM\ArduinoCore\Debug\libArduinoCore.a(Adafruit_FONA.o)
                0x0000545a                _ZN13Adafruit_FONA10HTTP_setupEPc
 .text._ZN13Adafruit_FONA20sendCheckReplyQuotedEPK19__FlashStringHelperS2_S2_j
                0x000054f2       0x38 C:\Users\Numaan\Documents\Atmel Studio\7.0\RM\RM\ArduinoCore\Debug\libArduinoCore.a(Adafruit_FONA.o)
                0x000054f2                _ZN13Adafruit_FONA20sendCheckReplyQuotedEPK19__FlashStringHelperS2_S2_j
 .text._ZN13Adafruit_FONA10enableGPRSEb
                0x0000552a      0x2b8 C:\Users\Numaan\Documents\Atmel Studio\7.0\RM\RM\ArduinoCore\Debug\libArduinoCore.a(Adafruit_FONA.o)
                0x0000552a                _ZN13Adafruit_FONA10enableGPRSEb
 .text._ZN13Adafruit_FONA10parseReplyEPK19__FlashStringHelperPjch
                0x000057e2       0x6a C:\Users\Numaan\Documents\Atmel Studio\7.0\RM\RM\ArduinoCore\Debug\libArduinoCore.a(Adafruit_FONA.o)
                0x000057e2                _ZN13Adafruit_FONA10parseReplyEPK19__FlashStringHelperPjch
 .text._ZN13Adafruit_FONA12HTTP_readallEPj
                0x0000584c       0x36 C:\Users\Numaan\Documents\Atmel Studio\7.0\RM\RM\ArduinoCore\Debug\libArduinoCore.a(Adafruit_FONA.o)
                0x0000584c                _ZN13Adafruit_FONA12HTTP_readallEPj
 .text._ZN13Adafruit_FONA11HTTP_actionEhPjS0_l
                0x00005882       0x9e C:\Users\Numaan\Documents\Atmel Studio\7.0\RM\RM\ArduinoCore\Debug\libArduinoCore.a(Adafruit_FONA.o)
                0x00005882                _ZN13Adafruit_FONA11HTTP_actionEhPjS0_l
 .text._ZN13Adafruit_FONA15HTTP_POST_startEPcPK19__FlashStringHelperPKhjPjS6_
                0x00005920      0x13a C:\Users\Numaan\Documents\Atmel Studio\7.0\RM\RM\ArduinoCore\Debug\libArduinoCore.a(Adafruit_FONA.o)
                0x00005920                _ZN13Adafruit_FONA15HTTP_POST_startEPcPK19__FlashStringHelperPKhjPjS6_
 .text._ZN13Adafruit_FONA14sendParseReplyEPK19__FlashStringHelperS2_Pjch
                0x00005a5a       0x58 C:\Users\Numaan\Documents\Atmel Studio\7.0\RM\RM\ArduinoCore\Debug\libArduinoCore.a(Adafruit_FONA.o)
                0x00005a5a                _ZN13Adafruit_FONA14sendParseReplyEPK19__FlashStringHelperS2_Pjch
 .text._ZN13Adafruit_FONA14getBattPercentEPj
                0x00005ab2       0x1e C:\Users\Numaan\Documents\Atmel Studio\7.0\RM\RM\ArduinoCore\Debug\libArduinoCore.a(Adafruit_FONA.o)
                0x00005ab2                _ZN13Adafruit_FONA14getBattPercentEPj
 .text._ZN13Adafruit_FONA16getNetworkStatusEv
                0x00005ad0       0x3e C:\Users\Numaan\Documents\Atmel Studio\7.0\RM\RM\ArduinoCore\Debug\libArduinoCore.a(Adafruit_FONA.o)
                0x00005ad0                _ZN13Adafruit_FONA16getNetworkStatusEv
 .text._ZN13Adafruit_FONA7getRSSIEv
                0x00005b0e       0x3c C:\Users\Numaan\Documents\Atmel Studio\7.0\RM\RM\ArduinoCore\Debug\libArduinoCore.a(Adafruit_FONA.o)
                0x00005b0e                _ZN13Adafruit_FONA7getRSSIEv
 .text._ZN14SoftwareSerial4readEv
                0x00005b4a       0x42 C:\Users\Numaan\Documents\Atmel Studio\7.0\RM\RM\ArduinoCore\Debug\libArduinoCore.a(SoftwareSerial.o)
                0x00005b4a                _ZN14SoftwareSerial4readEv
 .text._ZN14SoftwareSerial5writeEh
                0x00005b8c       0xa0 C:\Users\Numaan\Documents\Atmel Studio\7.0\RM\RM\ArduinoCore\Debug\libArduinoCore.a(SoftwareSerial.o)
                0x00005b8c                _ZN14SoftwareSerial5writeEh
 .text._ZN14SoftwareSerial5flushEv
                0x00005c2c        0x2 C:\Users\Numaan\Documents\Atmel Studio\7.0\RM\RM\ArduinoCore\Debug\libArduinoCore.a(SoftwareSerial.o)
                0x00005c2c                _ZN14SoftwareSerial5flushEv
 .text._ZN14SoftwareSerial4peekEv
                0x00005c2e       0x30 C:\Users\Numaan\Documents\Atmel Studio\7.0\RM\RM\ArduinoCore\Debug\libArduinoCore.a(SoftwareSerial.o)
                0x00005c2e                _ZN14SoftwareSerial4peekEv
 .text._ZN14SoftwareSerial9availableEv
                0x00005c5e       0x30 C:\Users\Numaan\Documents\Atmel Studio\7.0\RM\RM\ArduinoCore\Debug\libArduinoCore.a(SoftwareSerial.o)
                0x00005c5e                _ZN14SoftwareSerial9availableEv
 .text._ZN14SoftwareSerial13stopListeningEv
                0x00005c8e       0x2c C:\Users\Numaan\Documents\Atmel Studio\7.0\RM\RM\ArduinoCore\Debug\libArduinoCore.a(SoftwareSerial.o)
                0x00005c8e                _ZN14SoftwareSerial13stopListeningEv
 .text._ZN14SoftwareSerial6listenEv
                0x00005cba       0x52 C:\Users\Numaan\Documents\Atmel Studio\7.0\RM\RM\ArduinoCore\Debug\libArduinoCore.a(SoftwareSerial.o)
                0x00005cba                _ZN14SoftwareSerial6listenEv
 .text.__vector_3
                0x00005d0c       0xf4 C:\Users\Numaan\Documents\Atmel Studio\7.0\RM\RM\ArduinoCore\Debug\libArduinoCore.a(SoftwareSerial.o)
                0x00005d0c                __vector_5
                0x00005d0c                __vector_4
                0x00005d0c                __vector_3
 .text._ZN14SoftwareSerial5setTXEh
                0x00005e00       0x52 C:\Users\Numaan\Documents\Atmel Studio\7.0\RM\RM\ArduinoCore\Debug\libArduinoCore.a(SoftwareSerial.o)
                0x00005e00                _ZN14SoftwareSerial5setTXEh
 .text._ZN14SoftwareSerial5setRXEh
                0x00005e52       0x52 C:\Users\Numaan\Documents\Atmel Studio\7.0\RM\RM\ArduinoCore\Debug\libArduinoCore.a(SoftwareSerial.o)
                0x00005e52                _ZN14SoftwareSerial5setRXEh
 .text._ZN14SoftwareSerialC2Ehhb
                0x00005ea4       0x56 C:\Users\Numaan\Documents\Atmel Studio\7.0\RM\RM\ArduinoCore\Debug\libArduinoCore.a(SoftwareSerial.o)
                0x00005ea4                _ZN14SoftwareSerialC1Ehhb
                0x00005ea4                _ZN14SoftwareSerialC2Ehhb
 .text._ZN14SoftwareSerial5beginEl
                0x00005efa      0x11c C:\Users\Numaan\Documents\Atmel Studio\7.0\RM\RM\ArduinoCore\Debug\libArduinoCore.a(SoftwareSerial.o)
                0x00005efa                _ZN14SoftwareSerial5beginEl
 .text.__empty  0x00006016        0x2 C:\Users\Numaan\Documents\Atmel Studio\7.0\RM\RM\ArduinoCore\Debug\libArduinoCore.a(hooks.o)
                0x00006016                yield
 .text.nothing  0x00006018        0x2 C:\Users\Numaan\Documents\Atmel Studio\7.0\RM\RM\ArduinoCore\Debug\libArduinoCore.a(WInterrupts.o)
 .text.__vector_1
                0x0000601a       0x4e C:\Users\Numaan\Documents\Atmel Studio\7.0\RM\RM\ArduinoCore\Debug\libArduinoCore.a(WInterrupts.o)
                0x0000601a                __vector_1
 .text.__vector_2
                0x00006068       0x4e C:\Users\Numaan\Documents\Atmel Studio\7.0\RM\RM\ArduinoCore\Debug\libArduinoCore.a(WInterrupts.o)
                0x00006068                __vector_2
 .text.libgcc.mul
                0x000060b6       0x20 c:/program files (x86)/atmel/studio/7.0/toolchain/avr8/avr8-gnu-toolchain/bin/../lib/gcc/avr/5.4.0/avr5\libgcc.a(_mulsi3.o)
                0x000060b6                __mulsi3
 .text.libgcc.div
                0x000060d6       0x28 c:/program files (x86)/atmel/studio/7.0/toolchain/avr8/avr8-gnu-toolchain/bin/../lib/gcc/avr/5.4.0/avr5\libgcc.a(_divmodhi4.o)
                0x000060d6                _div
                0x000060d6                __divmodhi4
 .text.libgcc.div
                0x000060fe       0x44 c:/program files (x86)/atmel/studio/7.0/toolchain/avr8/avr8-gnu-toolchain/bin/../lib/gcc/avr/5.4.0/avr5\libgcc.a(_udivmodsi4.o)
                0x000060fe                __udivmodsi4
 .text.libgcc.div
                0x00006142       0x2e c:/program files (x86)/atmel/studio/7.0/toolchain/avr8/avr8-gnu-toolchain/bin/../lib/gcc/avr/5.4.0/avr5\libgcc.a(_divmodsi4.o)
                0x00006142                __divmodsi4
 .text.libgcc.div
                0x00006170       0x10 c:/program files (x86)/atmel/studio/7.0/toolchain/avr8/avr8-gnu-toolchain/bin/../lib/gcc/avr/5.4.0/avr5\libgcc.a(_negsi2.o)
                0x00006170                __negsi2
 .text.libgcc   0x00006180        0xc c:/program files (x86)/atmel/studio/7.0/toolchain/avr8/avr8-gnu-toolchain/bin/../lib/gcc/avr/5.4.0/avr5\libgcc.a(_tablejump2.o)
                0x00006180                __tablejump2__
 .text.libgcc.mul
                0x0000618c       0x16 c:/program files (x86)/atmel/studio/7.0/toolchain/avr8/avr8-gnu-toolchain/bin/../lib/gcc/avr/5.4.0/avr5\libgcc.a(_muluhisi3.o)
                0x0000618c                __muluhisi3
 .text.libgcc.mul
                0x000061a2       0x56 c:/program files (x86)/atmel/studio/7.0/toolchain/avr8/avr8-gnu-toolchain/bin/../lib/gcc/avr/5.4.0/avr5\libgcc.a(_umulsidi3.o)
                0x000061a2                __umulsidi3
                0x000061a4                __umulsidi3_helper
 .text.libgcc.builtins
                0x000061f8       0x3c c:/program files (x86)/atmel/studio/7.0/toolchain/avr8/avr8-gnu-toolchain/bin/../lib/gcc/avr/5.4.0/avr5\libgcc.a(_ashrdi3.o)
                0x000061f8                __ashrdi3
                0x000061fc                __lshrdi3
 .text.libgcc.div
                0x00006234       0x28 c:/program files (x86)/atmel/studio/7.0/toolchain/avr8/avr8-gnu-toolchain/bin/../lib/gcc/avr/5.4.0/avr5\libgcc.a(_udivmodhi4.o)
                0x00006234                __udivmodhi4
 .text.libgcc.mul
                0x0000625c       0x1e c:/program files (x86)/atmel/studio/7.0/toolchain/avr8/avr8-gnu-toolchain/bin/../lib/gcc/avr/5.4.0/avr5\libgcc.a(_umulhisi3.o)
                0x0000625c                __umulhisi3
 .text.libgcc.mul
                0x0000627a       0x12 c:/program files (x86)/atmel/studio/7.0/toolchain/avr8/avr8-gnu-toolchain/bin/../lib/gcc/avr/5.4.0/avr5\libgcc.a(_muldi3_6.o)
                0x0000627a                __muldi3_6
 .text.avr-libc
                0x0000628c      0x242 c:/program files (x86)/atmel/studio/7.0/toolchain/avr8/avr8-gnu-toolchain/bin/../lib/gcc/avr/5.4.0/../../../../avr/lib/avr5\libc.a(malloc.o)
                0x0000628c                malloc
                0x000063bc                free
 .text.avr-libc
                0x000064ce      0x18c c:/program files (x86)/atmel/studio/7.0/toolchain/avr8/avr8-gnu-toolchain/bin/../lib/gcc/avr/5.4.0/../../../../avr/lib/avr5\libc.a(realloc.o)
                0x000064ce                realloc
 .text.avr-libc
                0x0000665a       0x3c c:/program files (x86)/atmel/studio/7.0/toolchain/avr8/avr8-gnu-toolchain/bin/../lib/gcc/avr/5.4.0/../../../../avr/lib/avr5\libc.a(atoi.o)
                0x0000665a                atoi
 .text.avr-libc
                0x00006696       0x12 c:/program files (x86)/atmel/studio/7.0/toolchain/avr8/avr8-gnu-toolchain/bin/../lib/gcc/avr/5.4.0/../../../../avr/lib/avr5\libc.a(strcmp_P.o)
                0x00006696                strcmp_P
 .text.avr-libc
                0x000066a8       0x12 c:/program files (x86)/atmel/studio/7.0/toolchain/avr8/avr8-gnu-toolchain/bin/../lib/gcc/avr/5.4.0/../../../../avr/lib/avr5\libc.a(strlen_P.o)
                0x000066a8                __strlen_P
 .text.avr-libc
                0x000066ba       0x34 c:/program files (x86)/atmel/studio/7.0/toolchain/avr8/avr8-gnu-toolchain/bin/../lib/gcc/avr/5.4.0/../../../../avr/lib/avr5\libc.a(strstr_P.o)
                0x000066ba                strstr_P
 .text.avr-libc
                0x000066ee       0x12 c:/program files (x86)/atmel/studio/7.0/toolchain/avr8/avr8-gnu-toolchain/bin/../lib/gcc/avr/5.4.0/../../../../avr/lib/avr5\libc.a(memcpy.o)
                0x000066ee                memcpy
 .text.avr-libc
                0x00006700       0x16 c:/program files (x86)/atmel/studio/7.0/toolchain/avr8/avr8-gnu-toolchain/bin/../lib/gcc/avr/5.4.0/../../../../avr/lib/avr5\libc.a(strchr.o)
                0x00006700                strchr
 .text.avr-libc
                0x00006716       0x12 c:/program files (x86)/atmel/studio/7.0/toolchain/avr8/avr8-gnu-toolchain/bin/../lib/gcc/avr/5.4.0/../../../../avr/lib/avr5\libc.a(strcmp.o)
                0x00006716                strcmp
 .text.avr-libc
                0x00006728        0xe c:/program files (x86)/atmel/studio/7.0/toolchain/avr8/avr8-gnu-toolchain/bin/../lib/gcc/avr/5.4.0/../../../../avr/lib/avr5\libc.a(strcpy.o)
                0x00006728                strcpy
 .text.avr-libc
                0x00006736       0x1e c:/program files (x86)/atmel/studio/7.0/toolchain/avr8/avr8-gnu-toolchain/bin/../lib/gcc/avr/5.4.0/../../../../avr/lib/avr5\libc.a(strncpy.o)
                0x00006736                strncpy
 .text.avr-libc
                0x00006754       0x34 c:/program files (x86)/atmel/studio/7.0/toolchain/avr8/avr8-gnu-toolchain/bin/../lib/gcc/avr/5.4.0/../../../../avr/lib/avr5\libc.a(strstr.o)
                0x00006754                strstr
 .text.avr-libc
                0x00006788       0x10 c:/program files (x86)/atmel/studio/7.0/toolchain/avr8/avr8-gnu-toolchain/bin/../lib/gcc/avr/5.4.0/../../../../avr/lib/avr5\libc.a(mul10.o)
                0x00006788                __mulhi_const_10
 .text.avr-libc
                0x00006798       0x34 c:/program files (x86)/atmel/studio/7.0/toolchain/avr8/avr8-gnu-toolchain/bin/../lib/gcc/avr/5.4.0/../../../../avr/lib/avr5\libc.a(utoa_ncheck.o)
                0x00006798                __utoa_ncheck
                0x0000679a                __utoa_common
 .text.avr-libc
                0x000067cc       0x20 c:/program files (x86)/atmel/studio/7.0/toolchain/avr8/avr8-gnu-toolchain/bin/../lib/gcc/avr/5.4.0/../../../../avr/lib/avr5\libc.a(strrev.o)
                0x000067cc                strrev
 .text.avr-libc
                0x000067ec       0x10 C:/Program Files (x86)/Atmel/Studio/7.0/Packs/atmel/ATmega_DFP/1.2.132/gcc/dev/atmega328p/avr5\libatmega328p.a(eerd_byte.o)
                0x000067ec                eeprom_read_byte
 .text.avr-libc
                0x000067fc       0x1c C:/Program Files (x86)/Atmel/Studio/7.0/Packs/atmel/ATmega_DFP/1.2.132/gcc/dev/atmega328p/avr5\libatmega328p.a(eewr_byte.o)
                0x000067fc                eeprom_write_byte
                0x000067fe                eeprom_write_r18
 .text.libgcc.prologue
                0x00006818       0x38 c:/program files (x86)/atmel/studio/7.0/toolchain/avr8/avr8-gnu-toolchain/bin/../lib/gcc/avr/5.4.0/avr5\libgcc.a(_prologue.o)
                0x00006818                __prologue_saves__
 .text.libgcc.prologue
                0x00006850       0x36 c:/program files (x86)/atmel/studio/7.0/toolchain/avr8/avr8-gnu-toolchain/bin/../lib/gcc/avr/5.4.0/avr5\libgcc.a(_epilogue.o)
                0x00006850                __epilogue_restores__
                0x00006886                . = ALIGN (0x2)
 *(.fini9)
 .fini9         0x00006886        0x0 c:/program files (x86)/atmel/studio/7.0/toolchain/avr8/avr8-gnu-toolchain/bin/../lib/gcc/avr/5.4.0/avr5\libgcc.a(_exit.o)
                0x00006886                _exit
                0x00006886                exit
 *(.fini9)
 *(.fini8)
 *(.fini8)
 *(.fini7)
 *(.fini7)
 *(.fini6)
 .fini6         0x00006886       0x16 c:/program files (x86)/atmel/studio/7.0/toolchain/avr8/avr8-gnu-toolchain/bin/../lib/gcc/avr/5.4.0/avr5\libgcc.a(_dtors.o)
                0x00006886                __do_global_dtors
 *(.fini6)
 *(.fini5)
 *(.fini5)
 *(.fini4)
 *(.fini4)
 *(.fini3)
 *(.fini3)
 *(.fini2)
 *(.fini2)
 *(.fini1)
 *(.fini1)
 *(.fini0)
 .fini0         0x0000689c        0x4 c:/program files (x86)/atmel/studio/7.0/toolchain/avr8/avr8-gnu-toolchain/bin/../lib/gcc/avr/5.4.0/avr5\libgcc.a(_exit.o)
 *(.fini0)
                0x000068a0                _etext = .

.data           0x00800100      0x21c load address 0x000068a0
                0x00800100                PROVIDE (__data_start, .)
 *(.data)
 .data          0x00800100        0x2 RmMemManager.o
                0x00800100                _ledTopState
                0x00800101                _ledBottomState
 .data          0x00800102        0x9 Sketch.o
                0x00800102                _doSimulateFreshBoot
                0x00800103                _doInitializeModule
                0x00800104                readingTime
                0x00800108                _currSystemState
                0x0080010a                _isSystemTest
 .data          0x0080010b        0x6 c:/program files (x86)/atmel/studio/7.0/toolchain/avr8/avr8-gnu-toolchain/bin/../lib/gcc/avr/5.4.0/../../../../avr/lib/avr5\libc.a(malloc.o)
                0x0080010b                __malloc_heap_end
                0x0080010d                __malloc_heap_start
                0x0080010f                __malloc_margin
 *(.data*)
 .data.analog_reference
                0x00800111        0x1 C:\Users\Numaan\Documents\Atmel Studio\7.0\RM\RM\ArduinoCore\Debug\libArduinoCore.a(wiring_analog.o)
                0x00800111                analog_reference
 .data.intFunc  0x00800112        0x4 C:\Users\Numaan\Documents\Atmel Studio\7.0\RM\RM\ArduinoCore\Debug\libArduinoCore.a(WInterrupts.o)
 *(.rodata)
 .rodata        0x00800116       0x15 GsmManager.o
 .rodata        0x0080012b        0xd Sketch.o
 .rodata        0x00800138       0xd1 C:\Users\Numaan\Documents\Atmel Studio\7.0\RM\RM\ArduinoCore\Debug\libArduinoCore.a(Adafruit_FONA.o)
 *(.rodata*)
 .rodata.str1.1
                0x00800209       0x1c GsmManager.o
 .rodata.str1.1
                0x00800225       0x4c Sketch.o
 .rodata._ZTV7TwoWire
                0x00800271       0x10 src/libraries/Wire/src/Wire.o
                0x00800271                _ZTV7TwoWire
 .rodata._ZTV14HardwareSerial
                0x00800281       0x10 C:\Users\Numaan\Documents\Atmel Studio\7.0\RM\RM\ArduinoCore\Debug\libArduinoCore.a(HardwareSerial.o)
                0x00800281                _ZTV14HardwareSerial
 .rodata.str1.1
                0x00800291       0x11 C:\Users\Numaan\Documents\Atmel Studio\7.0\RM\RM\ArduinoCore\Debug\libArduinoCore.a(Print.o)
 .rodata.str1.1
                0x008002a2       0x59 C:\Users\Numaan\Documents\Atmel Studio\7.0\RM\RM\ArduinoCore\Debug\libArduinoCore.a(Adafruit_FONA.o)
                                 0x5e (size before relaxing)
 .rodata._ZTV13Adafruit_FONA
                0x008002fb       0x10 C:\Users\Numaan\Documents\Atmel Studio\7.0\RM\RM\ArduinoCore\Debug\libArduinoCore.a(Adafruit_FONA.o)
                0x008002fb                _ZTV13Adafruit_FONA
 .rodata._ZTV14SoftwareSerial
                0x0080030b       0x10 C:\Users\Numaan\Documents\Atmel Studio\7.0\RM\RM\ArduinoCore\Debug\libArduinoCore.a(SoftwareSerial.o)
                0x0080030b                _ZTV14SoftwareSerial
 *(.gnu.linkonce.d*)
                0x0080031c                . = ALIGN (0x2)
 *fill*         0x0080031b        0x1 
                0x0080031c                _edata = .
                0x0080031c                PROVIDE (__data_end, .)

.bss            0x0080031c      0x425
                0x0080031c                PROVIDE (__bss_start, .)
 *(.bss)
 .bss           0x0080031c        0x5 RmMemManager.o
                0x0080031c                _flashCallCount
                0x0080031d                _ledTopPinGreen
                0x0080031e                _ledTopPinRed
                0x0080031f                _ledBottomPinGreen
                0x00800320                _ledBottomPinRed
 .bss           0x00800321      0x26e Sketch.o
                0x00800321                _currTestStage
                0x00800322                _testFullCycleLoopCount
                0x00800324                _currLoopNo
                0x00800328                _mockNo
                0x0080032a                noTempReadings
                0x0080032b                nocurrReadings
                0x0080032c                noPVReadings
                0x0080032d                noBattReadings
                0x0080032e                _chargingInProgress
                0x0080032f                _currCycleNumber
                0x00800333                _moduleHasShutdown
                0x00800334                _isStartOfHourCycle
                0x00800335                _isEndOfDayCycle
                0x00800336                _isAtCycleStart
                0x00800337                _dailyCycleData
                0x00800339                _currSensorData
                0x00800341                timer
                0x0080036e                gsm
                0x0080048f                mem
                0x00800490                replybuffer
 .bss           0x0080058f       0x6e src/libraries/Wire/src/utility/twi.o
 .bss           0x008005fd       0x56 src/libraries/Wire/src/Wire.o
                0x008005fd                Wire
                0x00800609                _ZN7TwoWire14user_onReceiveE
                0x0080060b                _ZN7TwoWire14user_onRequestE
                0x0080060d                _ZN7TwoWire12transmittingE
                0x0080060e                _ZN7TwoWire14txBufferLengthE
                0x0080060f                _ZN7TwoWire13txBufferIndexE
                0x00800610                _ZN7TwoWire8txBufferE
                0x00800630                _ZN7TwoWire9txAddressE
                0x00800631                _ZN7TwoWire14rxBufferLengthE
                0x00800632                _ZN7TwoWire13rxBufferIndexE
                0x00800633                _ZN7TwoWire8rxBufferE
 *(.bss*)
 .bss.Serial    0x00800653       0x9d C:\Users\Numaan\Documents\Atmel Studio\7.0\RM\RM\ArduinoCore\Debug\libArduinoCore.a(HardwareSerial0.o)
                0x00800653                Serial
 .bss.timer0_fract
                0x008006f0        0x1 C:\Users\Numaan\Documents\Atmel Studio\7.0\RM\RM\ArduinoCore\Debug\libArduinoCore.a(wiring.o)
 .bss.timer0_millis
                0x008006f1        0x4 C:\Users\Numaan\Documents\Atmel Studio\7.0\RM\RM\ArduinoCore\Debug\libArduinoCore.a(wiring.o)
                0x008006f1                timer0_millis
 .bss.timer0_overflow_count
                0x008006f5        0x4 C:\Users\Numaan\Documents\Atmel Studio\7.0\RM\RM\ArduinoCore\Debug\libArduinoCore.a(wiring.o)
                0x008006f5                timer0_overflow_count
 .bss._ZN14SoftwareSerial20_receive_buffer_headE
                0x008006f9        0x1 C:\Users\Numaan\Documents\Atmel Studio\7.0\RM\RM\ArduinoCore\Debug\libArduinoCore.a(SoftwareSerial.o)
                0x008006f9                _ZN14SoftwareSerial20_receive_buffer_headE
 .bss._ZN14SoftwareSerial20_receive_buffer_tailE
                0x008006fa        0x1 C:\Users\Numaan\Documents\Atmel Studio\7.0\RM\RM\ArduinoCore\Debug\libArduinoCore.a(SoftwareSerial.o)
                0x008006fa                _ZN14SoftwareSerial20_receive_buffer_tailE
 .bss._ZN14SoftwareSerial15_receive_bufferE
                0x008006fb       0x40 C:\Users\Numaan\Documents\Atmel Studio\7.0\RM\RM\ArduinoCore\Debug\libArduinoCore.a(SoftwareSerial.o)
                0x008006fb                _ZN14SoftwareSerial15_receive_bufferE
 .bss._ZN14SoftwareSerial13active_objectE
                0x0080073b        0x2 C:\Users\Numaan\Documents\Atmel Studio\7.0\RM\RM\ArduinoCore\Debug\libArduinoCore.a(SoftwareSerial.o)
                0x0080073b                _ZN14SoftwareSerial13active_objectE
 *(COMMON)
 COMMON         0x0080073d        0x4 c:/program files (x86)/atmel/studio/7.0/toolchain/avr8/avr8-gnu-toolchain/bin/../lib/gcc/avr/5.4.0/../../../../avr/lib/avr5\libc.a(malloc.o)
                0x0080073d                __brkval
                0x0080073f                __flp
                0x00800741                PROVIDE (__bss_end, .)
                0x000068a0                __data_load_start = LOADADDR (.data)
                0x00006abc                __data_load_end = (__data_load_start + SIZEOF (.data))

.noinit         0x00800741        0x0
                [!provide]                PROVIDE (__noinit_start, .)
 *(.noinit*)
                [!provide]                PROVIDE (__noinit_end, .)
                0x00800741                _end = .
                0x00800741                PROVIDE (__heap_start, .)

.eeprom         0x00810000        0x0
 *(.eeprom*)
                0x00810000                __eeprom_end = .

.fuse
 *(.fuse)
 *(.lfuse)
 *(.hfuse)
 *(.efuse)

.lock
 *(.lock*)

.signature
 *(.signature*)

.user_signatures
 *(.user_signatures*)

.stab
 *(.stab)

.stabstr
 *(.stabstr)

.stab.excl
 *(.stab.excl)

.stab.exclstr
 *(.stab.exclstr)

.stab.index
 *(.stab.index)

.stab.indexstr
 *(.stab.indexstr)

.comment        0x00000000       0x30
 *(.comment)
 .comment       0x00000000       0x30 GsmManager.o
                                 0x31 (size before relaxing)
 .comment       0x00000030       0x31 Helpers.o
 .comment       0x00000030       0x31 RmMemManager.o
 .comment       0x00000030       0x31 Sketch.o
 .comment       0x00000030       0x31 src/libraries/Wire/src/utility/twi.o
 .comment       0x00000030       0x31 src/libraries/Wire/src/Wire.o
 .comment       0x00000030       0x31 Timing.o
 .comment       0x00000030       0x31 C:\Users\Numaan\Documents\Atmel Studio\7.0\RM\RM\ArduinoCore\Debug\libArduinoCore.a(HardwareSerial.o)
 .comment       0x00000030       0x31 C:\Users\Numaan\Documents\Atmel Studio\7.0\RM\RM\ArduinoCore\Debug\libArduinoCore.a(HardwareSerial0.o)
 .comment       0x00000030       0x31 C:\Users\Numaan\Documents\Atmel Studio\7.0\RM\RM\ArduinoCore\Debug\libArduinoCore.a(main.o)
 .comment       0x00000030       0x31 C:\Users\Numaan\Documents\Atmel Studio\7.0\RM\RM\ArduinoCore\Debug\libArduinoCore.a(new.o)
 .comment       0x00000030       0x31 C:\Users\Numaan\Documents\Atmel Studio\7.0\RM\RM\ArduinoCore\Debug\libArduinoCore.a(Print.o)
 .comment       0x00000030       0x31 C:\Users\Numaan\Documents\Atmel Studio\7.0\RM\RM\ArduinoCore\Debug\libArduinoCore.a(wiring.o)
 .comment       0x00000030       0x31 C:\Users\Numaan\Documents\Atmel Studio\7.0\RM\RM\ArduinoCore\Debug\libArduinoCore.a(wiring_analog.o)
 .comment       0x00000030       0x31 C:\Users\Numaan\Documents\Atmel Studio\7.0\RM\RM\ArduinoCore\Debug\libArduinoCore.a(wiring_digital.o)
 .comment       0x00000030       0x31 C:\Users\Numaan\Documents\Atmel Studio\7.0\RM\RM\ArduinoCore\Debug\libArduinoCore.a(WString.o)
 .comment       0x00000030       0x31 C:\Users\Numaan\Documents\Atmel Studio\7.0\RM\RM\ArduinoCore\Debug\libArduinoCore.a(Adafruit_FONA.o)
 .comment       0x00000030       0x31 C:\Users\Numaan\Documents\Atmel Studio\7.0\RM\RM\ArduinoCore\Debug\libArduinoCore.a(SoftwareSerial.o)
 .comment       0x00000030       0x31 C:\Users\Numaan\Documents\Atmel Studio\7.0\RM\RM\ArduinoCore\Debug\libArduinoCore.a(hooks.o)
 .comment       0x00000030       0x31 C:\Users\Numaan\Documents\Atmel Studio\7.0\RM\RM\ArduinoCore\Debug\libArduinoCore.a(WInterrupts.o)
 .comment       0x00000030       0x31 c:/program files (x86)/atmel/studio/7.0/toolchain/avr8/avr8-gnu-toolchain/bin/../lib/gcc/avr/5.4.0/../../../../avr/lib/avr5\libc.a(malloc.o)
 .comment       0x00000030       0x31 c:/program files (x86)/atmel/studio/7.0/toolchain/avr8/avr8-gnu-toolchain/bin/../lib/gcc/avr/5.4.0/../../../../avr/lib/avr5\libc.a(realloc.o)

.note.gnu.avr.deviceinfo
                0x00000000       0x40
 .note.gnu.avr.deviceinfo
                0x00000000       0x40 C:/Program Files (x86)/Atmel/Studio/7.0/Packs/atmel/ATmega_DFP/1.2.132/gcc/dev/atmega328p/avr5/crtatmega328p.o

.note.gnu.build-id
 *(.note.gnu.build-id)

.debug
 *(.debug)

.line
 *(.line)

.debug_srcinfo
 *(.debug_srcinfo)

.debug_sfnames
 *(.debug_sfnames)

.debug_aranges  0x00000000      0xaf8
 *(.debug_aranges)
 .debug_aranges
                0x00000000       0x20 GsmManager.o
 .debug_aranges
                0x00000020       0x20 Helpers.o
 .debug_aranges
                0x00000040       0x20 RmMemManager.o
 .debug_aranges
                0x00000060       0x20 Sketch.o
 .debug_aranges
                0x00000080       0x20 src/libraries/Wire/src/utility/twi.o
 .debug_aranges
                0x000000a0       0x20 src/libraries/Wire/src/Wire.o
 .debug_aranges
                0x000000c0       0x20 Timing.o
 .debug_aranges
                0x000000e0       0x68 C:\Users\Numaan\Documents\Atmel Studio\7.0\RM\RM\ArduinoCore\Debug\libArduinoCore.a(HardwareSerial.o)
 .debug_aranges
                0x00000148       0x38 C:\Users\Numaan\Documents\Atmel Studio\7.0\RM\RM\ArduinoCore\Debug\libArduinoCore.a(HardwareSerial0.o)
 .debug_aranges
                0x00000180       0x30 C:\Users\Numaan\Documents\Atmel Studio\7.0\RM\RM\ArduinoCore\Debug\libArduinoCore.a(main.o)
 .debug_aranges
                0x000001b0       0x28 C:\Users\Numaan\Documents\Atmel Studio\7.0\RM\RM\ArduinoCore\Debug\libArduinoCore.a(new.o)
 .debug_aranges
                0x000001d8       0xf0 C:\Users\Numaan\Documents\Atmel Studio\7.0\RM\RM\ArduinoCore\Debug\libArduinoCore.a(Print.o)
 .debug_aranges
                0x000002c8       0x48 C:\Users\Numaan\Documents\Atmel Studio\7.0\RM\RM\ArduinoCore\Debug\libArduinoCore.a(wiring.o)
 .debug_aranges
                0x00000310       0x30 C:\Users\Numaan\Documents\Atmel Studio\7.0\RM\RM\ArduinoCore\Debug\libArduinoCore.a(wiring_analog.o)
 .debug_aranges
                0x00000340       0x38 C:\Users\Numaan\Documents\Atmel Studio\7.0\RM\RM\ArduinoCore\Debug\libArduinoCore.a(wiring_digital.o)
 .debug_aranges
                0x00000378      0x2a8 C:\Users\Numaan\Documents\Atmel Studio\7.0\RM\RM\ArduinoCore\Debug\libArduinoCore.a(WString.o)
 .debug_aranges
                0x00000620      0x3a0 C:\Users\Numaan\Documents\Atmel Studio\7.0\RM\RM\ArduinoCore\Debug\libArduinoCore.a(Adafruit_FONA.o)
 .debug_aranges
                0x000009c0       0x98 C:\Users\Numaan\Documents\Atmel Studio\7.0\RM\RM\ArduinoCore\Debug\libArduinoCore.a(SoftwareSerial.o)
 .debug_aranges
                0x00000a58       0x20 C:\Users\Numaan\Documents\Atmel Studio\7.0\RM\RM\ArduinoCore\Debug\libArduinoCore.a(hooks.o)
 .debug_aranges
                0x00000a78       0x40 C:\Users\Numaan\Documents\Atmel Studio\7.0\RM\RM\ArduinoCore\Debug\libArduinoCore.a(WInterrupts.o)
 .debug_aranges
                0x00000ab8       0x20 C:/Program Files (x86)/Atmel/Studio/7.0/Packs/atmel/ATmega_DFP/1.2.132/gcc/dev/atmega328p/avr5\libatmega328p.a(eerd_byte.o)
 .debug_aranges
                0x00000ad8       0x20 C:/Program Files (x86)/Atmel/Studio/7.0/Packs/atmel/ATmega_DFP/1.2.132/gcc/dev/atmega328p/avr5\libatmega328p.a(eewr_byte.o)

.debug_pubnames
 *(.debug_pubnames)

.debug_info     0x00000000    0x2180d
 *(.debug_info .gnu.linkonce.wi.*)
 .debug_info    0x00000000      0x5f4 C:/Program Files (x86)/Atmel/Studio/7.0/Packs/atmel/ATmega_DFP/1.2.132/gcc/dev/atmega328p/avr5/crtatmega328p.o
 .debug_info    0x000005f4      0xa37 GsmManager.o
 .debug_info    0x0000102b      0x55a Helpers.o
 .debug_info    0x00001585     0x1b69 RmMemManager.o
 .debug_info    0x000030ee     0x3bc6 Sketch.o
 .debug_info    0x00006cb4      0x51d src/libraries/Wire/src/utility/twi.o
 .debug_info    0x000071d1     0x26d3 src/libraries/Wire/src/Wire.o
 .debug_info    0x000098a4      0x868 Timing.o
 .debug_info    0x0000a10c     0x1e25 C:\Users\Numaan\Documents\Atmel Studio\7.0\RM\RM\ArduinoCore\Debug\libArduinoCore.a(HardwareSerial.o)
 .debug_info    0x0000bf31     0x1a19 C:\Users\Numaan\Documents\Atmel Studio\7.0\RM\RM\ArduinoCore\Debug\libArduinoCore.a(HardwareSerial0.o)
 .debug_info    0x0000d94a      0x237 C:\Users\Numaan\Documents\Atmel Studio\7.0\RM\RM\ArduinoCore\Debug\libArduinoCore.a(main.o)
 .debug_info    0x0000db81      0x11c C:\Users\Numaan\Documents\Atmel Studio\7.0\RM\RM\ArduinoCore\Debug\libArduinoCore.a(new.o)
 .debug_info    0x0000dc9d     0x2824 C:\Users\Numaan\Documents\Atmel Studio\7.0\RM\RM\ArduinoCore\Debug\libArduinoCore.a(Print.o)
 .debug_info    0x000104c1      0x2cb C:\Users\Numaan\Documents\Atmel Studio\7.0\RM\RM\ArduinoCore\Debug\libArduinoCore.a(wiring.o)
 .debug_info    0x0001078c      0x26d C:\Users\Numaan\Documents\Atmel Studio\7.0\RM\RM\ArduinoCore\Debug\libArduinoCore.a(wiring_analog.o)
 .debug_info    0x000109f9      0x5fe C:\Users\Numaan\Documents\Atmel Studio\7.0\RM\RM\ArduinoCore\Debug\libArduinoCore.a(wiring_digital.o)
 .debug_info    0x00010ff7     0x4273 C:\Users\Numaan\Documents\Atmel Studio\7.0\RM\RM\ArduinoCore\Debug\libArduinoCore.a(WString.o)
 .debug_info    0x0001526a     0x99fc C:\Users\Numaan\Documents\Atmel Studio\7.0\RM\RM\ArduinoCore\Debug\libArduinoCore.a(Adafruit_FONA.o)
 .debug_info    0x0001ec66     0x27f5 C:\Users\Numaan\Documents\Atmel Studio\7.0\RM\RM\ArduinoCore\Debug\libArduinoCore.a(SoftwareSerial.o)
 .debug_info    0x0002145b       0x3e C:\Users\Numaan\Documents\Atmel Studio\7.0\RM\RM\ArduinoCore\Debug\libArduinoCore.a(hooks.o)
 .debug_info    0x00021499      0x21c C:\Users\Numaan\Documents\Atmel Studio\7.0\RM\RM\ArduinoCore\Debug\libArduinoCore.a(WInterrupts.o)
 .debug_info    0x000216b5       0xac C:/Program Files (x86)/Atmel/Studio/7.0/Packs/atmel/ATmega_DFP/1.2.132/gcc/dev/atmega328p/avr5\libatmega328p.a(eerd_byte.o)
 .debug_info    0x00021761       0xac C:/Program Files (x86)/Atmel/Studio/7.0/Packs/atmel/ATmega_DFP/1.2.132/gcc/dev/atmega328p/avr5\libatmega328p.a(eewr_byte.o)

.debug_abbrev   0x00000000     0x42a1
 *(.debug_abbrev)
 .debug_abbrev  0x00000000      0x5a2 C:/Program Files (x86)/Atmel/Studio/7.0/Packs/atmel/ATmega_DFP/1.2.132/gcc/dev/atmega328p/avr5/crtatmega328p.o
 .debug_abbrev  0x000005a2      0x2f5 GsmManager.o
 .debug_abbrev  0x00000897      0x1ba Helpers.o
 .debug_abbrev  0x00000a51      0x41d RmMemManager.o
 .debug_abbrev  0x00000e6e      0x612 Sketch.o
 .debug_abbrev  0x00001480      0x188 src/libraries/Wire/src/utility/twi.o
 .debug_abbrev  0x00001608      0x524 src/libraries/Wire/src/Wire.o
 .debug_abbrev  0x00001b2c      0x24a Timing.o
 .debug_abbrev  0x00001d76      0x432 C:\Users\Numaan\Documents\Atmel Studio\7.0\RM\RM\ArduinoCore\Debug\libArduinoCore.a(HardwareSerial.o)
 .debug_abbrev  0x000021a8      0x3a2 C:\Users\Numaan\Documents\Atmel Studio\7.0\RM\RM\ArduinoCore\Debug\libArduinoCore.a(HardwareSerial0.o)
 .debug_abbrev  0x0000254a      0x12d C:\Users\Numaan\Documents\Atmel Studio\7.0\RM\RM\ArduinoCore\Debug\libArduinoCore.a(main.o)
 .debug_abbrev  0x00002677       0xce C:\Users\Numaan\Documents\Atmel Studio\7.0\RM\RM\ArduinoCore\Debug\libArduinoCore.a(new.o)
 .debug_abbrev  0x00002745      0x469 C:\Users\Numaan\Documents\Atmel Studio\7.0\RM\RM\ArduinoCore\Debug\libArduinoCore.a(Print.o)
 .debug_abbrev  0x00002bae      0x146 C:\Users\Numaan\Documents\Atmel Studio\7.0\RM\RM\ArduinoCore\Debug\libArduinoCore.a(wiring.o)
 .debug_abbrev  0x00002cf4      0x16b C:\Users\Numaan\Documents\Atmel Studio\7.0\RM\RM\ArduinoCore\Debug\libArduinoCore.a(wiring_analog.o)
 .debug_abbrev  0x00002e5f      0x15b C:\Users\Numaan\Documents\Atmel Studio\7.0\RM\RM\ArduinoCore\Debug\libArduinoCore.a(wiring_digital.o)
 .debug_abbrev  0x00002fba      0x4a3 C:\Users\Numaan\Documents\Atmel Studio\7.0\RM\RM\ArduinoCore\Debug\libArduinoCore.a(WString.o)
 .debug_abbrev  0x0000345d      0x6e9 C:\Users\Numaan\Documents\Atmel Studio\7.0\RM\RM\ArduinoCore\Debug\libArduinoCore.a(Adafruit_FONA.o)
 .debug_abbrev  0x00003b46      0x60d C:\Users\Numaan\Documents\Atmel Studio\7.0\RM\RM\ArduinoCore\Debug\libArduinoCore.a(SoftwareSerial.o)
 .debug_abbrev  0x00004153       0x2a C:\Users\Numaan\Documents\Atmel Studio\7.0\RM\RM\ArduinoCore\Debug\libArduinoCore.a(hooks.o)
 .debug_abbrev  0x0000417d       0xfc C:\Users\Numaan\Documents\Atmel Studio\7.0\RM\RM\ArduinoCore\Debug\libArduinoCore.a(WInterrupts.o)
 .debug_abbrev  0x00004279       0x14 C:/Program Files (x86)/Atmel/Studio/7.0/Packs/atmel/ATmega_DFP/1.2.132/gcc/dev/atmega328p/avr5\libatmega328p.a(eerd_byte.o)