Archive member included to satisfy reference by file (symbol)

c:/program files (x86)/atmel/studio/7.0/toolchain/avr8/avr8-gnu-toolchain/bin/../lib/gcc/avr/5.4.0/../../../../avr/lib/avr5\libm.a(floatsisf.o)
                              SensorManager.o (__floatsisf)
C:\Users\Saba Baig\Documents\Atmel Studio\7.0\RM\RM\ArduinoCore\Debug\libArduinoCore.a(abi.o)
                              src/libraries/Wire/src/Wire.o (__cxa_pure_virtual)
C:\Users\Saba Baig\Documents\Atmel Studio\7.0\RM\RM\ArduinoCore\Debug\libArduinoCore.a(HardwareSerial.o)
                              Main_SignalLogging.o (_ZN14HardwareSerial5beginEmh)
C:\Users\Saba Baig\Documents\Atmel Studio\7.0\RM\RM\ArduinoCore\Debug\libArduinoCore.a(HardwareSerial0.o)
                              Main_SignalLogging.o (Serial)
C:\Users\Saba Baig\Documents\Atmel Studio\7.0\RM\RM\ArduinoCore\Debug\libArduinoCore.a(main.o)
                              C:/Program Files (x86)/Atmel/Studio/7.0/Packs/atmel/ATmega_DFP/1.2.132/gcc/dev/atmega328p/avr5/crtatmega328p.o (main)
C:\Users\Saba Baig\Documents\Atmel Studio\7.0\RM\RM\ArduinoCore\Debug\libArduinoCore.a(new.o)
                              GsmManager.o (_Znwj)
C:\Users\Saba Baig\Documents\Atmel Studio\7.0\RM\RM\ArduinoCore\Debug\libArduinoCore.a(Print.o)
                              src/libraries/Wire/src/Wire.o (_ZN5Print5writeEPKhj)
C:\Users\Saba Baig\Documents\Atmel Studio\7.0\RM\RM\ArduinoCore\Debug\libArduinoCore.a(wiring.o)
                              Main_SignalLogging.o (delay)
C:\Users\Saba Baig\Documents\Atmel Studio\7.0\RM\RM\ArduinoCore\Debug\libArduinoCore.a(wiring_analog.o)
                              SensorManager.o (analogRead)
C:\Users\Saba Baig\Documents\Atmel Studio\7.0\RM\RM\ArduinoCore\Debug\libArduinoCore.a(wiring_digital.o)
                              Main_SignalLogging.o (pinMode)
C:\Users\Saba Baig\Documents\Atmel Studio\7.0\RM\RM\ArduinoCore\Debug\libArduinoCore.a(Adafruit_FONA.o)
                              GsmManager.o (_ZN13Adafruit_FONA9availableEv)
C:\Users\Saba Baig\Documents\Atmel Studio\7.0\RM\RM\ArduinoCore\Debug\libArduinoCore.a(SoftwareSerial.o)
                              GsmManager.o (_ZN14SoftwareSerialC1Ehhb)
C:\Users\Saba Baig\Documents\Atmel Studio\7.0\RM\RM\ArduinoCore\Debug\libArduinoCore.a(hooks.o)
                              C:\Users\Saba Baig\Documents\Atmel Studio\7.0\RM\RM\ArduinoCore\Debug\libArduinoCore.a(wiring.o) (yield)
C:\Users\Saba Baig\Documents\Atmel Studio\7.0\RM\RM\ArduinoCore\Debug\libArduinoCore.a(WInterrupts.o)
                              C:\Users\Saba Baig\Documents\Atmel Studio\7.0\RM\RM\ArduinoCore\Debug\libArduinoCore.a(Adafruit_FONA.o) (attachInterrupt)
c:/program files (x86)/atmel/studio/7.0/toolchain/avr8/avr8-gnu-toolchain/bin/../lib/gcc/avr/5.4.0/../../../../avr/lib/avr5\libm.a(addsf3.o)
                              C:\Users\Saba Baig\Documents\Atmel Studio\7.0\RM\RM\ArduinoCore\Debug\libArduinoCore.a(Print.o) (__subsf3)
c:/program files (x86)/atmel/studio/7.0/toolchain/avr8/avr8-gnu-toolchain/bin/../lib/gcc/avr/5.4.0/../../../../avr/lib/avr5\libm.a(addsf3x.o)
                              c:/program files (x86)/atmel/studio/7.0/toolchain/avr8/avr8-gnu-toolchain/bin/../lib/gcc/avr/5.4.0/../../../../avr/lib/avr5\libm.a(addsf3.o) (__addsf3x)
c:/program files (x86)/atmel/studio/7.0/toolchain/avr8/avr8-gnu-toolchain/bin/../lib/gcc/avr/5.4.0/../../../../avr/lib/avr5\libm.a(cmpsf2.o)
                              C:\Users\Saba Baig\Documents\Atmel Studio\7.0\RM\RM\ArduinoCore\Debug\libArduinoCore.a(Print.o) (__ltsf2)
c:/program files (x86)/atmel/studio/7.0/toolchain/avr8/avr8-gnu-toolchain/bin/../lib/gcc/avr/5.4.0/../../../../avr/lib/avr5\libm.a(divsf3.o)
                              C:\Users\Saba Baig\Documents\Atmel Studio\7.0\RM\RM\ArduinoCore\Debug\libArduinoCore.a(Print.o) (__divsf3)
c:/program files (x86)/atmel/studio/7.0/toolchain/avr8/avr8-gnu-toolchain/bin/../lib/gcc/avr/5.4.0/../../../../avr/lib/avr5\libm.a(divsf3x.o)
                              c:/program files (x86)/atmel/studio/7.0/toolchain/avr8/avr8-gnu-toolchain/bin/../lib/gcc/avr/5.4.0/../../../../avr/lib/avr5\libm.a(divsf3.o) (__divsf3x)
c:/program files (x86)/atmel/studio/7.0/toolchain/avr8/avr8-gnu-toolchain/bin/../lib/gcc/avr/5.4.0/../../../../avr/lib/avr5\libm.a(fixsfsi.o)
                              C:\Users\Saba Baig\Documents\Atmel Studio\7.0\RM\RM\ArduinoCore\Debug\libArduinoCore.a(Print.o) (__fixsfsi)
c:/program files (x86)/atmel/studio/7.0/toolchain/avr8/avr8-gnu-toolchain/bin/../lib/gcc/avr/5.4.0/../../../../avr/lib/avr5\libm.a(fixunssfsi.o)
                              C:\Users\Saba Baig\Documents\Atmel Studio\7.0\RM\RM\ArduinoCore\Debug\libArduinoCore.a(Print.o) (__fixunssfsi)
c:/program files (x86)/atmel/studio/7.0/toolchain/avr8/avr8-gnu-toolchain/bin/../lib/gcc/avr/5.4.0/../../../../avr/lib/avr5\libm.a(fp_cmp.o)
[...]
Memory Configuration

Name             Origin             Length             Attributes
text             0x00000000         0x00020000         xr
data             0x00800060         0x0000ffa0         rw !x
eeprom           0x00810000         0x00010000         rw !x
fuse             0x00820000         0x00000003         rw !x
lock             0x00830000         0x00000400         rw !x
signature        0x00840000         0x00000400         rw !x
user_signatures  0x00850000         0x00000400         rw !x
*default*        0x00000000         0xffffffff

Linker script and memory map

Address of section .data set to 0x800100
LOAD C:/Program Files (x86)/Atmel/Studio/7.0/Packs/atmel/ATmega_DFP/1.2.132/gcc/dev/atmega328p/avr5/crtatmega328p.o
LOAD GpsManager.o
LOAD GsmManager.o
LOAD Helpers.o
LOAD Main_SignalLogging.o
LOAD RmMemManager.o
LOAD SensorManager.o
LOAD src/libraries/Wire/src/utility/twi.o
LOAD src/libraries/Wire/src/Wire.o
LOAD Tester.o
LOAD Timing.o
START GROUP
LOAD c:/program files (x86)/atmel/studio/7.0/toolchain/avr8/avr8-gnu-toolchain/bin/../lib/gcc/avr/5.4.0/../../../../avr/lib/avr5\libm.a
LOAD C:\Users\Saba Baig\Documents\Atmel Studio\7.0\RM\RM\ArduinoCore\Debug\libArduinoCore.a
END GROUP
LOAD c:/program files (x86)/atmel/studio/7.0/toolchain/avr8/avr8-gnu-toolchain/bin/../lib/gcc/avr/5.4.0/avr5\libgcc.a
LOAD c:/program files (x86)/atmel/studio/7.0/toolchain/avr8/avr8-gnu-toolchain/bin/../lib/gcc/avr/5.4.0/../../../../avr/lib/avr5\libm.a
START GROUP
LOAD c:/program files (x86)/atmel/studio/7.0/toolchain/avr8/avr8-gnu-toolchain/bin/../lib/gcc/avr/5.4.0/avr5\libgcc.a
LOAD c:/program files (x86)/atmel/studio/7.0/toolchain/avr8/avr8-gnu-toolchain/bin/../lib/gcc/avr/5.4.0/../../../../avr/lib/avr5\libm.a
LOAD c:/program files (x86)/atmel/studio/7.0/toolchain/avr8/avr8-gnu-toolchain/bin/../lib/gcc/avr/5.4.0/../../../../avr/lib/avr5\libc.a
LOAD C:/Program Files (x86)/Atmel/Studio/7.0/Packs/atmel/ATmega_DFP/1.2.132/gcc/dev/atmega328p/avr5\libatmega328p.a
END GROUP
                0x00000000                __TEXT_REGION_ORIGIN__ = DEFINED (__TEXT_REGION_ORIGIN__)?__TEXT_REGION_ORIGIN__:0x0
                0x00800060                __DATA_REGION_ORIGIN__ = DEFINED (__DATA_REGION_ORIGIN__)?__DATA_REGION_ORIGIN__:0x800060
                0x00020000                __TEXT_REGION_LENGTH__ = DEFINED (__TEXT_REGION_LENGTH__)?__TEXT_REGION_LENGTH__:0x20000
                0x0000ffa0                __DATA_REGION_LENGTH__ = DEFINED (__DATA_REGION_LENGTH__)?__DATA_REGION_LENGTH__:0xffa0
                0x00010000                __EEPROM_REGION_LENGTH__ = DEFINED (__EEPROM_REGION_LENGTH__)?__EEPROM_REGION_LENGTH__:0x10000
                [0x00000003]                __FUSE_REGION_LENGTH__ = DEFINED (__FUSE_REGION_LENGTH__)?__FUSE_REGION_LENGTH__:0x400
                0x00000400                __LOCK_REGION_LENGTH__ = DEFINED (__LOCK_REGION_LENGTH__)?__LOCK_REGION_LENGTH__:0x400
                0x00000400                __SIGNATURE_REGION_LENGTH__ = DEFINED (__SIGNATURE_REGION_LENGTH__)?__SIGNATURE_REGION_LENGTH__:0x400
                0x00000400                __USER_SIGNATURE_REGION_LENGTH__ = DEFINED (__USER_SIGNATURE_REGION_LENGTH__)?__USER_SIGNATURE_REGION_LENGTH__:0x400

.hash
 *(.hash)

.dynsym
 *(.dynsym)

.dynstr
 *(.dynstr)

.gnu.version
 *(.gnu.version)

.gnu.version_d
 *(.gnu.version_d)

.gnu.version_r
 *(.gnu.version_r)

.rel.init
 *(.rel.init)

.rela.init
 *(.rela.init)

.rel.text
 *(.rel.text)
 *(.rel.text.*)
 *(.rel.gnu.linkonce.t*)

.rela.text
 *(.rela.text)
 *(.rela.text.*)
 *(.rela.gnu.linkonce.t*)

.rel.fini
 *(.rel.fini)

.rela.fini
 *(.rela.fini)

.rel.rodata
 *(.rel.rodata)
 *(.rel.rodata.*)
 *(.rel.gnu.linkonce.r*)

.rela.rodata
 *(.rela.rodata)
 *(.rela.rodata.*)
 *(.rela.gnu.linkonce.r*)

.rel.data
 *(.rel.data)
 *(.rel.data.*)
 *(.rel.gnu.linkonce.d*)

.rela.data
 *(.rela.data)
 *(.rela.data.*)
 *(.rela.gnu.linkonce.d*)

.rel.ctors
 *(.rel.ctors)

.rela.ctors
 *(.rela.ctors)

.rel.dtors
 *(.rel.dtors)

.rela.dtors
 *(.rela.dtors)

.rel.got
 *(.rel.got)

.rela.got
 *(.rela.got)

.rel.bss
 *(.rel.bss)

.rela.bss
 *(.rela.bss)

.rel.plt
 *(.rel.plt)

.rela.plt
 *(.rela.plt)

.text           0x00000000     0x63f8
 *(.vectors)
 .vectors       0x00000000       0x68 C:/Program Files (x86)/Atmel/Studio/7.0/Packs/atmel/ATmega_DFP/1.2.132/gcc/dev/atmega328p/avr5/crtatmega328p.o
                0x00000000                __vector_default
                0x00000000                __vectors
 *(.vectors)
 *(.progmem.gcc*)
 .progmem.gcc_sw_table
                0x00000068      0x1f2 src/libraries/Wire/src/utility/twi.o
                0x0000025a                . = ALIGN (0x2)
                0x0000025a                __trampolines_start = .
 *(.trampolines)
 .trampolines   0x0000025a        0x0 linker stubs
 *(.trampolines*)
                0x0000025a                __trampolines_end = .
 *libprintf_flt.a:*(.progmem.data)
 *libc.a:*(.progmem.data)
 .progmem.data  0x0000025a       0x3b c:/program files (x86)/atmel/studio/7.0/toolchain/avr8/avr8-gnu-toolchain/bin/../lib/gcc/avr/5.4.0/../../../../avr/lib/avr5\libc.a(strtod.o)
 *(.progmem*)
 .progmem.data  0x00000295       0x23 GsmManager.o
 .progmem.data  0x000002b8       0x2c Main_SignalLogging.o
 .progmem.data  0x000002e4       0x46 RmMemManager.o
 .progmem.data  0x0000032a       0x1d SensorManager.o
 .progmem.data.digital_pin_to_timer_PGM
                0x00000347       0x14 C:\Users\Saba Baig\Documents\Atmel Studio\7.0\RM\RM\ArduinoCore\Debug\libArduinoCore.a(wiring_digital.o)
                0x00000347                digital_pin_to_timer_PGM
 .progmem.data.digital_pin_to_bit_mask_PGM
                0x0000035b       0x14 C:\Users\Saba Baig\Documents\Atmel Studio\7.0\RM\RM\ArduinoCore\Debug\libArduinoCore.a(wiring_digital.o)
                0x0000035b                digital_pin_to_bit_mask_PGM
 .progmem.data.digital_pin_to_port_PGM
                0x0000036f       0x14 C:\Users\Saba Baig\Documents\Atmel Studio\7.0\RM\RM\ArduinoCore\Debug\libArduinoCore.a(wiring_digital.o)
                0x0000036f                digital_pin_to_port_PGM
 .progmem.data.port_to_input_PGM
                0x00000383        0xa C:\Users\Saba Baig\Documents\Atmel Studio\7.0\RM\RM\ArduinoCore\Debug\libArduinoCore.a(wiring_digital.o)
                0x00000383                port_to_input_PGM
 .progmem.data.port_to_output_PGM
                0x0000038d        0xa C:\Users\Saba Baig\Documents\Atmel Studio\7.0\RM\RM\ArduinoCore\Debug\libArduinoCore.a(wiring_digital.o)
                0x0000038d                port_to_output_PGM
 .progmem.data.port_to_mode_PGM
                0x00000397        0xa C:\Users\Saba Baig\Documents\Atmel Studio\7.0\RM\RM\ArduinoCore\Debug\libArduinoCore.a(wiring_digital.o)
                0x00000397                port_to_mode_PGM
 .progmem.data._ZZN13Adafruit_FONA14getReplyQuotedEPK19__FlashStringHelperS2_jE3__c_0
                0x000003a1        0x7 C:\Users\Saba Baig\Documents\Atmel Studio\7.0\RM\RM\ArduinoCore\Debug\libArduinoCore.a(Adafruit_FONA.o)
 .progmem.data._ZZN13Adafruit_FONA14getReplyQuotedEPK19__FlashStringHelperS2_jE3__c
                0x000003a8        0x7 C:\Users\Saba Baig\Documents\Atmel Studio\7.0\RM\RM\ArduinoCore\Debug\libArduinoCore.a(Adafruit_FONA.o)
 .progmem.data._ZZN13Adafruit_FONA8getReplyEPK19__FlashStringHelperljE3__c_0
                0x000003af        0x7 C:\Users\Saba Baig\Documents\Atmel Studio\7.0\RM\RM\ArduinoCore\Debug\libArduinoCore.a(Adafruit_FONA.o)
 .progmem.data._ZZN13Adafruit_FONA8getReplyEPK19__FlashStringHelperljE3__c
                0x000003b6        0x7 C:\Users\Saba Baig\Documents\Atmel Studio\7.0\RM\RM\ArduinoCore\Debug\libArduinoCore.a(Adafruit_FONA.o)
 .progmem.data._ZZN13Adafruit_FONA8getReplyEPK19__FlashStringHelperjE3__c_0
                0x000003bd        0x7 C:\Users\Saba Baig\Documents\Atmel Studio\7.0\RM\RM\ArduinoCore\Debug\libArduinoCore.a(Adafruit_FONA.o)
 .progmem.data._ZZN13Adafruit_FONA8getReplyEPK19__FlashStringHelperjE3__c
                0x000003c4        0x7 C:\Users\Saba Baig\Documents\Atmel Studio\7.0\RM\RM\ArduinoCore\Debug\libArduinoCore.a(Adafruit_FONA.o)
 .progmem.data._ZZN13Adafruit_FONA8getReplyEPcjE3__c_0
                0x000003cb        0x7 C:\Users\Saba Baig\Documents\Atmel Studio\7.0\RM\RM\ArduinoCore\Debug\libArduinoCore.a(Adafruit_FONA.o)
 .progmem.data._ZZN13Adafruit_FONA8getReplyEPcjE3__c
                0x000003d2        0x7 C:\Users\Saba Baig\Documents\Atmel Studio\7.0\RM\RM\ArduinoCore\Debug\libArduinoCore.a(Adafruit_FONA.o)
 .progmem.data._ZZN13Adafruit_FONA8readlineEjbE3__c_0
                0x000003d9        0x8 C:\Users\Saba Baig\Documents\Atmel Studio\7.0\RM\RM\ArduinoCore\Debug\libArduinoCore.a(Adafruit_FONA.o)
 .progmem.data._ZZN13Adafruit_FONA8readlineEjbE3__c
                0x000003e1        0x6 C:\Users\Saba Baig\Documents\Atmel Studio\7.0\RM\RM\ArduinoCore\Debug\libArduinoCore.a(Adafruit_FONA.o)
 .progmem.data._ZZN13Adafruit_FONA11expectReplyEPK19__FlashStringHelperjE3__c
                0x000003e7        0x7 C:\Users\Saba Baig\Documents\Atmel Studio\7.0\RM\RM\ArduinoCore\Debug\libArduinoCore.a(Adafruit_FONA.o)
 .progmem.data._ZZN13Adafruit_FONA10HTTP_setupEPcE3__c_2
                0x000003ee        0x6 C:\Users\Saba Baig\Documents\Atmel Studio\7.0\RM\RM\ArduinoCore\Debug\libArduinoCore.a(Adafruit_FONA.o)
 .progmem.data._ZZN13Adafruit_FONA10HTTP_setupEPcE3__c_1
                0x000003f4        0x4 C:\Users\Saba Baig\Documents\Atmel Studio\7.0\RM\RM\ArduinoCore\Debug\libArduinoCore.a(Adafruit_FONA.o)
 .progmem.data._ZZN13Adafruit_FONA10HTTP_setupEPcE3__c_0
                0x000003f8        0x3 C:\Users\Saba Baig\Documents\Atmel Studio\7.0\RM\RM\ArduinoCore\Debug\libArduinoCore.a(Adafruit_FONA.o)
 .progmem.data._ZZN13Adafruit_FONA10HTTP_setupEPcE3__c
                0x000003fb        0x4 C:\Users\Saba Baig\Documents\Atmel Studio\7.0\RM\RM\ArduinoCore\Debug\libArduinoCore.a(Adafruit_FONA.o)
 .progmem.data._ZZN13Adafruit_FONA15HTTP_POST_startEPcPK19__FlashStringHelperPKhjPjS6_E3__c_1
                0x000003ff        0x6 C:\Users\Saba Baig\Documents\Atmel Studio\7.0\RM\RM\ArduinoCore\Debug\libArduinoCore.a(Adafruit_FONA.o)
 .progmem.data._ZZN13Adafruit_FONA15HTTP_POST_startEPcPK19__FlashStringHelperPKhjPjS6_E3__c_0
                0x00000405        0x9 C:\Users\Saba Baig\Documents\Atmel Studio\7.0\RM\RM\ArduinoCore\Debug\libArduinoCore.a(Adafruit_FONA.o)
 .progmem.data._ZZN13Adafruit_FONA15HTTP_POST_startEPcPK19__FlashStringHelperPKhjPjS6_E3__c
                0x0000040e        0x8 C:\Users\Saba Baig\Documents\Atmel Studio\7.0\RM\RM\ArduinoCore\Debug\libArduinoCore.a(Adafruit_FONA.o)
 .progmem.data._ZZN13Adafruit_FONA8HTTP_sslEbE3__c
                0x00000416        0xc C:\Users\Saba Baig\Documents\Atmel Studio\7.0\RM\RM\ArduinoCore\Debug\libArduinoCore.a(Adafruit_FONA.o)
 .progmem.data._ZZN13Adafruit_FONA12HTTP_readallEPjE3__c_0
                0x00000422        0xb C:\Users\Saba Baig\Documents\Atmel Studio\7.0\RM\RM\ArduinoCore\Debug\libArduinoCore.a(Adafruit_FONA.o)
 .progmem.data._ZZN13Adafruit_FONA12HTTP_readallEPjE3__c
                0x0000042d        0xc C:\Users\Saba Baig\Documents\Atmel Studio\7.0\RM\RM\ArduinoCore\Debug\libArduinoCore.a(Adafruit_FONA.o)
 .progmem.data._ZZN13Adafruit_FONA11HTTP_actionEhPjS0_lE3__c_1
                0x00000439        0xd C:\Users\Saba Baig\Documents\Atmel Studio\7.0\RM\RM\ArduinoCore\Debug\libArduinoCore.a(Adafruit_FONA.o)
 .progmem.data._ZZN13Adafruit_FONA11HTTP_actionEhPjS0_lE3__c_0
                0x00000446        0xd C:\Users\Saba Baig\Documents\Atmel Studio\7.0\RM\RM\ArduinoCore\Debug\libArduinoCore.a(Adafruit_FONA.o)
 .progmem.data._ZZN13Adafruit_FONA11HTTP_actionEhPjS0_lE3__c
                0x00000453        0xf C:\Users\Saba Baig\Documents\Atmel Studio\7.0\RM\RM\ArduinoCore\Debug\libArduinoCore.a(Adafruit_FONA.o)
 .progmem.data._ZZN13Adafruit_FONA9HTTP_dataEmmE3__c_2
                0x00000462        0x9 C:\Users\Saba Baig\Documents\Atmel Studio\7.0\RM\RM\ArduinoCore\Debug\libArduinoCore.a(Adafruit_FONA.o)
 .progmem.data._ZZN13Adafruit_FONA9HTTP_dataEmmE3__c_1
                0x0000046b        0xd C:\Users\Saba Baig\Documents\Atmel Studio\7.0\RM\RM\ArduinoCore\Debug\libArduinoCore.a(Adafruit_FONA.o)
 .progmem.data._ZZN13Adafruit_FONA9HTTP_dataEmmE3__c_0
                0x00000478        0xd C:\Users\Saba Baig\Documents\Atmel Studio\7.0\RM\RM\ArduinoCore\Debug\libArduinoCore.a(Adafruit_FONA.o)
 .progmem.data._ZZN13Adafruit_FONA9HTTP_dataEmmE3__c
                0x00000485        0x7 C:\Users\Saba Baig\Documents\Atmel Studio\7.0\RM\RM\ArduinoCore\Debug\libArduinoCore.a(Adafruit_FONA.o)
 .progmem.data._ZZN13Adafruit_FONA15HTTP_para_startEPK19__FlashStringHelperbE3__c_3
                0x0000048c        0x3 C:\Users\Saba Baig\Documents\Atmel Studio\7.0\RM\RM\ArduinoCore\Debug\libArduinoCore.a(Adafruit_FONA.o)
 .progmem.data._ZZN13Adafruit_FONA15HTTP_para_startEPK19__FlashStringHelperbE3__c_2
                0x0000048f        0x4 C:\Users\Saba Baig\Documents\Atmel Studio\7.0\RM\RM\ArduinoCore\Debug\libArduinoCore.a(Adafruit_FONA.o)
 .progmem.data._ZZN13Adafruit_FONA15HTTP_para_startEPK19__FlashStringHelperbE3__c_1
                0x00000493        0xe C:\Users\Saba Baig\Documents\Atmel Studio\7.0\RM\RM\ArduinoCore\Debug\libArduinoCore.a(Adafruit_FONA.o)
 .progmem.data._ZZN13Adafruit_FONA15HTTP_para_startEPK19__FlashStringHelperbE3__c_0
                0x000004a1        0xe C:\Users\Saba Baig\Documents\Atmel Studio\7.0\RM\RM\ArduinoCore\Debug\libArduinoCore.a(Adafruit_FONA.o)
 .progmem.data._ZZN13Adafruit_FONA15HTTP_para_startEPK19__FlashStringHelperbE3__c
                0x000004af        0x7 C:\Users\Saba Baig\Documents\Atmel Studio\7.0\RM\RM\ArduinoCore\Debug\libArduinoCore.a(Adafruit_FONA.o)
 .progmem.data._ZZN13Adafruit_FONA9HTTP_termEvE3__c
                0x000004b6        0xc C:\Users\Saba Baig\Documents\Atmel Studio\7.0\RM\RM\ArduinoCore\Debug\libArduinoCore.a(Adafruit_FONA.o)
 .progmem.data._ZZN13Adafruit_FONA9HTTP_initEvE3__c
                0x000004c2        0xc C:\Users\Saba Baig\Documents\Atmel Studio\7.0\RM\RM\ArduinoCore\Debug\libArduinoCore.a(Adafruit_FONA.o)
 .progmem.data._ZZN13Adafruit_FONA10enableGPRSEbE3__c_14
                0x000004ce        0xb C:\Users\Saba Baig\Documents\Atmel Studio\7.0\RM\RM\ArduinoCore\Debug\libArduinoCore.a(Adafruit_FONA.o)
 .progmem.data._ZZN13Adafruit_FONA10enableGPRSEbE3__c_13
                0x000004d9        0xd C:\Users\Saba Baig\Documents\Atmel Studio\7.0\RM\RM\ArduinoCore\Debug\libArduinoCore.a(Adafruit_FONA.o)
 .progmem.data._ZZN13Adafruit_FONA10enableGPRSEbE3__c_11
                0x000004e6        0xb C:\Users\Saba Baig\Documents\Atmel Studio\7.0\RM\RM\ArduinoCore\Debug\libArduinoCore.a(Adafruit_FONA.o)
 .progmem.data._ZZN13Adafruit_FONA10enableGPRSEbE3__c_12
                0x000004f1        0x8 C:\Users\Saba Baig\Documents\Atmel Studio\7.0\RM\RM\ArduinoCore\Debug\libArduinoCore.a(Adafruit_FONA.o)
 .progmem.data._ZZN13Adafruit_FONA10enableGPRSEbE3__c_10
                0x000004f9        0x9 C:\Users\Saba Baig\Documents\Atmel Studio\7.0\RM\RM\ArduinoCore\Debug\libArduinoCore.a(Adafruit_FONA.o)
 .progmem.data._ZZN13Adafruit_FONA10enableGPRSEbE3__c_9
                0x00000502        0xd C:\Users\Saba Baig\Documents\Atmel Studio\7.0\RM\RM\ArduinoCore\Debug\libArduinoCore.a(Adafruit_FONA.o)
 .progmem.data._ZZN13Adafruit_FONA10enableGPRSEbE3__c_8
                0x0000050f       0x14 C:\Users\Saba Baig\Documents\Atmel Studio\7.0\RM\RM\ArduinoCore\Debug\libArduinoCore.a(Adafruit_FONA.o)
 .progmem.data._ZZN13Adafruit_FONA10enableGPRSEbE3__c_7
                0x00000523       0x15 C:\Users\Saba Baig\Documents\Atmel Studio\7.0\RM\RM\ArduinoCore\Debug\libArduinoCore.a(Adafruit_FONA.o)
 .progmem.data._ZZN13Adafruit_FONA10enableGPRSEbE3__c_6
                0x00000538        0xa C:\Users\Saba Baig\Documents\Atmel Studio\7.0\RM\RM\ArduinoCore\Debug\libArduinoCore.a(Adafruit_FONA.o)
 .progmem.data._ZZN13Adafruit_FONA10enableGPRSEbE3__c_5
                0x00000542        0x7 C:\Users\Saba Baig\Documents\Atmel Studio\7.0\RM\RM\ArduinoCore\Debug\libArduinoCore.a(Adafruit_FONA.o)
 .progmem.data._ZZN13Adafruit_FONA10enableGPRSEbE3__c_4
                0x00000549        0xa C:\Users\Saba Baig\Documents\Atmel Studio\7.0\RM\RM\ArduinoCore\Debug\libArduinoCore.a(Adafruit_FONA.o)
 .progmem.data._ZZN13Adafruit_FONA10enableGPRSEbE3__c_3
                0x00000553       0x14 C:\Users\Saba Baig\Documents\Atmel Studio\7.0\RM\RM\ArduinoCore\Debug\libArduinoCore.a(Adafruit_FONA.o)
 .progmem.data._ZZN13Adafruit_FONA10enableGPRSEbE3__c_2
                0x00000567       0x1e C:\Users\Saba Baig\Documents\Atmel Studio\7.0\RM\RM\ArduinoCore\Debug\libArduinoCore.a(Adafruit_FONA.o)
 .progmem.data._ZZN13Adafruit_FONA10enableGPRSEbE3__c_1
                0x00000585        0xb C:\Users\Saba Baig\Documents\Atmel Studio\7.0\RM\RM\ArduinoCore\Debug\libArduinoCore.a(Adafruit_FONA.o)
 .progmem.data._ZZN13Adafruit_FONA10enableGPRSEbE3__c
                0x00000590        0xb C:\Users\Saba Baig\Documents\Atmel Studio\7.0\RM\RM\ArduinoCore\Debug\libArduinoCore.a(Adafruit_FONA.o)
 .progmem.data._ZZN13Adafruit_FONA10enableGPRSEbE3__c_0
                0x0000059b        0x8 C:\Users\Saba Baig\Documents\Atmel Studio\7.0\RM\RM\ArduinoCore\Debug\libArduinoCore.a(Adafruit_FONA.o)
 .progmem.data._ZZN13Adafruit_FONA6getGPSEhPchE3__c_0
                0x000005a3        0x5 C:\Users\Saba Baig\Documents\Atmel Studio\7.0\RM\RM\ArduinoCore\Debug\libArduinoCore.a(Adafruit_FONA.o)
 .progmem.data._ZZN13Adafruit_FONA6getGPSEhPchE3__c
                0x000005a8        0xb C:\Users\Saba Baig\Documents\Atmel Studio\7.0\RM\RM\ArduinoCore\Debug\libArduinoCore.a(Adafruit_FONA.o)
 .progmem.data._ZZN13Adafruit_FONA9GPSstatusEvE3__c_0
                0x000005b3        0xb C:\Users\Saba Baig\Documents\Atmel Studio\7.0\RM\RM\ArduinoCore\Debug\libArduinoCore.a(Adafruit_FONA.o)
 .progmem.data._ZZN13Adafruit_FONA9GPSstatusEvE3__c
                0x000005be        0xb C:\Users\Saba Baig\Documents\Atmel Studio\7.0\RM\RM\ArduinoCore\Debug\libArduinoCore.a(Adafruit_FONA.o)
 .progmem.data._ZZN13Adafruit_FONA7sendSMSEPcS0_E3__c_1
                0x000005c9        0x3 C:\Users\Saba Baig\Documents\Atmel Studio\7.0\RM\RM\ArduinoCore\Debug\libArduinoCore.a(Adafruit_FONA.o)
 .progmem.data._ZZN13Adafruit_FONA7sendSMSEPcS0_E3__c_0
                0x000005cc        0x3 C:\Users\Saba Baig\Documents\Atmel Studio\7.0\RM\RM\ArduinoCore\Debug\libArduinoCore.a(Adafruit_FONA.o)
 .progmem.data._ZZN13Adafruit_FONA7sendSMSEPcS0_E3__c
                0x000005cf        0xa C:\Users\Saba Baig\Documents\Atmel Studio\7.0\RM\RM\ArduinoCore\Debug\libArduinoCore.a(Adafruit_FONA.o)
 .progmem.data._ZZN13Adafruit_FONA7getRSSIEvE3__c
                0x000005d9        0x7 C:\Users\Saba Baig\Documents\Atmel Studio\7.0\RM\RM\ArduinoCore\Debug\libArduinoCore.a(Adafruit_FONA.o)
 .progmem.data._ZZN13Adafruit_FONA7getRSSIEvE3__c_0
                0x000005e0        0x7 C:\Users\Saba Baig\Documents\Atmel Studio\7.0\RM\RM\ArduinoCore\Debug\libArduinoCore.a(Adafruit_FONA.o)
 .progmem.data._ZZN13Adafruit_FONA16getNetworkStatusEvE3__c
                0x000005e7        0x9 C:\Users\Saba Baig\Documents\Atmel Studio\7.0\RM\RM\ArduinoCore\Debug\libArduinoCore.a(Adafruit_FONA.o)
 .progmem.data._ZZN13Adafruit_FONA16getNetworkStatusEvE3__c_0
                0x000005f0        0x8 C:\Users\Saba Baig\Documents\Atmel Studio\7.0\RM\RM\ArduinoCore\Debug\libArduinoCore.a(Adafruit_FONA.o)
 .progmem.data._ZZN13Adafruit_FONA14getBattPercentEPjE3__c
                0x000005f8        0x7 C:\Users\Saba Baig\Documents\Atmel Studio\7.0\RM\RM\ArduinoCore\Debug\libArduinoCore.a(Adafruit_FONA.o)
 .progmem.data._ZZN13Adafruit_FONA14getBattPercentEPjE3__c_0
                0x000005ff        0x7 C:\Users\Saba Baig\Documents\Atmel Studio\7.0\RM\RM\ArduinoCore\Debug\libArduinoCore.a(Adafruit_FONA.o)
 .progmem.data._ZZN13Adafruit_FONA5beginER6StreamE3__c_20
                0x00000606        0x8 C:\Users\Saba Baig\Documents\Atmel Studio\7.0\RM\RM\ArduinoCore\Debug\libArduinoCore.a(Adafruit_FONA.o)
 .progmem.data._ZZN13Adafruit_FONA5beginER6StreamE3__c_19
                0x0000060e        0x7 C:\Users\Saba Baig\Documents\Atmel Studio\7.0\RM\RM\ArduinoCore\Debug\libArduinoCore.a(Adafruit_FONA.o)
 .progmem.data._ZZN13Adafruit_FONA5beginER6StreamE3__c_18
                0x00000615        0x7 C:\Users\Saba Baig\Documents\Atmel Studio\7.0\RM\RM\ArduinoCore\Debug\libArduinoCore.a(Adafruit_FONA.o)
 .progmem.data._ZZN13Adafruit_FONA5beginER6StreamE3__c_17
                0x0000061c       0x10 C:\Users\Saba Baig\Documents\Atmel Studio\7.0\RM\RM\ArduinoCore\Debug\libArduinoCore.a(Adafruit_FONA.o)
 .progmem.data._ZZN13Adafruit_FONA5beginER6StreamE3__c_16
                0x0000062c       0x10 C:\Users\Saba Baig\Documents\Atmel Studio\7.0\RM\RM\ArduinoCore\Debug\libArduinoCore.a(Adafruit_FONA.o)
 .progmem.data._ZZN13Adafruit_FONA5beginER6StreamE3__c_15
                0x0000063c        0xb C:\Users\Saba Baig\Documents\Atmel Studio\7.0\RM\RM\ArduinoCore\Debug\libArduinoCore.a(Adafruit_FONA.o)
 .progmem.data._ZZN13Adafruit_FONA5beginER6StreamE3__c_14
                0x00000647        0xb C:\Users\Saba Baig\Documents\Atmel Studio\7.0\RM\RM\ArduinoCore\Debug\libArduinoCore.a(Adafruit_FONA.o)
 .progmem.data._ZZN13Adafruit_FONA5beginER6StreamE3__c_13
                0x00000652        0xb C:\Users\Saba Baig\Documents\Atmel Studio\7.0\RM\RM\ArduinoCore\Debug\libArduinoCore.a(Adafruit_FONA.o)
 .progmem.data._ZZN13Adafruit_FONA5beginER6StreamE3__c_12
                0x0000065d        0x7 C:\Users\Saba Baig\Documents\Atmel Studio\7.0\RM\RM\ArduinoCore\Debug\libArduinoCore.a(Adafruit_FONA.o)
 .progmem.data._ZZN13Adafruit_FONA5beginER6StreamE3__c_11
                0x00000664        0x7 C:\Users\Saba Baig\Documents\Atmel Studio\7.0\RM\RM\ArduinoCore\Debug\libArduinoCore.a(Adafruit_FONA.o)
 .progmem.data._ZZN13Adafruit_FONA5beginER6StreamE3__c_10
                0x0000066b        0xa C:\Users\Saba Baig\Documents\Atmel Studio\7.0\RM\RM\ArduinoCore\Debug\libArduinoCore.a(Adafruit_FONA.o)
 .progmem.data._ZZN13Adafruit_FONA5beginER6StreamE3__c_9
                0x00000675        0x5 C:\Users\Saba Baig\Documents\Atmel Studio\7.0\RM\RM\ArduinoCore\Debug\libArduinoCore.a(Adafruit_FONA.o)
 .progmem.data._ZZN13Adafruit_FONA5beginER6StreamE3__c_8
                0x0000067a        0x5 C:\Users\Saba Baig\Documents\Atmel Studio\7.0\RM\RM\ArduinoCore\Debug\libArduinoCore.a(Adafruit_FONA.o)
 .progmem.data._ZZN13Adafruit_FONA5beginER6StreamE3__c_7
                0x0000067f        0x3 C:\Users\Saba Baig\Documents\Atmel Studio\7.0\RM\RM\ArduinoCore\Debug\libArduinoCore.a(Adafruit_FONA.o)
 .progmem.data._ZZN13Adafruit_FONA5beginER6StreamE3__c_6
                0x00000682        0x3 C:\Users\Saba Baig\Documents\Atmel Studio\7.0\RM\RM\ArduinoCore\Debug\libArduinoCore.a(Adafruit_FONA.o)
 .progmem.data._ZZN13Adafruit_FONA5beginER6StreamE3__c_5
                0x00000685        0x3 C:\Users\Saba Baig\Documents\Atmel Studio\7.0\RM\RM\ArduinoCore\Debug\libArduinoCore.a(Adafruit_FONA.o)
 .progmem.data._ZZN13Adafruit_FONA5beginER6StreamE3__c_4
                0x00000688       0x32 C:\Users\Saba Baig\Documents\Atmel Studio\7.0\RM\RM\ArduinoCore\Debug\libArduinoCore.a(Adafruit_FONA.o)
 .progmem.data._ZZN13Adafruit_FONA5beginER6StreamE3__c_2
                0x000006ba        0x3 C:\Users\Saba Baig\Documents\Atmel Studio\7.0\RM\RM\ArduinoCore\Debug\libArduinoCore.a(Adafruit_FONA.o)
 .progmem.data._ZZN13Adafruit_FONA5beginER6StreamE3__c_3
                0x000006bd        0x3 C:\Users\Saba Baig\Documents\Atmel Studio\7.0\RM\RM\ArduinoCore\Debug\libArduinoCore.a(Adafruit_FONA.o)
 .progmem.data._ZZN13Adafruit_FONA5beginER6StreamE3__c_1
                0x000006c0        0x3 C:\Users\Saba Baig\Documents\Atmel Studio\7.0\RM\RM\ArduinoCore\Debug\libArduinoCore.a(Adafruit_FONA.o)
 .progmem.data._ZZN13Adafruit_FONA5beginER6StreamE3__c_0
                0x000006c3       0x15 C:\Users\Saba Baig\Documents\Atmel Studio\7.0\RM\RM\ArduinoCore\Debug\libArduinoCore.a(Adafruit_FONA.o)
 .progmem.data._ZZN13Adafruit_FONA5beginER6StreamE3__c
                0x000006d8       0x21 C:\Users\Saba Baig\Documents\Atmel Studio\7.0\RM\RM\ArduinoCore\Debug\libArduinoCore.a(Adafruit_FONA.o)
 .progmem.data._ZZN13Adafruit_FONAC4EaE3__c_1
                0x000006f9        0x3 C:\Users\Saba Baig\Documents\Atmel Studio\7.0\RM\RM\ArduinoCore\Debug\libArduinoCore.a(Adafruit_FONA.o)
 .progmem.data._ZZN13Adafruit_FONAC4EaE3__c_0
                0x000006fc        0x5 C:\Users\Saba Baig\Documents\Atmel Studio\7.0\RM\RM\ArduinoCore\Debug\libArduinoCore.a(Adafruit_FONA.o)
 .progmem.data._ZZN13Adafruit_FONAC4EaE3__c
                0x00000701        0x8 C:\Users\Saba Baig\Documents\Atmel Studio\7.0\RM\RM\ArduinoCore\Debug\libArduinoCore.a(Adafruit_FONA.o)
                0x0000070a                . = ALIGN (0x2)
 *fill*         0x00000709        0x1 
 *(.jumptables)
 *(.jumptables*)
 *(.lowtext)
 *(.lowtext*)
                0x0000070a                __ctors_start = .
 *(.ctors)
 .ctors         0x0000070a        0x2 Main_SignalLogging.o
 .ctors         0x0000070c        0x2 src/libraries/Wire/src/Wire.o
 .ctors         0x0000070e        0x2 C:\Users\Saba Baig\Documents\Atmel Studio\7.0\RM\RM\ArduinoCore\Debug\libArduinoCore.a(HardwareSerial0.o)
                0x00000710                __ctors_end = .
                0x00000710                __dtors_start = .
 *(.dtors)
 .dtors         0x00000710        0x2 Main_SignalLogging.o
                0x00000712                __dtors_end = .
 SORT(*)(.ctors)
 SORT(*)(.dtors)
 *(.init0)
 .init0         0x00000712        0x0 C:/Program Files (x86)/Atmel/Studio/7.0/Packs/atmel/ATmega_DFP/1.2.132/gcc/dev/atmega328p/avr5/crtatmega328p.o
                0x00000712                __init
 *(.init0)
 *(.init1)
 *(.init1)
 *(.init2)
 .init2         0x00000712        0xc C:/Program Files (x86)/Atmel/Studio/7.0/Packs/atmel/ATmega_DFP/1.2.132/gcc/dev/atmega328p/avr5/crtatmega328p.o
 *(.init2)
 *(.init3)
 *(.init3)
 *(.init4)
 .init4         0x0000071e       0x16 c:/program files (x86)/atmel/studio/7.0/toolchain/avr8/avr8-gnu-toolchain/bin/../lib/gcc/avr/5.4.0/avr5\libgcc.a(_copy_data.o)
                0x0000071e                __do_copy_data
 .init4         0x00000734       0x10 c:/program files (x86)/atmel/studio/7.0/toolchain/avr8/avr8-gnu-toolchain/bin/../lib/gcc/avr/5.4.0/avr5\libgcc.a(_clear_bss.o)
                0x00000734                __do_clear_bss
 *(.init4)
 *(.init5)
 *(.init5)
 *(.init6)
 .init6         0x00000744       0x16 c:/program files (x86)/atmel/studio/7.0/toolchain/avr8/avr8-gnu-toolchain/bin/../lib/gcc/avr/5.4.0/avr5\libgcc.a(_ctors.o)
                0x00000744                __do_global_ctors
 *(.init6)
 *(.init7)
 *(.init7)
 *(.init8)
 *(.init8)
 *(.init9)
 .init9         0x0000075a        0x8 C:/Program Files (x86)/Atmel/Studio/7.0/Packs/atmel/ATmega_DFP/1.2.132/gcc/dev/atmega328p/avr5/crtatmega328p.o
 *(.init9)
 *(.text)
 .text          0x00000762        0x4 C:/Program Files (x86)/Atmel/Studio/7.0/Packs/atmel/ATmega_DFP/1.2.132/gcc/dev/atmega328p/avr5/crtatmega328p.o
                0x00000762                __vector_22
                0x00000762                __vector_12
                0x00000762                __bad_interrupt
                0x00000762                __vector_6
                0x00000762                __vector_23
                0x00000762                __vector_25
                0x00000762                __vector_11
                0x00000762                __vector_13
                0x00000762                __vector_17
                0x00000762                __vector_7
                0x00000762                __vector_9
                0x00000762                __vector_21
                0x00000762                __vector_15
                0x00000762                __vector_8
                0x00000762                __vector_14
                0x00000762                __vector_10
                0x00000762                __vector_20
 .text          0x00000766      0x244 GpsManager.o
                0x00000766                _ZN10GpsManagerC2Eh
                0x00000766                _ZN10GpsManagerC1Eh
                0x0000079e                _ZN10GpsManagerD1Ev
                0x0000079e                _ZN10GpsManagerD2Ev
                0x000007b8                _ZN10GpsManager7setFonaER13Adafruit_FONA
                0x000007ea                _ZN10GpsManager9toggleGpsEb
                0x0000082a                _ZN10GpsManager9gpsStatusEv
                0x00000844                _ZN10GpsManager10getGpsInfoER7GpsInfo
 .text          0x000009aa      0x4a6 GsmManager.o
                0x000009aa                _ZN10GsmManagerC1Eh
                0x000009aa                _ZN10GsmManagerC2Eh
                0x000009e0                _ZN10GsmManagerD1Ev
                0x000009e0                _ZN10GsmManagerD2Ev
                0x000009fa                _ZN10GsmManager7setFonaER13Adafruit_FONA
                0x00000a2e                _ZN10GsmManager5resetEv
                0x00000a5c                _ZN10GsmManager5beginEv
                0x00000aee                _ZN10GsmManager14getBattPercentEPj
                0x00000b46                _ZN10GsmManager10sendViaSmsEPKc
                0x00000bd8                _ZN10GsmManager10getGsmInfoER7GsmInfo
                0x00000c20                _ZN10GsmManager16getNetworkStatusEv
                0x00000c5a                _ZN10GsmManager7getRSSIEv
                0x00000c94                _ZN10GsmManager10enableGPRSEb
                0x00000cbe                _ZN10GsmManager11sendViaGprsEPKc
 .text          0x00000e50      0x38e Main_SignalLogging.o
                0x00000e50                setup
                0x00000f44                _Z14initSubsystemsv
                0x00000f8a                _Z10initModuleh
                0x00000fd0                _Z15switchOffSystemv
                0x00001000                _Z17on3MinutesElapsedb
                0x00001016                _Z12takeReadingsv
                0x00001056                _Z8sendDatav
                0x00001072                loop
 .text          0x000011de      0xba2 RmMemManager.o
                0x000011de                _ZN12RmMemManagerC1Eb
                0x000011de                _ZN12RmMemManagerC2Eb
                0x00001220                _Z13internalWriteiPhh
                0x000012d4                _Z12internalReadiPhh
                0x000013a8                _ZN12RmMemManager18getUCharFromMemoryEj
                0x000013e4                _ZN12RmMemManager19getUShortFromMemoryEj
                0x00001424                _ZN12RmMemManager17getUIntFromMemoryEj
                0x00001472                _ZN12RmMemManager18getULongFromMemoryEj
                0x00001504                _ZN12RmMemManager16setUCharToMemoryEjh
                0x00001540                _ZN12RmMemManager17setUShortToMemoryEjj
                0x00001580                _ZN12RmMemManager15setUIntToMemoryEjm
                0x000015ca                _ZN12RmMemManager16setULongToMemoryEjy
                0x0000162c                _ZN12RmMemManager16initialiseModuleEh
                0x0000169c                _ZN12RmMemManager18incrementBootCountEv
                0x000016fa                _ZN12RmMemManager12verifyEepRomEv
                0x000019ac                _ZN12RmMemManager9printDataEv
                0x00001a6c                _ZN12RmMemManager14loadSensorDataEP10SensorDatajPm
                0x00001aae                _ZN12RmMemManager12markDataSentEy
                0x00001af2                _ZN12RmMemManager16appendDailyEntryEP14DailyCycleData
                0x00001b16                _Z27internalWriteEntryAtAddressP10SensorDatam
                0x00001b44                _ZN12RmMemManager22replaceLastSensorEntryEP10SensorData
                0x00001b68                _ZN12RmMemManager17appendSensorEntryEP10SensorData
                0x00001b8c                _ZN12RmMemManager5resetEv
                0x00001bc2                _Z13internalFlashRbS_9LED_STATEb
                0x00001c90                _ZN12RmMemManager8flashLEDEv
                0x00001d42                _ZN12RmMemManager9toggleLEDE7LED_SEL9LED_STATE
 .text          0x00001d80      0x3f4 SensorManager.o
                0x00001d80                _ZN13SensorManagerC1Eb
                0x00001d80                _ZN13SensorManagerC2Eb
                0x00001daa                _ZN13SensorManager7readVccEv
                0x00001eac                _ZN13SensorManager16takeSampleAnalogEh
                0x00001ef0                _Z9printDataP10SensorData
                0x00001fd2                _Z11getMockDatav
                0x0000208e                _ZN13SensorManager8readDataEv
 .text          0x00002174      0x762 src/libraries/Wire/src/utility/twi.o
                0x00002174                twi_init
                0x000021da                twi_disable
                0x0000220c                twi_setAddress
                0x0000222e                twi_setFrequency
                0x0000228c                twi_readFrom
                0x00002396                twi_writeTo
                0x000024c2                twi_transmit
                0x00002554                twi_attachSlaveRxEvent
                0x0000257a                twi_attachSlaveTxEvent
                0x000025a0                twi_reply
                0x000025d2                twi_stop
                0x00002608                twi_releaseBus
                0x00002626                __vector_24
 .text          0x000028d6      0x760 src/libraries/Wire/src/Wire.o
                0x000028d6                _ZN7TwoWireC2Ev
                0x000028d6                _ZN7TwoWireC1Ev
                0x00002906                _ZN7TwoWire5beginEv
                0x00002944                _ZN7TwoWire5beginEh
                0x00002972                _ZN7TwoWire5beginEi
                0x000029a2                _ZN7TwoWire3endEv
                0x000029c0                _ZN7TwoWire8setClockEm
                0x000029fe                _ZN7TwoWire11requestFromEhhmhh
                0x00002aee                _ZN7TwoWire11requestFromEhhh
                0x00002b3c                _ZN7TwoWire11requestFromEhh
                0x00002b6c                _ZN7TwoWire11requestFromEii
                0x00002ba8                _ZN7TwoWire11requestFromEiii
                0x00002bee                _ZN7TwoWire17beginTransmissionEh
                0x00002c22                _ZN7TwoWire17beginTransmissionEi
                0x00002c52                _ZN7TwoWire15endTransmissionEh
                0x00002c9c                _ZN7TwoWire15endTransmissionEv
                0x00002cbe                _ZN7TwoWire5writeEh
                0x00002d32                _ZN7TwoWire5writeEPKhj
                0x00002dc4                _ZN7TwoWire9availableEv
                0x00002df4                _ZN7TwoWire4readEv
                0x00002e4c                _ZN7TwoWire4peekEv
                0x00002e9a                _ZN7TwoWire5flushEv
                0x00002eb4                _ZN7TwoWire16onReceiveServiceEPhi
                0x00002f4e                _ZN7TwoWire16onRequestServiceEv
                0x00002f80                _ZN7TwoWire9onReceiveEPFviE
                0x00002fb0                _ZN7TwoWire9onRequestEPFvvE
                0x00003036                . = ALIGN (0x2)
 *(.text.*)
 .text._ZN5PrintaSERKS_
                0x00003036       0x3a GpsManager.o
                0x00003036                _ZN5PrintaSERKS_
 .text._ZN6StreamaSERKS_
                0x00003070       0x6c GpsManager.o
                0x00003070                _ZN6StreamaSERKS_
 .text._ZN13Adafruit_FONAaSERKS_
                0x000030dc      0x146 GpsManager.o
                0x000030dc                _ZN13Adafruit_FONAaSERKS_
 .text._ZN14HardwareSerial5beginEm
                0x00003222       0x46 Main_SignalLogging.o
                0x00003222                _ZN14HardwareSerial5beginEm
 .text._ZN7TwoWire5writeEi
                0x00003268       0x3e RmMemManager.o
                0x00003268                _ZN7TwoWire5writeEi
 .text._ZN10SensorDataC2Ev
                0x000032a6       0x24 SensorManager.o
                0x000032a6                _ZN10SensorDataC2Ev
                0x000032a6                _ZN10SensorDataC1Ev
 .text._ZN5Print13setWriteErrorEi
                0x000032ca       0x32 src/libraries/Wire/src/Wire.o
                0x000032ca                _ZN5Print13setWriteErrorEi
 .text._ZN5PrintC2Ev
                0x000032fc       0x32 src/libraries/Wire/src/Wire.o
                0x000032fc                _ZN5PrintC2Ev
                0x000032fc                _ZN5PrintC1Ev
 .text._ZN6StreamC2Ev
                0x0000332e       0x46 src/libraries/Wire/src/Wire.o
                0x0000332e                _ZN6StreamC1Ev
                0x0000332e                _ZN6StreamC2Ev
 .text.avr-libc.fplib
                0x00003374       0x7a c:/program files (x86)/atmel/studio/7.0/toolchain/avr8/avr8-gnu-toolchain/bin/../lib/gcc/avr/5.4.0/../../../../avr/lib/avr5\libm.a(floatsisf.o)
                0x00003374                __floatunsisf
                0x00003378                __floatsisf
 .text.__cxa_pure_virtual
                0x000033ee        0x4 C:\Users\Saba Baig\Documents\Atmel Studio\7.0\RM\RM\ArduinoCore\Debug\libArduinoCore.a(abi.o)
                0x000033ee                __cxa_pure_virtual
 .text._ZN14HardwareSerial9availableEv
                0x000033f2       0x18 C:\Users\Saba Baig\Documents\Atmel Studio\7.0\RM\RM\ArduinoCore\Debug\libArduinoCore.a(HardwareSerial.o)
                0x000033f2                _ZN14HardwareSerial9availableEv
 .text._ZN14HardwareSerial4peekEv
                0x0000340a       0x1c C:\Users\Saba Baig\Documents\Atmel Studio\7.0\RM\RM\ArduinoCore\Debug\libArduinoCore.a(HardwareSerial.o)
                0x0000340a                _ZN14HardwareSerial4peekEv
 .text._ZN14HardwareSerial4readEv
                0x00003426       0x28 C:\Users\Saba Baig\Documents\Atmel Studio\7.0\RM\RM\ArduinoCore\Debug\libArduinoCore.a(HardwareSerial.o)
                0x00003426                _ZN14HardwareSerial4readEv
 .text._Z14serialEventRunv
                0x0000344e       0x1c C:\Users\Saba Baig\Documents\Atmel Studio\7.0\RM\RM\ArduinoCore\Debug\libArduinoCore.a(HardwareSerial.o)
                0x0000344e                _Z14serialEventRunv
 .text._ZN14HardwareSerial17_tx_udr_empty_irqEv
                0x0000346a       0x42 C:\Users\Saba Baig\Documents\Atmel Studio\7.0\RM\RM\ArduinoCore\Debug\libArduinoCore.a(HardwareSerial.o)
                0x0000346a                _ZN14HardwareSerial17_tx_udr_empty_irqEv
 .text._ZN14HardwareSerial5writeEh
                0x000034ac       0x8e C:\Users\Saba Baig\Documents\Atmel Studio\7.0\RM\RM\ArduinoCore\Debug\libArduinoCore.a(HardwareSerial.o)
                0x000034ac                _ZN14HardwareSerial5writeEh
 .text._ZN14HardwareSerial5flushEv
                0x0000353a       0x44 C:\Users\Saba Baig\Documents\Atmel Studio\7.0\RM\RM\ArduinoCore\Debug\libArduinoCore.a(HardwareSerial.o)
                0x0000353a                _ZN14HardwareSerial5flushEv
 .text._ZN14HardwareSerial5beginEmh
                0x0000357e       0xca C:\Users\Saba Baig\Documents\Atmel Studio\7.0\RM\RM\ArduinoCore\Debug\libArduinoCore.a(HardwareSerial.o)
                0x0000357e                _ZN14HardwareSerial5beginEmh
 .text.__vector_18
                0x00003648       0x64 C:\Users\Saba Baig\Documents\Atmel Studio\7.0\RM\RM\ArduinoCore\Debug\libArduinoCore.a(HardwareSerial0.o)
                0x00003648                __vector_18
 .text.__vector_19
                0x000036ac       0x4c C:\Users\Saba Baig\Documents\Atmel Studio\7.0\RM\RM\ArduinoCore\Debug\libArduinoCore.a(HardwareSerial0.o)
                0x000036ac                __vector_19
 .text._Z17Serial0_availablev
                0x000036f8       0x14 C:\Users\Saba Baig\Documents\Atmel Studio\7.0\RM\RM\ArduinoCore\Debug\libArduinoCore.a(HardwareSerial0.o)
                0x000036f8                _Z17Serial0_availablev
 .text.startup._GLOBAL__sub_I___vector_18
                0x0000370c       0x5a C:\Users\Saba Baig\Documents\Atmel Studio\7.0\RM\RM\ArduinoCore\Debug\libArduinoCore.a(HardwareSerial0.o)
 .text.initVariant
                0x00003766        0x2 C:\Users\Saba Baig\Documents\Atmel Studio\7.0\RM\RM\ArduinoCore\Debug\libArduinoCore.a(main.o)
                0x00003766                initVariant
 .text.startup.main
                0x00003768       0x1e C:\Users\Saba Baig\Documents\Atmel Studio\7.0\RM\RM\ArduinoCore\Debug\libArduinoCore.a(main.o)
                0x00003768                main
 .text._Znwj    0x00003786        0x4 C:\Users\Saba Baig\Documents\Atmel Studio\7.0\RM\RM\ArduinoCore\Debug\libArduinoCore.a(new.o)
                0x00003786                _Znwj
 .text._ZN5Print5writeEPKhj
                0x0000378a       0x54 C:\Users\Saba Baig\Documents\Atmel Studio\7.0\RM\RM\ArduinoCore\Debug\libArduinoCore.a(Print.o)
                0x0000378a                _ZN5Print5writeEPKhj
 .text._ZN5Print5writeEPKc
                0x000037de       0x2a C:\Users\Saba Baig\Documents\Atmel Studio\7.0\RM\RM\ArduinoCore\Debug\libArduinoCore.a(Print.o)
                0x000037de                _ZN5Print5writeEPKc
 .text._ZN5Print5printEPK19__FlashStringHelper
                0x00003808       0x48 C:\Users\Saba Baig\Documents\Atmel Studio\7.0\RM\RM\ArduinoCore\Debug\libArduinoCore.a(Print.o)
                0x00003808                _ZN5Print5printEPK19__FlashStringHelper
 .text._ZN5Print5printEPKc
                0x00003850        0x4 C:\Users\Saba Baig\Documents\Atmel Studio\7.0\RM\RM\ArduinoCore\Debug\libArduinoCore.a(Print.o)
                0x00003850                _ZN5Print5printEPKc
 .text._ZN5Print5printEc
                0x00003854        0xe C:\Users\Saba Baig\Documents\Atmel Studio\7.0\RM\RM\ArduinoCore\Debug\libArduinoCore.a(Print.o)
                0x00003854                _ZN5Print5printEc
 .text._ZN5Print7printlnEv
                0x00003862        0x8 C:\Users\Saba Baig\Documents\Atmel Studio\7.0\RM\RM\ArduinoCore\Debug\libArduinoCore.a(Print.o)
                0x00003862                _ZN5Print7printlnEv
 .text._ZN5Print7printlnEPK19__FlashStringHelper
                0x0000386a       0x24 C:\Users\Saba Baig\Documents\Atmel Studio\7.0\RM\RM\ArduinoCore\Debug\libArduinoCore.a(Print.o)
                0x0000386a                _ZN5Print7printlnEPK19__FlashStringHelper
 .text._ZN5Print7printlnEPKc
                0x0000388e       0x24 C:\Users\Saba Baig\Documents\Atmel Studio\7.0\RM\RM\ArduinoCore\Debug\libArduinoCore.a(Print.o)
                0x0000388e                _ZN5Print7printlnEPKc
 .text._ZN5Print7printlnEc
                0x000038b2       0x24 C:\Users\Saba Baig\Documents\Atmel Studio\7.0\RM\RM\ArduinoCore\Debug\libArduinoCore.a(Print.o)
                0x000038b2                _ZN5Print7printlnEc
 .text._ZN5Print11printNumberEmh
                0x000038d6       0x92 C:\Users\Saba Baig\Documents\Atmel Studio\7.0\RM\RM\ArduinoCore\Debug\libArduinoCore.a(Print.o)
                0x000038d6                _ZN5Print11printNumberEmh
 .text._ZN5Print5printEmi
                0x00003968       0x1a C:\Users\Saba Baig\Documents\Atmel Studio\7.0\RM\RM\ArduinoCore\Debug\libArduinoCore.a(Print.o)
                0x00003968                _ZN5Print5printEmi
 .text._ZN5Print5printEhi
                0x00003982        0xe C:\Users\Saba Baig\Documents\Atmel Studio\7.0\RM\RM\ArduinoCore\Debug\libArduinoCore.a(Print.o)
                0x00003982                _ZN5Print5printEhi
 .text._ZN5Print7printlnEhi
                0x00003990       0x24 C:\Users\Saba Baig\Documents\Atmel Studio\7.0\RM\RM\ArduinoCore\Debug\libArduinoCore.a(Print.o)
                0x00003990                _ZN5Print7printlnEhi
 .text._ZN5Print5printEji
                0x000039b4        0xc C:\Users\Saba Baig\Documents\Atmel Studio\7.0\RM\RM\ArduinoCore\Debug\libArduinoCore.a(Print.o)
                0x000039b4                _ZN5Print5printEji
 .text._ZN5Print7printlnEji
                0x000039c0       0x24 C:\Users\Saba Baig\Documents\Atmel Studio\7.0\RM\RM\ArduinoCore\Debug\libArduinoCore.a(Print.o)
                0x000039c0                _ZN5Print7printlnEji
 .text._ZN5Print7printlnEmi
                0x000039e4       0x24 C:\Users\Saba Baig\Documents\Atmel Studio\7.0\RM\RM\ArduinoCore\Debug\libArduinoCore.a(Print.o)
                0x000039e4                _ZN5Print7printlnEmi
 .text._ZN5Print5printEli
                0x00003a08       0x90 C:\Users\Saba Baig\Documents\Atmel Studio\7.0\RM\RM\ArduinoCore\Debug\libArduinoCore.a(Print.o)
                0x00003a08                _ZN5Print5printEli
 .text._ZN5Print5printEii
                0x00003a98        0xe C:\Users\Saba Baig\Documents\Atmel Studio\7.0\RM\RM\ArduinoCore\Debug\libArduinoCore.a(Print.o)
                0x00003a98                _ZN5Print5printEii
 .text._ZN5Print7printlnEli
                0x00003aa6       0x24 C:\Users\Saba Baig\Documents\Atmel Studio\7.0\RM\RM\ArduinoCore\Debug\libArduinoCore.a(Print.o)
                0x00003aa6                _ZN5Print7printlnEli
 .text.__vector_16
                0x00003aca       0x94 C:\Users\Saba Baig\Documents\Atmel Studio\7.0\RM\RM\ArduinoCore\Debug\libArduinoCore.a(wiring.o)
                0x00003aca                __vector_16
 .text.micros   0x00003b5e       0x4a C:\Users\Saba Baig\Documents\Atmel Studio\7.0\RM\RM\ArduinoCore\Debug\libArduinoCore.a(wiring.o)
                0x00003b5e                micros
 .text.delay    0x00003ba8       0x78 C:\Users\Saba Baig\Documents\Atmel Studio\7.0\RM\RM\ArduinoCore\Debug\libArduinoCore.a(wiring.o)
                0x00003ba8                delay
 .text.init     0x00003c20       0x76 C:\Users\Saba Baig\Documents\Atmel Studio\7.0\RM\RM\ArduinoCore\Debug\libArduinoCore.a(wiring.o)
                0x00003c20                init
 .text.analogRead
                0x00003c96       0x3a C:\Users\Saba Baig\Documents\Atmel Studio\7.0\RM\RM\ArduinoCore\Debug\libArduinoCore.a(wiring_analog.o)
                0x00003c96                analogRead
 .text.turnOffPWM
                0x00003cd0       0x52 C:\Users\Saba Baig\Documents\Atmel Studio\7.0\RM\RM\ArduinoCore\Debug\libArduinoCore.a(wiring_digital.o)
 .text.pinMode  0x00003d22       0x78 C:\Users\Saba Baig\Documents\Atmel Studio\7.0\RM\RM\ArduinoCore\Debug\libArduinoCore.a(wiring_digital.o)
                0x00003d22                pinMode
 .text.digitalWrite
                0x00003d9a       0x5e C:\Users\Saba Baig\Documents\Atmel Studio\7.0\RM\RM\ArduinoCore\Debug\libArduinoCore.a(wiring_digital.o)
                0x00003d9a                digitalWrite
 .text._ZN13Adafruit_FONA9availableEv
                0x00003df8       0x18 C:\Users\Saba Baig\Documents\Atmel Studio\7.0\RM\RM\ArduinoCore\Debug\libArduinoCore.a(Adafruit_FONA.o)
                0x00003df8                _ZN13Adafruit_FONA9availableEv
 .text._ZN13Adafruit_FONA5writeEh
                0x00003e10       0x18 C:\Users\Saba Baig\Documents\Atmel Studio\7.0\RM\RM\ArduinoCore\Debug\libArduinoCore.a(Adafruit_FONA.o)
                0x00003e10                _ZN13Adafruit_FONA5writeEh
 .text._ZN13Adafruit_FONA4readEv
                0x00003e28       0x18 C:\Users\Saba Baig\Documents\Atmel Studio\7.0\RM\RM\ArduinoCore\Debug\libArduinoCore.a(Adafruit_FONA.o)
                0x00003e28                _ZN13Adafruit_FONA4readEv
 .text._ZN13Adafruit_FONA4peekEv
                0x00003e40       0x18 C:\Users\Saba Baig\Documents\Atmel Studio\7.0\RM\RM\ArduinoCore\Debug\libArduinoCore.a(Adafruit_FONA.o)
                0x00003e40                _ZN13Adafruit_FONA4peekEv
 .text._ZN13Adafruit_FONA5flushEv
                0x00003e58       0x18 C:\Users\Saba Baig\Documents\Atmel Studio\7.0\RM\RM\ArduinoCore\Debug\libArduinoCore.a(Adafruit_FONA.o)
                0x00003e58                _ZN13Adafruit_FONA5flushEv
 .text._ZN13Adafruit_FONAC2Ea
                0x00003e70       0x64 C:\Users\Saba Baig\Documents\Atmel Studio\7.0\RM\RM\ArduinoCore\Debug\libArduinoCore.a(Adafruit_FONA.o)
                0x00003e70                _ZN13Adafruit_FONAC1Ea
                0x00003e70                _ZN13Adafruit_FONAC2Ea
 .text._ZN13Adafruit_FONA22setGPRSNetworkSettingsEPK19__FlashStringHelperS2_S2_
                0x00003ed4       0x18 C:\Users\Saba Baig\Documents\Atmel Studio\7.0\RM\RM\ArduinoCore\Debug\libArduinoCore.a(Adafruit_FONA.o)
                0x00003ed4                _ZN13Adafruit_FONA22setGPRSNetworkSettingsEPK19__FlashStringHelperS2_S2_
 .text._ZN13Adafruit_FONA10flushInputEv
                0x00003eec       0x58 C:\Users\Saba Baig\Documents\Atmel Studio\7.0\RM\RM\ArduinoCore\Debug\libArduinoCore.a(Adafruit_FONA.o)
                0x00003eec                _ZN13Adafruit_FONA10flushInputEv
 .text._ZN13Adafruit_FONA15HTTP_para_startEPK19__FlashStringHelperb
                0x00003f44       0x7a C:\Users\Saba Baig\Documents\Atmel Studio\7.0\RM\RM\ArduinoCore\Debug\libArduinoCore.a(Adafruit_FONA.o)
                0x00003f44                _ZN13Adafruit_FONA15HTTP_para_startEPK19__FlashStringHelperb
 .text._ZN13Adafruit_FONA8readlineEjb
                0x00003fbe       0xfc C:\Users\Saba Baig\Documents\Atmel Studio\7.0\RM\RM\ArduinoCore\Debug\libArduinoCore.a(Adafruit_FONA.o)
                0x00003fbe                _ZN13Adafruit_FONA8readlineEjb
 .text._ZN13Adafruit_FONA11expectReplyEPK19__FlashStringHelperj
                0x000040ba       0x48 C:\Users\Saba Baig\Documents\Atmel Studio\7.0\RM\RM\ArduinoCore\Debug\libArduinoCore.a(Adafruit_FONA.o)
                0x000040ba                _ZN13Adafruit_FONA11expectReplyEPK19__FlashStringHelperj
 .text._ZN13Adafruit_FONA13HTTP_para_endEb
                0x00004102       0x3c C:\Users\Saba Baig\Documents\Atmel Studio\7.0\RM\RM\ArduinoCore\Debug\libArduinoCore.a(Adafruit_FONA.o)
                0x00004102                _ZN13Adafruit_FONA13HTTP_para_endEb
 .text._ZN13Adafruit_FONA9HTTP_paraEPK19__FlashStringHelperPKc
                0x0000413e       0x32 C:\Users\Saba Baig\Documents\Atmel Studio\7.0\RM\RM\ArduinoCore\Debug\libArduinoCore.a(Adafruit_FONA.o)
                0x0000413e                _ZN13Adafruit_FONA9HTTP_paraEPK19__FlashStringHelperPKc
 .text._ZN13Adafruit_FONA9HTTP_paraEPK19__FlashStringHelperS2_
                0x00004170       0x32 C:\Users\Saba Baig\Documents\Atmel Studio\7.0\RM\RM\ArduinoCore\Debug\libArduinoCore.a(Adafruit_FONA.o)
                0x00004170                _ZN13Adafruit_FONA9HTTP_paraEPK19__FlashStringHelperS2_
 .text._ZN13Adafruit_FONA9HTTP_paraEPK19__FlashStringHelperl
                0x000041a2       0x42 C:\Users\Saba Baig\Documents\Atmel Studio\7.0\RM\RM\ArduinoCore\Debug\libArduinoCore.a(Adafruit_FONA.o)
                0x000041a2                _ZN13Adafruit_FONA9HTTP_paraEPK19__FlashStringHelperl
 .text._ZN13Adafruit_FONA9HTTP_dataEmm
                0x000041e4       0xd4 C:\Users\Saba Baig\Documents\Atmel Studio\7.0\RM\RM\ArduinoCore\Debug\libArduinoCore.a(Adafruit_FONA.o)
                0x000041e4                _ZN13Adafruit_FONA9HTTP_dataEmm
 .text._ZN13Adafruit_FONA8getReplyEPcj
                0x000042b8       0x72 C:\Users\Saba Baig\Documents\Atmel Studio\7.0\RM\RM\ArduinoCore\Debug\libArduinoCore.a(Adafruit_FONA.o)
                0x000042b8                _ZN13Adafruit_FONA8getReplyEPcj
 .text._ZN13Adafruit_FONA8getReplyEPK19__FlashStringHelperj
                0x0000432a       0x72 C:\Users\Saba Baig\Documents\Atmel Studio\7.0\RM\RM\ArduinoCore\Debug\libArduinoCore.a(Adafruit_FONA.o)
                0x0000432a                _ZN13Adafruit_FONA8getReplyEPK19__FlashStringHelperj
 .text._ZN13Adafruit_FONA9GPSstatusEv
                0x0000439c       0x58 C:\Users\Saba Baig\Documents\Atmel Studio\7.0\RM\RM\ArduinoCore\Debug\libArduinoCore.a(Adafruit_FONA.o)
                0x0000439c                _ZN13Adafruit_FONA9GPSstatusEv
 .text._ZN13Adafruit_FONA6getGPSEhPch
                0x000043f4       0x90 C:\Users\Saba Baig\Documents\Atmel Studio\7.0\RM\RM\ArduinoCore\Debug\libArduinoCore.a(Adafruit_FONA.o)
                0x000043f4                _ZN13Adafruit_FONA6getGPSEhPch
 .text._ZN13Adafruit_FONA6getGPSEPfS0_S0_S0_S0_Pc
                0x00004484      0x19a C:\Users\Saba Baig\Documents\Atmel Studio\7.0\RM\RM\ArduinoCore\Debug\libArduinoCore.a(Adafruit_FONA.o)
                0x00004484                _ZN13Adafruit_FONA6getGPSEPfS0_S0_S0_S0_Pc
 .text._ZN13Adafruit_FONA8getReplyEPK19__FlashStringHelperlj
                0x0000461e       0xb4 C:\Users\Saba Baig\Documents\Atmel Studio\7.0\RM\RM\ArduinoCore\Debug\libArduinoCore.a(Adafruit_FONA.o)
                0x0000461e                _ZN13Adafruit_FONA8getReplyEPK19__FlashStringHelperlj
 .text._ZN13Adafruit_FONA14getReplyQuotedEPK19__FlashStringHelperS2_j
                0x000046d2       0xc8 C:\Users\Saba Baig\Documents\Atmel Studio\7.0\RM\RM\ArduinoCore\Debug\libArduinoCore.a(Adafruit_FONA.o)
                0x000046d2                _ZN13Adafruit_FONA14getReplyQuotedEPK19__FlashStringHelperS2_j
 .text._ZN13Adafruit_FONA14sendCheckReplyEPK19__FlashStringHelperS2_j
                0x0000479a       0x34 C:\Users\Saba Baig\Documents\Atmel Studio\7.0\RM\RM\ArduinoCore\Debug\libArduinoCore.a(Adafruit_FONA.o)
                0x0000479a                _ZN13Adafruit_FONA14sendCheckReplyEPK19__FlashStringHelperS2_j
 .text._ZN13Adafruit_FONA5beginER6Stream
                0x000047ce      0x308 C:\Users\Saba Baig\Documents\Atmel Studio\7.0\RM\RM\ArduinoCore\Debug\libArduinoCore.a(Adafruit_FONA.o)
                0x000047ce                _ZN13Adafruit_FONA5beginER6Stream
 .text._ZN13Adafruit_FONA9HTTP_initEv
                0x00004ad6       0x16 C:\Users\Saba Baig\Documents\Atmel Studio\7.0\RM\RM\ArduinoCore\Debug\libArduinoCore.a(Adafruit_FONA.o)
                0x00004ad6                _ZN13Adafruit_FONA9HTTP_initEv
 .text._ZN13Adafruit_FONA9HTTP_termEv
                0x00004aec       0x16 C:\Users\Saba Baig\Documents\Atmel Studio\7.0\RM\RM\ArduinoCore\Debug\libArduinoCore.a(Adafruit_FONA.o)
                0x00004aec                _ZN13Adafruit_FONA9HTTP_termEv
 .text._ZN13Adafruit_FONA13HTTP_POST_endEv
                0x00004b02        0x4 C:\Users\Saba Baig\Documents\Atmel Studio\7.0\RM\RM\ArduinoCore\Debug\libArduinoCore.a(Adafruit_FONA.o)
                0x00004b02                _ZN13Adafruit_FONA13HTTP_POST_endEv
 .text._ZN13Adafruit_FONA14sendCheckReplyEPcPK19__FlashStringHelperj
                0x00004b06       0x34 C:\Users\Saba Baig\Documents\Atmel Studio\7.0\RM\RM\ArduinoCore\Debug\libArduinoCore.a(Adafruit_FONA.o)
                0x00004b06                _ZN13Adafruit_FONA14sendCheckReplyEPcPK19__FlashStringHelperj
 .text._ZN13Adafruit_FONA7sendSMSEPcS0_
                0x00004b3a      0x17c C:\Users\Saba Baig\Documents\Atmel Studio\7.0\RM\RM\ArduinoCore\Debug\libArduinoCore.a(Adafruit_FONA.o)
                0x00004b3a                _ZN13Adafruit_FONA7sendSMSEPcS0_
 .text._ZN13Adafruit_FONA14sendCheckReplyEPK19__FlashStringHelperlS2_j
                0x00004cb6       0x40 C:\Users\Saba Baig\Documents\Atmel Studio\7.0\RM\RM\ArduinoCore\Debug\libArduinoCore.a(Adafruit_FONA.o)
                0x00004cb6                _ZN13Adafruit_FONA14sendCheckReplyEPK19__FlashStringHelperlS2_j
 .text._ZN13Adafruit_FONA8HTTP_sslEb
                0x00004cf6       0x34 C:\Users\Saba Baig\Documents\Atmel Studio\7.0\RM\RM\ArduinoCore\Debug\libArduinoCore.a(Adafruit_FONA.o)
                0x00004cf6                _ZN13Adafruit_FONA8HTTP_sslEb
 .text._ZN13Adafruit_FONA10HTTP_setupEPc
                0x00004d2a       0x98 C:\Users\Saba Baig\Documents\Atmel Studio\7.0\RM\RM\ArduinoCore\Debug\libArduinoCore.a(Adafruit_FONA.o)
                0x00004d2a                _ZN13Adafruit_FONA10HTTP_setupEPc
 .text._ZN13Adafruit_FONA20sendCheckReplyQuotedEPK19__FlashStringHelperS2_S2_j
                0x00004dc2       0x38 C:\Users\Saba Baig\Documents\Atmel Studio\7.0\RM\RM\ArduinoCore\Debug\libArduinoCore.a(Adafruit_FONA.o)
                0x00004dc2                _ZN13Adafruit_FONA20sendCheckReplyQuotedEPK19__FlashStringHelperS2_S2_j
 .text._ZN13Adafruit_FONA10enableGPRSEb
                0x00004dfa      0x2b8 C:\Users\Saba Baig\Documents\Atmel Studio\7.0\RM\RM\ArduinoCore\Debug\libArduinoCore.a(Adafruit_FONA.o)
                0x00004dfa                _ZN13Adafruit_FONA10enableGPRSEb
 .text._ZN13Adafruit_FONA10parseReplyEPK19__FlashStringHelperPjch
                0x000050b2       0x6a C:\Users\Saba Baig\Documents\Atmel Studio\7.0\RM\RM\ArduinoCore\Debug\libArduinoCore.a(Adafruit_FONA.o)
                0x000050b2                _ZN13Adafruit_FONA10parseReplyEPK19__FlashStringHelperPjch
 .text._ZN13Adafruit_FONA12HTTP_readallEPj
                0x0000511c       0x36 C:\Users\Saba Baig\Documents\Atmel Studio\7.0\RM\RM\ArduinoCore\Debug\libArduinoCore.a(Adafruit_FONA.o)
                0x0000511c                _ZN13Adafruit_FONA12HTTP_readallEPj
 .text._ZN13Adafruit_FONA11HTTP_actionEhPjS0_l
                0x00005152       0x9e C:\Users\Saba Baig\Documents\Atmel Studio\7.0\RM\RM\ArduinoCore\Debug\libArduinoCore.a(Adafruit_FONA.o)
                0x00005152                _ZN13Adafruit_FONA11HTTP_actionEhPjS0_l
 .text._ZN13Adafruit_FONA15HTTP_POST_startEPcPK19__FlashStringHelperPKhjPjS6_
                0x000051f0      0x13a C:\Users\Saba Baig\Documents\Atmel Studio\7.0\RM\RM\ArduinoCore\Debug\libArduinoCore.a(Adafruit_FONA.o)
                0x000051f0                _ZN13Adafruit_FONA15HTTP_POST_startEPcPK19__FlashStringHelperPKhjPjS6_
 .text._ZN13Adafruit_FONA14sendParseReplyEPK19__FlashStringHelperS2_Pjch
                0x0000532a       0x58 C:\Users\Saba Baig\Documents\Atmel Studio\7.0\RM\RM\ArduinoCore\Debug\libArduinoCore.a(Adafruit_FONA.o)
                0x0000532a                _ZN13Adafruit_FONA14sendParseReplyEPK19__FlashStringHelperS2_Pjch
 .text._ZN13Adafruit_FONA14getBattPercentEPj
                0x00005382       0x1e C:\Users\Saba Baig\Documents\Atmel Studio\7.0\RM\RM\ArduinoCore\Debug\libArduinoCore.a(Adafruit_FONA.o)
                0x00005382                _ZN13Adafruit_FONA14getBattPercentEPj
 .text._ZN13Adafruit_FONA16getNetworkStatusEv
                0x000053a0       0x3e C:\Users\Saba Baig\Documents\Atmel Studio\7.0\RM\RM\ArduinoCore\Debug\libArduinoCore.a(Adafruit_FONA.o)
                0x000053a0                _ZN13Adafruit_FONA16getNetworkStatusEv
 .text._ZN13Adafruit_FONA7getRSSIEv
                0x000053de       0x3c C:\Users\Saba Baig\Documents\Atmel Studio\7.0\RM\RM\ArduinoCore\Debug\libArduinoCore.a(Adafruit_FONA.o)
                0x000053de                _ZN13Adafruit_FONA7getRSSIEv
 .text._ZN14SoftwareSerial4readEv
                0x0000541a       0x42 C:\Users\Saba Baig\Documents\Atmel Studio\7.0\RM\RM\ArduinoCore\Debug\libArduinoCore.a(SoftwareSerial.o)
                0x0000541a                _ZN14SoftwareSerial4readEv
 .text._ZN14SoftwareSerial5writeEh
                0x0000545c       0xa0 C:\Users\Saba Baig\Documents\Atmel Studio\7.0\RM\RM\ArduinoCore\Debug\libArduinoCore.a(SoftwareSerial.o)
                0x0000545c                _ZN14SoftwareSerial5writeEh
 .text._ZN14SoftwareSerial5flushEv
                0x000054fc        0x2 C:\Users\Saba Baig\Documents\Atmel Studio\7.0\RM\RM\ArduinoCore\Debug\libArduinoCore.a(SoftwareSerial.o)
                0x000054fc                _ZN14SoftwareSerial5flushEv
 .text._ZN14SoftwareSerial4peekEv
                0x000054fe       0x30 C:\Users\Saba Baig\Documents\Atmel Studio\7.0\RM\RM\ArduinoCore\Debug\libArduinoCore.a(SoftwareSerial.o)
                0x000054fe                _ZN14SoftwareSerial4peekEv
 .text._ZN14SoftwareSerial9availableEv
                0x0000552e       0x30 C:\Users\Saba Baig\Documents\Atmel Studio\7.0\RM\RM\ArduinoCore\Debug\libArduinoCore.a(SoftwareSerial.o)
                0x0000552e                _ZN14SoftwareSerial9availableEv
 .text._ZN14SoftwareSerial13stopListeningEv
                0x0000555e       0x2c C:\Users\Saba Baig\Documents\Atmel Studio\7.0\RM\RM\ArduinoCore\Debug\libArduinoCore.a(SoftwareSerial.o)
                0x0000555e                _ZN14SoftwareSerial13stopListeningEv
 .text._ZN14SoftwareSerial6listenEv
                0x0000558a       0x52 C:\Users\Saba Baig\Documents\Atmel Studio\7.0\RM\RM\ArduinoCore\Debug\libArduinoCore.a(SoftwareSerial.o)
                0x0000558a                _ZN14SoftwareSerial6listenEv
 .text.__vector_3
                0x000055dc       0xf4 C:\Users\Saba Baig\Documents\Atmel Studio\7.0\RM\RM\ArduinoCore\Debug\libArduinoCore.a(SoftwareSerial.o)
                0x000055dc                __vector_5
                0x000055dc                __vector_4
                0x000055dc                __vector_3
 .text._ZN14SoftwareSerial5setTXEh
                0x000056d0       0x52 C:\Users\Saba Baig\Documents\Atmel Studio\7.0\RM\RM\ArduinoCore\Debug\libArduinoCore.a(SoftwareSerial.o)
                0x000056d0                _ZN14SoftwareSerial5setTXEh
 .text._ZN14SoftwareSerial5setRXEh
                0x00005722       0x52 C:\Users\Saba Baig\Documents\Atmel Studio\7.0\RM\RM\ArduinoCore\Debug\libArduinoCore.a(SoftwareSerial.o)
                0x00005722                _ZN14SoftwareSerial5setRXEh
 .text._ZN14SoftwareSerialC2Ehhb
                0x00005774       0x56 C:\Users\Saba Baig\Documents\Atmel Studio\7.0\RM\RM\ArduinoCore\Debug\libArduinoCore.a(SoftwareSerial.o)
                0x00005774                _ZN14SoftwareSerialC1Ehhb
                0x00005774                _ZN14SoftwareSerialC2Ehhb
 .text._ZN14SoftwareSerial5beginEl
                0x000057ca      0x11c C:\Users\Saba Baig\Documents\Atmel Studio\7.0\RM\RM\ArduinoCore\Debug\libArduinoCore.a(SoftwareSerial.o)
                0x000057ca                _ZN14SoftwareSerial5beginEl
 .text.__empty  0x000058e6        0x2 C:\Users\Saba Baig\Documents\Atmel Studio\7.0\RM\RM\ArduinoCore\Debug\libArduinoCore.a(hooks.o)
                0x000058e6                yield
 .text.nothing  0x000058e8        0x2 C:\Users\Saba Baig\Documents\Atmel Studio\7.0\RM\RM\ArduinoCore\Debug\libArduinoCore.a(WInterrupts.o)
 .text.__vector_1
                0x000058ea       0x4e C:\Users\Saba Baig\Documents\Atmel Studio\7.0\RM\RM\ArduinoCore\Debug\libArduinoCore.a(WInterrupts.o)
                0x000058ea                __vector_1
 .text.__vector_2
                0x00005938       0x4e C:\Users\Saba Baig\Documents\Atmel Studio\7.0\RM\RM\ArduinoCore\Debug\libArduinoCore.a(WInterrupts.o)
                0x00005938                __vector_2
 .text.avr-libc.fplib
                0x00005986        0xa c:/program files (x86)/atmel/studio/7.0/toolchain/avr8/avr8-gnu-toolchain/bin/../lib/gcc/avr/5.4.0/../../../../avr/lib/avr5\libm.a(cmpsf2.o)
                0x00005986                __nesf2
                0x00005986                __eqsf2
                0x00005986                __cmpsf2
                0x00005986                __ltsf2
                0x00005986                __lesf2
 .text.avr-libc.fplib
                0x00005990       0x48 c:/program files (x86)/atmel/studio/7.0/toolchain/avr8/avr8-gnu-toolchain/bin/../lib/gcc/avr/5.4.0/../../../../avr/lib/avr5\libm.a(fp_cmp.o)
                0x00005990                __fp_cmp
 .text.avr-libc.fplib
                0x000059d8        0xc c:/program files (x86)/atmel/studio/7.0/toolchain/avr8/avr8-gnu-toolchain/bin/../lib/gcc/avr/5.4.0/../../../../avr/lib/avr5\libm.a(fp_inf.o)
                0x000059d8                __fp_inf
 .text.avr-libc.fplib
                0x000059e4        0x6 c:/program files (x86)/atmel/studio/7.0/toolchain/avr8/avr8-gnu-toolchain/bin/../lib/gcc/avr/5.4.0/../../../../avr/lib/avr5\libm.a(fp_nan.o)
                0x000059e4                __fp_nan
 .text.avr-libc.fplib
                0x000059ea        0xe c:/program files (x86)/atmel/studio/7.0/toolchain/avr8/avr8-gnu-toolchain/bin/../lib/gcc/avr/5.4.0/../../../../avr/lib/avr5\libm.a(fp_pscA.o)
                0x000059ea                __fp_pscA
 .text.avr-libc.fplib
                0x000059f8        0xe c:/program files (x86)/atmel/studio/7.0/toolchain/avr8/avr8-gnu-toolchain/bin/../lib/gcc/avr/5.4.0/../../../../avr/lib/avr5\libm.a(fp_pscB.o)
                0x000059f8                __fp_pscB
 .text.avr-libc.fplib
                0x00005a06       0x22 c:/program files (x86)/atmel/studio/7.0/toolchain/avr8/avr8-gnu-toolchain/bin/../lib/gcc/avr/5.4.0/../../../../avr/lib/avr5\libm.a(fp_round.o)
                0x00005a06                __fp_round
 .text.avr-libc.fplib
                0x00005a28       0x44 c:/program files (x86)/atmel/studio/7.0/toolchain/avr8/avr8-gnu-toolchain/bin/../lib/gcc/avr/5.4.0/../../../../avr/lib/avr5\libm.a(fp_split3.o)
                0x00005a28                __fp_split3
                0x00005a38                __fp_splitA
 .text.avr-libc.fplib
                0x00005a6c        0xe c:/program files (x86)/atmel/studio/7.0/toolchain/avr8/avr8-gnu-toolchain/bin/../lib/gcc/avr/5.4.0/../../../../avr/lib/avr5\libm.a(fp_zero.o)
                0x00005a6c                __fp_zero
                0x00005a6e                __fp_szero
 .text.avr-libc.fplib
                0x00005a7a        0x8 c:/program files (x86)/atmel/studio/7.0/toolchain/avr8/avr8-gnu-toolchain/bin/../lib/gcc/avr/5.4.0/../../../../avr/lib/avr5\libm.a(mulsf3.o)
                0x00005a7a                __mulsf3
 .text.avr-libc.fplib
                0x00005a82       0xd2 c:/program files (x86)/atmel/studio/7.0/toolchain/avr8/avr8-gnu-toolchain/bin/../lib/gcc/avr/5.4.0/../../../../avr/lib/avr5\libm.a(mulsf3x.o)
                0x00005aa0                __mulsf3x
                0x00005aa6                __mulsf3_pse
 .text.libgcc.div
                0x00005b54       0x28 c:/program files (x86)/atmel/studio/7.0/toolchain/avr8/avr8-gnu-toolchain/bin/../lib/gcc/avr/5.4.0/avr5\libgcc.a(_divmodhi4.o)
                0x00005b54                _div
                0x00005b54                __divmodhi4
 .text.libgcc.div
                0x00005b7c       0x44 c:/program files (x86)/atmel/studio/7.0/toolchain/avr8/avr8-gnu-toolchain/bin/../lib/gcc/avr/5.4.0/avr5\libgcc.a(_udivmodsi4.o)
                0x00005b7c                __udivmodsi4
 .text.libgcc.div
                0x00005bc0       0x2e c:/program files (x86)/atmel/studio/7.0/toolchain/avr8/avr8-gnu-toolchain/bin/../lib/gcc/avr/5.4.0/avr5\libgcc.a(_divmodsi4.o)
                0x00005bc0                __divmodsi4
 .text.libgcc.div
                0x00005bee       0x10 c:/program files (x86)/atmel/studio/7.0/toolchain/avr8/avr8-gnu-toolchain/bin/../lib/gcc/avr/5.4.0/avr5\libgcc.a(_negsi2.o)
                0x00005bee                __negsi2
 .text.libgcc   0x00005bfe        0xc c:/program files (x86)/atmel/studio/7.0/toolchain/avr8/avr8-gnu-toolchain/bin/../lib/gcc/avr/5.4.0/avr5\libgcc.a(_tablejump2.o)
                0x00005bfe                __tablejump2__
 .text.libgcc.builtins
                0x00005c0a       0x3c c:/program files (x86)/atmel/studio/7.0/toolchain/avr8/avr8-gnu-toolchain/bin/../lib/gcc/avr/5.4.0/avr5\libgcc.a(_ashrdi3.o)
                0x00005c0a                __ashrdi3
                0x00005c0e                __lshrdi3
 .text.libgcc.div
                0x00005c46       0x28 c:/program files (x86)/atmel/studio/7.0/toolchain/avr8/avr8-gnu-toolchain/bin/../lib/gcc/avr/5.4.0/avr5\libgcc.a(_udivmodhi4.o)
                0x00005c46                __udivmodhi4
 .text.avr-libc
                0x00005c6e      0x242 c:/program files (x86)/atmel/studio/7.0/toolchain/avr8/avr8-gnu-toolchain/bin/../lib/gcc/avr/5.4.0/../../../../avr/lib/avr5\libc.a(malloc.o)
                0x00005c6e                malloc
                0x00005d9e                free
 .text.avr-libc
                0x00005eb0        0xa c:/program files (x86)/atmel/studio/7.0/toolchain/avr8/avr8-gnu-toolchain/bin/../lib/gcc/avr/5.4.0/../../../../avr/lib/avr5\libc.a(abort.o)
                0x00005eb0                abort
 .text.avr-libc
                0x00005eba        0x8 c:/program files (x86)/atmel/studio/7.0/toolchain/avr8/avr8-gnu-toolchain/bin/../lib/gcc/avr/5.4.0/../../../../avr/lib/avr5\libc.a(atof.o)
                0x00005eba                atof
 .text.avr-libc
                0x00005ec2       0x3c c:/program files (x86)/atmel/studio/7.0/toolchain/avr8/avr8-gnu-toolchain/bin/../lib/gcc/avr/5.4.0/../../../../avr/lib/avr5\libc.a(atoi.o)
                0x00005ec2                atoi
 .text.avr-libc
                0x00005efe       0x12 c:/program files (x86)/atmel/studio/7.0/toolchain/avr8/avr8-gnu-toolchain/bin/../lib/gcc/avr/5.4.0/../../../../avr/lib/avr5\libc.a(strcmp_P.o)
                0x00005efe                strcmp_P
 .text.avr-libc
                0x00005f10       0x12 c:/program files (x86)/atmel/studio/7.0/toolchain/avr8/avr8-gnu-toolchain/bin/../lib/gcc/avr/5.4.0/../../../../avr/lib/avr5\libc.a(strlen_P.o)
                0x00005f10                __strlen_P
 .text.avr-libc
                0x00005f22       0x34 c:/program files (x86)/atmel/studio/7.0/toolchain/avr8/avr8-gnu-toolchain/bin/../lib/gcc/avr/5.4.0/../../../../avr/lib/avr5\libc.a(strstr_P.o)
                0x00005f22                strstr_P
 .text.avr-libc
                0x00005f56        0xa c:/program files (x86)/atmel/studio/7.0/toolchain/avr8/avr8-gnu-toolchain/bin/../lib/gcc/avr/5.4.0/../../../../avr/lib/avr5\libc.a(strtok.o)
                0x00005f56                strtok
 .text.avr-libc
                0x00005f60        0xe c:/program files (x86)/atmel/studio/7.0/toolchain/avr8/avr8-gnu-toolchain/bin/../lib/gcc/avr/5.4.0/../../../../avr/lib/avr5\libc.a(memset.o)
                0x00005f60                memset
 .text.avr-libc
                0x00005f6e       0x16 c:/program files (x86)/atmel/studio/7.0/toolchain/avr8/avr8-gnu-toolchain/bin/../lib/gcc/avr/5.4.0/../../../../avr/lib/avr5\libc.a(strchr.o)
                0x00005f6e                strchr
 .text.avr-libc
                0x00005f84       0x12 c:/program files (x86)/atmel/studio/7.0/toolchain/avr8/avr8-gnu-toolchain/bin/../lib/gcc/avr/5.4.0/../../../../avr/lib/avr5\libc.a(strcmp.o)
                0x00005f84                strcmp
 .text.avr-libc
                0x00005f96       0x12 c:/program files (x86)/atmel/studio/7.0/toolchain/avr8/avr8-gnu-toolchain/bin/../lib/gcc/avr/5.4.0/../../../../avr/lib/avr5\libc.a(strlen.o)
                0x00005f96                strlen
 .text.avr-libc
                0x00005fa8       0x1e c:/program files (x86)/atmel/studio/7.0/toolchain/avr8/avr8-gnu-toolchain/bin/../lib/gcc/avr/5.4.0/../../../../avr/lib/avr5\libc.a(strncpy.o)
                0x00005fa8                strncpy
 .text.avr-libc
                0x00005fc6       0x34 c:/program files (x86)/atmel/studio/7.0/toolchain/avr8/avr8-gnu-toolchain/bin/../lib/gcc/avr/5.4.0/../../../../avr/lib/avr5\libc.a(strstr.o)
                0x00005fc6                strstr
 .text.avr-libc
                0x00005ffa       0x4e c:/program files (x86)/atmel/studio/7.0/toolchain/avr8/avr8-gnu-toolchain/bin/../lib/gcc/avr/5.4.0/../../../../avr/lib/avr5\libc.a(strtok_r.o)
                0x00005ffa                strtok_r
 .text.avr-libc
                0x00006048       0x10 c:/program files (x86)/atmel/studio/7.0/toolchain/avr8/avr8-gnu-toolchain/bin/../lib/gcc/avr/5.4.0/../../../../avr/lib/avr5\libc.a(mul10.o)
                0x00006048                __mulhi_const_10
 .text.avr-libc
                0x00006058      0x29c c:/program files (x86)/atmel/studio/7.0/toolchain/avr8/avr8-gnu-toolchain/bin/../lib/gcc/avr/5.4.0/../../../../avr/lib/avr5\libc.a(strtod.o)
                0x00006058                strtod
 .text.avr-libc
                0x000062f4       0x12 c:/program files (x86)/atmel/studio/7.0/toolchain/avr8/avr8-gnu-toolchain/bin/../lib/gcc/avr/5.4.0/../../../../avr/lib/avr5\libc.a(isspace.o)
                0x000062f4                isspace
 .text.avr-libc
                0x00006306       0x30 c:/program files (x86)/atmel/studio/7.0/toolchain/avr8/avr8-gnu-toolchain/bin/../lib/gcc/avr/5.4.0/../../../../avr/lib/avr5\libc.a(strncasecmp_P.o)
                0x00006306                strncasecmp_P
 .text.avr-libc
                0x00006336        0x6 c:/program files (x86)/atmel/studio/7.0/toolchain/avr8/avr8-gnu-toolchain/bin/../lib/gcc/avr/5.4.0/../../../../avr/lib/avr5\libc.a(cty_isfalse.o)
                0x00006336                __ctype_isfalse
                0x0000633a                __ctype_istrue
 .text.libgcc.mul
                0x0000633c       0x16 c:/program files (x86)/atmel/studio/7.0/toolchain/avr8/avr8-gnu-toolchain/bin/../lib/gcc/avr/5.4.0/avr5\libgcc.a(_muluhisi3.o)
                0x0000633c                __muluhisi3
 .text.libgcc.prologue
                0x00006352       0x38 c:/program files (x86)/atmel/studio/7.0/toolchain/avr8/avr8-gnu-toolchain/bin/../lib/gcc/avr/5.4.0/avr5\libgcc.a(_prologue.o)
                0x00006352                __prologue_saves__
 .text.libgcc.prologue
                0x0000638a       0x36 c:/program files (x86)/atmel/studio/7.0/toolchain/avr8/avr8-gnu-toolchain/bin/../lib/gcc/avr/5.4.0/avr5\libgcc.a(_epilogue.o)
                0x0000638a                __epilogue_restores__
 .text.libgcc.mul
                0x000063c0       0x1e c:/program files (x86)/atmel/studio/7.0/toolchain/avr8/avr8-gnu-toolchain/bin/../lib/gcc/avr/5.4.0/avr5\libgcc.a(_umulhisi3.o)
                0x000063c0                __umulhisi3
                0x000063de                . = ALIGN (0x2)
 *(.fini9)
 .fini9         0x000063de        0x0 c:/program files (x86)/atmel/studio/7.0/toolchain/avr8/avr8-gnu-toolchain/bin/../lib/gcc/avr/5.4.0/avr5\libgcc.a(_exit.o)
                0x000063de                _exit
                0x000063de                exit
 *(.fini9)
 *(.fini8)
 *(.fini8)
 *(.fini7)
 *(.fini7)
 *(.fini6)
 .fini6         0x000063de       0x16 c:/program files (x86)/atmel/studio/7.0/toolchain/avr8/avr8-gnu-toolchain/bin/../lib/gcc/avr/5.4.0/avr5\libgcc.a(_dtors.o)
                0x000063de                __do_global_dtors
 *(.fini6)
 *(.fini5)
 *(.fini5)
 *(.fini4)
 *(.fini4)
 *(.fini3)
 *(.fini3)
 *(.fini2)
 *(.fini2)
 *(.fini1)
 *(.fini1)
 *(.fini0)
 .fini0         0x000063f4        0x4 c:/program files (x86)/atmel/studio/7.0/toolchain/avr8/avr8-gnu-toolchain/bin/../lib/gcc/avr/5.4.0/avr5\libgcc.a(_exit.o)
 *(.fini0)
                0x000063f8                _etext = .

.data           0x00800100      0x2ac load address 0x000063f8
                0x00800100                PROVIDE (__data_start, .)
 *(.data)
 .data          0x00800100        0x3 Main_SignalLogging.o
                0x00800100                IS_GSM_MOCK
                0x00800101                IS_GPS_MOCK
                0x00800102                INIT_MODULE_ID
 .data          0x00800103        0x2 RmMemManager.o
                0x00800103                _ledBottomState
                0x00800104                _ledTopState
 .data          0x00800105        0x6 c:/program files (x86)/atmel/studio/7.0/toolchain/avr8/avr8-gnu-toolchain/bin/../lib/gcc/avr/5.4.0/../../../../avr/lib/avr5\libc.a(malloc.o)
                0x00800105                __malloc_heap_end
                0x00800107                __malloc_heap_start
                0x00800109                __malloc_margin
 *(.data*)
 .data.analog_reference
                0x0080010b        0x1 C:\Users\Saba Baig\Documents\Atmel Studio\7.0\RM\RM\ArduinoCore\Debug\libArduinoCore.a(wiring_analog.o)
                0x0080010b                analog_reference
 .data.intFunc  0x0080010c        0x4 C:\Users\Saba Baig\Documents\Atmel Studio\7.0\RM\RM\ArduinoCore\Debug\libArduinoCore.a(WInterrupts.o)
 *(.gnu.linkonce.d*)
 *(.rodata)
 .rodata        0x00800110       0x1d GpsManager.o
 .rodata        0x0080012d       0x44 GsmManager.o
 .rodata        0x00800171       0x58 Main_SignalLogging.o
 .rodata        0x008001c9       0x40 RmMemManager.o
 .rodata        0x00800209       0x10 SensorManager.o
 .rodata        0x00800219       0xd1 C:\Users\Saba Baig\Documents\Atmel Studio\7.0\RM\RM\ArduinoCore\Debug\libArduinoCore.a(Adafruit_FONA.o)
 *(.rodata*)
 .rodata._ZTV7TwoWire
                0x008002ea       0x10 src/libraries/Wire/src/Wire.o
                0x008002ea                _ZTV7TwoWire
 .rodata._ZTV6Stream
                0x008002fa       0x10 src/libraries/Wire/src/Wire.o
                0x008002fa                _ZTV6Stream
 .rodata._ZTV14HardwareSerial
                0x0080030a       0x10 C:\Users\Saba Baig\Documents\Atmel Studio\7.0\RM\RM\ArduinoCore\Debug\libArduinoCore.a(HardwareSerial.o)
                0x0080030a                _ZTV14HardwareSerial
 .rodata.str1.1
                0x0080031a       0x11 C:\Users\Saba Baig\Documents\Atmel Studio\7.0\RM\RM\ArduinoCore\Debug\libArduinoCore.a(Print.o)
 .rodata._ZTV5Print
                0x0080032b        0x8 C:\Users\Saba Baig\Documents\Atmel Studio\7.0\RM\RM\ArduinoCore\Debug\libArduinoCore.a(Print.o)
                0x0080032b                _ZTV5Print
 .rodata.str1.1
                0x00800333       0x59 C:\Users\Saba Baig\Documents\Atmel Studio\7.0\RM\RM\ArduinoCore\Debug\libArduinoCore.a(Adafruit_FONA.o)
                                 0x5e (size before relaxing)
 .rodata._ZTV13Adafruit_FONA
                0x0080038c       0x10 C:\Users\Saba Baig\Documents\Atmel Studio\7.0\RM\RM\ArduinoCore\Debug\libArduinoCore.a(Adafruit_FONA.o)
                0x0080038c                _ZTV13Adafruit_FONA
 .rodata._ZTV14SoftwareSerial
                0x0080039c       0x10 C:\Users\Saba Baig\Documents\Atmel Studio\7.0\RM\RM\ArduinoCore\Debug\libArduinoCore.a(SoftwareSerial.o)
                0x0080039c                _ZTV14SoftwareSerial
 *(.gnu.linkonce.r*)
                0x008003ac                . = ALIGN (0x2)
                0x008003ac                _edata = .
                0x008003ac                PROVIDE (__data_end, .)

.bss            0x008003ac      0x51a
                0x008003ac                PROVIDE (__bss_start, .)
 *(.bss)
 .bss           0x008003ac      0x35e Main_SignalLogging.o
                0x008003ac                INITIALISE_MODULE
                0x008003ad                IS_MEM_TEST
                0x008003ae                ONLY_PRINT_DATA
                0x008003af                fona
                0x008004c9                mem
                0x008004ca                gps
                0x008005e5                gsm
                0x00800706                sensorMgr
                0x00800707                _behaviour
                0x00800708                _timerCounter
 .bss           0x0080070a        0x5 RmMemManager.o
                0x0080070a                _ledBottomPinRed
                0x0080070b                _ledBottomPinGreen
                0x0080070c                _ledTopPinRed
                0x0080070d                _ledTopPinGreen
                0x0080070e                _flashCallCount
 .bss           0x0080070f        0x1 SensorManager.o
                0x0080070f                __mockDataCounter
 .bss           0x00800710       0x6e src/libraries/Wire/src/utility/twi.o
 .bss           0x0080077e       0x56 src/libraries/Wire/src/Wire.o
                0x0080077e                _ZN7TwoWire8rxBufferE
                0x0080079e                _ZN7TwoWire13rxBufferIndexE
                0x0080079f                _ZN7TwoWire14rxBufferLengthE
                0x008007a0                _ZN7TwoWire9txAddressE
                0x008007a1                _ZN7TwoWire8txBufferE
                0x008007c1                _ZN7TwoWire13txBufferIndexE
                0x008007c2                _ZN7TwoWire14txBufferLengthE
                0x008007c3                _ZN7TwoWire12transmittingE
                0x008007c4                _ZN7TwoWire14user_onRequestE
                0x008007c6                _ZN7TwoWire14user_onReceiveE
                0x008007c8                Wire
 .bss           0x008007d4        0x2 c:/program files (x86)/atmel/studio/7.0/toolchain/avr8/avr8-gnu-toolchain/bin/../lib/gcc/avr/5.4.0/../../../../avr/lib/avr5\libc.a(strtok.o)
 *(.bss*)
 .bss.Serial    0x008007d6       0x9d C:\Users\Saba Baig\Documents\Atmel Studio\7.0\RM\RM\ArduinoCore\Debug\libArduinoCore.a(HardwareSerial0.o)
                0x008007d6                Serial
 .bss.timer0_fract
                0x00800873        0x1 C:\Users\Saba Baig\Documents\Atmel Studio\7.0\RM\RM\ArduinoCore\Debug\libArduinoCore.a(wiring.o)
 .bss.timer0_millis
                0x00800874        0x4 C:\Users\Saba Baig\Documents\Atmel Studio\7.0\RM\RM\ArduinoCore\Debug\libArduinoCore.a(wiring.o)
                0x00800874                timer0_millis
 .bss.timer0_overflow_count
                0x00800878        0x4 C:\Users\Saba Baig\Documents\Atmel Studio\7.0\RM\RM\ArduinoCore\Debug\libArduinoCore.a(wiring.o)
                0x00800878                timer0_overflow_count
 .bss._ZN14SoftwareSerial20_receive_buffer_headE
                0x0080087c        0x1 C:\Users\Saba Baig\Documents\Atmel Studio\7.0\RM\RM\ArduinoCore\Debug\libArduinoCore.a(SoftwareSerial.o)
                0x0080087c                _ZN14SoftwareSerial20_receive_buffer_headE
 .bss._ZN14SoftwareSerial20_receive_buffer_tailE
                0x0080087d        0x1 C:\Users\Saba Baig\Documents\Atmel Studio\7.0\RM\RM\ArduinoCore\Debug\libArduinoCore.a(SoftwareSerial.o)
                0x0080087d                _ZN14SoftwareSerial20_receive_buffer_tailE
 .bss._ZN14SoftwareSerial15_receive_bufferE
                0x0080087e       0x40 C:\Users\Saba Baig\Documents\Atmel Studio\7.0\RM\RM\ArduinoCore\Debug\libArduinoCore.a(SoftwareSerial.o)
                0x0080087e                _ZN14SoftwareSerial15_receive_bufferE
 .bss._ZN14SoftwareSerial13active_objectE
                0x008008be        0x2 C:\Users\Saba Baig\Documents\Atmel Studio\7.0\RM\RM\ArduinoCore\Debug\libArduinoCore.a(SoftwareSerial.o)
                0x008008be                _ZN14SoftwareSerial13active_objectE
 *(COMMON)
 COMMON         0x008008c0        0x4 c:/program files (x86)/atmel/studio/7.0/toolchain/avr8/avr8-gnu-toolchain/bin/../lib/gcc/avr/5.4.0/../../../../avr/lib/avr5\libc.a(malloc.o)
                0x008008c0                __brkval
                0x008008c2                __flp
 COMMON         0x008008c4        0x2 c:/program files (x86)/atmel/studio/7.0/toolchain/avr8/avr8-gnu-toolchain/bin/../lib/gcc/avr/5.4.0/../../../../avr/lib/avr5\libc.a(errno.o)
                0x008008c4                errno
                0x008008c6                PROVIDE (__bss_end, .)
                0x000063f8                __data_load_start = LOADADDR (.data)
                0x000066a4                __data_load_end = (__data_load_start + SIZEOF (.data))

.noinit         0x008008c6        0x0
                [!provide]                PROVIDE (__noinit_start, .)
 *(.noinit*)
                [!provide]                PROVIDE (__noinit_end, .)
                0x008008c6                _end = .
                0x008008c6                PROVIDE (__heap_start, .)

.eeprom         0x00810000        0x0
 *(.eeprom*)
                0x00810000                __eeprom_end = .

.fuse
 *(.fuse)
 *(.lfuse)
 *(.hfuse)
 *(.efuse)

.lock
 *(.lock*)

.signature
 *(.signature*)

.user_signatures
 *(.user_signatures*)

.stab
 *(.stab)

.stabstr
 *(.stabstr)

.stab.excl
 *(.stab.excl)

.stab.exclstr
 *(.stab.exclstr)

.stab.index
 *(.stab.index)

.stab.indexstr
 *(.stab.indexstr)

.comment        0x00000000       0x5c
 *(.comment)
 .comment       0x00000000       0x30 GpsManager.o
                                 0x31 (size before relaxing)
 .comment       0x00000030       0x31 GsmManager.o
 .comment       0x00000030       0x31 Main_SignalLogging.o
 .comment       0x00000030       0x31 RmMemManager.o
 .comment       0x00000030       0x31 SensorManager.o
 .comment       0x00000030       0x31 src/libraries/Wire/src/utility/twi.o
 .comment       0x00000030       0x31 src/libraries/Wire/src/Wire.o
 .comment       0x00000030       0x31 C:\Users\Saba Baig\Documents\Atmel Studio\7.0\RM\RM\ArduinoCore\Debug\libArduinoCore.a(abi.o)
 .comment       0x00000030       0x31 C:\Users\Saba Baig\Documents\Atmel Studio\7.0\RM\RM\ArduinoCore\Debug\libArduinoCore.a(HardwareSerial.o)
 .comment       0x00000030       0x31 C:\Users\Saba Baig\Documents\Atmel Studio\7.0\RM\RM\ArduinoCore\Debug\libArduinoCore.a(HardwareSerial0.o)
 .comment       0x00000030       0x31 C:\Users\Saba Baig\Documents\Atmel Studio\7.0\RM\RM\ArduinoCore\Debug\libArduinoCore.a(main.o)
 .comment       0x00000030       0x31 C:\Users\Saba Baig\Documents\Atmel Studio\7.0\RM\RM\ArduinoCore\Debug\libArduinoCore.a(new.o)
 .comment       0x00000030       0x31 C:\Users\Saba Baig\Documents\Atmel Studio\7.0\RM\RM\ArduinoCore\Debug\libArduinoCore.a(Print.o)
 .comment       0x00000030       0x31 C:\Users\Saba Baig\Documents\Atmel Studio\7.0\RM\RM\ArduinoCore\Debug\libArduinoCore.a(wiring.o)
 .comment       0x00000030       0x31 C:\Users\Saba Baig\Documents\Atmel Studio\7.0\RM\RM\ArduinoCore\Debug\libArduinoCore.a(wiring_analog.o)
 .comment       0x00000030       0x31 C:\Users\Saba Baig\Documents\Atmel Studio\7.0\RM\RM\ArduinoCore\Debug\libArduinoCore.a(wiring_digital.o)
 .comment       0x00000030       0x31 C:\Users\Saba Baig\Documents\Atmel Studio\7.0\RM\RM\ArduinoCore\Debug\libArduinoCore.a(Adafruit_FONA.o)
 .comment       0x00000030       0x31 C:\Users\Saba Baig\Documents\Atmel Studio\7.0\RM\RM\ArduinoCore\Debug\libArduinoCore.a(SoftwareSerial.o)
 .comment       0x00000030       0x31 C:\Users\Saba Baig\Documents\Atmel Studio\7.0\RM\RM\ArduinoCore\Debug\libArduinoCore.a(hooks.o)
 .comment       0x00000030       0x31 C:\Users\Saba Baig\Documents\Atmel Studio\7.0\RM\RM\ArduinoCore\Debug\libArduinoCore.a(WInterrupts.o)
 .comment       0x00000030       0x31 c:/program files (x86)/atmel/studio/7.0/toolchain/avr8/avr8-gnu-toolchain/bin/../lib/gcc/avr/5.4.0/../../../../avr/lib/avr5\libc.a(malloc.o)
 .comment       0x00000030       0x31 c:/program files (x86)/atmel/studio/7.0/toolchain/avr8/avr8-gnu-toolchain/bin/../lib/gcc/avr/5.4.0/../../../../avr/lib/avr5\libc.a(strtok.o)
 .comment       0x00000030       0x31 c:/program files (x86)/atmel/studio/7.0/toolchain/avr8/avr8-gnu-toolchain/bin/../lib/gcc/avr/5.4.0/../../../../avr/lib/avr5\libc.a(strtod.o)
 .comment       0x00000030       0x2c c:/program files (x86)/atmel/studio/7.0/toolchain/avr8/avr8-gnu-toolchain/bin/../lib/gcc/avr/5.4.0/../../../../avr/lib/avr5\libc.a(errno.o)
                                 0x2d (size before relaxing)

.note.gnu.avr.deviceinfo
                0x00000000       0x40
 .note.gnu.avr.deviceinfo
                0x00000000       0x40 C:/Program Files (x86)/Atmel/Studio/7.0/Packs/atmel/ATmega_DFP/1.2.132/gcc/dev/atmega328p/avr5/crtatmega328p.o

.note.gnu.build-id
 *(.note.gnu.build-id)

.debug
 *(.debug)

.line
 *(.line)

.debug_srcinfo
 *(.debug_srcinfo)

.debug_sfnames
 *(.debug_sfnames)

.debug_aranges  0x00000000      0x890
 *(.debug_aranges)
 .debug_aranges
                0x00000000       0x38 GpsManager.o
 .debug_aranges
                0x00000038       0x38 GsmManager.o
 .debug_aranges
                0x00000070       0x28 Main_SignalLogging.o
 .debug_aranges
                0x00000098       0x28 RmMemManager.o
 .debug_aranges
                0x000000c0       0x28 SensorManager.o
 .debug_aranges
                0x000000e8       0x20 src/libraries/Wire/src/utility/twi.o
 .debug_aranges
                0x00000108       0x38 src/libraries/Wire/src/Wire.o
 .debug_aranges
                0x00000140       0x20 C:\Users\Saba Baig\Documents\Atmel Studio\7.0\RM\RM\ArduinoCore\Debug\libArduinoCore.a(abi.o)
 .debug_aranges
                0x00000160       0x68 C:\Users\Saba Baig\Documents\Atmel Studio\7.0\RM\RM\ArduinoCore\Debug\libArduinoCore.a(HardwareSerial.o)
 .debug_aranges
                0x000001c8       0x38 C:\Users\Saba Baig\Documents\Atmel Studio\7.0\RM\RM\ArduinoCore\Debug\libArduinoCore.a(HardwareSerial0.o)
 .debug_aranges
                0x00000200       0x30 C:\Users\Saba Baig\Documents\Atmel Studio\7.0\RM\RM\ArduinoCore\Debug\libArduinoCore.a(main.o)
 .debug_aranges
                0x00000230       0x28 C:\Users\Saba Baig\Documents\Atmel Studio\7.0\RM\RM\ArduinoCore\Debug\libArduinoCore.a(new.o)
 .debug_aranges
                0x00000258       0xf0 C:\Users\Saba Baig\Documents\Atmel Studio\7.0\RM\RM\ArduinoCore\Debug\libArduinoCore.a(Print.o)
 .debug_aranges
                0x00000348       0x48 C:\Users\Saba Baig\Documents\Atmel Studio\7.0\RM\RM\ArduinoCore\Debug\libArduinoCore.a(wiring.o)
 .debug_aranges
                0x00000390       0x30 C:\Users\Saba Baig\Documents\Atmel Studio\7.0\RM\RM\ArduinoCore\Debug\libArduinoCore.a(wiring_analog.o)
 .debug_aranges
                0x000003c0       0x38 C:\Users\Saba Baig\Documents\Atmel Studio\7.0\RM\RM\ArduinoCore\Debug\libArduinoCore.a(wiring_digital.o)
 .debug_aranges
                0x000003f8      0x3a0 C:\Users\Saba Baig\Documents\Atmel Studio\7.0\RM\RM\ArduinoCore\Debug\libArduinoCore.a(Adafruit_FONA.o)
 .debug_aranges
                0x00000798       0x98 C:\Users\Saba Baig\Documents\Atmel Studio\7.0\RM\RM\ArduinoCore\Debug\libArduinoCore.a(SoftwareSerial.o)
 .debug_aranges
                0x00000830       0x20 C:\Users\Saba Baig\Documents\Atmel Studio\7.0\RM\RM\ArduinoCore\Debug\libArduinoCore.a(hooks.o)
 .debug_aranges
                0x00000850       0x40 C:\Users\Saba Baig\Documents\Atmel Studio\7.0\RM\RM\ArduinoCore\Debug\libArduinoCore.a(WInterrupts.o)

.debug_pubnames
 *(.debug_pubnames)

.debug_info     0x00000000    0x1c523
 *(.debug_info .gnu.linkonce.wi.*)
 .debug_info    0x00000000      0x5f4 C:/Program Files (x86)/Atmel/Studio/7.0/Packs/atmel/ATmega_DFP/1.2.132/gcc/dev/atmega328p/avr5/crtatmega328p.o
 .debug_info    0x000005f4     0x1c02 GpsManager.o
 .debug_info    0x000021f6     0x1f24 GsmManager.o
 .debug_info    0x0000411a      0xf8f Main_SignalLogging.o
 .debug_info    0x000050a9     0x1197 RmMemManager.o
 .debug_info    0x00006240      0x697 SensorManager.o
 .debug_info    0x000068d7      0x51d src/libraries/Wire/src/utility/twi.o
 .debug_info    0x00006df4     0x2383 src/libraries/Wire/src/Wire.o
 .debug_info    0x00009177       0x76 C:\Users\Saba Baig\Documents\Atmel Studio\7.0\RM\RM\ArduinoCore\Debug\libArduinoCore.a(abi.o)
 .debug_info    0x000091ed     0x1e25 C:\Users\Saba Baig\Documents\Atmel Studio\7.0\RM\RM\ArduinoCore\Debug\libArduinoCore.a(HardwareSerial.o)
 .debug_info    0x0000b012     0x1a19 C:\Users\Saba Baig\Documents\Atmel Studio\7.0\RM\RM\ArduinoCore\Debug\libArduinoCore.a(HardwareSerial0.o)
 .debug_info    0x0000ca2b      0x237 C:\Users\Saba Baig\Documents\Atmel Studio\7.0\RM\RM\ArduinoCore\Debug\libArduinoCore.a(main.o)
 .debug_info    0x0000cc62      0x11c C:\Users\Saba Baig\Documents\Atmel Studio\7.0\RM\RM\ArduinoCore\Debug\libArduinoCore.a(new.o)
 .debug_info    0x0000cd7e     0x2824 C:\Users\Saba Baig\Documents\Atmel Studio\7.0\RM\RM\ArduinoCore\Debug\libArduinoCore.a(Print.o)
 .debug_info    0x0000f5a2      0x2cb C:\Users\Saba Baig\Documents\Atmel Studio\7.0\RM\RM\ArduinoCore\Debug\libArduinoCore.a(wiring.o)
 .debug_info    0x0000f86d      0x26d C:\Users\Saba Baig\Documents\Atmel Studio\7.0\RM\RM\ArduinoCore\Debug\libArduinoCore.a(wiring_analog.o)
 .debug_info    0x0000fada      0x5fe C:\Users\Saba Baig\Documents\Atmel Studio\7.0\RM\RM\ArduinoCore\Debug\libArduinoCore.a(wiring_digital.o)
 .debug_info    0x000100d8     0x99fc C:\Users\Saba Baig\Documents\Atmel Studio\7.0\RM\RM\ArduinoCore\Debug\libArduinoCore.a(Adafruit_FONA.o)
 .debug_info    0x00019ad4     0x27f5 C:\Users\Saba Baig\Documents\Atmel Studio\7.0\RM\RM\ArduinoCore\Debug\libArduinoCore.a(SoftwareSerial.o)
 .debug_info    0x0001c2c9       0x3e C:\Users\Saba Baig\Documents\Atmel Studio\7.0\RM\RM\ArduinoCore\Debug\libArduinoCore.a(hooks.o)
 .debug_info    0x0001c307      0x21c C:\Users\Saba Baig\Documents\Atmel Studio\7.0\RM\RM\ArduinoCore\Debug\libArduinoCore.a(WInterrupts.o)

.debug_abbrev   0x00000000     0x3c95
 *(.debug_abbrev)
 .debug_abbrev  0x00000000      0x5a2 C:/Program Files (x86)/Atmel/Studio/7.0/Packs/atmel/ATmega_DFP/1.2.132/gcc/dev/atmega328p/avr5/crtatmega328p.o
 .debug_abbrev  0x000005a2      0x39e GpsManager.o
 .debug_abbrev  0x00000940      0x3bf GsmManager.o
 .debug_abbrev  0x00000cff      0x32c Main_SignalLogging.o
 .debug_abbrev  0x0000102b      0x307 RmMemManager.o
 .debug_abbrev  0x00001332      0x27d SensorManager.o
 .debug_abbrev  0x000015af      0x188 src/libraries/Wire/src/utility/twi.o
 .debug_abbrev  0x00001737      0x491 src/libraries/Wire/src/Wire.o
 .debug_abbrev  0x00001bc8       0x6d C:\Users\Saba Baig\Documents\Atmel Studio\7.0\RM\RM\ArduinoCore\Debug\libArduinoCore.a(abi.o)
 .debug_abbrev  0x00001c35      0x432 C:\Users\Saba Baig\Documents\Atmel Studio\7.0\RM\RM\ArduinoCore\Debug\libArduinoCore.a(HardwareSerial.o)
 .debug_abbrev  0x00002067      0x3a2 C:\Users\Saba Baig\Documents\Atmel Studio\7.0\RM\RM\ArduinoCore\Debug\libArduinoCore.a(HardwareSerial0.o)
 .debug_abbrev  0x00002409      0x12d C:\Users\Saba Baig\Documents\Atmel Studio\7.0\RM\RM\ArduinoCore\Debug\libArduinoCore.a(main.o)
 .debug_abbrev  0x00002536       0xce C:\Users\Saba Baig\Documents\Atmel Studio\7.0\RM\RM\ArduinoCore\Debug\libArduinoCore.a(new.o)
 .debug_abbrev  0x00002604      0x469 C:\Users\Saba Baig\Documents\Atmel Studio\7.0\RM\RM\ArduinoCore\Debug\libArduinoCore.a(Print.o)
 .debug_abbrev  0x00002a6d      0x146 C:\Users\Saba Baig\Documents\Atmel Studio\7.0\RM\RM\ArduinoCore\Debug\libArduinoCore.a(wiring.o)
 .debug_abbrev  0x00002bb3      0x16b C:\Users\Saba Baig\Documents\Atmel Studio\7.0\RM\RM\ArduinoCore\Debug\libArduinoCore.a(wiring_analog.o)
 .debug_abbrev  0x00002d1e      0x15b C:\Users\Saba Baig\Documents\Atmel Studio\7.0\RM\RM\ArduinoCore\Debug\libArduinoCore.a(wiring_digital.o)
 .debug_abbrev  0x00002e79      0x6e9 C:\Users\Saba Baig\Documents\Atmel Studio\7.0\RM\RM\ArduinoCore\Debug\libArduinoCore.a(Adafruit_FONA.o)
 .debug_abbrev  0x00003562      0x60d C:\Users\Saba Baig\Documents\Atmel Studio\7.0\RM\RM\ArduinoCore\Debug\libArduinoCore.a(SoftwareSerial.o)
 .debug_abbrev  0x00003b6f       0x2a C:\Users\Saba Baig\Documents\Atmel Studio\7.0\RM\RM\ArduinoCore\Debug\libArduinoCore.a(hooks.o)
 .debug_abbrev  0x00003b99       0xfc C:\Users\Saba Baig\Documents\Atmel Studio\7.0\RM\RM\ArduinoCore\Debug\libArduinoCore.a(WInterrupts.o)

.debug_line     0x00000000     0x777f
 *(.debug_line .debug_line.* .debug_line_end)
 .debug_line    0x00000000      0x133 C:/Program Files (x86)/Atmel/Studio/7.0/Packs/atmel/ATmega_DFP/1.2.132/gcc/dev/atmega328p/avr5/crtatmega328p.o
 .debug_line    0x00000133      0x709 GpsManager.o