Archive member included to satisfy reference by file (symbol)

c:/program files (x86)/atmel/studio/7.0/toolchain/avr8/avr8-gnu-toolchain/bin/../lib/gcc/avr/5.4.0/../../../../avr/lib/avr5\libm.a(floatsisf.o)
                              SensorManager.o (__floatsisf)
C:\Users\Saba Baig\Documents\Atmel Studio\7.0\RM\RM\ArduinoCore\Debug\libArduinoCore.a(HardwareSerial.o)
                              Main_SignalLogging.o (_ZN14HardwareSerial5beginEmh)
C:\Users\Saba Baig\Documents\Atmel Studio\7.0\RM\RM\ArduinoCore\Debug\libArduinoCore.a(HardwareSerial0.o)
                              Adafruit_FONA.o (Serial)
C:\Users\Saba Baig\Documents\Atmel Studio\7.0\RM\RM\ArduinoCore\Debug\libArduinoCore.a(main.o)
                              C:/Program Files (x86)/Atmel/Studio/7.0/Packs/atmel/ATmega_DFP/1.2.132/gcc/dev/atmega328p/avr5/crtatmega328p.o (main)
C:\Users\Saba Baig\Documents\Atmel Studio\7.0\RM\RM\ArduinoCore\Debug\libArduinoCore.a(new.o)
                              Adafruit_FONA.o (_Znwj)
C:\Users\Saba Baig\Documents\Atmel Studio\7.0\RM\RM\ArduinoCore\Debug\libArduinoCore.a(Print.o)
                              Adafruit_FONA.o (_ZN5Print5writeEPKhj)
C:\Users\Saba Baig\Documents\Atmel Studio\7.0\RM\RM\ArduinoCore\Debug\libArduinoCore.a(wiring.o)
                              Adafruit_FONA.o (delay)
C:\Users\Saba Baig\Documents\Atmel Studio\7.0\RM\RM\ArduinoCore\Debug\libArduinoCore.a(wiring_analog.o)
                              SensorManager.o (analogRead)
C:\Users\Saba Baig\Documents\Atmel Studio\7.0\RM\RM\ArduinoCore\Debug\libArduinoCore.a(wiring_digital.o)
                              Adafruit_FONA.o (pinMode)
C:\Users\Saba Baig\Documents\Atmel Studio\7.0\RM\RM\ArduinoCore\Debug\libArduinoCore.a(WString.o)
                              Adafruit_FONA.o (_ZN6StringD1Ev)
C:\Users\Saba Baig\Documents\Atmel Studio\7.0\RM\RM\ArduinoCore\Debug\libArduinoCore.a(SoftwareSerial.o)
                              Adafruit_FONA.o (_ZN14SoftwareSerialC1Ehhb)
C:\Users\Saba Baig\Documents\Atmel Studio\7.0\RM\RM\ArduinoCore\Debug\libArduinoCore.a(abi.o)
                              C:\Users\Saba Baig\Documents\Atmel Studio\7.0\RM\RM\ArduinoCore\Debug\libArduinoCore.a(Print.o) (__cxa_pure_virtual)
C:\Users\Saba Baig\Documents\Atmel Studio\7.0\RM\RM\ArduinoCore\Debug\libArduinoCore.a(hooks.o)
                              C:\Users\Saba Baig\Documents\Atmel Studio\7.0\RM\RM\ArduinoCore\Debug\libArduinoCore.a(wiring.o) (yield)
c:/program files (x86)/atmel/studio/7.0/toolchain/avr8/avr8-gnu-toolchain/bin/../lib/gcc/avr/5.4.0/../../../../avr/lib/avr5\libm.a(addsf3.o)
                              C:\Users\Saba Baig\Documents\Atmel Studio\7.0\RM\RM\ArduinoCore\Debug\libArduinoCore.a(Print.o) (__subsf3)
c:/program files (x86)/atmel/studio/7.0/toolchain/avr8/avr8-gnu-toolchain/bin/../lib/gcc/avr/5.4.0/../../../../avr/lib/avr5\libm.a(addsf3x.o)
                              c:/program files (x86)/atmel/studio/7.0/toolchain/avr8/avr8-gnu-toolchain/bin/../lib/gcc/avr/5.4.0/../../../../avr/lib/avr5\libm.a(addsf3.o) (__addsf3x)
c:/program files (x86)/atmel/studio/7.0/toolchain/avr8/avr8-gnu-toolchain/bin/../lib/gcc/avr/5.4.0/../../../../avr/lib/avr5\libm.a(cmpsf2.o)
                              C:\Users\Saba Baig\Documents\Atmel Studio\7.0\RM\RM\ArduinoCore\Debug\libArduinoCore.a(Print.o) (__ltsf2)
c:/program files (x86)/atmel/studio/7.0/toolchain/avr8/avr8-gnu-toolchain/bin/../lib/gcc/avr/5.4.0/../../../../avr/lib/avr5\libm.a(divsf3.o)
                              C:\Users\Saba Baig\Documents\Atmel Studio\7.0\RM\RM\ArduinoCore\Debug\libArduinoCore.a(Print.o) (__divsf3)
c:/program files (x86)/atmel/studio/7.0/toolchain/avr8/avr8-gnu-toolchain/bin/../lib/gcc/avr/5.4.0/../../../../avr/lib/avr5\libm.a(divsf3x.o)
                              c:/program files (x86)/atmel/studio/7.0/toolchain/avr8/avr8-gnu-toolchain/bin/../lib/gcc/avr/5.4.0/../../../../avr/lib/avr5\libm.a(divsf3.o) (__divsf3x)
c:/program files (x86)/atmel/studio/7.0/toolchain/avr8/avr8-gnu-toolchain/bin/../lib/gcc/avr/5.4.0/../../../../avr/lib/avr5\libm.a(fixsfsi.o)
                              C:\Users\Saba Baig\Documents\Atmel Studio\7.0\RM\RM\ArduinoCore\Debug\libArduinoCore.a(Print.o) (__fixsfsi)
c:/program files (x86)/atmel/studio/7.0/toolchain/avr8/avr8-gnu-toolchain/bin/../lib/gcc/avr/5.4.0/../../../../avr/lib/avr5\libm.a(fixunssfsi.o)
                              C:\Users\Saba Baig\Documents\Atmel Studio\7.0\RM\RM\ArduinoCore\Debug\libArduinoCore.a(Print.o) (__fixunssfsi)
c:/program files (x86)/atmel/studio/7.0/toolchain/avr8/avr8-gnu-toolchain/bin/../lib/gcc/avr/5.4.0/../../../../avr/lib/avr5\libm.a(fp_cmp.o)
                              c:/program files (x86)/atmel/studio/7.0/toolchain/avr8/avr8-gnu-toolchain/bin/../lib/gcc/avr/5.4.0/../../../../avr/lib/avr5\libm.a(cmpsf2.o) (__fp_cmp)
c:/program files (x86)/atmel/studio/7.0/toolchain/avr8/avr8-gnu-toolchain/bin/../lib/gcc/avr/5.4.0/../../../../avr/lib/avr5\libm.a(fp_inf.o)
[...]
Memory Configuration

Name             Origin             Length             Attributes
text             0x00000000         0x00020000         xr
data             0x00800060         0x0000ffa0         rw !x
eeprom           0x00810000         0x00010000         rw !x
fuse             0x00820000         0x00000003         rw !x
lock             0x00830000         0x00000400         rw !x
signature        0x00840000         0x00000400         rw !x
user_signatures  0x00850000         0x00000400         rw !x
*default*        0x00000000         0xffffffff

Linker script and memory map

Address of section .data set to 0x800100
LOAD C:/Program Files (x86)/Atmel/Studio/7.0/Packs/atmel/ATmega_DFP/1.2.132/gcc/dev/atmega328p/avr5/crtatmega328p.o
LOAD Adafruit_FONA.o
LOAD GpsManager.o
LOAD GsmManager.o
LOAD GsmPayload.o
LOAD Helpers.o
LOAD Main_SignalLogging.o
LOAD RmMemManager.o
LOAD SensorManager.o
LOAD src/libraries/Wire/src/utility/twi.o
LOAD src/libraries/Wire/src/Wire.o
LOAD ExtendedTests.o
LOAD Timing.o
START GROUP
LOAD c:/program files (x86)/atmel/studio/7.0/toolchain/avr8/avr8-gnu-toolchain/bin/../lib/gcc/avr/5.4.0/../../../../avr/lib/avr5\libm.a
LOAD C:\Users\Saba Baig\Documents\Atmel Studio\7.0\RM\RM\ArduinoCore\Debug\libArduinoCore.a
END GROUP
LOAD c:/program files (x86)/atmel/studio/7.0/toolchain/avr8/avr8-gnu-toolchain/bin/../lib/gcc/avr/5.4.0/avr5\libgcc.a
LOAD c:/program files (x86)/atmel/studio/7.0/toolchain/avr8/avr8-gnu-toolchain/bin/../lib/gcc/avr/5.4.0/../../../../avr/lib/avr5\libm.a
START GROUP
LOAD c:/program files (x86)/atmel/studio/7.0/toolchain/avr8/avr8-gnu-toolchain/bin/../lib/gcc/avr/5.4.0/avr5\libgcc.a
LOAD c:/program files (x86)/atmel/studio/7.0/toolchain/avr8/avr8-gnu-toolchain/bin/../lib/gcc/avr/5.4.0/../../../../avr/lib/avr5\libm.a
LOAD c:/program files (x86)/atmel/studio/7.0/toolchain/avr8/avr8-gnu-toolchain/bin/../lib/gcc/avr/5.4.0/../../../../avr/lib/avr5\libc.a
LOAD C:/Program Files (x86)/Atmel/Studio/7.0/Packs/atmel/ATmega_DFP/1.2.132/gcc/dev/atmega328p/avr5\libatmega328p.a
END GROUP
                0x00000000                __TEXT_REGION_ORIGIN__ = DEFINED (__TEXT_REGION_ORIGIN__)?__TEXT_REGION_ORIGIN__:0x0
                0x00800060                __DATA_REGION_ORIGIN__ = DEFINED (__DATA_REGION_ORIGIN__)?__DATA_REGION_ORIGIN__:0x800060
                0x00020000                __TEXT_REGION_LENGTH__ = DEFINED (__TEXT_REGION_LENGTH__)?__TEXT_REGION_LENGTH__:0x20000
                0x0000ffa0                __DATA_REGION_LENGTH__ = DEFINED (__DATA_REGION_LENGTH__)?__DATA_REGION_LENGTH__:0xffa0
                0x00010000                __EEPROM_REGION_LENGTH__ = DEFINED (__EEPROM_REGION_LENGTH__)?__EEPROM_REGION_LENGTH__:0x10000
                [0x00000003]                __FUSE_REGION_LENGTH__ = DEFINED (__FUSE_REGION_LENGTH__)?__FUSE_REGION_LENGTH__:0x400
                0x00000400                __LOCK_REGION_LENGTH__ = DEFINED (__LOCK_REGION_LENGTH__)?__LOCK_REGION_LENGTH__:0x400
                0x00000400                __SIGNATURE_REGION_LENGTH__ = DEFINED (__SIGNATURE_REGION_LENGTH__)?__SIGNATURE_REGION_LENGTH__:0x400
                0x00000400                __USER_SIGNATURE_REGION_LENGTH__ = DEFINED (__USER_SIGNATURE_REGION_LENGTH__)?__USER_SIGNATURE_REGION_LENGTH__:0x400

.hash
 *(.hash)

.dynsym
 *(.dynsym)

.dynstr
 *(.dynstr)

.gnu.version
 *(.gnu.version)

.gnu.version_d
 *(.gnu.version_d)

.gnu.version_r
 *(.gnu.version_r)

.rel.init
 *(.rel.init)

.rela.init
 *(.rela.init)

.rel.text
 *(.rel.text)
 *(.rel.text.*)
 *(.rel.gnu.linkonce.t*)

.rela.text
 *(.rela.text)
 *(.rela.text.*)
 *(.rela.gnu.linkonce.t*)

.rel.fini
 *(.rel.fini)

.rela.fini
 *(.rela.fini)

.rel.rodata
 *(.rel.rodata)
 *(.rel.rodata.*)
 *(.rel.gnu.linkonce.r*)

.rela.rodata
 *(.rela.rodata)
 *(.rela.rodata.*)
 *(.rela.gnu.linkonce.r*)

.rel.data
 *(.rel.data)
 *(.rel.data.*)
 *(.rel.gnu.linkonce.d*)

.rela.data
 *(.rela.data)
 *(.rela.data.*)
 *(.rela.gnu.linkonce.d*)

.rel.ctors
 *(.rel.ctors)

.rela.ctors
 *(.rela.ctors)

.rel.dtors
 *(.rel.dtors)

.rela.dtors
 *(.rela.dtors)

.rel.got
 *(.rel.got)

.rela.got
 *(.rela.got)

.rel.bss
 *(.rel.bss)

.rela.bss
 *(.rela.bss)

.rel.plt
 *(.rel.plt)

.rela.plt
 *(.rela.plt)

.text           0x00000000     0x46c6
 *(.vectors)
 .vectors       0x00000000       0x68 C:/Program Files (x86)/Atmel/Studio/7.0/Packs/atmel/ATmega_DFP/1.2.132/gcc/dev/atmega328p/avr5/crtatmega328p.o
                0x00000000                __vector_default
                0x00000000                __vectors
 *(.vectors)
 *(.progmem.gcc*)
                0x00000068                . = ALIGN (0x2)
                0x00000068                __trampolines_start = .
 *(.trampolines)
 .trampolines   0x00000068        0x0 linker stubs
 *(.trampolines*)
                0x00000068                __trampolines_end = .
 *libprintf_flt.a:*(.progmem.data)
 *libc.a:*(.progmem.data)
 *(.progmem*)
 .progmem.data._ZZN13Adafruit_FONA14getReplyQuotedEPK19__FlashStringHelperS2_jE3__c_0
                0x00000068        0x7 Adafruit_FONA.o
 .progmem.data._ZZN13Adafruit_FONA14getReplyQuotedEPK19__FlashStringHelperS2_jE3__c
                0x0000006f        0x7 Adafruit_FONA.o
 .progmem.data._ZZN13Adafruit_FONA8getReplyEPK19__FlashStringHelperljE3__c_0
                0x00000076        0x7 Adafruit_FONA.o
 .progmem.data._ZZN13Adafruit_FONA8getReplyEPK19__FlashStringHelperljE3__c
                0x0000007d        0x7 Adafruit_FONA.o
 .progmem.data._ZZN13Adafruit_FONA8getReplyEPK19__FlashStringHelperjE3__c_0
                0x00000084        0x7 Adafruit_FONA.o
 .progmem.data._ZZN13Adafruit_FONA8getReplyEPK19__FlashStringHelperjE3__c
                0x0000008b        0x7 Adafruit_FONA.o
 .progmem.data._ZZN13Adafruit_FONA8readlineEjbE3__c
                0x00000092        0x6 Adafruit_FONA.o
 .progmem.data._ZZN13Adafruit_FONA11expectReplyEPK19__FlashStringHelperjE3__c
                0x00000098        0x7 Adafruit_FONA.o
 .progmem.data._ZZN13Adafruit_FONA10HTTP_setupEPcE3__c_1
                0x0000009f        0x3 Adafruit_FONA.o
 .progmem.data._ZZN13Adafruit_FONA10HTTP_setupEPcE3__c_0
                0x000000a2        0x4 Adafruit_FONA.o
 .progmem.data._ZZN13Adafruit_FONA10HTTP_setupEPcE3__c
                0x000000a6        0x4 Adafruit_FONA.o
 .progmem.data._ZZN13Adafruit_FONA15HTTP_POST_startEPcPK19__FlashStringHelperPKhjPjS6_E3__c_1
                0x000000aa        0x6 Adafruit_FONA.o
 .progmem.data._ZZN13Adafruit_FONA15HTTP_POST_startEPcPK19__FlashStringHelperPKhjPjS6_E3__c_0
                0x000000b0        0x9 Adafruit_FONA.o
 .progmem.data._ZZN13Adafruit_FONA15HTTP_POST_startEPcPK19__FlashStringHelperPKhjPjS6_E3__c
                0x000000b9        0x8 Adafruit_FONA.o
 .progmem.data._ZZN13Adafruit_FONA12HTTP_readallEPjE3__c_0
                0x000000c1        0xb Adafruit_FONA.o
 .progmem.data._ZZN13Adafruit_FONA12HTTP_readallEPjE3__c
                0x000000cc        0xc Adafruit_FONA.o
 .progmem.data._ZZN13Adafruit_FONA11HTTP_actionEhPjS0_lE3__c_1
                0x000000d8        0xd Adafruit_FONA.o
 .progmem.data._ZZN13Adafruit_FONA11HTTP_actionEhPjS0_lE3__c_0
                0x000000e5        0xd Adafruit_FONA.o
 .progmem.data._ZZN13Adafruit_FONA11HTTP_actionEhPjS0_lE3__c
                0x000000f2        0xf Adafruit_FONA.o
 .progmem.data._ZZN13Adafruit_FONA9HTTP_dataEmmE3__c_2
                0x00000101        0x9 Adafruit_FONA.o
 .progmem.data._ZZN13Adafruit_FONA9HTTP_dataEmmE3__c_1
                0x0000010a        0xd Adafruit_FONA.o
 .progmem.data._ZZN13Adafruit_FONA9HTTP_dataEmmE3__c_0
                0x00000117        0xd Adafruit_FONA.o
 .progmem.data._ZZN13Adafruit_FONA9HTTP_dataEmmE3__c
                0x00000124        0x7 Adafruit_FONA.o
 .progmem.data._ZZN13Adafruit_FONA15HTTP_para_startEPK19__FlashStringHelperbE3__c_3
                0x0000012b        0x3 Adafruit_FONA.o
 .progmem.data._ZZN13Adafruit_FONA15HTTP_para_startEPK19__FlashStringHelperbE3__c_2
                0x0000012e        0x4 Adafruit_FONA.o
 .progmem.data._ZZN13Adafruit_FONA15HTTP_para_startEPK19__FlashStringHelperbE3__c_1
                0x00000132        0xe Adafruit_FONA.o
 .progmem.data._ZZN13Adafruit_FONA15HTTP_para_startEPK19__FlashStringHelperbE3__c_0
                0x00000140        0xe Adafruit_FONA.o
 .progmem.data._ZZN13Adafruit_FONA15HTTP_para_startEPK19__FlashStringHelperbE3__c
                0x0000014e        0x7 Adafruit_FONA.o
 .progmem.data._ZZN13Adafruit_FONA9HTTP_termEvE3__c
                0x00000155        0xc Adafruit_FONA.o
 .progmem.data._ZZN13Adafruit_FONA9HTTP_initEvE3__c
                0x00000161        0xc Adafruit_FONA.o
 .progmem.data._ZZN13Adafruit_FONA16sendDataOverGprsEPhjPjE3__c_0
                0x0000016d       0x16 Adafruit_FONA.o
 .progmem.data._ZZN13Adafruit_FONA16sendDataOverGprsEPhjPjE3__c
                0x00000183        0xb Adafruit_FONA.o
 .progmem.data._ZZN13Adafruit_FONA10enableGPRSEbE3__c_14
                0x0000018e        0xb Adafruit_FONA.o
 .progmem.data._ZZN13Adafruit_FONA10enableGPRSEbE3__c_13
                0x00000199        0xd Adafruit_FONA.o
 .progmem.data._ZZN13Adafruit_FONA10enableGPRSEbE3__c_11
                0x000001a6        0xb Adafruit_FONA.o
 .progmem.data._ZZN13Adafruit_FONA10enableGPRSEbE3__c_12
                0x000001b1        0x8 Adafruit_FONA.o
 .progmem.data._ZZN13Adafruit_FONA10enableGPRSEbE3__c_10
                0x000001b9        0x9 Adafruit_FONA.o
 .progmem.data._ZZN13Adafruit_FONA10enableGPRSEbE3__c_9
                0x000001c2        0xd Adafruit_FONA.o
 .progmem.data._ZZN13Adafruit_FONA10enableGPRSEbE3__c_8
                0x000001cf       0x14 Adafruit_FONA.o
 .progmem.data._ZZN13Adafruit_FONA10enableGPRSEbE3__c_7
                0x000001e3       0x15 Adafruit_FONA.o
 .progmem.data._ZZN13Adafruit_FONA10enableGPRSEbE3__c_6
                0x000001f8        0xa Adafruit_FONA.o
 .progmem.data._ZZN13Adafruit_FONA10enableGPRSEbE3__c_5
                0x00000202        0x7 Adafruit_FONA.o
 .progmem.data._ZZN13Adafruit_FONA10enableGPRSEbE3__c_4
                0x00000209        0xa Adafruit_FONA.o
 .progmem.data._ZZN13Adafruit_FONA10enableGPRSEbE3__c_3
                0x00000213       0x14 Adafruit_FONA.o
 .progmem.data._ZZN13Adafruit_FONA10enableGPRSEbE3__c_2
                0x00000227       0x1e Adafruit_FONA.o
 .progmem.data._ZZN13Adafruit_FONA10enableGPRSEbE3__c_1
                0x00000245        0xb Adafruit_FONA.o
 .progmem.data._ZZN13Adafruit_FONA10enableGPRSEbE3__c
                0x00000250        0xb Adafruit_FONA.o
 .progmem.data._ZZN13Adafruit_FONA10enableGPRSEbE3__c_0
                0x0000025b        0x8 Adafruit_FONA.o
 .progmem.data._ZZN13Adafruit_FONA7getRSSIEvE3__c_5
                0x00000263        0x9 Adafruit_FONA.o
 .progmem.data._ZZN13Adafruit_FONA7getRSSIEvE3__c_6
                0x0000026c        0x8 Adafruit_FONA.o
 .progmem.data._ZZN13Adafruit_FONA7getRSSIEvE3__c_3
                0x00000274        0x9 Adafruit_FONA.o
 .progmem.data._ZZN13Adafruit_FONA7getRSSIEvE3__c_4
                0x0000027d        0x8 Adafruit_FONA.o
 .progmem.data._ZZN13Adafruit_FONA7getRSSIEvE3__c_1
                0x00000285        0x7 Adafruit_FONA.o
 .progmem.data._ZZN13Adafruit_FONA7getRSSIEvE3__c_2
                0x0000028c        0x7 Adafruit_FONA.o
 .progmem.data._ZZN13Adafruit_FONA7getRSSIEvE3__c
                0x00000293        0x7 Adafruit_FONA.o
 .progmem.data._ZZN13Adafruit_FONA7getRSSIEvE3__c_0
                0x0000029a        0x7 Adafruit_FONA.o
 .progmem.data._ZZN13Adafruit_FONA14getBattPercentEPjE3__c
                0x000002a1        0x7 Adafruit_FONA.o
 .progmem.data._ZZN13Adafruit_FONA14getBattPercentEPjE3__c_0
                0x000002a8        0x7 Adafruit_FONA.o
 .progmem.data._ZZN13Adafruit_FONA5beginEhhE3__c_11
                0x000002af        0xb Adafruit_FONA.o
 .progmem.data._ZZN13Adafruit_FONA5beginEhhE3__c_10
                0x000002ba        0x7 Adafruit_FONA.o
 .progmem.data._ZZN13Adafruit_FONA5beginEhhE3__c_9
                0x000002c1        0x7 Adafruit_FONA.o
 .progmem.data._ZZN13Adafruit_FONA5beginEhhE3__c_8
                0x000002c8        0x5 Adafruit_FONA.o
 .progmem.data._ZZN13Adafruit_FONA5beginEhhE3__c_7
                0x000002cd        0x5 Adafruit_FONA.o
 .progmem.data._ZZN13Adafruit_FONA5beginEhhE3__c_6
                0x000002d2       0x1f Adafruit_FONA.o
 .progmem.data._ZZN13Adafruit_FONA5beginEhhE3__c_5
                0x000002f1        0x3 Adafruit_FONA.o
 .progmem.data._ZZN13Adafruit_FONA5beginEhhE3__c_4
                0x000002f4        0x3 Adafruit_FONA.o
 .progmem.data._ZZN13Adafruit_FONA5beginEhhE3__c_3
                0x000002f7        0x3 Adafruit_FONA.o
 .progmem.data._ZZN13Adafruit_FONA5beginEhhE3__c_1
                0x000002fa        0x3 Adafruit_FONA.o
 .progmem.data._ZZN13Adafruit_FONA5beginEhhE3__c_2
                0x000002fd        0x3 Adafruit_FONA.o
 .progmem.data._ZZN13Adafruit_FONA5beginEhhE3__c_0
                0x00000300        0x3 Adafruit_FONA.o
 .progmem.data._ZZN13Adafruit_FONA5beginEhhE3__c
                0x00000303       0x21 Adafruit_FONA.o
 .progmem.data._ZZN13Adafruit_FONAC4EabE3__c_0
                0x00000324        0x3 Adafruit_FONA.o
 .progmem.data._ZZN13Adafruit_FONAC4EabE3__c
                0x00000327        0x8 Adafruit_FONA.o
 .progmem.data._ZZN7Helpers15printSensorDataEP10SensorDataE3__c_7
                0x0000032f        0x7 Helpers.o
 .progmem.data._ZZN7Helpers15printSensorDataEP10SensorDataE3__c_6
                0x00000336        0x4 Helpers.o
 .progmem.data._ZZN7Helpers15printSensorDataEP10SensorDataE3__c_5
                0x0000033a        0x6 Helpers.o
 .progmem.data._ZZN7Helpers15printSensorDataEP10SensorDataE3__c_4
                0x00000340        0x4 Helpers.o
 .progmem.data._ZZN7Helpers15printSensorDataEP10SensorDataE3__c_3
                0x00000344        0x9 Helpers.o
 .progmem.data._ZZN7Helpers15printSensorDataEP10SensorDataE3__c_2
                0x0000034d        0x4 Helpers.o
 .progmem.data._ZZN7Helpers15printSensorDataEP10SensorDataE3__c_1
                0x00000351        0x6 Helpers.o
 .progmem.data._ZZN7Helpers15printSensorDataEP10SensorDataE3__c_0
                0x00000357        0x4 Helpers.o
 .progmem.data._ZZN7Helpers15printSensorDataEP10SensorDataE3__c
                0x0000035b        0x8 Helpers.o
 .progmem.data._ZZN7Helpers9printRSSIEP13FONA_GET_RSSIE3__c_7
                0x00000363        0xd Helpers.o
 .progmem.data._ZZN7Helpers9printRSSIEP13FONA_GET_RSSIE3__c_6
                0x00000370        0x4 Helpers.o
 .progmem.data._ZZN7Helpers9printRSSIEP13FONA_GET_RSSIE3__c_5
                0x00000374        0x9 Helpers.o
 .progmem.data._ZZN7Helpers9printRSSIEP13FONA_GET_RSSIE3__c_4
                0x0000037d        0xa Helpers.o
 .progmem.data._ZZN7Helpers9printRSSIEP13FONA_GET_RSSIE3__c_3
                0x00000387       0x15 Helpers.o
 .progmem.data._ZZN7Helpers9printRSSIEP13FONA_GET_RSSIE3__c_2
                0x0000039c        0x4 Helpers.o
 .progmem.data._ZZN7Helpers9printRSSIEP13FONA_GET_RSSIE3__c_1
                0x000003a0        0x5 Helpers.o
 .progmem.data._ZZN7Helpers9printRSSIEP13FONA_GET_RSSIE3__c_0
                0x000003a5        0x4 Helpers.o
 .progmem.data._ZZN7Helpers9printRSSIEP13FONA_GET_RSSIE3__c
                0x000003a9        0x6 Helpers.o
 .progmem.data._ZL12b64_alphabet
                0x000003af       0x41 Helpers.o
 .progmem.data._ZZ4loopE3__c
                0x000003f0        0xa Main_SignalLogging.o
 .progmem.data._ZZ8sendDatavE3__c_2
                0x000003fa       0x29 Main_SignalLogging.o
 .progmem.data._ZZ8sendDatavE3__c_1
                0x00000423       0x13 Main_SignalLogging.o
 .progmem.data._ZZ8sendDatavE3__c_0
                0x00000436       0x18 Main_SignalLogging.o
 .progmem.data._ZZ8sendDatavE3__c
                0x0000044e       0x1f Main_SignalLogging.o
 .progmem.data._ZZ17createEncodedDataP13Adafruit_FONAPchP14DailyCycleDataE3__c
                0x0000046d       0x30 Main_SignalLogging.o
 .progmem.data._ZZ12takeReadingsvE3__c
                0x0000049d       0x13 Main_SignalLogging.o
 .progmem.data._ZZ21ensureFonaInitialisedbPbE3__c_9
                0x000004b0       0x26 Main_SignalLogging.o
 .progmem.data._ZZ21ensureFonaInitialisedbPbE3__c_8
                0x000004d6       0x38 Main_SignalLogging.o
 .progmem.data._ZZ21ensureFonaInitialisedbPbE3__c_7
                0x0000050e       0x2f Main_SignalLogging.o
 .progmem.data._ZZ21ensureFonaInitialisedbPbE3__c_6
                0x0000053d       0x1b Main_SignalLogging.o
 .progmem.data._ZZ21ensureFonaInitialisedbPbE3__c_5
                0x00000558       0x20 Main_SignalLogging.o
 .progmem.data._ZZ21ensureFonaInitialisedbPbE3__c_4
                0x00000578       0x23 Main_SignalLogging.o
 .progmem.data._ZZ21ensureFonaInitialisedbPbE3__c_3
                0x0000059b       0x26 Main_SignalLogging.o
 .progmem.data._ZZ21ensureFonaInitialisedbPbE3__c_2
                0x000005c1       0x18 Main_SignalLogging.o
 .progmem.data._ZZ21ensureFonaInitialisedbPbE3__c_1
                0x000005d9       0x1d Main_SignalLogging.o
 .progmem.data._ZZ21ensureFonaInitialisedbPbE3__c_0
                0x000005f6       0x1b Main_SignalLogging.o
 .progmem.data._ZZ21ensureFonaInitialisedbPbE3__c
                0x00000611       0x15 Main_SignalLogging.o
 .progmem.data._ZZ5setupE3__c
                0x00000626        0xc Main_SignalLogging.o
 .progmem.data._ZZN13ExtendedTests20startExtendedGsmTestEP13Adafruit_FONAP12RmMemManagerE3__c_0
                0x00000632       0x27 ExtendedTests.o
 .progmem.data._ZZN13ExtendedTests20startExtendedGsmTestEP13Adafruit_FONAP12RmMemManagerE3__c
                0x00000659        0x5 ExtendedTests.o
 .progmem.data._ZZN13ExtendedTests18endExtendedGsmTestEvE3__c
                0x0000065e       0x3b ExtendedTests.o
 .progmem.data.digital_pin_to_timer_PGM
                0x00000699       0x14 C:\Users\Saba Baig\Documents\Atmel Studio\7.0\RM\RM\ArduinoCore\Debug\libArduinoCore.a(wiring_digital.o)
                0x00000699                digital_pin_to_timer_PGM
 .progmem.data.digital_pin_to_bit_mask_PGM
                0x000006ad       0x14 C:\Users\Saba Baig\Documents\Atmel Studio\7.0\RM\RM\ArduinoCore\Debug\libArduinoCore.a(wiring_digital.o)
                0x000006ad                digital_pin_to_bit_mask_PGM
 .progmem.data.digital_pin_to_port_PGM
                0x000006c1       0x14 C:\Users\Saba Baig\Documents\Atmel Studio\7.0\RM\RM\ArduinoCore\Debug\libArduinoCore.a(wiring_digital.o)
                0x000006c1                digital_pin_to_port_PGM
 .progmem.data.port_to_input_PGM
                0x000006d5        0xa C:\Users\Saba Baig\Documents\Atmel Studio\7.0\RM\RM\ArduinoCore\Debug\libArduinoCore.a(wiring_digital.o)
                0x000006d5                port_to_input_PGM
 .progmem.data.port_to_output_PGM
                0x000006df        0xa C:\Users\Saba Baig\Documents\Atmel Studio\7.0\RM\RM\ArduinoCore\Debug\libArduinoCore.a(wiring_digital.o)
                0x000006df                port_to_output_PGM
 .progmem.data.port_to_mode_PGM
                0x000006e9        0xa C:\Users\Saba Baig\Documents\Atmel Studio\7.0\RM\RM\ArduinoCore\Debug\libArduinoCore.a(wiring_digital.o)
                0x000006e9                port_to_mode_PGM
                0x000006f4                . = ALIGN (0x2)
 *fill*         0x000006f3        0x1 
 *(.jumptables)
 *(.jumptables*)
 *(.lowtext)
 *(.lowtext*)
                0x000006f4                __ctors_start = .
 *(.ctors)
 .ctors         0x000006f4        0x2 Main_SignalLogging.o
 .ctors         0x000006f6        0x2 src/libraries/Wire/src/Wire.o
 .ctors         0x000006f8        0x2 C:\Users\Saba Baig\Documents\Atmel Studio\7.0\RM\RM\ArduinoCore\Debug\libArduinoCore.a(HardwareSerial0.o)
                0x000006fa                __ctors_end = .
                0x000006fa                __dtors_start = .
 *(.dtors)
 .dtors         0x000006fa        0x2 Main_SignalLogging.o
                0x000006fc                __dtors_end = .
 SORT(*)(.ctors)
 SORT(*)(.dtors)
 *(.init0)
 .init0         0x000006fc        0x0 C:/Program Files (x86)/Atmel/Studio/7.0/Packs/atmel/ATmega_DFP/1.2.132/gcc/dev/atmega328p/avr5/crtatmega328p.o
                0x000006fc                __init
 *(.init0)
 *(.init1)
 *(.init1)
 *(.init2)
 .init2         0x000006fc        0xc C:/Program Files (x86)/Atmel/Studio/7.0/Packs/atmel/ATmega_DFP/1.2.132/gcc/dev/atmega328p/avr5/crtatmega328p.o
 *(.init2)
 *(.init3)
 *(.init3)
 *(.init4)
 .init4         0x00000708       0x16 c:/program files (x86)/atmel/studio/7.0/toolchain/avr8/avr8-gnu-toolchain/bin/../lib/gcc/avr/5.4.0/avr5\libgcc.a(_copy_data.o)
                0x00000708                __do_copy_data
 .init4         0x0000071e       0x10 c:/program files (x86)/atmel/studio/7.0/toolchain/avr8/avr8-gnu-toolchain/bin/../lib/gcc/avr/5.4.0/avr5\libgcc.a(_clear_bss.o)
                0x0000071e                __do_clear_bss
 *(.init4)
 *(.init5)
 *(.init5)
 *(.init6)
 .init6         0x0000072e       0x16 c:/program files (x86)/atmel/studio/7.0/toolchain/avr8/avr8-gnu-toolchain/bin/../lib/gcc/avr/5.4.0/avr5\libgcc.a(_ctors.o)
                0x0000072e                __do_global_ctors
 *(.init6)
 *(.init7)
 *(.init7)
 *(.init8)
 *(.init8)
 *(.init9)
 .init9         0x00000744        0x8 C:/Program Files (x86)/Atmel/Studio/7.0/Packs/atmel/ATmega_DFP/1.2.132/gcc/dev/atmega328p/avr5/crtatmega328p.o
 *(.init9)
 *(.text)
 .text          0x0000074c        0x4 C:/Program Files (x86)/Atmel/Studio/7.0/Packs/atmel/ATmega_DFP/1.2.132/gcc/dev/atmega328p/avr5/crtatmega328p.o
                0x0000074c                __vector_22
                0x0000074c                __vector_1
                0x0000074c                __vector_12
                0x0000074c                __bad_interrupt
                0x0000074c                __vector_6
                0x0000074c                __vector_23
                0x0000074c                __vector_25
                0x0000074c                __vector_11
                0x0000074c                __vector_13
                0x0000074c                __vector_17
                0x0000074c                __vector_7
                0x0000074c                __vector_9
                0x0000074c                __vector_2
                0x0000074c                __vector_21
                0x0000074c                __vector_15
                0x0000074c                __vector_8
                0x0000074c                __vector_14
                0x0000074c                __vector_10
                0x0000074c                __vector_20
                0x00000750                . = ALIGN (0x2)
 *(.text.*)
 .text._ZN13Adafruit_FONA9availableEv
                0x00000750       0x18 Adafruit_FONA.o
                0x00000750                _ZN13Adafruit_FONA9availableEv
 .text._ZN13Adafruit_FONA5writeEh
                0x00000768       0x18 Adafruit_FONA.o
                0x00000768                _ZN13Adafruit_FONA5writeEh
 .text._ZN13Adafruit_FONA4readEv
                0x00000780       0x18 Adafruit_FONA.o
                0x00000780                _ZN13Adafruit_FONA4readEv
 .text._ZN13Adafruit_FONA4peekEv
                0x00000798       0x18 Adafruit_FONA.o
                0x00000798                _ZN13Adafruit_FONA4peekEv
 .text._ZN13Adafruit_FONA5flushEv
                0x000007b0       0x18 Adafruit_FONA.o
                0x000007b0                _ZN13Adafruit_FONA5flushEv
 .text._ZN13Adafruit_FONAC2Eab
                0x000007c8       0x7a Adafruit_FONA.o
                0x000007c8                _ZN13Adafruit_FONAC2Eab
                0x000007c8                _ZN13Adafruit_FONAC1Eab
 .text._ZN13Adafruit_FONA12setUserAgentE6String
                0x00000842        0x8 Adafruit_FONA.o
                0x00000842                _ZN13Adafruit_FONA12setUserAgentE6String
 .text._ZN13Adafruit_FONA10flushInputEv
                0x0000084a       0x58 Adafruit_FONA.o
                0x0000084a                _ZN13Adafruit_FONA10flushInputEv
 .text._ZN13Adafruit_FONA15HTTP_para_startEPK19__FlashStringHelperb
                0x000008a2       0x7a Adafruit_FONA.o
                0x000008a2                _ZN13Adafruit_FONA15HTTP_para_startEPK19__FlashStringHelperb
 .text._ZN13Adafruit_FONA8readlineEjb
                0x0000091c       0xc4 Adafruit_FONA.o
                0x0000091c                _ZN13Adafruit_FONA8readlineEjb
 .text._ZN13Adafruit_FONA11expectReplyEPK19__FlashStringHelperj
                0x000009e0       0x48 Adafruit_FONA.o
                0x000009e0                _ZN13Adafruit_FONA11expectReplyEPK19__FlashStringHelperj
 .text._ZN13Adafruit_FONA13HTTP_para_endEb
                0x00000a28       0x3c Adafruit_FONA.o
                0x00000a28                _ZN13Adafruit_FONA13HTTP_para_endEb
 .text._ZN13Adafruit_FONA9HTTP_paraEPK19__FlashStringHelperPKc
                0x00000a64       0x32 Adafruit_FONA.o
                0x00000a64                _ZN13Adafruit_FONA9HTTP_paraEPK19__FlashStringHelperPKc
 .text._ZN13Adafruit_FONA9HTTP_paraEPK19__FlashStringHelper6String
                0x00000a96       0x32 Adafruit_FONA.o
                0x00000a96                _ZN13Adafruit_FONA9HTTP_paraEPK19__FlashStringHelper6String
 .text._ZN13Adafruit_FONA9HTTP_paraEPK19__FlashStringHelperS2_
                0x00000ac8       0x32 Adafruit_FONA.o
                0x00000ac8                _ZN13Adafruit_FONA9HTTP_paraEPK19__FlashStringHelperS2_
 .text._ZN13Adafruit_FONA9HTTP_paraEPK19__FlashStringHelperl
                0x00000afa       0x42 Adafruit_FONA.o
                0x00000afa                _ZN13Adafruit_FONA9HTTP_paraEPK19__FlashStringHelperl
 .text._ZN13Adafruit_FONA9HTTP_dataEmm
                0x00000b3c       0xd4 Adafruit_FONA.o
                0x00000b3c                _ZN13Adafruit_FONA9HTTP_dataEmm
 .text._ZN13Adafruit_FONA8getReplyEPK19__FlashStringHelperj
                0x00000c10       0x72 Adafruit_FONA.o
                0x00000c10                _ZN13Adafruit_FONA8getReplyEPK19__FlashStringHelperj
 .text._ZN13Adafruit_FONA8getReplyEPK19__FlashStringHelperlj
                0x00000c82       0xb4 Adafruit_FONA.o
                0x00000c82                _ZN13Adafruit_FONA8getReplyEPK19__FlashStringHelperlj
 .text._ZN13Adafruit_FONA14getReplyQuotedEPK19__FlashStringHelperS2_j
                0x00000d36       0xc8 Adafruit_FONA.o
                0x00000d36                _ZN13Adafruit_FONA14getReplyQuotedEPK19__FlashStringHelperS2_j
 .text._ZN13Adafruit_FONA14sendCheckReplyEPK19__FlashStringHelperS2_j
                0x00000dfe       0x34 Adafruit_FONA.o
                0x00000dfe                _ZN13Adafruit_FONA14sendCheckReplyEPK19__FlashStringHelperS2_j
 .text._ZN13Adafruit_FONA5beginEhh
                0x00000e32      0x26e Adafruit_FONA.o
                0x00000e32                _ZN13Adafruit_FONA5beginEhh
 .text._ZN13Adafruit_FONA9HTTP_initEv
                0x000010a0       0x16 Adafruit_FONA.o
                0x000010a0                _ZN13Adafruit_FONA9HTTP_initEv
 .text._ZN13Adafruit_FONA9HTTP_termEv
                0x000010b6       0x16 Adafruit_FONA.o
                0x000010b6                _ZN13Adafruit_FONA9HTTP_termEv
 .text._ZN13Adafruit_FONA10HTTP_setupEPc
                0x000010cc       0xa6 Adafruit_FONA.o
                0x000010cc                _ZN13Adafruit_FONA10HTTP_setupEPc
 .text._ZN13Adafruit_FONA14sendCheckReplyEPK19__FlashStringHelperlS2_j
                0x00001172       0x40 Adafruit_FONA.o
                0x00001172                _ZN13Adafruit_FONA14sendCheckReplyEPK19__FlashStringHelperlS2_j
 .text._ZN13Adafruit_FONA20sendCheckReplyQuotedEPK19__FlashStringHelperS2_S2_j
                0x000011b2       0x38 Adafruit_FONA.o
                0x000011b2                _ZN13Adafruit_FONA20sendCheckReplyQuotedEPK19__FlashStringHelperS2_S2_j
 .text._ZN13Adafruit_FONA10enableGPRSEb
                0x000011ea      0x2e8 Adafruit_FONA.o
                0x000011ea                _ZN13Adafruit_FONA10enableGPRSEb
 .text._ZN13Adafruit_FONA10parseReplyEPK19__FlashStringHelperPjch
                0x000014d2       0x6a Adafruit_FONA.o
                0x000014d2                _ZN13Adafruit_FONA10parseReplyEPK19__FlashStringHelperPjch
 .text._ZN13Adafruit_FONA12HTTP_readallEPj
                0x0000153c       0x36 Adafruit_FONA.o
                0x0000153c                _ZN13Adafruit_FONA12HTTP_readallEPj
 .text._ZN13Adafruit_FONA11HTTP_actionEhPjS0_l
                0x00001572       0xac Adafruit_FONA.o
                0x00001572                _ZN13Adafruit_FONA11HTTP_actionEhPjS0_l
 .text._ZN13Adafruit_FONA15HTTP_POST_startEPcPK19__FlashStringHelperPKhjPjS6_
                0x0000161e      0x146 Adafruit_FONA.o
                0x0000161e                _ZN13Adafruit_FONA15HTTP_POST_startEPcPK19__FlashStringHelperPKhjPjS6_
 .text._ZN13Adafruit_FONA16sendDataOverGprsEPhjPj
                0x00001764       0xec Adafruit_FONA.o
                0x00001764                _ZN13Adafruit_FONA16sendDataOverGprsEPhjPj
 .text._ZN13Adafruit_FONA14sendParseReplyEPK19__FlashStringHelperS2_Pjch
                0x00001850       0x58 Adafruit_FONA.o
                0x00001850                _ZN13Adafruit_FONA14sendParseReplyEPK19__FlashStringHelperS2_Pjch
 .text._ZN13Adafruit_FONA14getBattPercentEPj
                0x000018a8       0x1e Adafruit_FONA.o
                0x000018a8                _ZN13Adafruit_FONA14getBattPercentEPj
 .text._ZN13Adafruit_FONA7getRSSIEv
                0x000018c6       0xde Adafruit_FONA.o
                0x000018c6                _ZN13Adafruit_FONA7getRSSIEv
 .text._ZN10GsmPayloadC2Ev
                0x000019a4       0x1c GsmPayload.o
                0x000019a4                _ZN10GsmPayloadC1Ev
                0x000019a4                _ZN10GsmPayloadC2Ev
 .text._ZN10GsmPayload23getEncodedPayloadSize_SEh
                0x000019c0        0xe GsmPayload.o
                0x000019c0                _ZN10GsmPayload23getEncodedPayloadSize_SEh
 .text._ZN10GsmPayload16createRawPayloadEPh
                0x000019ce       0x2e GsmPayload.o
                0x000019ce                _ZN10GsmPayload16createRawPayloadEPh
 .text._ZN10GsmPayload20createEncodedPayloadEPc
                0x000019fc       0x78 GsmPayload.o
                0x000019fc                _ZN10GsmPayload20createEncodedPayloadEPc
 .text._ZN10GsmPayload13setSensorDataEP10SensorDatah
                0x00001a74        0xa GsmPayload.o
                0x00001a74                _ZN10GsmPayload13setSensorDataEP10SensorDatah
 .text._ZN10GsmPayload11setModuleIdEh
                0x00001a7e        0x6 GsmPayload.o
                0x00001a7e                _ZN10GsmPayload11setModuleIdEh
 .text._ZN10GsmPayload13getBootNumberEv
                0x00001a84        0x8 GsmPayload.o
                0x00001a84                _ZN10GsmPayload13getBootNumberEv
 .text._ZN10GsmPayload13setBootNumberEj
                0x00001a8c        0x8 GsmPayload.o
                0x00001a8c                _ZN10GsmPayload13setBootNumberEj
 .text._ZN10GsmPayload7setRSSIE13FONA_GET_RSSI
                0x00001a94        0xc GsmPayload.o
                0x00001a94                _ZN10GsmPayload7setRSSIE13FONA_GET_RSSI
 .text._ZN7Helpers9printRSSIEP13FONA_GET_RSSI
                0x00001aa0       0xe2 Helpers.o
                0x00001aa0                _ZN7Helpers9printRSSIEP13FONA_GET_RSSI
 .text._ZN7Helpers12isSignalGoodEP13FONA_GET_RSSI
                0x00001b82       0x18 Helpers.o
                0x00001b82                _ZN7Helpers12isSignalGoodEP13FONA_GET_RSSI
 .text._ZN7Helpers15printSensorDataEP10SensorData
                0x00001b9a       0xc4 Helpers.o
                0x00001b9a                _ZN7Helpers15printSensorDataEP10SensorData
 .text._ZN7Helpers12freeListSizeEv
                0x00001c5e       0x24 Helpers.o
                0x00001c5e                _ZN7Helpers12freeListSizeEv
 .text._ZN7Helpers10freeMemoryEv
                0x00001c82       0x50 Helpers.o
                0x00001c82                _ZN7Helpers10freeMemoryEv
 .text._ZN7Helpers14base64_enc_lenEi
                0x00001cd2       0x2e Helpers.o
                0x00001cd2                _ZN7Helpers14base64_enc_lenEi
 .text._Z8a3_to_a4PhS_
                0x00001d00       0x48 Helpers.o
                0x00001d00                _Z8a3_to_a4PhS_
 .text._ZN7Helpers13base64_encodeEPcPhi
                0x00001d48      0x154 Helpers.o
                0x00001d48                _ZN7Helpers13base64_encodeEPcPhi
 .text.setup    0x00001e9c       0x4e Main_SignalLogging.o
                0x00001e9c                setup
 .text._Z21ensureFonaInitialisedbPb
                0x00001eea      0x25e Main_SignalLogging.o
                0x00001eea                _Z21ensureFonaInitialisedbPb
 .text._Z15switchOffSystemv
                0x00002148       0x20 Main_SignalLogging.o
                0x00002148                _Z15switchOffSystemv
 .text._Z12takeReadingsv
                0x00002168       0x58 Main_SignalLogging.o
                0x00002168                _Z12takeReadingsv
 .text._Z17createEncodedDataP13Adafruit_FONAPchP14DailyCycleData
                0x000021c0      0x186 Main_SignalLogging.o
                0x000021c0                _Z17createEncodedDataP13Adafruit_FONAPchP14DailyCycleData
 .text._Z8sendDatav
                0x00002346      0x118 Main_SignalLogging.o
                0x00002346                _Z8sendDatav
 .text.loop     0x0000245e       0xbe Main_SignalLogging.o
                0x0000245e                loop
 .text.startup._GLOBAL__sub_I___fona
                0x0000251c       0x2c Main_SignalLogging.o
 .text.exit._GLOBAL__sub_D___fona
                0x00002548       0x14 Main_SignalLogging.o
 .text._ZN7TwoWire5writeEi
                0x0000255c        0xe RmMemManager.o
                0x0000255c                _ZN7TwoWire5writeEi
 .text._ZN12RmMemManagerC2Eb
                0x0000256a       0x22 RmMemManager.o
                0x0000256a                _ZN12RmMemManagerC1Eb
                0x0000256a                _ZN12RmMemManagerC2Eb
 .text._ZN12RmMemManager14loadSensorDataEP10SensorDatah
                0x0000258c       0x20 RmMemManager.o
                0x0000258c                _ZN12RmMemManager14loadSensorDataEP10SensorDatah
 .text._Z12internalReadjPhh
                0x000025ac       0x86 RmMemManager.o
                0x000025ac                _Z12internalReadjPhh
 .text._ZN12RmMemManager18getUCharFromMemoryEj
                0x00002632       0x22 RmMemManager.o
                0x00002632                _ZN12RmMemManager18getUCharFromMemoryEj
 .text._ZN12RmMemManager11getModuleIdEv
                0x00002654        0x8 RmMemManager.o
                0x00002654                _ZN12RmMemManager11getModuleIdEv
 .text._ZN13SensorManagerC2Eb
                0x0000265c        0x6 SensorManager.o
                0x0000265c                _ZN13SensorManagerC1Eb
                0x0000265c                _ZN13SensorManagerC2Eb
 .text._ZN13SensorManager16takeSampleAnalogEh
                0x00002662       0x14 SensorManager.o
                0x00002662                _ZN13SensorManager16takeSampleAnalogEh
 .text._ZN13SensorManager11getMockDataEP10SensorData
                0x00002676       0x4e SensorManager.o
                0x00002676                _ZN13SensorManager11getMockDataEP10SensorData
 .text._ZN13SensorManager8readDataEP10SensorData
                0x000026c4       0x78 SensorManager.o
                0x000026c4                _ZN13SensorManager8readDataEP10SensorData
 .text.twi_init
                0x0000273c       0x3c src/libraries/Wire/src/utility/twi.o
                0x0000273c                twi_init
 .text.twi_readFrom
                0x00002778       0x90 src/libraries/Wire/src/utility/twi.o
                0x00002778                twi_readFrom
 .text.twi_writeTo
                0x00002808       0xac src/libraries/Wire/src/utility/twi.o
                0x00002808                twi_writeTo
 .text.twi_transmit
                0x000028b4       0x50 src/libraries/Wire/src/utility/twi.o
                0x000028b4                twi_transmit
 .text.twi_attachSlaveRxEvent
                0x00002904        0xa src/libraries/Wire/src/utility/twi.o
                0x00002904                twi_attachSlaveRxEvent
 .text.twi_attachSlaveTxEvent
                0x0000290e        0xa src/libraries/Wire/src/utility/twi.o
                0x0000290e                twi_attachSlaveTxEvent
 .text.twi_stop
                0x00002918       0x14 src/libraries/Wire/src/utility/twi.o
                0x00002918                twi_stop
 .text.twi_releaseBus
                0x0000292c        0xc src/libraries/Wire/src/utility/twi.o
                0x0000292c                twi_releaseBus
 .text.__vector_24
                0x00002938      0x25a src/libraries/Wire/src/utility/twi.o
                0x00002938                __vector_24
 .text._ZN7TwoWire9availableEv
                0x00002b92       0x10 src/libraries/Wire/src/Wire.o
                0x00002b92                _ZN7TwoWire9availableEv
 .text._ZN7TwoWire4readEv
                0x00002ba2       0x28 src/libraries/Wire/src/Wire.o
                0x00002ba2                _ZN7TwoWire4readEv
 .text._ZN7TwoWire4peekEv
                0x00002bca       0x1e src/libraries/Wire/src/Wire.o
                0x00002bca                _ZN7TwoWire4peekEv
 .text._ZN7TwoWire5flushEv
                0x00002be8        0x2 src/libraries/Wire/src/Wire.o
                0x00002be8                _ZN7TwoWire5flushEv
 .text._ZN7TwoWire16onReceiveServiceEPhi
                0x00002bea       0x54 src/libraries/Wire/src/Wire.o
                0x00002bea                _ZN7TwoWire16onReceiveServiceEPhi
 .text._ZN7TwoWire16onRequestServiceEv
                0x00002c3e       0x18 src/libraries/Wire/src/Wire.o
                0x00002c3e                _ZN7TwoWire16onRequestServiceEv
 .text._ZN7TwoWire5writeEPKhj
                0x00002c56       0x5a src/libraries/Wire/src/Wire.o
                0x00002c56                _ZN7TwoWire5writeEPKhj
 .text._ZN7TwoWire5writeEh
                0x00002cb0       0x5e src/libraries/Wire/src/Wire.o
                0x00002cb0                _ZN7TwoWire5writeEh
 .text._ZN7TwoWireC2Ev
                0x00002d0e       0x20 src/libraries/Wire/src/Wire.o
                0x00002d0e                _ZN7TwoWireC1Ev
                0x00002d0e                _ZN7TwoWireC2Ev
 .text._ZN7TwoWire5beginEv
                0x00002d2e       0x24 src/libraries/Wire/src/Wire.o
                0x00002d2e                _ZN7TwoWire5beginEv
 .text._ZN7TwoWire17beginTransmissionEh
                0x00002d52       0x14 src/libraries/Wire/src/Wire.o
                0x00002d52                _ZN7TwoWire17beginTransmissionEh
 .text._ZN7TwoWire17beginTransmissionEi
                0x00002d66        0x4 src/libraries/Wire/src/Wire.o
                0x00002d66                _ZN7TwoWire17beginTransmissionEi
 .text._ZN7TwoWire15endTransmissionEh
                0x00002d6a       0x26 src/libraries/Wire/src/Wire.o
                0x00002d6a                _ZN7TwoWire15endTransmissionEh
 .text._ZN7TwoWire11requestFromEhhmhh
                0x00002d90       0xa8 src/libraries/Wire/src/Wire.o
                0x00002d90                _ZN7TwoWire11requestFromEhhmhh
 .text._ZN7TwoWire11requestFromEhhh
                0x00002e38       0x20 src/libraries/Wire/src/Wire.o
                0x00002e38                _ZN7TwoWire11requestFromEhhh
 .text._ZN7TwoWire11requestFromEii
                0x00002e58        0x6 src/libraries/Wire/src/Wire.o
                0x00002e58                _ZN7TwoWire11requestFromEii
 .text._ZN7TwoWire15endTransmissionEv
                0x00002e5e        0x6 src/libraries/Wire/src/Wire.o
                0x00002e5e                _ZN7TwoWire15endTransmissionEv
 .text.startup._GLOBAL__sub_I__ZN7TwoWire8rxBufferE
                0x00002e64        0x8 src/libraries/Wire/src/Wire.o
 .text._ZN13ExtendedTests18endExtendedGsmTestEv
                0x00002e6c       0x18 ExtendedTests.o
                0x00002e6c                _ZN13ExtendedTests18endExtendedGsmTestEv
 .text._ZN13ExtendedTests20startExtendedGsmTestEP13Adafruit_FONAP12RmMemManager
                0x00002e84       0xa6 ExtendedTests.o
                0x00002e84                _ZN13ExtendedTests20startExtendedGsmTestEP13Adafruit_FONAP12RmMemManager
 .text._ZN14HardwareSerial9availableEv
                0x00002f2a       0x18 C:\Users\Saba Baig\Documents\Atmel Studio\7.0\RM\RM\ArduinoCore\Debug\libArduinoCore.a(HardwareSerial.o)
                0x00002f2a                _ZN14HardwareSerial9availableEv
 .text._ZN14HardwareSerial4peekEv
                0x00002f42       0x1c C:\Users\Saba Baig\Documents\Atmel Studio\7.0\RM\RM\ArduinoCore\Debug\libArduinoCore.a(HardwareSerial.o)
                0x00002f42                _ZN14HardwareSerial4peekEv
 .text._ZN14HardwareSerial4readEv
                0x00002f5e       0x28 C:\Users\Saba Baig\Documents\Atmel Studio\7.0\RM\RM\ArduinoCore\Debug\libArduinoCore.a(HardwareSerial.o)
                0x00002f5e                _ZN14HardwareSerial4readEv
 .text._Z14serialEventRunv
                0x00002f86       0x1c C:\Users\Saba Baig\Documents\Atmel Studio\7.0\RM\RM\ArduinoCore\Debug\libArduinoCore.a(HardwareSerial.o)
                0x00002f86                _Z14serialEventRunv
 .text._ZN14HardwareSerial17_tx_udr_empty_irqEv
                0x00002fa2       0x42 C:\Users\Saba Baig\Documents\Atmel Studio\7.0\RM\RM\ArduinoCore\Debug\libArduinoCore.a(HardwareSerial.o)
                0x00002fa2                _ZN14HardwareSerial17_tx_udr_empty_irqEv
 .text._ZN14HardwareSerial5writeEh
                0x00002fe4       0x8e C:\Users\Saba Baig\Documents\Atmel Studio\7.0\RM\RM\ArduinoCore\Debug\libArduinoCore.a(HardwareSerial.o)
                0x00002fe4                _ZN14HardwareSerial5writeEh
 .text._ZN14HardwareSerial5flushEv
                0x00003072       0x44 C:\Users\Saba Baig\Documents\Atmel Studio\7.0\RM\RM\ArduinoCore\Debug\libArduinoCore.a(HardwareSerial.o)
                0x00003072                _ZN14HardwareSerial5flushEv
 .text._ZN14HardwareSerial5beginEmh
                0x000030b6       0xca C:\Users\Saba Baig\Documents\Atmel Studio\7.0\RM\RM\ArduinoCore\Debug\libArduinoCore.a(HardwareSerial.o)
                0x000030b6                _ZN14HardwareSerial5beginEmh
 .text.__vector_18
                0x00003180       0x64 C:\Users\Saba Baig\Documents\Atmel Studio\7.0\RM\RM\ArduinoCore\Debug\libArduinoCore.a(HardwareSerial0.o)
                0x00003180                __vector_18
 .text.__vector_19
                0x000031e4       0x4c C:\Users\Saba Baig\Documents\Atmel Studio\7.0\RM\RM\ArduinoCore\Debug\libArduinoCore.a(HardwareSerial0.o)
                0x000031e4                __vector_19
 .text._Z17Serial0_availablev
                0x00003230       0x14 C:\Users\Saba Baig\Documents\Atmel Studio\7.0\RM\RM\ArduinoCore\Debug\libArduinoCore.a(HardwareSerial0.o)
                0x00003230                _Z17Serial0_availablev
 .text.startup._GLOBAL__sub_I___vector_18
                0x00003244       0x5a C:\Users\Saba Baig\Documents\Atmel Studio\7.0\RM\RM\ArduinoCore\Debug\libArduinoCore.a(HardwareSerial0.o)
 .text.initVariant
                0x0000329e        0x2 C:\Users\Saba Baig\Documents\Atmel Studio\7.0\RM\RM\ArduinoCore\Debug\libArduinoCore.a(main.o)
                0x0000329e                initVariant
 .text.startup.main
                0x000032a0       0x1e C:\Users\Saba Baig\Documents\Atmel Studio\7.0\RM\RM\ArduinoCore\Debug\libArduinoCore.a(main.o)
                0x000032a0                main
 .text._Znwj    0x000032be        0x4 C:\Users\Saba Baig\Documents\Atmel Studio\7.0\RM\RM\ArduinoCore\Debug\libArduinoCore.a(new.o)
                0x000032be                _Znwj
 .text._ZN5Print5writeEPKhj
                0x000032c2       0x54 C:\Users\Saba Baig\Documents\Atmel Studio\7.0\RM\RM\ArduinoCore\Debug\libArduinoCore.a(Print.o)
                0x000032c2                _ZN5Print5writeEPKhj
 .text._ZN5Print5writeEPKc
                0x00003316       0x2a C:\Users\Saba Baig\Documents\Atmel Studio\7.0\RM\RM\ArduinoCore\Debug\libArduinoCore.a(Print.o)
                0x00003316                _ZN5Print5writeEPKc
 .text._ZN5Print5printEPK19__FlashStringHelper
                0x00003340       0x48 C:\Users\Saba Baig\Documents\Atmel Studio\7.0\RM\RM\ArduinoCore\Debug\libArduinoCore.a(Print.o)
                0x00003340                _ZN5Print5printEPK19__FlashStringHelper
 .text._ZN5Print5printERK6String
                0x00003388       0x1c C:\Users\Saba Baig\Documents\Atmel Studio\7.0\RM\RM\ArduinoCore\Debug\libArduinoCore.a(Print.o)
                0x00003388                _ZN5Print5printERK6String
 .text._ZN5Print5printEPKc
                0x000033a4        0x4 C:\Users\Saba Baig\Documents\Atmel Studio\7.0\RM\RM\ArduinoCore\Debug\libArduinoCore.a(Print.o)
                0x000033a4                _ZN5Print5printEPKc
 .text._ZN5Print5printEc
                0x000033a8        0xe C:\Users\Saba Baig\Documents\Atmel Studio\7.0\RM\RM\ArduinoCore\Debug\libArduinoCore.a(Print.o)
                0x000033a8                _ZN5Print5printEc
 .text._ZN5Print7printlnEv
                0x000033b6        0x8 C:\Users\Saba Baig\Documents\Atmel Studio\7.0\RM\RM\ArduinoCore\Debug\libArduinoCore.a(Print.o)
                0x000033b6                _ZN5Print7printlnEv
 .text._ZN5Print7printlnEPK19__FlashStringHelper
                0x000033be       0x24 C:\Users\Saba Baig\Documents\Atmel Studio\7.0\RM\RM\ArduinoCore\Debug\libArduinoCore.a(Print.o)
                0x000033be                _ZN5Print7printlnEPK19__FlashStringHelper
 .text._ZN5Print7printlnEPKc
                0x000033e2       0x24 C:\Users\Saba Baig\Documents\Atmel Studio\7.0\RM\RM\ArduinoCore\Debug\libArduinoCore.a(Print.o)
                0x000033e2                _ZN5Print7printlnEPKc
 .text._ZN5Print7printlnEc
                0x00003406       0x24 C:\Users\Saba Baig\Documents\Atmel Studio\7.0\RM\RM\ArduinoCore\Debug\libArduinoCore.a(Print.o)
                0x00003406                _ZN5Print7printlnEc
 .text._ZN5Print11printNumberEmh
                0x0000342a       0x92 C:\Users\Saba Baig\Documents\Atmel Studio\7.0\RM\RM\ArduinoCore\Debug\libArduinoCore.a(Print.o)
                0x0000342a                _ZN5Print11printNumberEmh
 .text._ZN5Print5printEmi
                0x000034bc       0x1a C:\Users\Saba Baig\Documents\Atmel Studio\7.0\RM\RM\ArduinoCore\Debug\libArduinoCore.a(Print.o)
                0x000034bc                _ZN5Print5printEmi
 .text._ZN5Print5printEhi
                0x000034d6        0xe C:\Users\Saba Baig\Documents\Atmel Studio\7.0\RM\RM\ArduinoCore\Debug\libArduinoCore.a(Print.o)
                0x000034d6                _ZN5Print5printEhi
 .text._ZN5Print7printlnEhi
                0x000034e4       0x24 C:\Users\Saba Baig\Documents\Atmel Studio\7.0\RM\RM\ArduinoCore\Debug\libArduinoCore.a(Print.o)
                0x000034e4                _ZN5Print7printlnEhi
 .text._ZN5Print5printEji
                0x00003508        0xc C:\Users\Saba Baig\Documents\Atmel Studio\7.0\RM\RM\ArduinoCore\Debug\libArduinoCore.a(Print.o)
                0x00003508                _ZN5Print5printEji
 .text._ZN5Print7printlnEji
                0x00003514       0x24 C:\Users\Saba Baig\Documents\Atmel Studio\7.0\RM\RM\ArduinoCore\Debug\libArduinoCore.a(Print.o)
                0x00003514                _ZN5Print7printlnEji
 .text._ZN5Print7printlnEmi
                0x00003538       0x24 C:\Users\Saba Baig\Documents\Atmel Studio\7.0\RM\RM\ArduinoCore\Debug\libArduinoCore.a(Print.o)
                0x00003538                _ZN5Print7printlnEmi
 .text._ZN5Print5printEli
                0x0000355c       0x90 C:\Users\Saba Baig\Documents\Atmel Studio\7.0\RM\RM\ArduinoCore\Debug\libArduinoCore.a(Print.o)
                0x0000355c                _ZN5Print5printEli
 .text._ZN5Print5printEii
                0x000035ec        0xe C:\Users\Saba Baig\Documents\Atmel Studio\7.0\RM\RM\ArduinoCore\Debug\libArduinoCore.a(Print.o)
                0x000035ec                _ZN5Print5printEii
 .text._ZN5Print7printlnEii
                0x000035fa       0x24 C:\Users\Saba Baig\Documents\Atmel Studio\7.0\RM\RM\ArduinoCore\Debug\libArduinoCore.a(Print.o)
                0x000035fa                _ZN5Print7printlnEii
 .text._ZN5Print7printlnEli
                0x0000361e       0x24 C:\Users\Saba Baig\Documents\Atmel Studio\7.0\RM\RM\ArduinoCore\Debug\libArduinoCore.a(Print.o)
                0x0000361e                _ZN5Print7printlnEli
 .text.__vector_16
                0x00003642       0x94 C:\Users\Saba Baig\Documents\Atmel Studio\7.0\RM\RM\ArduinoCore\Debug\libArduinoCore.a(wiring.o)
                0x00003642                __vector_16
 .text.micros   0x000036d6       0x4a C:\Users\Saba Baig\Documents\Atmel Studio\7.0\RM\RM\ArduinoCore\Debug\libArduinoCore.a(wiring.o)
                0x000036d6                micros
 .text.delay    0x00003720       0x78 C:\Users\Saba Baig\Documents\Atmel Studio\7.0\RM\RM\ArduinoCore\Debug\libArduinoCore.a(wiring.o)
                0x00003720                delay
 .text.init     0x00003798       0x76 C:\Users\Saba Baig\Documents\Atmel Studio\7.0\RM\RM\ArduinoCore\Debug\libArduinoCore.a(wiring.o)
                0x00003798                init
 .text.analogRead
                0x0000380e       0x3a C:\Users\Saba Baig\Documents\Atmel Studio\7.0\RM\RM\ArduinoCore\Debug\libArduinoCore.a(wiring_analog.o)
                0x0000380e                analogRead
 .text.turnOffPWM
                0x00003848       0x52 C:\Users\Saba Baig\Documents\Atmel Studio\7.0\RM\RM\ArduinoCore\Debug\libArduinoCore.a(wiring_digital.o)
 .text.pinMode  0x0000389a       0x78 C:\Users\Saba Baig\Documents\Atmel Studio\7.0\RM\RM\ArduinoCore\Debug\libArduinoCore.a(wiring_digital.o)
                0x0000389a                pinMode
 .text.digitalWrite
                0x00003912       0x5e C:\Users\Saba Baig\Documents\Atmel Studio\7.0\RM\RM\ArduinoCore\Debug\libArduinoCore.a(wiring_digital.o)
                0x00003912                digitalWrite
 .text._ZN6StringD2Ev
                0x00003970        0xa C:\Users\Saba Baig\Documents\Atmel Studio\7.0\RM\RM\ArduinoCore\Debug\libArduinoCore.a(WString.o)
                0x00003970                _ZN6StringD2Ev
                0x00003970                _ZN6StringD1Ev
 .text._ZN6String10invalidateEv
                0x0000397a       0x24 C:\Users\Saba Baig\Documents\Atmel Studio\7.0\RM\RM\ArduinoCore\Debug\libArduinoCore.a(WString.o)
                0x0000397a                _ZN6String10invalidateEv
 .text._ZN6String12changeBufferEj
                0x0000399e       0x34 C:\Users\Saba Baig\Documents\Atmel Studio\7.0\RM\RM\ArduinoCore\Debug\libArduinoCore.a(WString.o)
                0x0000399e                _ZN6String12changeBufferEj
 .text._ZN6String7reserveEj
                0x000039d2       0x38 C:\Users\Saba Baig\Documents\Atmel Studio\7.0\RM\RM\ArduinoCore\Debug\libArduinoCore.a(WString.o)
                0x000039d2                _ZN6String7reserveEj
 .text._ZN6String4copyEPKcj
                0x00003a0a       0x42 C:\Users\Saba Baig\Documents\Atmel Studio\7.0\RM\RM\ArduinoCore\Debug\libArduinoCore.a(WString.o)
                0x00003a0a                _ZN6String4copyEPKcj
 .text._ZN6StringC2EPKc
                0x00003a4c       0x2a C:\Users\Saba Baig\Documents\Atmel Studio\7.0\RM\RM\ArduinoCore\Debug\libArduinoCore.a(WString.o)
                0x00003a4c                _ZN6StringC2EPKc
                0x00003a4c                _ZN6StringC1EPKc
 .text._ZN6StringaSERKS_
                0x00003a76       0x2e C:\Users\Saba Baig\Documents\Atmel Studio\7.0\RM\RM\ArduinoCore\Debug\libArduinoCore.a(WString.o)
                0x00003a76                _ZN6StringaSERKS_
 .text._ZN6StringC2ERKS_
                0x00003aa4       0x12 C:\Users\Saba Baig\Documents\Atmel Studio\7.0\RM\RM\ArduinoCore\Debug\libArduinoCore.a(WString.o)
                0x00003aa4                _ZN6StringC2ERKS_
                0x00003aa4                _ZN6StringC1ERKS_
 .text._ZN6String6concatEPKcj
                0x00003ab6       0x5c C:\Users\Saba Baig\Documents\Atmel Studio\7.0\RM\RM\ArduinoCore\Debug\libArduinoCore.a(WString.o)
                0x00003ab6                _ZN6String6concatEPKcj
 .text._ZN6String6concatEh
                0x00003b12       0x56 C:\Users\Saba Baig\Documents\Atmel Studio\7.0\RM\RM\ArduinoCore\Debug\libArduinoCore.a(WString.o)
                0x00003b12                _ZN6String6concatEh
 .text._ZN14SoftwareSerial4readEv
                0x00003b68       0x42 C:\Users\Saba Baig\Documents\Atmel Studio\7.0\RM\RM\ArduinoCore\Debug\libArduinoCore.a(SoftwareSerial.o)
                0x00003b68                _ZN14SoftwareSerial4readEv
 .text._ZN14SoftwareSerial5writeEh
                0x00003baa       0xa0 C:\Users\Saba Baig\Documents\Atmel Studio\7.0\RM\RM\ArduinoCore\Debug\libArduinoCore.a(SoftwareSerial.o)
                0x00003baa                _ZN14SoftwareSerial5writeEh
 .text._ZN14SoftwareSerial5flushEv
                0x00003c4a        0x2 C:\Users\Saba Baig\Documents\Atmel Studio\7.0\RM\RM\ArduinoCore\Debug\libArduinoCore.a(SoftwareSerial.o)
                0x00003c4a                _ZN14SoftwareSerial5flushEv
 .text._ZN14SoftwareSerial4peekEv
                0x00003c4c       0x30 C:\Users\Saba Baig\Documents\Atmel Studio\7.0\RM\RM\ArduinoCore\Debug\libArduinoCore.a(SoftwareSerial.o)
                0x00003c4c                _ZN14SoftwareSerial4peekEv
 .text._ZN14SoftwareSerial9availableEv
                0x00003c7c       0x30 C:\Users\Saba Baig\Documents\Atmel Studio\7.0\RM\RM\ArduinoCore\Debug\libArduinoCore.a(SoftwareSerial.o)
                0x00003c7c                _ZN14SoftwareSerial9availableEv
 .text._ZN14SoftwareSerial13stopListeningEv
                0x00003cac       0x2c C:\Users\Saba Baig\Documents\Atmel Studio\7.0\RM\RM\ArduinoCore\Debug\libArduinoCore.a(SoftwareSerial.o)
                0x00003cac                _ZN14SoftwareSerial13stopListeningEv
 .text._ZN14SoftwareSerial6listenEv
                0x00003cd8       0x52 C:\Users\Saba Baig\Documents\Atmel Studio\7.0\RM\RM\ArduinoCore\Debug\libArduinoCore.a(SoftwareSerial.o)
                0x00003cd8                _ZN14SoftwareSerial6listenEv
 .text.__vector_3
                0x00003d2a       0xf4 C:\Users\Saba Baig\Documents\Atmel Studio\7.0\RM\RM\ArduinoCore\Debug\libArduinoCore.a(SoftwareSerial.o)
                0x00003d2a                __vector_5
                0x00003d2a                __vector_4
                0x00003d2a                __vector_3
 .text._ZN14SoftwareSerial5setTXEh
                0x00003e1e       0x52 C:\Users\Saba Baig\Documents\Atmel Studio\7.0\RM\RM\ArduinoCore\Debug\libArduinoCore.a(SoftwareSerial.o)
                0x00003e1e                _ZN14SoftwareSerial5setTXEh
 .text._ZN14SoftwareSerial5setRXEh
                0x00003e70       0x52 C:\Users\Saba Baig\Documents\Atmel Studio\7.0\RM\RM\ArduinoCore\Debug\libArduinoCore.a(SoftwareSerial.o)
                0x00003e70                _ZN14SoftwareSerial5setRXEh
 .text._ZN14SoftwareSerialC2Ehhb
                0x00003ec2       0x56 C:\Users\Saba Baig\Documents\Atmel Studio\7.0\RM\RM\ArduinoCore\Debug\libArduinoCore.a(SoftwareSerial.o)
                0x00003ec2                _ZN14SoftwareSerialC1Ehhb
                0x00003ec2                _ZN14SoftwareSerialC2Ehhb
 .text._ZN14SoftwareSerial5beginEl
                0x00003f18      0x11c C:\Users\Saba Baig\Documents\Atmel Studio\7.0\RM\RM\ArduinoCore\Debug\libArduinoCore.a(SoftwareSerial.o)
                0x00003f18                _ZN14SoftwareSerial5beginEl
 .text.__empty  0x00004034        0x2 C:\Users\Saba Baig\Documents\Atmel Studio\7.0\RM\RM\ArduinoCore\Debug\libArduinoCore.a(hooks.o)
                0x00004034                yield
 .text.libgcc.div
                0x00004036       0x18 c:/program files (x86)/atmel/studio/7.0/toolchain/avr8/avr8-gnu-toolchain/bin/../lib/gcc/avr/5.4.0/avr5\libgcc.a(_udivmodqi4.o)
                0x00004036                __udivmodqi4
 .text.libgcc.div
                0x0000404e       0x28 c:/program files (x86)/atmel/studio/7.0/toolchain/avr8/avr8-gnu-toolchain/bin/../lib/gcc/avr/5.4.0/avr5\libgcc.a(_udivmodhi4.o)
                0x0000404e                __udivmodhi4
 .text.libgcc.div
                0x00004076       0x28 c:/program files (x86)/atmel/studio/7.0/toolchain/avr8/avr8-gnu-toolchain/bin/../lib/gcc/avr/5.4.0/avr5\libgcc.a(_divmodhi4.o)
                0x00004076                _div
                0x00004076                __divmodhi4
 .text.libgcc.div
                0x0000409e       0x44 c:/program files (x86)/atmel/studio/7.0/toolchain/avr8/avr8-gnu-toolchain/bin/../lib/gcc/avr/5.4.0/avr5\libgcc.a(_udivmodsi4.o)
                0x0000409e                __udivmodsi4
 .text.libgcc.div
                0x000040e2       0x2e c:/program files (x86)/atmel/studio/7.0/toolchain/avr8/avr8-gnu-toolchain/bin/../lib/gcc/avr/5.4.0/avr5\libgcc.a(_divmodsi4.o)
                0x000040e2                __divmodsi4
 .text.libgcc.div
                0x00004110       0x10 c:/program files (x86)/atmel/studio/7.0/toolchain/avr8/avr8-gnu-toolchain/bin/../lib/gcc/avr/5.4.0/avr5\libgcc.a(_negsi2.o)
                0x00004110                __negsi2
 .text.libgcc   0x00004120        0xc c:/program files (x86)/atmel/studio/7.0/toolchain/avr8/avr8-gnu-toolchain/bin/../lib/gcc/avr/5.4.0/avr5\libgcc.a(_tablejump2.o)
                0x00004120                __tablejump2__
 .text.avr-libc
                0x0000412c      0x242 c:/program files (x86)/atmel/studio/7.0/toolchain/avr8/avr8-gnu-toolchain/bin/../lib/gcc/avr/5.4.0/../../../../avr/lib/avr5\libc.a(malloc.o)
                0x0000412c                malloc
                0x0000425c                free
 .text.avr-libc
                0x0000436e      0x18c c:/program files (x86)/atmel/studio/7.0/toolchain/avr8/avr8-gnu-toolchain/bin/../lib/gcc/avr/5.4.0/../../../../avr/lib/avr5\libc.a(realloc.o)
                0x0000436e                realloc
 .text.avr-libc
                0x000044fa       0x3c c:/program files (x86)/atmel/studio/7.0/toolchain/avr8/avr8-gnu-toolchain/bin/../lib/gcc/avr/5.4.0/../../../../avr/lib/avr5\libc.a(atoi.o)
                0x000044fa                atoi
 .text.avr-libc
                0x00004536       0x12 c:/program files (x86)/atmel/studio/7.0/toolchain/avr8/avr8-gnu-toolchain/bin/../lib/gcc/avr/5.4.0/../../../../avr/lib/avr5\libc.a(strcmp_P.o)
                0x00004536                strcmp_P
 .text.avr-libc
                0x00004548       0x12 c:/program files (x86)/atmel/studio/7.0/toolchain/avr8/avr8-gnu-toolchain/bin/../lib/gcc/avr/5.4.0/../../../../avr/lib/avr5\libc.a(strlen_P.o)
                0x00004548                __strlen_P
 .text.avr-libc
                0x0000455a       0x34 c:/program files (x86)/atmel/studio/7.0/toolchain/avr8/avr8-gnu-toolchain/bin/../lib/gcc/avr/5.4.0/../../../../avr/lib/avr5\libc.a(strstr_P.o)
                0x0000455a                strstr_P
 .text.avr-libc
                0x0000458e       0x12 c:/program files (x86)/atmel/studio/7.0/toolchain/avr8/avr8-gnu-toolchain/bin/../lib/gcc/avr/5.4.0/../../../../avr/lib/avr5\libc.a(memcpy.o)
                0x0000458e                memcpy
 .text.avr-libc
                0x000045a0       0x16 c:/program files (x86)/atmel/studio/7.0/toolchain/avr8/avr8-gnu-toolchain/bin/../lib/gcc/avr/5.4.0/../../../../avr/lib/avr5\libc.a(strchr.o)
                0x000045a0                strchr
 .text.avr-libc
                0x000045b6        0xe c:/program files (x86)/atmel/studio/7.0/toolchain/avr8/avr8-gnu-toolchain/bin/../lib/gcc/avr/5.4.0/../../../../avr/lib/avr5\libc.a(strcpy.o)
                0x000045b6                strcpy
 .text.avr-libc
                0x000045c4       0x16 c:/program files (x86)/atmel/studio/7.0/toolchain/avr8/avr8-gnu-toolchain/bin/../lib/gcc/avr/5.4.0/../../../../avr/lib/avr5\libc.a(itoa_ncheck.o)
                0x000045c4                __itoa_ncheck
 .text.avr-libc
                0x000045da       0x10 c:/program files (x86)/atmel/studio/7.0/toolchain/avr8/avr8-gnu-toolchain/bin/../lib/gcc/avr/5.4.0/../../../../avr/lib/avr5\libc.a(mul10.o)
                0x000045da                __mulhi_const_10
 .text.avr-libc
                0x000045ea       0x34 c:/program files (x86)/atmel/studio/7.0/toolchain/avr8/avr8-gnu-toolchain/bin/../lib/gcc/avr/5.4.0/../../../../avr/lib/avr5\libc.a(utoa_ncheck.o)
                0x000045ea                __utoa_ncheck
                0x000045ec                __utoa_common
 .text.avr-libc
                0x0000461e       0x20 c:/program files (x86)/atmel/studio/7.0/toolchain/avr8/avr8-gnu-toolchain/bin/../lib/gcc/avr/5.4.0/../../../../avr/lib/avr5\libc.a(strrev.o)
                0x0000461e                strrev
 .text.libgcc.prologue
                0x0000463e       0x38 c:/program files (x86)/atmel/studio/7.0/toolchain/avr8/avr8-gnu-toolchain/bin/../lib/gcc/avr/5.4.0/avr5\libgcc.a(_prologue.o)
                0x0000463e                __prologue_saves__
 .text.libgcc.prologue
                0x00004676       0x36 c:/program files (x86)/atmel/studio/7.0/toolchain/avr8/avr8-gnu-toolchain/bin/../lib/gcc/avr/5.4.0/avr5\libgcc.a(_epilogue.o)
                0x00004676                __epilogue_restores__
                0x000046ac                . = ALIGN (0x2)
 *(.fini9)
 .fini9         0x000046ac        0x0 c:/program files (x86)/atmel/studio/7.0/toolchain/avr8/avr8-gnu-toolchain/bin/../lib/gcc/avr/5.4.0/avr5\libgcc.a(_exit.o)
                0x000046ac                _exit
                0x000046ac                exit
 *(.fini9)
 *(.fini8)
 *(.fini8)
 *(.fini7)
 *(.fini7)
 *(.fini6)
 .fini6         0x000046ac       0x16 c:/program files (x86)/atmel/studio/7.0/toolchain/avr8/avr8-gnu-toolchain/bin/../lib/gcc/avr/5.4.0/avr5\libgcc.a(_dtors.o)
                0x000046ac                __do_global_dtors
 *(.fini6)
 *(.fini5)
 *(.fini5)
 *(.fini4)
 *(.fini4)
 *(.fini3)
 *(.fini3)
 *(.fini2)
 *(.fini2)
 *(.fini1)
 *(.fini1)
 *(.fini0)
 .fini0         0x000046c2        0x4 c:/program files (x86)/atmel/studio/7.0/toolchain/avr8/avr8-gnu-toolchain/bin/../lib/gcc/avr/5.4.0/avr5\libgcc.a(_exit.o)
 *(.fini0)
                0x000046c6                _etext = .

.data           0x00800100       0xba load address 0x000046c6
                0x00800100                PROVIDE (__data_start, .)
 *(.data)
 .data          0x00800100        0x6 c:/program files (x86)/atmel/studio/7.0/toolchain/avr8/avr8-gnu-toolchain/bin/../lib/gcc/avr/5.4.0/../../../../avr/lib/avr5\libc.a(malloc.o)
                0x00800100                __malloc_heap_end
                0x00800102                __malloc_heap_start
                0x00800104                __malloc_margin
 *(.data*)
 .data.analog_reference
                0x00800106        0x1 C:\Users\Saba Baig\Documents\Atmel Studio\7.0\RM\RM\ArduinoCore\Debug\libArduinoCore.a(wiring_analog.o)
                0x00800106                analog_reference
 *(.gnu.linkonce.d*)
 *(.rodata)
 *(.rodata*)
 .rodata.str1.1
                0x00800107       0x42 Adafruit_FONA.o
                                 0x45 (size before relaxing)
 .rodata._ZTV13Adafruit_FONA
                0x00800149       0x10 Adafruit_FONA.o
                0x00800149                _ZTV13Adafruit_FONA
 .rodata.str1.1
                0x00800159       0x21 Main_SignalLogging.o
 .rodata._ZTV7TwoWire
                0x0080017a       0x10 src/libraries/Wire/src/Wire.o
                0x0080017a                _ZTV7TwoWire
 .rodata._ZTV14HardwareSerial
                0x0080018a       0x10 C:\Users\Saba Baig\Documents\Atmel Studio\7.0\RM\RM\ArduinoCore\Debug\libArduinoCore.a(HardwareSerial.o)
                0x0080018a                _ZTV14HardwareSerial
 .rodata.str1.1
                0x0080019a        0xf C:\Users\Saba Baig\Documents\Atmel Studio\7.0\RM\RM\ArduinoCore\Debug\libArduinoCore.a(Print.o)
                                 0x11 (size before relaxing)
 .rodata._ZTV14SoftwareSerial
                0x008001a9       0x10 C:\Users\Saba Baig\Documents\Atmel Studio\7.0\RM\RM\ArduinoCore\Debug\libArduinoCore.a(SoftwareSerial.o)
                0x008001a9                _ZTV14SoftwareSerial
 *(.gnu.linkonce.r*)
                0x008001ba                . = ALIGN (0x2)
 *fill*         0x008001b9        0x1 
                0x008001ba                _edata = .
                0x008001ba                PROVIDE (__data_end, .)

.bss            0x008001ba      0x2ef
                0x008001ba                PROVIDE (__bss_start, .)
 *(.bss)
 *(.bss*)
 .bss._timerCounter
                0x008001ba        0x2 Main_SignalLogging.o
                0x008001ba                _timerCounter
 .bss._sendDataLoopCount
                0x008001bc        0x2 Main_SignalLogging.o
                0x008001bc                _sendDataLoopCount
 .bss._gprsSignalLoopCount
                0x008001be        0x2 Main_SignalLogging.o
                0x008001be                _gprsSignalLoopCount
 .bss._initFonaLoopCount
                0x008001c0        0x2 Main_SignalLogging.o
                0x008001c0                _initFonaLoopCount
 .bss._rssiStatusInit
                0x008001c2        0x4 Main_SignalLogging.o
                0x008001c2                _rssiStatusInit
 .bss._gprsStatusInit
                0x008001c6        0x1 Main_SignalLogging.o
                0x008001c6                _gprsStatusInit
 .bss._fonaStatusInit
                0x008001c7        0x1 Main_SignalLogging.o
                0x008001c7                _fonaStatusInit
 .bss._behaviour
                0x008001c8        0x1 Main_SignalLogging.o
                0x008001c8                _behaviour
 .bss.sensorMgr
                0x008001c9        0x2 Main_SignalLogging.o
                0x008001c9                sensorMgr
 .bss.mem       0x008001cb        0xb Main_SignalLogging.o
                0x008001cb                mem
 .bss.__fona    0x008001d6      0x11f Main_SignalLogging.o
                0x008001d6                __fona
 .bss.twi_error
                0x008002f5        0x1 src/libraries/Wire/src/utility/twi.o
 .bss.twi_rxBufferIndex
                0x008002f6        0x1 src/libraries/Wire/src/utility/twi.o
 .bss.twi_rxBuffer
                0x008002f7       0x20 src/libraries/Wire/src/utility/twi.o
 .bss.twi_txBufferLength
                0x00800317        0x1 src/libraries/Wire/src/utility/twi.o
 .bss.twi_txBufferIndex
                0x00800318        0x1 src/libraries/Wire/src/utility/twi.o
 .bss.twi_txBuffer
                0x00800319       0x20 src/libraries/Wire/src/utility/twi.o
 .bss.twi_masterBufferLength
                0x00800339        0x1 src/libraries/Wire/src/utility/twi.o
 .bss.twi_masterBufferIndex
                0x0080033a        0x1 src/libraries/Wire/src/utility/twi.o
 .bss.twi_masterBuffer
                0x0080033b       0x20 src/libraries/Wire/src/utility/twi.o
 .bss.twi_onSlaveReceive
                0x0080035b        0x2 src/libraries/Wire/src/utility/twi.o
 .bss.twi_onSlaveTransmit
                0x0080035d        0x2 src/libraries/Wire/src/utility/twi.o
 .bss.twi_inRepStart
                0x0080035f        0x1 src/libraries/Wire/src/utility/twi.o
 .bss.twi_sendStop
                0x00800360        0x1 src/libraries/Wire/src/utility/twi.o
 .bss.twi_slarw
                0x00800361        0x1 src/libraries/Wire/src/utility/twi.o
 .bss.twi_state
                0x00800362        0x1 src/libraries/Wire/src/utility/twi.o
 .bss.Wire      0x00800363        0xc src/libraries/Wire/src/Wire.o
                0x00800363                Wire
 .bss._ZN7TwoWire14user_onReceiveE
                0x0080036f        0x2 src/libraries/Wire/src/Wire.o
                0x0080036f                _ZN7TwoWire14user_onReceiveE
 .bss._ZN7TwoWire14user_onRequestE
                0x00800371        0x2 src/libraries/Wire/src/Wire.o
                0x00800371                _ZN7TwoWire14user_onRequestE
 .bss._ZN7TwoWire12transmittingE
                0x00800373        0x1 src/libraries/Wire/src/Wire.o
                0x00800373                _ZN7TwoWire12transmittingE
 .bss._ZN7TwoWire14txBufferLengthE
                0x00800374        0x1 src/libraries/Wire/src/Wire.o
                0x00800374                _ZN7TwoWire14txBufferLengthE
 .bss._ZN7TwoWire13txBufferIndexE
                0x00800375        0x1 src/libraries/Wire/src/Wire.o
                0x00800375                _ZN7TwoWire13txBufferIndexE
 .bss._ZN7TwoWire8txBufferE
                0x00800376       0x20 src/libraries/Wire/src/Wire.o
                0x00800376                _ZN7TwoWire8txBufferE
 .bss._ZN7TwoWire9txAddressE
                0x00800396        0x1 src/libraries/Wire/src/Wire.o
                0x00800396                _ZN7TwoWire9txAddressE
 .bss._ZN7TwoWire14rxBufferLengthE
                0x00800397        0x1 src/libraries/Wire/src/Wire.o
                0x00800397                _ZN7TwoWire14rxBufferLengthE
 .bss._ZN7TwoWire13rxBufferIndexE
                0x00800398        0x1 src/libraries/Wire/src/Wire.o
                0x00800398                _ZN7TwoWire13rxBufferIndexE
 .bss._ZN7TwoWire8rxBufferE
                0x00800399       0x20 src/libraries/Wire/src/Wire.o
                0x00800399                _ZN7TwoWire8rxBufferE
 .bss._mockData
                0x008003b9        0x2 ExtendedTests.o
                0x008003b9                _mockData
 .bss.Serial    0x008003bb       0x9d C:\Users\Saba Baig\Documents\Atmel Studio\7.0\RM\RM\ArduinoCore\Debug\libArduinoCore.a(HardwareSerial0.o)
                0x008003bb                Serial
 .bss.timer0_fract
                0x00800458        0x1 C:\Users\Saba Baig\Documents\Atmel Studio\7.0\RM\RM\ArduinoCore\Debug\libArduinoCore.a(wiring.o)
 .bss.timer0_millis
                0x00800459        0x4 C:\Users\Saba Baig\Documents\Atmel Studio\7.0\RM\RM\ArduinoCore\Debug\libArduinoCore.a(wiring.o)
                0x00800459                timer0_millis
 .bss.timer0_overflow_count
                0x0080045d        0x4 C:\Users\Saba Baig\Documents\Atmel Studio\7.0\RM\RM\ArduinoCore\Debug\libArduinoCore.a(wiring.o)
                0x0080045d                timer0_overflow_count
 .bss._ZN14SoftwareSerial20_receive_buffer_headE
                0x00800461        0x1 C:\Users\Saba Baig\Documents\Atmel Studio\7.0\RM\RM\ArduinoCore\Debug\libArduinoCore.a(SoftwareSerial.o)
                0x00800461                _ZN14SoftwareSerial20_receive_buffer_headE
 .bss._ZN14SoftwareSerial20_receive_buffer_tailE
                0x00800462        0x1 C:\Users\Saba Baig\Documents\Atmel Studio\7.0\RM\RM\ArduinoCore\Debug\libArduinoCore.a(SoftwareSerial.o)
                0x00800462                _ZN14SoftwareSerial20_receive_buffer_tailE
 .bss._ZN14SoftwareSerial15_receive_bufferE
                0x00800463       0x40 C:\Users\Saba Baig\Documents\Atmel Studio\7.0\RM\RM\ArduinoCore\Debug\libArduinoCore.a(SoftwareSerial.o)
                0x00800463                _ZN14SoftwareSerial15_receive_bufferE
 .bss._ZN14SoftwareSerial13active_objectE
                0x008004a3        0x2 C:\Users\Saba Baig\Documents\Atmel Studio\7.0\RM\RM\ArduinoCore\Debug\libArduinoCore.a(SoftwareSerial.o)
                0x008004a3                _ZN14SoftwareSerial13active_objectE
 *(COMMON)
 COMMON         0x008004a5        0x4 c:/program files (x86)/atmel/studio/7.0/toolchain/avr8/avr8-gnu-toolchain/bin/../lib/gcc/avr/5.4.0/../../../../avr/lib/avr5\libc.a(malloc.o)
                0x008004a5                __brkval
                0x008004a7                __flp
                0x008004a9                PROVIDE (__bss_end, .)
                0x000046c6                __data_load_start = LOADADDR (.data)
                0x00004780                __data_load_end = (__data_load_start + SIZEOF (.data))

.noinit         0x008004a9        0x0
                [!provide]                PROVIDE (__noinit_start, .)
 *(.noinit*)
                [!provide]                PROVIDE (__noinit_end, .)
                0x008004a9                _end = .
                0x008004a9                PROVIDE (__heap_start, .)

.eeprom         0x00810000        0x0
 *(.eeprom*)
                0x00810000                __eeprom_end = .

.fuse
 *(.fuse)
 *(.lfuse)
 *(.hfuse)
 *(.efuse)

.lock
 *(.lock*)

.signature
 *(.signature*)

.user_signatures
 *(.user_signatures*)

.stab
 *(.stab)

.stabstr
 *(.stabstr)

.stab.excl
 *(.stab.excl)

.stab.exclstr
 *(.stab.exclstr)

.stab.index
 *(.stab.index)

.stab.indexstr
 *(.stab.indexstr)

.comment        0x00000000       0x30
 *(.comment)
 .comment       0x00000000       0x30 Adafruit_FONA.o
                                 0x31 (size before relaxing)
 .comment       0x00000030       0x31 GsmPayload.o
 .comment       0x00000030       0x31 Helpers.o
 .comment       0x00000030       0x31 Main_SignalLogging.o
 .comment       0x00000030       0x31 RmMemManager.o
 .comment       0x00000030       0x31 SensorManager.o
 .comment       0x00000030       0x31 src/libraries/Wire/src/utility/twi.o
 .comment       0x00000030       0x31 src/libraries/Wire/src/Wire.o
 .comment       0x00000030       0x31 ExtendedTests.o
 .comment       0x00000030       0x31 C:\Users\Saba Baig\Documents\Atmel Studio\7.0\RM\RM\ArduinoCore\Debug\libArduinoCore.a(HardwareSerial.o)
 .comment       0x00000030       0x31 C:\Users\Saba Baig\Documents\Atmel Studio\7.0\RM\RM\ArduinoCore\Debug\libArduinoCore.a(HardwareSerial0.o)
 .comment       0x00000030       0x31 C:\Users\Saba Baig\Documents\Atmel Studio\7.0\RM\RM\ArduinoCore\Debug\libArduinoCore.a(main.o)
 .comment       0x00000030       0x31 C:\Users\Saba Baig\Documents\Atmel Studio\7.0\RM\RM\ArduinoCore\Debug\libArduinoCore.a(new.o)
 .comment       0x00000030       0x31 C:\Users\Saba Baig\Documents\Atmel Studio\7.0\RM\RM\ArduinoCore\Debug\libArduinoCore.a(Print.o)
 .comment       0x00000030       0x31 C:\Users\Saba Baig\Documents\Atmel Studio\7.0\RM\RM\ArduinoCore\Debug\libArduinoCore.a(wiring.o)
 .comment       0x00000030       0x31 C:\Users\Saba Baig\Documents\Atmel Studio\7.0\RM\RM\ArduinoCore\Debug\libArduinoCore.a(wiring_analog.o)
 .comment       0x00000030       0x31 C:\Users\Saba Baig\Documents\Atmel Studio\7.0\RM\RM\ArduinoCore\Debug\libArduinoCore.a(wiring_digital.o)
 .comment       0x00000030       0x31 C:\Users\Saba Baig\Documents\Atmel Studio\7.0\RM\RM\ArduinoCore\Debug\libArduinoCore.a(WString.o)
 .comment       0x00000030       0x31 C:\Users\Saba Baig\Documents\Atmel Studio\7.0\RM\RM\ArduinoCore\Debug\libArduinoCore.a(SoftwareSerial.o)
 .comment       0x00000030       0x31 C:\Users\Saba Baig\Documents\Atmel Studio\7.0\RM\RM\ArduinoCore\Debug\libArduinoCore.a(hooks.o)
 .comment       0x00000030       0x31 c:/program files (x86)/atmel/studio/7.0/toolchain/avr8/avr8-gnu-toolchain/bin/../lib/gcc/avr/5.4.0/../../../../avr/lib/avr5\libc.a(malloc.o)
 .comment       0x00000030       0x31 c:/program files (x86)/atmel/studio/7.0/toolchain/avr8/avr8-gnu-toolchain/bin/../lib/gcc/avr/5.4.0/../../../../avr/lib/avr5\libc.a(realloc.o)

.note.gnu.avr.deviceinfo
                0x00000000       0x40
 .note.gnu.avr.deviceinfo
                0x00000000       0x40 C:/Program Files (x86)/Atmel/Studio/7.0/Packs/atmel/ATmega_DFP/1.2.132/gcc/dev/atmega328p/avr5/crtatmega328p.o

.note.gnu.build-id
 *(.note.gnu.build-id)

.debug
 *(.debug)

.line
 *(.line)

.debug_srcinfo
 *(.debug_srcinfo)

.debug_sfnames
 *(.debug_sfnames)

.debug_aranges  0x00000000      0xce8
 *(.debug_aranges)
 .debug_aranges
                0x00000000      0x258 Adafruit_FONA.o
 .debug_aranges
                0x00000258       0xc8 GsmPayload.o
 .debug_aranges
                0x00000320       0x88 Helpers.o
 .debug_aranges
                0x000003a8       0x68 Main_SignalLogging.o
 .debug_aranges
                0x00000410       0xf0 RmMemManager.o
 .debug_aranges
                0x00000500       0x40 SensorManager.o
 .debug_aranges
                0x00000540       0x80 src/libraries/Wire/src/utility/twi.o
 .debug_aranges
                0x000005c0       0xe8 src/libraries/Wire/src/Wire.o
 .debug_aranges
                0x000006a8       0x48 ExtendedTests.o
 .debug_aranges
                0x000006f0       0x68 C:\Users\Saba Baig\Documents\Atmel Studio\7.0\RM\RM\ArduinoCore\Debug\libArduinoCore.a(HardwareSerial.o)
 .debug_aranges
                0x00000758       0x38 C:\Users\Saba Baig\Documents\Atmel Studio\7.0\RM\RM\ArduinoCore\Debug\libArduinoCore.a(HardwareSerial0.o)
 .debug_aranges
                0x00000790       0x30 C:\Users\Saba Baig\Documents\Atmel Studio\7.0\RM\RM\ArduinoCore\Debug\libArduinoCore.a(main.o)
 .debug_aranges
                0x000007c0       0x28 C:\Users\Saba Baig\Documents\Atmel Studio\7.0\RM\RM\ArduinoCore\Debug\libArduinoCore.a(new.o)
 .debug_aranges
                0x000007e8       0xf0 C:\Users\Saba Baig\Documents\Atmel Studio\7.0\RM\RM\ArduinoCore\Debug\libArduinoCore.a(Print.o)
 .debug_aranges
                0x000008d8       0x48 C:\Users\Saba Baig\Documents\Atmel Studio\7.0\RM\RM\ArduinoCore\Debug\libArduinoCore.a(wiring.o)
 .debug_aranges
                0x00000920       0x30 C:\Users\Saba Baig\Documents\Atmel Studio\7.0\RM\RM\ArduinoCore\Debug\libArduinoCore.a(wiring_analog.o)
 .debug_aranges
                0x00000950       0x38 C:\Users\Saba Baig\Documents\Atmel Studio\7.0\RM\RM\ArduinoCore\Debug\libArduinoCore.a(wiring_digital.o)
 .debug_aranges
                0x00000988      0x2a8 C:\Users\Saba Baig\Documents\Atmel Studio\7.0\RM\RM\ArduinoCore\Debug\libArduinoCore.a(WString.o)
 .debug_aranges
                0x00000c30       0x98 C:\Users\Saba Baig\Documents\Atmel Studio\7.0\RM\RM\ArduinoCore\Debug\libArduinoCore.a(SoftwareSerial.o)
 .debug_aranges
                0x00000cc8       0x20 C:\Users\Saba Baig\Documents\Atmel Studio\7.0\RM\RM\ArduinoCore\Debug\libArduinoCore.a(hooks.o)

.debug_pubnames
 *(.debug_pubnames)

.debug_info     0x00000000    0x200dd
 *(.debug_info .gnu.linkonce.wi.*)
 .debug_info    0x00000000      0x5f4 C:/Program Files (x86)/Atmel/Studio/7.0/Packs/atmel/ATmega_DFP/1.2.132/gcc/dev/atmega328p/avr5/crtatmega328p.o
 .debug_info    0x000005f4     0x7539 Adafruit_FONA.o
 .debug_info    0x00007b2d     0x101e GsmPayload.o
 .debug_info    0x00008b4b      0xdf3 Helpers.o
 .debug_info    0x0000993e     0x2f13 Main_SignalLogging.o
 .debug_info    0x0000c851     0x1d00 RmMemManager.o
 .debug_info    0x0000e551      0x78f SensorManager.o
 .debug_info    0x0000ece0      0x604 src/libraries/Wire/src/utility/twi.o
 .debug_info    0x0000f2e4     0x26b3 src/libraries/Wire/src/Wire.o
 .debug_info    0x00011997      0xdb5 ExtendedTests.o
 .debug_info    0x0001274c     0x1e25 C:\Users\Saba Baig\Documents\Atmel Studio\7.0\RM\RM\ArduinoCore\Debug\libArduinoCore.a(HardwareSerial.o)
 .debug_info    0x00014571     0x1a19 C:\Users\Saba Baig\Documents\Atmel Studio\7.0\RM\RM\ArduinoCore\Debug\libArduinoCore.a(HardwareSerial0.o)
 .debug_info    0x00015f8a      0x237 C:\Users\Saba Baig\Documents\Atmel Studio\7.0\RM\RM\ArduinoCore\Debug\libArduinoCore.a(main.o)
 .debug_info    0x000161c1      0x11c C:\Users\Saba Baig\Documents\Atmel Studio\7.0\RM\RM\ArduinoCore\Debug\libArduinoCore.a(new.o)
 .debug_info    0x000162dd     0x2824 C:\Users\Saba Baig\Documents\Atmel Studio\7.0\RM\RM\ArduinoCore\Debug\libArduinoCore.a(Print.o)
 .debug_info    0x00018b01      0x2cb C:\Users\Saba Baig\Documents\Atmel Studio\7.0\RM\RM\ArduinoCore\Debug\libArduinoCore.a(wiring.o)
 .debug_info    0x00018dcc      0x26d C:\Users\Saba Baig\Documents\Atmel Studio\7.0\RM\RM\ArduinoCore\Debug\libArduinoCore.a(wiring_analog.o)
 .debug_info    0x00019039      0x5fe C:\Users\Saba Baig\Documents\Atmel Studio\7.0\RM\RM\ArduinoCore\Debug\libArduinoCore.a(wiring_digital.o)
 .debug_info    0x00019637     0x4273 C:\Users\Saba Baig\Documents\Atmel Studio\7.0\RM\RM\ArduinoCore\Debug\libArduinoCore.a(WString.o)
 .debug_info    0x0001d8aa     0x27f5 C:\Users\Saba Baig\Documents\Atmel Studio\7.0\RM\RM\ArduinoCore\Debug\libArduinoCore.a(SoftwareSerial.o)
 .debug_info    0x0002009f       0x3e C:\Users\Saba Baig\Documents\Atmel Studio\7.0\RM\RM\ArduinoCore\Debug\libArduinoCore.a(hooks.o)

.debug_abbrev   0x00000000     0x49bd
 *(.debug_abbrev)
 .debug_abbrev  0x00000000      0x5a2 C:/Program Files (x86)/Atmel/Studio/7.0/Packs/atmel/ATmega_DFP/1.2.132/gcc/dev/atmega328p/avr5/crtatmega328p.o
 .debug_abbrev  0x000005a2      0x6e5 Adafruit_FONA.o
 .debug_abbrev  0x00000c87      0x376 GsmPayload.o
 .debug_abbrev  0x00000ffd      0x317 Helpers.o
 .debug_abbrev  0x00001314      0x62f Main_SignalLogging.o
 .debug_abbrev  0x00001943      0x4c3 RmMemManager.o
 .debug_abbrev  0x00001e06      0x2ee SensorManager.o
 .debug_abbrev  0x000020f4      0x260 src/libraries/Wire/src/utility/twi.o
 .debug_abbrev  0x00002354      0x583 src/libraries/Wire/src/Wire.o
 .debug_abbrev  0x000028d7      0x3c8 ExtendedTests.o
 .debug_abbrev  0x00002c9f      0x432 C:\Users\Saba Baig\Documents\Atmel Studio\7.0\RM\RM\ArduinoCore\Debug\libArduinoCore.a(HardwareSerial.o)
 .debug_abbrev  0x000030d1      0x3a2 C:\Users\Saba Baig\Documents\Atmel Studio\7.0\RM\RM\ArduinoCore\Debug\libArduinoCore.a(HardwareSerial0.o)
 .debug_abbrev  0x00003473      0x12d C:\Users\Saba Baig\Documents\Atmel Studio\7.0\RM\RM\ArduinoCore\Debug\libArduinoCore.a(main.o)
 .debug_abbrev  0x000035a0       0xce C:\Users\Saba Baig\Documents\Atmel Studio\7.0\RM\RM\ArduinoCore\Debug\libArduinoCore.a(new.o)
 .debug_abbrev  0x0000366e      0x469 C:\Users\Saba Baig\Documents\Atmel Studio\7.0\RM\RM\ArduinoCore\Debug\libArduinoCore.a(Print.o)
 .debug_abbrev  0x00003ad7      0x146 C:\Users\Saba Baig\Documents\Atmel Studio\7.0\RM\RM\ArduinoCore\Debug\libArduinoCore.a(wiring.o)
 .debug_abbrev  0x00003c1d      0x16b C:\Users\Saba Baig\Documents\Atmel Studio\7.0\RM\RM\ArduinoCore\Debug\libArduinoCore.a(wiring_analog.o)
 .debug_abbrev  0x00003d88      0x15b C:\Users\Saba Baig\Documents\Atmel Studio\7.0\RM\RM\ArduinoCore\Debug\libArduinoCore.a(wiring_digital.o)
 .debug_abbrev  0x00003ee3      0x4a3 C:\Users\Saba Baig\Documents\Atmel Studio\7.0\RM\RM\ArduinoCore\Debug\libArduinoCore.a(WString.o)
 .debug_abbrev  0x00004386      0x60d C:\Users\Saba Baig\Documents\Atmel Studio\7.0\RM\RM\ArduinoCore\Debug\libArduinoCore.a(SoftwareSerial.o)
 .debug_abbrev  0x00004993       0x2a C:\Users\Saba Baig\Documents\Atmel Studio\7.0\RM\RM\ArduinoCore\Debug\libArduinoCore.a(hooks.o)

.debug_line     0x00000000     0x7107
 *(.debug_line .debug_line.* .debug_line_end)
 .debug_line    0x00000000      0x133 C:/Program Files (x86)/Atmel/Studio/7.0/Packs/atmel/ATmega_DFP/1.2.132/gcc/dev/atmega328p/avr5/crtatmega328p.o
 .debug_line    0x00000133     0x1724 Adafruit_FONA.o
 .debug_line    0x00001857      0x3b1 GsmPayload.o
 .debug_line    0x00001c08      0x68d Helpers.o
 .debug_line    0x00002295      0x633 Main_SignalLogging.o
 .debug_line    0x000028c8      0x76a RmMemManager.o
 .debug_line    0x00003032      0x23f SensorManager.o
 .debug_line    0x00003271      0x519 src/libraries/Wire/src/utility/twi.o
 .debug_line    0x0000378a      0x5ad src/libraries/Wire/src/Wire.o
 .debug_line    0x00003d37      0x31e ExtendedTests.o
 .debug_line    0x00004055      0x426 C:\Users\Saba Baig\Documents\Atmel Studio\7.0\RM\RM\ArduinoCore\Debug\libArduinoCore.a(HardwareSerial.o)
 .debug_line    0x0000447b      0x257 C:\Users\Saba Baig\Documents\Atmel Studio\7.0\RM\RM\ArduinoCore\Debug\libArduinoCore.a(HardwareSerial0.o)
 .debug_line    0x000046d2      0x165 C:\Users\Saba Baig\Documents\Atmel Studio\7.0\RM\RM\ArduinoCore\Debug\libArduinoCore.a(main.o)
 .debug_line    0x00004837      0x12f C:\Users\Saba Baig\Documents\Atmel Studio\7.0\RM\RM\ArduinoCore\Debug\libArduinoCore.a(new.o)
 .debug_line    0x00004966      0x62e C:\Users\Saba Baig\Documents\Atmel Studio\7.0\RM\RM\ArduinoCore\Debug\libArduinoCore.a(Print.o)
 .debug_line    0x00004f94      0x299 C:\Users\Saba Baig\Documents\Atmel Studio\7.0\RM\RM\ArduinoCore\Debug\libArduinoCore.a(wiring.o)
 .debug_line    0x0000522d      0x20f C:\Users\Saba Baig\Documents\Atmel Studio\7.0\RM\RM\ArduinoCore\Debug\libArduinoCore.a(wiring_analog.o)
 .debug_line    0x0000543c      0x252 C:\Users\Saba Baig\Documents\Atmel Studio\7.0\RM\RM\ArduinoCore\Debug\libArduinoCore.a(wiring_digital.o)
 .debug_line    0x0000568e     0x12ae C:\Users\Saba Baig\Documents\Atmel Studio\7.0\RM\RM\ArduinoCore\Debug\libArduinoCore.a(WString.o)
 .debug_line    0x0000693c      0x78a C:\Users\Saba Baig\Documents\Atmel Studio\7.0\RM\RM\ArduinoCore\Debug\libArduinoCore.a(SoftwareSerial.o)
 .debug_line    0x000070c6       0x41 C:\Users\Saba Baig\Documents\Atmel Studio\7.0\RM\RM\ArduinoCore\Debug\libArduinoCore.a(hooks.o)

.debug_frame    0x00000000     0x2f88
 *(.debug_frame)
 .debug_frame   0x00000000      0xe0c Adafruit_FONA.o
 .debug_frame   0x00000e0c      0x218 GsmPayload.o
 .debug_frame   0x00001024      0x1f4 Helpers.o
 .debug_frame   0x00001218      0x184 Main_SignalLogging.o
 .debug_frame   0x0000139c      0x36c RmMemManager.o
 .debug_frame   0x00001708       0x98 SensorManager.o
 .debug_frame   0x000017a0      0x134 src/libraries/Wire/src/utility/twi.o
 .debug_frame   0x000018d4      0x260 src/libraries/Wire/src/Wire.o
 .debug_frame   0x00001b34       0xa4 ExtendedTests.o
 .debug_frame   0x00001bd8      0x110 C:\Users\Saba Baig\Documents\Atmel Studio\7.0\RM\RM\ArduinoCore\Debug\libArduinoCore.a(HardwareSerial.o)
 .debug_frame   0x00001ce8       0xc0 C:\Users\Saba Baig\Documents\Atmel Studio\7.0\RM\RM\ArduinoCore\Debug\libArduinoCore.a(HardwareSerial0.o)
 .debug_frame   0x00001da8       0x54 C:\Users\Saba Baig\Documents\Atmel Studio\7.0\RM\RM\ArduinoCore\Debug\libArduinoCore.a(main.o)
 .debug_frame   0x00001dfc       0x54 C:\Users\Saba Baig\Documents\Atmel Studio\7.0\RM\RM\ArduinoCore\Debug\libArduinoCore.a(new.o)
 .debug_frame   0x00001e50      0x38c C:\Users\Saba Baig\Documents\Atmel Studio\7.0\RM\RM\ArduinoCore\Debug\libArduinoCore.a(Print.o)
 .debug_frame   0x000021dc       0xc4 C:\Users\Saba Baig\Documents\Atmel Studio\7.0\RM\RM\ArduinoCore\Debug\libArduinoCore.a(wiring.o)
 .debug_frame   0x000022a0       0x54 C:\Users\Saba Baig\Documents\Atmel Studio\7.0\RM\RM\ArduinoCore\Debug\libArduinoCore.a(wiring_analog.o)
 .debug_frame   0x000022f4       0x7c C:\Users\Saba Baig\Documents\Atmel Studio\7.0\RM\RM\ArduinoCore\Debug\libArduinoCore.a(wiring_digital.o)
 .debug_frame   0x00002370      0xa40 C:\Users\Saba Baig\Documents\Atmel Studio\7.0\RM\RM\ArduinoCore\Debug\libArduinoCore.a(WString.o)
 .debug_frame   0x00002db0      0x1b4 C:\Users\Saba Baig\Documents\Atmel Studio\7.0\RM\RM\ArduinoCore\Debug\libArduinoCore.a(SoftwareSerial.o)
 .debug_frame   0x00002f64       0x24 C:\Users\Saba Baig\Documents\Atmel Studio\7.0\RM\RM\ArduinoCore\Debug\libArduinoCore.a(hooks.o)

.debug_str      0x00000000     0x5c00
 *(.debug_str)
 .debug_str     0x00000000      0x208 C:/Program Files (x86)/Atmel/Studio/7.0/Packs/atmel/ATmega_DFP/1.2.132/gcc/dev/atmega328p/avr5/crtatmega328p.o
 .debug_str     0x00000208     0x27d1 Adafruit_FONA.o
                               0x294b (size before relaxing)
 .debug_str     0x000029d9      0x874 GsmPayload.o
                                0xbdc (size before relaxing)
 .debug_str     0x0000324d      0x120 Helpers.o
                                0x797 (size before relaxing)
 .debug_str     0x0000336d      0xc00 Main_SignalLogging.o
                               0x2701 (size before relaxing)
 .debug_str     0x00003f6d      0x307 RmMemManager.o
                                0xf92 (size before relaxing)
 .debug_str     0x00004274       0x65 SensorManager.o
                                0x723 (size before relaxing)
 .debug_str     0x000042d9      0x2bb src/libraries/Wire/src/utility/twi.o
                                0x3bc (size before relaxing)
 .debug_str     0x00004594      0x452 src/libraries/Wire/src/Wire.o
                               0x1819 (size before relaxing)
 .debug_str     0x000049e6       0x6e ExtendedTests.o
                               0x1075 (size before relaxing)
 .debug_str     0x00004a54      0x3de C:\Users\Saba Baig\Documents\Atmel Studio\7.0\RM\RM\ArduinoCore\Debug\libArduinoCore.a(HardwareSerial.o)
                               0x1586 (size before relaxing)
 .debug_str     0x00004e32       0x47 C:\Users\Saba Baig\Documents\Atmel Studio\7.0\RM\RM\ArduinoCore\Debug\libArduinoCore.a(HardwareSerial0.o)
                               0x135f (size before relaxing)
 .debug_str     0x00004e79       0x37 C:\Users\Saba Baig\Documents\Atmel Studio\7.0\RM\RM\ArduinoCore\Debug\libArduinoCore.a(main.o)
                                0x2a5 (size before relaxing)
 .debug_str     0x00004eb0       0x44 C:\Users\Saba Baig\Documents\Atmel Studio\7.0\RM\RM\ArduinoCore\Debug\libArduinoCore.a(new.o)
                                0x1bb (size before relaxing)
 .debug_str     0x00004ef4      0x20b C:\Users\Saba Baig\Documents\Atmel Studio\7.0\RM\RM\ArduinoCore\Debug\libArduinoCore.a(Print.o)
                               0x11a4 (size before relaxing)
 .debug_str     0x000050ff       0x79 C:\Users\Saba Baig\Documents\Atmel Studio\7.0\RM\RM\ArduinoCore\Debug\libArduinoCore.a(wiring.o)
                                0x23b (size before relaxing)
 .debug_str     0x00005178       0x6c C:\Users\Saba Baig\Documents\Atmel Studio\7.0\RM\RM\ArduinoCore\Debug\libArduinoCore.a(wiring_analog.o)
                                0x23f (size before relaxing)
 .debug_str     0x000051e4       0xa9 C:\Users\Saba Baig\Documents\Atmel Studio\7.0\RM\RM\ArduinoCore\Debug\libArduinoCore.a(wiring_digital.o)
                                0x2a0 (size before relaxing)
 .debug_str     0x0000528d      0x3a9 C:\Users\Saba Baig\Documents\Atmel Studio\7.0\RM\RM\ArduinoCore\Debug\libArduinoCore.a(WString.o)
                               0x1140 (size before relaxing)
 .debug_str     0x00005636      0x5ae C:\Users\Saba Baig\Documents\Atmel Studio\7.0\RM\RM\ArduinoCore\Debug\libArduinoCore.a(SoftwareSerial.o)
                               0x1882 (size before relaxing)
 .debug_str     0x00005be4       0x1c C:\Users\Saba Baig\Documents\Atmel Studio\7.0\RM\RM\ArduinoCore\Debug\libArduinoCore.a(hooks.o)
                                0x130 (size before relaxing)

.debug_loc      0x00000000    0x11060
 *(.debug_loc)
 .debug_loc     0x00000000     0x556e Adafruit_FONA.o
 .debug_loc     0x0000556e      0x796 GsmPayload.o
 .debug_loc     0x00005d04      0xb61 Helpers.o
 .debug_loc     0x00006865      0x5cb Main_SignalLogging.o
 .debug_loc     0x00006e30     0x12df RmMemManager.o
 .debug_loc     0x0000810f      0x2d2 SensorManager.o
 .debug_loc     0x000083e1      0x3e6 src/libraries/Wire/src/utility/twi.o
 .debug_loc     0x000087c7      0xbc0 src/libraries/Wire/src/Wire.o
 .debug_loc     0x00009387      0x1ca ExtendedTests.o
 .debug_loc     0x00009551      0x482 C:\Users\Saba Baig\Documents\Atmel Studio\7.0\RM\RM\ArduinoCore\Debug\libArduinoCore.a(HardwareSerial.o)
 .debug_loc     0x000099d3      0x18a C:\Users\Saba Baig\Documents\Atmel Studio\7.0\RM\RM\ArduinoCore\Debug\libArduinoCore.a(HardwareSerial0.o)
 .debug_loc     0x00009b5d       0x4c C:\Users\Saba Baig\Documents\Atmel Studio\7.0\RM\RM\ArduinoCore\Debug\libArduinoCore.a(new.o)
 .debug_loc     0x00009ba9     0x1c79 C:\Users\Saba Baig\Documents\Atmel Studio\7.0\RM\RM\ArduinoCore\Debug\libArduinoCore.a(Print.o)
 .debug_loc     0x0000b822      0x28d C:\Users\Saba Baig\Documents\Atmel Studio\7.0\RM\RM\ArduinoCore\Debug\libArduinoCore.a(wiring.o)
 .debug_loc     0x0000baaf       0xfe C:\Users\Saba Baig\Documents\Atmel Studio\7.0\RM\RM\ArduinoCore\Debug\libArduinoCore.a(wiring_analog.o)
 .debug_loc     0x0000bbad      0x5fc C:\Users\Saba Baig\Documents\Atmel Studio\7.0\RM\RM\ArduinoCore\Debug\libArduinoCore.a(wiring_digital.o)
 .debug_loc     0x0000c1a9     0x4247 C:\Users\Saba Baig\Documents\Atmel Studio\7.0\RM\RM\ArduinoCore\Debug\libArduinoCore.a(WString.o)
 .debug_loc     0x000103f0      0xc70 C:\Users\Saba Baig\Documents\Atmel Studio\7.0\RM\RM\ArduinoCore\Debug\libArduinoCore.a(SoftwareSerial.o)

.debug_macinfo
 *(.debug_macinfo)

.debug_weaknames
 *(.debug_weaknames)

.debug_funcnames
 *(.debug_funcnames)

.debug_typenames
 *(.debug_typenames)

.debug_varnames
 *(.debug_varnames)

.debug_pubtypes
 *(.debug_pubtypes)

.debug_ranges   0x00000000      0xce8
 *(.debug_ranges)
 .debug_ranges  0x00000000      0x290 Adafruit_FONA.o
 .debug_ranges  0x00000290       0xb8 GsmPayload.o
 .debug_ranges  0x00000348       0x90 Helpers.o
 .debug_ranges  0x000003d8       0x70 Main_SignalLogging.o
 .debug_ranges  0x00000448       0xf8 RmMemManager.o
 .debug_ranges  0x00000540       0x30 SensorManager.o
 .debug_ranges  0x00000570       0x70 src/libraries/Wire/src/utility/twi.o
 .debug_ranges  0x000005e0       0xd8 src/libraries/Wire/src/Wire.o
 .debug_ranges  0x000006b8       0x38 ExtendedTests.o
 .debug_ranges  0x000006f0       0x58 C:\Users\Saba Baig\Documents\Atmel Studio\7.0\RM\RM\ArduinoCore\Debug\libArduinoCore.a(HardwareSerial.o)
 .debug_ranges  0x00000748       0x28 C:\Users\Saba Baig\Documents\Atmel Studio\7.0\RM\RM\ArduinoCore\Debug\libArduinoCore.a(HardwareSerial0.o)
 .debug_ranges  0x00000770       0x20 C:\Users\Saba Baig\Documents\Atmel Studio\7.0\RM\RM\ArduinoCore\Debug\libArduinoCore.a(main.o)
 .debug_ranges  0x00000790       0x18 C:\Users\Saba Baig\Documents\Atmel Studio\7.0\RM\RM\ArduinoCore\Debug\libArduinoCore.a(new.o)
 .debug_ranges  0x000007a8      0x110 C:\Users\Saba Baig\Documents\Atmel Studio\7.0\RM\RM\ArduinoCore\Debug\libArduinoCore.a(Print.o)
 .debug_ranges  0x000008b8       0x38 C:\Users\Saba Baig\Documents\Atmel Studio\7.0\RM\RM\ArduinoCore\Debug\libArduinoCore.a(wiring.o)
 .debug_ranges  0x000008f0       0x20 C:\Users\Saba Baig\Documents\Atmel Studio\7.0\RM\RM\ArduinoCore\Debug\libArduinoCore.a(wiring_analog.o)
 .debug_ranges  0x00000910       0x28 C:\Users\Saba Baig\Documents\Atmel Studio\7.0\RM\RM\ArduinoCore\Debug\libArduinoCore.a(wiring_digital.o)
 .debug_ranges  0x00000938      0x2d0 C:\Users\Saba Baig\Documents\Atmel Studio\7.0\RM\RM\ArduinoCore\Debug\libArduinoCore.a(WString.o)
 .debug_ranges  0x00000c08       0xd0 C:\Users\Saba Baig\Documents\Atmel Studio\7.0\RM\RM\ArduinoCore\Debug\libArduinoCore.a(SoftwareSerial.o)
 .debug_ranges  0x00000cd8       0x10 C:\Users\Saba Baig\Documents\Atmel Studio\7.0\RM\RM\ArduinoCore\Debug\libArduinoCore.a(hooks.o)

.debug_macro
 *(.debug_macro)
OUTPUT(IAAAE_RM.elf elf32-avr)
LOAD linker stubs