Archive member included to satisfy reference by file (symbol)

c:/program files (x86)/atmel/studio/7.0/toolchain/avr8/avr8-gnu-toolchain/bin/../lib/gcc/avr/5.4.0/../../../../avr/lib/avr5\libm.a(addsf3.o)
                              Sketch.o (__addsf3)
c:/program files (x86)/atmel/studio/7.0/toolchain/avr8/avr8-gnu-toolchain/bin/../lib/gcc/avr/5.4.0/../../../../avr/lib/avr5\libm.a(addsf3x.o)
                              c:/program files (x86)/atmel/studio/7.0/toolchain/avr8/avr8-gnu-toolchain/bin/../lib/gcc/avr/5.4.0/../../../../avr/lib/avr5\libm.a(addsf3.o) (__addsf3x)
c:/program files (x86)/atmel/studio/7.0/toolchain/avr8/avr8-gnu-toolchain/bin/../lib/gcc/avr/5.4.0/../../../../avr/lib/avr5\libm.a(divsf3.o)
                              Sketch.o (__divsf3)
c:/program files (x86)/atmel/studio/7.0/toolchain/avr8/avr8-gnu-toolchain/bin/../lib/gcc/avr/5.4.0/../../../../avr/lib/avr5\libm.a(divsf3x.o)
                              c:/program files (x86)/atmel/studio/7.0/toolchain/avr8/avr8-gnu-toolchain/bin/../lib/gcc/avr/5.4.0/../../../../avr/lib/avr5\libm.a(divsf3.o) (__divsf3x)
c:/program files (x86)/atmel/studio/7.0/toolchain/avr8/avr8-gnu-toolchain/bin/../lib/gcc/avr/5.4.0/../../../../avr/lib/avr5\libm.a(fixsfsi.o)
                              RmMemManager.o (__fixsfsi)
c:/program files (x86)/atmel/studio/7.0/toolchain/avr8/avr8-gnu-toolchain/bin/../lib/gcc/avr/5.4.0/../../../../avr/lib/avr5\libm.a(fixunssfsi.o)
                              Sketch.o (__fixunssfsi)
c:/program files (x86)/atmel/studio/7.0/toolchain/avr8/avr8-gnu-toolchain/bin/../lib/gcc/avr/5.4.0/../../../../avr/lib/avr5\libm.a(floatsisf.o)
                              RmMemManager.o (__floatsisf)
c:/program files (x86)/atmel/studio/7.0/toolchain/avr8/avr8-gnu-toolchain/bin/../lib/gcc/avr/5.4.0/../../../../avr/lib/avr5\libm.a(fp_inf.o)
                              c:/program files (x86)/atmel/studio/7.0/toolchain/avr8/avr8-gnu-toolchain/bin/../lib/gcc/avr/5.4.0/../../../../avr/lib/avr5\libm.a(addsf3x.o) (__fp_inf)
c:/program files (x86)/atmel/studio/7.0/toolchain/avr8/avr8-gnu-toolchain/bin/../lib/gcc/avr/5.4.0/../../../../avr/lib/avr5\libm.a(fp_nan.o)
                              c:/program files (x86)/atmel/studio/7.0/toolchain/avr8/avr8-gnu-toolchain/bin/../lib/gcc/avr/5.4.0/../../../../avr/lib/avr5\libm.a(addsf3x.o) (__fp_nan)
c:/program files (x86)/atmel/studio/7.0/toolchain/avr8/avr8-gnu-toolchain/bin/../lib/gcc/avr/5.4.0/../../../../avr/lib/avr5\libm.a(fp_pscA.o)
                              c:/program files (x86)/atmel/studio/7.0/toolchain/avr8/avr8-gnu-toolchain/bin/../lib/gcc/avr/5.4.0/../../../../avr/lib/avr5\libm.a(addsf3x.o) (__fp_pscA)
c:/program files (x86)/atmel/studio/7.0/toolchain/avr8/avr8-gnu-toolchain/bin/../lib/gcc/avr/5.4.0/../../../../avr/lib/avr5\libm.a(fp_pscB.o)
                              c:/program files (x86)/atmel/studio/7.0/toolchain/avr8/avr8-gnu-toolchain/bin/../lib/gcc/avr/5.4.0/../../../../avr/lib/avr5\libm.a(addsf3x.o) (__fp_pscB)
c:/program files (x86)/atmel/studio/7.0/toolchain/avr8/avr8-gnu-toolchain/bin/../lib/gcc/avr/5.4.0/../../../../avr/lib/avr5\libm.a(fp_round.o)
                              c:/program files (x86)/atmel/studio/7.0/toolchain/avr8/avr8-gnu-toolchain/bin/../lib/gcc/avr/5.4.0/../../../../avr/lib/avr5\libm.a(addsf3.o) (__fp_round)
c:/program files (x86)/atmel/studio/7.0/toolchain/avr8/avr8-gnu-toolchain/bin/../lib/gcc/avr/5.4.0/../../../../avr/lib/avr5\libm.a(fp_split3.o)
                              c:/program files (x86)/atmel/studio/7.0/toolchain/avr8/avr8-gnu-toolchain/bin/../lib/gcc/avr/5.4.0/../../../../avr/lib/avr5\libm.a(addsf3x.o) (__fp_split3)
c:/program files (x86)/atmel/studio/7.0/toolchain/avr8/avr8-gnu-toolchain/bin/../lib/gcc/avr/5.4.0/../../../../avr/lib/avr5\libm.a(fp_zero.o)
                              c:/program files (x86)/atmel/studio/7.0/toolchain/avr8/avr8-gnu-toolchain/bin/../lib/gcc/avr/5.4.0/../../../../avr/lib/avr5\libm.a(addsf3x.o) (__fp_zero)
c:/program files (x86)/atmel/studio/7.0/toolchain/avr8/avr8-gnu-toolchain/bin/../lib/gcc/avr/5.4.0/../../../../avr/lib/avr5\libm.a(gesf2.o)
                              Sketch.o (__gtsf2)
c:/program files (x86)/atmel/studio/7.0/toolchain/avr8/avr8-gnu-toolchain/bin/../lib/gcc/avr/5.4.0/../../../../avr/lib/avr5\libm.a(mulsf3.o)
                              RmMemManager.o (__mulsf3)
c:/program files (x86)/atmel/studio/7.0/toolchain/avr8/avr8-gnu-toolchain/bin/../lib/gcc/avr/5.4.0/../../../../avr/lib/avr5\libm.a(mulsf3x.o)
                              c:/program files (x86)/atmel/studio/7.0/toolchain/avr8/avr8-gnu-toolchain/bin/../lib/gcc/avr/5.4.0/../../../../avr/lib/avr5\libm.a(mulsf3.o) (__mulsf3x)
c:/program files (x86)/atmel/studio/7.0/toolchain/avr8/avr8-gnu-toolchain/bin/../lib/gcc/avr/5.4.0/../../../../avr/lib/avr5\libm.a(fp_cmp.o)
[...]
Memory Configuration

Name             Origin             Length             Attributes
text             0x00000000         0x00020000         xr
data             0x00800060         0x0000ffa0         rw !x
eeprom           0x00810000         0x00010000         rw !x
fuse             0x00820000         0x00000003         rw !x
lock             0x00830000         0x00000400         rw !x
signature        0x00840000         0x00000400         rw !x
user_signatures  0x00850000         0x00000400         rw !x
*default*        0x00000000         0xffffffff

Linker script and memory map

Address of section .data set to 0x800100
LOAD C:/Program Files (x86)/Atmel/Studio/7.0/Packs/atmel/ATmega_DFP/1.2.132/gcc/dev/atmega328p/avr5/crtatmega328p.o
LOAD GPS.o
LOAD GsmManager.o
LOAD Helpers.o
LOAD RmMemManager.o
LOAD Sketch.o
LOAD src/libraries/Wire/src/utility/twi.o
LOAD src/libraries/Wire/src/Wire.o
LOAD Tester.o
LOAD Timing.o
START GROUP
LOAD c:/program files (x86)/atmel/studio/7.0/toolchain/avr8/avr8-gnu-toolchain/bin/../lib/gcc/avr/5.4.0/../../../../avr/lib/avr5\libm.a
LOAD C:\Users\Numaan\Documents\Atmel Studio\7.0\RM\RM\ArduinoCore\Debug\libArduinoCore.a
END GROUP
LOAD c:/program files (x86)/atmel/studio/7.0/toolchain/avr8/avr8-gnu-toolchain/bin/../lib/gcc/avr/5.4.0/avr5\libgcc.a
LOAD c:/program files (x86)/atmel/studio/7.0/toolchain/avr8/avr8-gnu-toolchain/bin/../lib/gcc/avr/5.4.0/../../../../avr/lib/avr5\libm.a
START GROUP
LOAD c:/program files (x86)/atmel/studio/7.0/toolchain/avr8/avr8-gnu-toolchain/bin/../lib/gcc/avr/5.4.0/avr5\libgcc.a
LOAD c:/program files (x86)/atmel/studio/7.0/toolchain/avr8/avr8-gnu-toolchain/bin/../lib/gcc/avr/5.4.0/../../../../avr/lib/avr5\libm.a
LOAD c:/program files (x86)/atmel/studio/7.0/toolchain/avr8/avr8-gnu-toolchain/bin/../lib/gcc/avr/5.4.0/../../../../avr/lib/avr5\libc.a
LOAD C:/Program Files (x86)/Atmel/Studio/7.0/Packs/atmel/ATmega_DFP/1.2.132/gcc/dev/atmega328p/avr5\libatmega328p.a
END GROUP
                0x00020000                __TEXT_REGION_LENGTH__ = DEFINED (__TEXT_REGION_LENGTH__)?__TEXT_REGION_LENGTH__:0x20000
                0x0000ffa0                __DATA_REGION_LENGTH__ = DEFINED (__DATA_REGION_LENGTH__)?__DATA_REGION_LENGTH__:0xffa0
                0x00010000                __EEPROM_REGION_LENGTH__ = DEFINED (__EEPROM_REGION_LENGTH__)?__EEPROM_REGION_LENGTH__:0x10000
                [0x00000003]                __FUSE_REGION_LENGTH__ = DEFINED (__FUSE_REGION_LENGTH__)?__FUSE_REGION_LENGTH__:0x400
                0x00000400                __LOCK_REGION_LENGTH__ = DEFINED (__LOCK_REGION_LENGTH__)?__LOCK_REGION_LENGTH__:0x400
                0x00000400                __SIGNATURE_REGION_LENGTH__ = DEFINED (__SIGNATURE_REGION_LENGTH__)?__SIGNATURE_REGION_LENGTH__:0x400
                0x00000400                __USER_SIGNATURE_REGION_LENGTH__ = DEFINED (__USER_SIGNATURE_REGION_LENGTH__)?__USER_SIGNATURE_REGION_LENGTH__:0x400

.hash
 *(.hash)

.dynsym
 *(.dynsym)

.dynstr
 *(.dynstr)

.gnu.version
 *(.gnu.version)

.gnu.version_d
 *(.gnu.version_d)

.gnu.version_r
 *(.gnu.version_r)

.rel.init
 *(.rel.init)

.rela.init
 *(.rela.init)

.rel.text
 *(.rel.text)
 *(.rel.text.*)
 *(.rel.gnu.linkonce.t*)

.rela.text
 *(.rela.text)
 *(.rela.text.*)
 *(.rela.gnu.linkonce.t*)

.rel.fini
 *(.rel.fini)

.rela.fini
 *(.rela.fini)

.rel.rodata
 *(.rel.rodata)
 *(.rel.rodata.*)
 *(.rel.gnu.linkonce.r*)

.rela.rodata
 *(.rela.rodata)
 *(.rela.rodata.*)
 *(.rela.gnu.linkonce.r*)

.rel.data
 *(.rel.data)
 *(.rel.data.*)
 *(.rel.gnu.linkonce.d*)

.rela.data
 *(.rela.data)
 *(.rela.data.*)
 *(.rela.gnu.linkonce.d*)

.rel.ctors
 *(.rel.ctors)

.rela.ctors
 *(.rela.ctors)

.rel.dtors
 *(.rel.dtors)

.rela.dtors
 *(.rela.dtors)

.rel.got
 *(.rel.got)

.rela.got
 *(.rela.got)

.rel.bss
 *(.rel.bss)

.rela.bss
 *(.rela.bss)

.rel.plt
 *(.rel.plt)

.rela.plt
 *(.rela.plt)

.text           0x00000000     0x7abe
 *(.vectors)
 .vectors       0x00000000       0x68 C:/Program Files (x86)/Atmel/Studio/7.0/Packs/atmel/ATmega_DFP/1.2.132/gcc/dev/atmega328p/avr5/crtatmega328p.o
                0x00000000                __vector_default
                0x00000000                __vectors
 *(.vectors)
 *(.progmem.gcc*)
 .progmem.gcc_sw_table
                0x00000068      0x1f2 src/libraries/Wire/src/utility/twi.o
                0x0000025a                . = ALIGN (0x2)
                0x0000025a                __trampolines_start = .
 *(.trampolines)
 .trampolines   0x0000025a        0x0 linker stubs
 *(.trampolines*)
                0x0000025a                __trampolines_end = .
 *libprintf_flt.a:*(.progmem.data)
 *libc.a:*(.progmem.data)
 *(.progmem*)
 .progmem.data  0x0000025a       0x23 GsmManager.o
 .progmem.data  0x0000027d      0x127 Sketch.o
 .progmem.data.digital_pin_to_timer_PGM
                0x000003a4       0x14 C:\Users\Numaan\Documents\Atmel Studio\7.0\RM\RM\ArduinoCore\Debug\libArduinoCore.a(wiring_digital.o)
                0x000003a4                digital_pin_to_timer_PGM
 .progmem.data.digital_pin_to_bit_mask_PGM
                0x000003b8       0x14 C:\Users\Numaan\Documents\Atmel Studio\7.0\RM\RM\ArduinoCore\Debug\libArduinoCore.a(wiring_digital.o)
                0x000003b8                digital_pin_to_bit_mask_PGM
 .progmem.data.digital_pin_to_port_PGM
                0x000003cc       0x14 C:\Users\Numaan\Documents\Atmel Studio\7.0\RM\RM\ArduinoCore\Debug\libArduinoCore.a(wiring_digital.o)
                0x000003cc                digital_pin_to_port_PGM
 .progmem.data.port_to_input_PGM
                0x000003e0        0xa C:\Users\Numaan\Documents\Atmel Studio\7.0\RM\RM\ArduinoCore\Debug\libArduinoCore.a(wiring_digital.o)
                0x000003e0                port_to_input_PGM
 .progmem.data.port_to_output_PGM
                0x000003ea        0xa C:\Users\Numaan\Documents\Atmel Studio\7.0\RM\RM\ArduinoCore\Debug\libArduinoCore.a(wiring_digital.o)
                0x000003ea                port_to_output_PGM
 .progmem.data.port_to_mode_PGM
                0x000003f4        0xa C:\Users\Numaan\Documents\Atmel Studio\7.0\RM\RM\ArduinoCore\Debug\libArduinoCore.a(wiring_digital.o)
                0x000003f4                port_to_mode_PGM
 .progmem.data._ZZN13Adafruit_FONA14getReplyQuotedEPK19__FlashStringHelperS2_jE3__c_0
                0x000003fe        0x7 C:\Users\Numaan\Documents\Atmel Studio\7.0\RM\RM\ArduinoCore\Debug\libArduinoCore.a(Adafruit_FONA.o)
 .progmem.data._ZZN13Adafruit_FONA14getReplyQuotedEPK19__FlashStringHelperS2_jE3__c
                0x00000405        0x7 C:\Users\Numaan\Documents\Atmel Studio\7.0\RM\RM\ArduinoCore\Debug\libArduinoCore.a(Adafruit_FONA.o)
 .progmem.data._ZZN13Adafruit_FONA8getReplyEPK19__FlashStringHelperljE3__c_0
                0x0000040c        0x7 C:\Users\Numaan\Documents\Atmel Studio\7.0\RM\RM\ArduinoCore\Debug\libArduinoCore.a(Adafruit_FONA.o)
 .progmem.data._ZZN13Adafruit_FONA8getReplyEPK19__FlashStringHelperljE3__c
                0x00000413        0x7 C:\Users\Numaan\Documents\Atmel Studio\7.0\RM\RM\ArduinoCore\Debug\libArduinoCore.a(Adafruit_FONA.o)
 .progmem.data._ZZN13Adafruit_FONA8getReplyEPK19__FlashStringHelperjE3__c_0
                0x0000041a        0x7 C:\Users\Numaan\Documents\Atmel Studio\7.0\RM\RM\ArduinoCore\Debug\libArduinoCore.a(Adafruit_FONA.o)
 .progmem.data._ZZN13Adafruit_FONA8getReplyEPK19__FlashStringHelperjE3__c
                0x00000421        0x7 C:\Users\Numaan\Documents\Atmel Studio\7.0\RM\RM\ArduinoCore\Debug\libArduinoCore.a(Adafruit_FONA.o)
 .progmem.data._ZZN13Adafruit_FONA8getReplyEPcjE3__c_0
                0x00000428        0x7 C:\Users\Numaan\Documents\Atmel Studio\7.0\RM\RM\ArduinoCore\Debug\libArduinoCore.a(Adafruit_FONA.o)
 .progmem.data._ZZN13Adafruit_FONA8getReplyEPcjE3__c
                0x0000042f        0x7 C:\Users\Numaan\Documents\Atmel Studio\7.0\RM\RM\ArduinoCore\Debug\libArduinoCore.a(Adafruit_FONA.o)
 .progmem.data._ZZN13Adafruit_FONA8readlineEjbE3__c_0
                0x00000436        0x8 C:\Users\Numaan\Documents\Atmel Studio\7.0\RM\RM\ArduinoCore\Debug\libArduinoCore.a(Adafruit_FONA.o)
 .progmem.data._ZZN13Adafruit_FONA8readlineEjbE3__c
                0x0000043e        0x6 C:\Users\Numaan\Documents\Atmel Studio\7.0\RM\RM\ArduinoCore\Debug\libArduinoCore.a(Adafruit_FONA.o)
 .progmem.data._ZZN13Adafruit_FONA11expectReplyEPK19__FlashStringHelperjE3__c
                0x00000444        0x7 C:\Users\Numaan\Documents\Atmel Studio\7.0\RM\RM\ArduinoCore\Debug\libArduinoCore.a(Adafruit_FONA.o)
 .progmem.data._ZZN13Adafruit_FONA10HTTP_setupEPcE3__c_2
                0x0000044b        0x6 C:\Users\Numaan\Documents\Atmel Studio\7.0\RM\RM\ArduinoCore\Debug\libArduinoCore.a(Adafruit_FONA.o)
 .progmem.data._ZZN13Adafruit_FONA10HTTP_setupEPcE3__c_1
                0x00000451        0x4 C:\Users\Numaan\Documents\Atmel Studio\7.0\RM\RM\ArduinoCore\Debug\libArduinoCore.a(Adafruit_FONA.o)
 .progmem.data._ZZN13Adafruit_FONA10HTTP_setupEPcE3__c_0
                0x00000455        0x3 C:\Users\Numaan\Documents\Atmel Studio\7.0\RM\RM\ArduinoCore\Debug\libArduinoCore.a(Adafruit_FONA.o)
 .progmem.data._ZZN13Adafruit_FONA10HTTP_setupEPcE3__c
                0x00000458        0x4 C:\Users\Numaan\Documents\Atmel Studio\7.0\RM\RM\ArduinoCore\Debug\libArduinoCore.a(Adafruit_FONA.o)
 .progmem.data._ZZN13Adafruit_FONA15HTTP_POST_startEPcPK19__FlashStringHelperPKhjPjS6_E3__c_1
                0x0000045c        0x6 C:\Users\Numaan\Documents\Atmel Studio\7.0\RM\RM\ArduinoCore\Debug\libArduinoCore.a(Adafruit_FONA.o)
 .progmem.data._ZZN13Adafruit_FONA15HTTP_POST_startEPcPK19__FlashStringHelperPKhjPjS6_E3__c_0
                0x00000462        0x9 C:\Users\Numaan\Documents\Atmel Studio\7.0\RM\RM\ArduinoCore\Debug\libArduinoCore.a(Adafruit_FONA.o)
 .progmem.data._ZZN13Adafruit_FONA15HTTP_POST_startEPcPK19__FlashStringHelperPKhjPjS6_E3__c
                0x0000046b        0x8 C:\Users\Numaan\Documents\Atmel Studio\7.0\RM\RM\ArduinoCore\Debug\libArduinoCore.a(Adafruit_FONA.o)
 .progmem.data._ZZN13Adafruit_FONA8HTTP_sslEbE3__c
                0x00000473        0xc C:\Users\Numaan\Documents\Atmel Studio\7.0\RM\RM\ArduinoCore\Debug\libArduinoCore.a(Adafruit_FONA.o)
 .progmem.data._ZZN13Adafruit_FONA12HTTP_readallEPjE3__c_0
                0x0000047f        0xb C:\Users\Numaan\Documents\Atmel Studio\7.0\RM\RM\ArduinoCore\Debug\libArduinoCore.a(Adafruit_FONA.o)
 .progmem.data._ZZN13Adafruit_FONA12HTTP_readallEPjE3__c
                0x0000048a        0xc C:\Users\Numaan\Documents\Atmel Studio\7.0\RM\RM\ArduinoCore\Debug\libArduinoCore.a(Adafruit_FONA.o)
 .progmem.data._ZZN13Adafruit_FONA11HTTP_actionEhPjS0_lE3__c_1
                0x00000496        0xd C:\Users\Numaan\Documents\Atmel Studio\7.0\RM\RM\ArduinoCore\Debug\libArduinoCore.a(Adafruit_FONA.o)
 .progmem.data._ZZN13Adafruit_FONA11HTTP_actionEhPjS0_lE3__c_0
                0x000004a3        0xd C:\Users\Numaan\Documents\Atmel Studio\7.0\RM\RM\ArduinoCore\Debug\libArduinoCore.a(Adafruit_FONA.o)
 .progmem.data._ZZN13Adafruit_FONA11HTTP_actionEhPjS0_lE3__c
                0x000004b0        0xf C:\Users\Numaan\Documents\Atmel Studio\7.0\RM\RM\ArduinoCore\Debug\libArduinoCore.a(Adafruit_FONA.o)
 .progmem.data._ZZN13Adafruit_FONA9HTTP_dataEmmE3__c_2
                0x000004bf        0x9 C:\Users\Numaan\Documents\Atmel Studio\7.0\RM\RM\ArduinoCore\Debug\libArduinoCore.a(Adafruit_FONA.o)
 .progmem.data._ZZN13Adafruit_FONA9HTTP_dataEmmE3__c_1
                0x000004c8        0xd C:\Users\Numaan\Documents\Atmel Studio\7.0\RM\RM\ArduinoCore\Debug\libArduinoCore.a(Adafruit_FONA.o)
 .progmem.data._ZZN13Adafruit_FONA9HTTP_dataEmmE3__c_0
                0x000004d5        0xd C:\Users\Numaan\Documents\Atmel Studio\7.0\RM\RM\ArduinoCore\Debug\libArduinoCore.a(Adafruit_FONA.o)
 .progmem.data._ZZN13Adafruit_FONA9HTTP_dataEmmE3__c
                0x000004e2        0x7 C:\Users\Numaan\Documents\Atmel Studio\7.0\RM\RM\ArduinoCore\Debug\libArduinoCore.a(Adafruit_FONA.o)
 .progmem.data._ZZN13Adafruit_FONA15HTTP_para_startEPK19__FlashStringHelperbE3__c_3
                0x000004e9        0x3 C:\Users\Numaan\Documents\Atmel Studio\7.0\RM\RM\ArduinoCore\Debug\libArduinoCore.a(Adafruit_FONA.o)
 .progmem.data._ZZN13Adafruit_FONA15HTTP_para_startEPK19__FlashStringHelperbE3__c_2
                0x000004ec        0x4 C:\Users\Numaan\Documents\Atmel Studio\7.0\RM\RM\ArduinoCore\Debug\libArduinoCore.a(Adafruit_FONA.o)
 .progmem.data._ZZN13Adafruit_FONA15HTTP_para_startEPK19__FlashStringHelperbE3__c_1
                0x000004f0        0xe C:\Users\Numaan\Documents\Atmel Studio\7.0\RM\RM\ArduinoCore\Debug\libArduinoCore.a(Adafruit_FONA.o)
 .progmem.data._ZZN13Adafruit_FONA15HTTP_para_startEPK19__FlashStringHelperbE3__c_0
                0x000004fe        0xe C:\Users\Numaan\Documents\Atmel Studio\7.0\RM\RM\ArduinoCore\Debug\libArduinoCore.a(Adafruit_FONA.o)
 .progmem.data._ZZN13Adafruit_FONA15HTTP_para_startEPK19__FlashStringHelperbE3__c
                0x0000050c        0x7 C:\Users\Numaan\Documents\Atmel Studio\7.0\RM\RM\ArduinoCore\Debug\libArduinoCore.a(Adafruit_FONA.o)
 .progmem.data._ZZN13Adafruit_FONA9HTTP_termEvE3__c
                0x00000513        0xc C:\Users\Numaan\Documents\Atmel Studio\7.0\RM\RM\ArduinoCore\Debug\libArduinoCore.a(Adafruit_FONA.o)
 .progmem.data._ZZN13Adafruit_FONA9HTTP_initEvE3__c
                0x0000051f        0xc C:\Users\Numaan\Documents\Atmel Studio\7.0\RM\RM\ArduinoCore\Debug\libArduinoCore.a(Adafruit_FONA.o)
 .progmem.data._ZZN13Adafruit_FONA10enableGPRSEbE3__c_14
                0x0000052b        0xb C:\Users\Numaan\Documents\Atmel Studio\7.0\RM\RM\ArduinoCore\Debug\libArduinoCore.a(Adafruit_FONA.o)
 .progmem.data._ZZN13Adafruit_FONA10enableGPRSEbE3__c_13
                0x00000536        0xd C:\Users\Numaan\Documents\Atmel Studio\7.0\RM\RM\ArduinoCore\Debug\libArduinoCore.a(Adafruit_FONA.o)
 .progmem.data._ZZN13Adafruit_FONA10enableGPRSEbE3__c_11
                0x00000543        0xb C:\Users\Numaan\Documents\Atmel Studio\7.0\RM\RM\ArduinoCore\Debug\libArduinoCore.a(Adafruit_FONA.o)
 .progmem.data._ZZN13Adafruit_FONA10enableGPRSEbE3__c_12
                0x0000054e        0x8 C:\Users\Numaan\Documents\Atmel Studio\7.0\RM\RM\ArduinoCore\Debug\libArduinoCore.a(Adafruit_FONA.o)
 .progmem.data._ZZN13Adafruit_FONA10enableGPRSEbE3__c_10
                0x00000556        0x9 C:\Users\Numaan\Documents\Atmel Studio\7.0\RM\RM\ArduinoCore\Debug\libArduinoCore.a(Adafruit_FONA.o)
 .progmem.data._ZZN13Adafruit_FONA10enableGPRSEbE3__c_9
                0x0000055f        0xd C:\Users\Numaan\Documents\Atmel Studio\7.0\RM\RM\ArduinoCore\Debug\libArduinoCore.a(Adafruit_FONA.o)
 .progmem.data._ZZN13Adafruit_FONA10enableGPRSEbE3__c_8
                0x0000056c       0x14 C:\Users\Numaan\Documents\Atmel Studio\7.0\RM\RM\ArduinoCore\Debug\libArduinoCore.a(Adafruit_FONA.o)
 .progmem.data._ZZN13Adafruit_FONA10enableGPRSEbE3__c_7
                0x00000580       0x15 C:\Users\Numaan\Documents\Atmel Studio\7.0\RM\RM\ArduinoCore\Debug\libArduinoCore.a(Adafruit_FONA.o)
 .progmem.data._ZZN13Adafruit_FONA10enableGPRSEbE3__c_6
                0x00000595        0xa C:\Users\Numaan\Documents\Atmel Studio\7.0\RM\RM\ArduinoCore\Debug\libArduinoCore.a(Adafruit_FONA.o)
 .progmem.data._ZZN13Adafruit_FONA10enableGPRSEbE3__c_5
                0x0000059f        0x7 C:\Users\Numaan\Documents\Atmel Studio\7.0\RM\RM\ArduinoCore\Debug\libArduinoCore.a(Adafruit_FONA.o)
 .progmem.data._ZZN13Adafruit_FONA10enableGPRSEbE3__c_4
                0x000005a6        0xa C:\Users\Numaan\Documents\Atmel Studio\7.0\RM\RM\ArduinoCore\Debug\libArduinoCore.a(Adafruit_FONA.o)
 .progmem.data._ZZN13Adafruit_FONA10enableGPRSEbE3__c_3
                0x000005b0       0x14 C:\Users\Numaan\Documents\Atmel Studio\7.0\RM\RM\ArduinoCore\Debug\libArduinoCore.a(Adafruit_FONA.o)
 .progmem.data._ZZN13Adafruit_FONA10enableGPRSEbE3__c_2
                0x000005c4       0x1e C:\Users\Numaan\Documents\Atmel Studio\7.0\RM\RM\ArduinoCore\Debug\libArduinoCore.a(Adafruit_FONA.o)
 .progmem.data._ZZN13Adafruit_FONA10enableGPRSEbE3__c_1
                0x000005e2        0xb C:\Users\Numaan\Documents\Atmel Studio\7.0\RM\RM\ArduinoCore\Debug\libArduinoCore.a(Adafruit_FONA.o)
 .progmem.data._ZZN13Adafruit_FONA10enableGPRSEbE3__c
                0x000005ed        0xb C:\Users\Numaan\Documents\Atmel Studio\7.0\RM\RM\ArduinoCore\Debug\libArduinoCore.a(Adafruit_FONA.o)
 .progmem.data._ZZN13Adafruit_FONA10enableGPRSEbE3__c_0
                0x000005f8        0x8 C:\Users\Numaan\Documents\Atmel Studio\7.0\RM\RM\ArduinoCore\Debug\libArduinoCore.a(Adafruit_FONA.o)
 .progmem.data._ZZN13Adafruit_FONA7sendSMSEPcS0_E3__c_1
                0x00000600        0x3 C:\Users\Numaan\Documents\Atmel Studio\7.0\RM\RM\ArduinoCore\Debug\libArduinoCore.a(Adafruit_FONA.o)
 .progmem.data._ZZN13Adafruit_FONA7sendSMSEPcS0_E3__c_0
                0x00000603        0x3 C:\Users\Numaan\Documents\Atmel Studio\7.0\RM\RM\ArduinoCore\Debug\libArduinoCore.a(Adafruit_FONA.o)
 .progmem.data._ZZN13Adafruit_FONA7sendSMSEPcS0_E3__c
                0x00000606        0xa C:\Users\Numaan\Documents\Atmel Studio\7.0\RM\RM\ArduinoCore\Debug\libArduinoCore.a(Adafruit_FONA.o)
 .progmem.data._ZZN13Adafruit_FONA7getRSSIEvE3__c
                0x00000610        0x7 C:\Users\Numaan\Documents\Atmel Studio\7.0\RM\RM\ArduinoCore\Debug\libArduinoCore.a(Adafruit_FONA.o)
 .progmem.data._ZZN13Adafruit_FONA7getRSSIEvE3__c_0
                0x00000617        0x7 C:\Users\Numaan\Documents\Atmel Studio\7.0\RM\RM\ArduinoCore\Debug\libArduinoCore.a(Adafruit_FONA.o)
 .progmem.data._ZZN13Adafruit_FONA16getNetworkStatusEvE3__c
                0x0000061e        0x9 C:\Users\Numaan\Documents\Atmel Studio\7.0\RM\RM\ArduinoCore\Debug\libArduinoCore.a(Adafruit_FONA.o)
 .progmem.data._ZZN13Adafruit_FONA16getNetworkStatusEvE3__c_0
                0x00000627        0x8 C:\Users\Numaan\Documents\Atmel Studio\7.0\RM\RM\ArduinoCore\Debug\libArduinoCore.a(Adafruit_FONA.o)
 .progmem.data._ZZN13Adafruit_FONA14getBattPercentEPjE3__c
                0x0000062f        0x7 C:\Users\Numaan\Documents\Atmel Studio\7.0\RM\RM\ArduinoCore\Debug\libArduinoCore.a(Adafruit_FONA.o)
 .progmem.data._ZZN13Adafruit_FONA14getBattPercentEPjE3__c_0
                0x00000636        0x7 C:\Users\Numaan\Documents\Atmel Studio\7.0\RM\RM\ArduinoCore\Debug\libArduinoCore.a(Adafruit_FONA.o)
 .progmem.data._ZZN13Adafruit_FONA5beginER6StreamE3__c_20
                0x0000063d        0x8 C:\Users\Numaan\Documents\Atmel Studio\7.0\RM\RM\ArduinoCore\Debug\libArduinoCore.a(Adafruit_FONA.o)
 .progmem.data._ZZN13Adafruit_FONA5beginER6StreamE3__c_19
                0x00000645        0x7 C:\Users\Numaan\Documents\Atmel Studio\7.0\RM\RM\ArduinoCore\Debug\libArduinoCore.a(Adafruit_FONA.o)
 .progmem.data._ZZN13Adafruit_FONA5beginER6StreamE3__c_18
                0x0000064c        0x7 C:\Users\Numaan\Documents\Atmel Studio\7.0\RM\RM\ArduinoCore\Debug\libArduinoCore.a(Adafruit_FONA.o)
 .progmem.data._ZZN13Adafruit_FONA5beginER6StreamE3__c_17
                0x00000653       0x10 C:\Users\Numaan\Documents\Atmel Studio\7.0\RM\RM\ArduinoCore\Debug\libArduinoCore.a(Adafruit_FONA.o)
 .progmem.data._ZZN13Adafruit_FONA5beginER6StreamE3__c_16
                0x00000663       0x10 C:\Users\Numaan\Documents\Atmel Studio\7.0\RM\RM\ArduinoCore\Debug\libArduinoCore.a(Adafruit_FONA.o)
 .progmem.data._ZZN13Adafruit_FONA5beginER6StreamE3__c_15
                0x00000673        0xb C:\Users\Numaan\Documents\Atmel Studio\7.0\RM\RM\ArduinoCore\Debug\libArduinoCore.a(Adafruit_FONA.o)
 .progmem.data._ZZN13Adafruit_FONA5beginER6StreamE3__c_14
                0x0000067e        0xb C:\Users\Numaan\Documents\Atmel Studio\7.0\RM\RM\ArduinoCore\Debug\libArduinoCore.a(Adafruit_FONA.o)
 .progmem.data._ZZN13Adafruit_FONA5beginER6StreamE3__c_13
                0x00000689        0xb C:\Users\Numaan\Documents\Atmel Studio\7.0\RM\RM\ArduinoCore\Debug\libArduinoCore.a(Adafruit_FONA.o)
 .progmem.data._ZZN13Adafruit_FONA5beginER6StreamE3__c_12
                0x00000694        0x7 C:\Users\Numaan\Documents\Atmel Studio\7.0\RM\RM\ArduinoCore\Debug\libArduinoCore.a(Adafruit_FONA.o)
 .progmem.data._ZZN13Adafruit_FONA5beginER6StreamE3__c_11
                0x0000069b        0x7 C:\Users\Numaan\Documents\Atmel Studio\7.0\RM\RM\ArduinoCore\Debug\libArduinoCore.a(Adafruit_FONA.o)
 .progmem.data._ZZN13Adafruit_FONA5beginER6StreamE3__c_10
                0x000006a2        0xa C:\Users\Numaan\Documents\Atmel Studio\7.0\RM\RM\ArduinoCore\Debug\libArduinoCore.a(Adafruit_FONA.o)
 .progmem.data._ZZN13Adafruit_FONA5beginER6StreamE3__c_9
                0x000006ac        0x5 C:\Users\Numaan\Documents\Atmel Studio\7.0\RM\RM\ArduinoCore\Debug\libArduinoCore.a(Adafruit_FONA.o)
 .progmem.data._ZZN13Adafruit_FONA5beginER6StreamE3__c_8
                0x000006b1        0x5 C:\Users\Numaan\Documents\Atmel Studio\7.0\RM\RM\ArduinoCore\Debug\libArduinoCore.a(Adafruit_FONA.o)
 .progmem.data._ZZN13Adafruit_FONA5beginER6StreamE3__c_7
                0x000006b6        0x3 C:\Users\Numaan\Documents\Atmel Studio\7.0\RM\RM\ArduinoCore\Debug\libArduinoCore.a(Adafruit_FONA.o)
 .progmem.data._ZZN13Adafruit_FONA5beginER6StreamE3__c_6
                0x000006b9        0x3 C:\Users\Numaan\Documents\Atmel Studio\7.0\RM\RM\ArduinoCore\Debug\libArduinoCore.a(Adafruit_FONA.o)
 .progmem.data._ZZN13Adafruit_FONA5beginER6StreamE3__c_5
                0x000006bc        0x3 C:\Users\Numaan\Documents\Atmel Studio\7.0\RM\RM\ArduinoCore\Debug\libArduinoCore.a(Adafruit_FONA.o)
 .progmem.data._ZZN13Adafruit_FONA5beginER6StreamE3__c_4
                0x000006bf       0x32 C:\Users\Numaan\Documents\Atmel Studio\7.0\RM\RM\ArduinoCore\Debug\libArduinoCore.a(Adafruit_FONA.o)
 .progmem.data._ZZN13Adafruit_FONA5beginER6StreamE3__c_2
                0x000006f1        0x3 C:\Users\Numaan\Documents\Atmel Studio\7.0\RM\RM\ArduinoCore\Debug\libArduinoCore.a(Adafruit_FONA.o)
 .progmem.data._ZZN13Adafruit_FONA5beginER6StreamE3__c_3
                0x000006f4        0x3 C:\Users\Numaan\Documents\Atmel Studio\7.0\RM\RM\ArduinoCore\Debug\libArduinoCore.a(Adafruit_FONA.o)
 .progmem.data._ZZN13Adafruit_FONA5beginER6StreamE3__c_1
                0x000006f7        0x3 C:\Users\Numaan\Documents\Atmel Studio\7.0\RM\RM\ArduinoCore\Debug\libArduinoCore.a(Adafruit_FONA.o)
 .progmem.data._ZZN13Adafruit_FONA5beginER6StreamE3__c_0
                0x000006fa       0x15 C:\Users\Numaan\Documents\Atmel Studio\7.0\RM\RM\ArduinoCore\Debug\libArduinoCore.a(Adafruit_FONA.o)
 .progmem.data._ZZN13Adafruit_FONA5beginER6StreamE3__c
                0x0000070f       0x21 C:\Users\Numaan\Documents\Atmel Studio\7.0\RM\RM\ArduinoCore\Debug\libArduinoCore.a(Adafruit_FONA.o)
 .progmem.data._ZZN13Adafruit_FONAC4EaE3__c_1
                0x00000730        0x3 C:\Users\Numaan\Documents\Atmel Studio\7.0\RM\RM\ArduinoCore\Debug\libArduinoCore.a(Adafruit_FONA.o)
 .progmem.data._ZZN13Adafruit_FONAC4EaE3__c_0
                0x00000733        0x5 C:\Users\Numaan\Documents\Atmel Studio\7.0\RM\RM\ArduinoCore\Debug\libArduinoCore.a(Adafruit_FONA.o)
 .progmem.data._ZZN13Adafruit_FONAC4EaE3__c
                0x00000738        0x8 C:\Users\Numaan\Documents\Atmel Studio\7.0\RM\RM\ArduinoCore\Debug\libArduinoCore.a(Adafruit_FONA.o)
                0x00000740                . = ALIGN (0x2)
 *(.jumptables)
 *(.jumptables*)
 *(.lowtext)
 *(.lowtext*)
                0x00000740                __ctors_start = .
 *(.ctors)
 .ctors         0x00000740        0x2 Sketch.o
 .ctors         0x00000742        0x2 src/libraries/Wire/src/Wire.o
 .ctors         0x00000744        0x2 C:\Users\Numaan\Documents\Atmel Studio\7.0\RM\RM\ArduinoCore\Debug\libArduinoCore.a(HardwareSerial0.o)
                0x00000746                __ctors_end = .
                0x00000746                __dtors_start = .
 *(.dtors)
 .dtors         0x00000746        0x2 Sketch.o
                0x00000748                __dtors_end = .
 SORT(*)(.ctors)
 SORT(*)(.dtors)
 *(.init0)
 .init0         0x00000748        0x0 C:/Program Files (x86)/Atmel/Studio/7.0/Packs/atmel/ATmega_DFP/1.2.132/gcc/dev/atmega328p/avr5/crtatmega328p.o
                0x00000748                __init
 *(.init0)
 *(.init1)
 *(.init1)
 *(.init2)
 .init2         0x00000748        0xc C:/Program Files (x86)/Atmel/Studio/7.0/Packs/atmel/ATmega_DFP/1.2.132/gcc/dev/atmega328p/avr5/crtatmega328p.o
 *(.init2)
 *(.init3)
 *(.init3)
 *(.init4)
 .init4         0x00000754       0x16 c:/program files (x86)/atmel/studio/7.0/toolchain/avr8/avr8-gnu-toolchain/bin/../lib/gcc/avr/5.4.0/avr5\libgcc.a(_copy_data.o)
                0x00000754                __do_copy_data
 .init4         0x0000076a       0x10 c:/program files (x86)/atmel/studio/7.0/toolchain/avr8/avr8-gnu-toolchain/bin/../lib/gcc/avr/5.4.0/avr5\libgcc.a(_clear_bss.o)
                0x0000076a                __do_clear_bss
 *(.init4)
 *(.init5)
 *(.init5)
 *(.init6)
 .init6         0x0000077a       0x16 c:/program files (x86)/atmel/studio/7.0/toolchain/avr8/avr8-gnu-toolchain/bin/../lib/gcc/avr/5.4.0/avr5\libgcc.a(_ctors.o)
                0x0000077a                __do_global_ctors
 *(.init6)
 *(.init7)
 *(.init7)
 *(.init8)
 *(.init8)
 *(.init9)
 .init9         0x00000790        0x8 C:/Program Files (x86)/Atmel/Studio/7.0/Packs/atmel/ATmega_DFP/1.2.132/gcc/dev/atmega328p/avr5/crtatmega328p.o
 *(.init9)
 *(.text)
 .text          0x00000798        0x4 C:/Program Files (x86)/Atmel/Studio/7.0/Packs/atmel/ATmega_DFP/1.2.132/gcc/dev/atmega328p/avr5/crtatmega328p.o
                0x00000798                __vector_22
                0x00000798                __vector_12
                0x00000798                __bad_interrupt
                0x00000798                __vector_6
                0x00000798                __vector_23
                0x00000798                __vector_25
                0x00000798                __vector_11
                0x00000798                __vector_13
                0x00000798                __vector_17
                0x00000798                __vector_7
                0x00000798                __vector_9
                0x00000798                __vector_21
                0x00000798                __vector_15
                0x00000798                __vector_8
                0x00000798                __vector_14
                0x00000798                __vector_10
                0x00000798                __vector_20
 .text          0x0000079c      0x26c GsmManager.o
                0x0000079c                _ZN10GsmManagerC1Eh
                0x0000079c                _ZN10GsmManagerC2Eh
                0x000007b8                _ZN10GsmManagerD1Ev
                0x000007b8                _ZN10GsmManagerD2Ev
                0x000007ba                _ZN10GsmManager5resetEv
                0x000007c6                _ZN10GsmManager5beginEv
                0x0000082e                _ZN10GsmManager14getBattPercentEPj
                0x0000084c                _ZN10GsmManager10sendViaSmsEPc
                0x000008c4                _ZN10GsmManager16getNetworkStatusEv
                0x000008d8                _ZN10GsmManager7getRSSIEv
                0x000008ec                _ZN10GsmManager10enableGPRSEb
                0x000008f4                _ZN10GsmManager11sendViaGprsEPc
 .text          0x00000a08      0x17c Helpers.o
                0x00000a08                _Z16getNumOfPadCharsjh
                0x00000a68                _Z16writeCharWithPadPcch
                0x00000a8c                _Z19writeCharArrWithPadPcPKch
                0x00000ade                _Z16writeByteWithPadPchh
                0x00000b32                _Z12writeWithPadPcjh
 .text          0x00000b84      0x5e0 RmMemManager.o
                0x00000b84                _ZN12RmMemManagerC1Eb
                0x00000b84                _ZN12RmMemManagerC2Eb
                0x00000b8a                _ZN12RmMemManager17getLongFromMemoryEj
                0x00000bf6                _Z17getUIntFromMemoryj
                0x00000c32                _ZN12RmMemManager15setLongToMemoryEjm
                0x00000c9e                _Z15setUIntToMemoryjj
                0x00000cde                _ZN12RmMemManager14loadSensorDataEP10SensorDatajPm
                0x00000e8e                _ZN12RmMemManager12markDataSentEm
                0x00000e9c                _ZN12RmMemManager16appendDailyEntryEP14DailyCycleData
                0x00000e9e                _ZN12RmMemManager17appendSensorEntryEP10SensorData
                0x00000f88                _Z13internalFlashRbS_9LED_STATEb
                0x00000fe6                _ZN12RmMemManager8flashLEDEv
                0x0000105c                _ZN12RmMemManager9toggleLEDE7LED_SEL9LED_STATE
                0x00001070                _ZN12RmMemManager5resetEv
                0x00001092                _ZN12RmMemManager7readVccEv
                0x000010f8                _ZN12RmMemManager16takeSampleAnalogEi
 .text          0x00001164     0x2778 Sketch.o
                0x00001206                _Z15get_free_memoryv
                0x00001246                _Z10updateLEDsv
                0x00001248                _Z17toggleSystemStatel
                0x0000126a                _Z14setErrorByFlaglh9SYS_STATE
                0x0000126c                _Z24initialiseModulePristinej
                0x000012fa                _Z8shutdownv
                0x00001316                _Z15resetOnNewCyclev
                0x0000135e                setup
                0x000013c8                _Z10toggleGPRSb
                0x000013d4                _Z10sendViaSmsPc
                0x000013e0                _Z11sendViaGprsPc
                0x0000140a                _Z14loopSystemTestv
                0x0000147c                _Z15resetSensorDatav
                0x000014a2                _Z17resetAtCycleStartv
                0x000014a8                _Z17persistSensorDatav
                0x000014b6                _Z16readSensorsAsyncv
                0x00001808                _Z17prepareDataForSMSP10SensorDatajPcj
                0x0000180a                _Z18prepareDataForGPRSP10SensorDatajllhhjPcj
                0x000019c2                _Z20execTransmitReadingsP14DailyCycleData
                0x00001c30                _Z18ensureBatteryLevelv
                0x00001ca2                _Z9loopCyclev
                0x00001df6                _Z10assertTrueb
                0x00001e1e                _Z9assertIntjjPc
                0x00001e56                _Z6assertmmPc
                0x00001eb6                _Z26assertCharStringsIdenticalPKcS0_i
                0x00001efc                _Z22assertStringsIdenticalRK6StringPKci
                0x00001f72                _Z23assertReadingsIdentical10SensorDataS_
                0x00002038                _Z17createMockReadingbc
                0x000020ea                _Z11runLoadTestv
                0x0000265c                _Z10runPadTestv
                0x00002aa8                _Z11runSendTestv
                0x0000311e                _Z16runFullCycleTestv
                0x000033ea                _Z23runIntraCycleTimerTestsv
                0x000034f0                _Z23runInterCycleTimerTestsv
                0x000037c4                _Z11runAllTestsv
                0x000037f4                loop
 .text          0x000038dc      0x762 src/libraries/Wire/src/utility/twi.o
                0x000038dc                twi_init
                0x00003942                twi_disable
                0x00003974                twi_setAddress
                0x00003996                twi_setFrequency
                0x000039f4                twi_readFrom
                0x00003afe                twi_writeTo
                0x00003c2a                twi_transmit
                0x00003cbc                twi_attachSlaveRxEvent
                0x00003ce2                twi_attachSlaveTxEvent
                0x00003d08                twi_reply
                0x00003d3a                twi_stop
                0x00003d70                twi_releaseBus
                0x00003d8e                __vector_24
 .text          0x0000403e      0x366 src/libraries/Wire/src/Wire.o
                0x0000403e                _ZN7TwoWire9availableEv
                0x0000404e                _ZN7TwoWire4readEv
                0x00004076                _ZN7TwoWire4peekEv
                0x00004094                _ZN7TwoWire5flushEv
                0x00004096                _ZN7TwoWire16onReceiveServiceEPhi
                0x000040e6                _ZN7TwoWire16onRequestServiceEv
                0x000040fe                _ZN7TwoWire5writeEPKhj
                0x0000415e                _ZN7TwoWire5writeEh
                0x000041c0                _ZN7TwoWireC2Ev
                0x000041c0                _ZN7TwoWireC1Ev
                0x000041f4                _ZN7TwoWire5beginEv
                0x0000420a                _ZN7TwoWire5beginEh
                0x00004232                _ZN7TwoWire5beginEi
                0x00004238                _ZN7TwoWire3endEv
                0x0000423e                _ZN7TwoWire8setClockEm
                0x00004248                _ZN7TwoWire17beginTransmissionEh
                0x0000425c                _ZN7TwoWire17beginTransmissionEi
                0x00004262                _ZN7TwoWire15endTransmissionEh
                0x00004288                _ZN7TwoWire11requestFromEhhmhh
                0x00004344                _ZN7TwoWire11requestFromEhhh
                0x00004364                _ZN7TwoWire11requestFromEhh
                0x0000436c                _ZN7TwoWire11requestFromEii
                0x00004374                _ZN7TwoWire11requestFromEiii
                0x0000437a                _ZN7TwoWire15endTransmissionEv
                0x00004382                _ZN7TwoWire9onReceiveEPFviE
                0x0000438c                _ZN7TwoWire9onRequestEPFvvE
 .text          0x000043a4      0x474 Timing.o
                0x000043a4                _ZN6TimingC1Ehmmm
                0x000043a4                _ZN6TimingC2Ehmmm
                0x0000440a                _ZN6TimingD1Ev
                0x0000440a                _ZN6TimingD2Ev
                0x0000440c                _ZN6Timing17MOCK_ADVANCE_TIMEEm
                0x00004430                _ZN6Timing5resetEv
                0x00004474                _ZN6Timing19getTimePerCycleInMsEv
                0x000044b0                _ZN6Timing17getCyclesInOneDayEv
                0x000044d2                _ZN6Timing9getMillisEv
                0x0000453a                _ZN6Timing11onCycleLoopEv
                0x000046fa                _ZN6Timing12isDailyCycleEm
                0x00004818                . = ALIGN (0x2)
 *(.text.*)
 .text.avr-libc.fplib
                0x00004818        0xe c:/program files (x86)/atmel/studio/7.0/toolchain/avr8/avr8-gnu-toolchain/bin/../lib/gcc/avr/5.4.0/../../../../avr/lib/avr5\libm.a(addsf3.o)
                0x00004818                __subsf3
                0x0000481a                __addsf3
 .text.avr-libc.fplib
                0x00004826       0xcc c:/program files (x86)/atmel/studio/7.0/toolchain/avr8/avr8-gnu-toolchain/bin/../lib/gcc/avr/5.4.0/../../../../avr/lib/avr5\libm.a(addsf3x.o)
                0x00004848                __addsf3x
 .text.avr-libc.fplib
                0x000048f2        0x8 c:/program files (x86)/atmel/studio/7.0/toolchain/avr8/avr8-gnu-toolchain/bin/../lib/gcc/avr/5.4.0/../../../../avr/lib/avr5\libm.a(divsf3.o)
                0x000048f2                __divsf3
 .text.avr-libc.fplib
                0x000048fa       0xdc c:/program files (x86)/atmel/studio/7.0/toolchain/avr8/avr8-gnu-toolchain/bin/../lib/gcc/avr/5.4.0/../../../../avr/lib/avr5\libm.a(divsf3x.o)
                0x0000491a                __divsf3x
                0x00004920                __divsf3_pse
 .text.avr-libc.fplib
                0x000049d6        0xe c:/program files (x86)/atmel/studio/7.0/toolchain/avr8/avr8-gnu-toolchain/bin/../lib/gcc/avr/5.4.0/../../../../avr/lib/avr5\libm.a(fixsfsi.o)
                0x000049d6                __fixsfsi
 .text.avr-libc.fplib
                0x000049e4       0x5e c:/program files (x86)/atmel/studio/7.0/toolchain/avr8/avr8-gnu-toolchain/bin/../lib/gcc/avr/5.4.0/../../../../avr/lib/avr5\libm.a(fixunssfsi.o)
                0x000049e4                __fixunssfsi
 .text.avr-libc.fplib
                0x00004a42       0x7a c:/program files (x86)/atmel/studio/7.0/toolchain/avr8/avr8-gnu-toolchain/bin/../lib/gcc/avr/5.4.0/../../../../avr/lib/avr5\libm.a(floatsisf.o)
                0x00004a42                __floatunsisf
                0x00004a46                __floatsisf
 .text.avr-libc.fplib
                0x00004abc        0xc c:/program files (x86)/atmel/studio/7.0/toolchain/avr8/avr8-gnu-toolchain/bin/../lib/gcc/avr/5.4.0/../../../../avr/lib/avr5\libm.a(fp_inf.o)
                0x00004abc                __fp_inf
 .text.avr-libc.fplib
                0x00004ac8        0x6 c:/program files (x86)/atmel/studio/7.0/toolchain/avr8/avr8-gnu-toolchain/bin/../lib/gcc/avr/5.4.0/../../../../avr/lib/avr5\libm.a(fp_nan.o)
                0x00004ac8                __fp_nan
 .text.avr-libc.fplib
                0x00004ace        0xe c:/program files (x86)/atmel/studio/7.0/toolchain/avr8/avr8-gnu-toolchain/bin/../lib/gcc/avr/5.4.0/../../../../avr/lib/avr5\libm.a(fp_pscA.o)
                0x00004ace                __fp_pscA
 .text.avr-libc.fplib
                0x00004adc        0xe c:/program files (x86)/atmel/studio/7.0/toolchain/avr8/avr8-gnu-toolchain/bin/../lib/gcc/avr/5.4.0/../../../../avr/lib/avr5\libm.a(fp_pscB.o)
                0x00004adc                __fp_pscB
 .text.avr-libc.fplib
                0x00004aea       0x22 c:/program files (x86)/atmel/studio/7.0/toolchain/avr8/avr8-gnu-toolchain/bin/../lib/gcc/avr/5.4.0/../../../../avr/lib/avr5\libm.a(fp_round.o)
                0x00004aea                __fp_round
 .text.avr-libc.fplib
                0x00004b0c       0x44 c:/program files (x86)/atmel/studio/7.0/toolchain/avr8/avr8-gnu-toolchain/bin/../lib/gcc/avr/5.4.0/../../../../avr/lib/avr5\libm.a(fp_split3.o)
                0x00004b0c                __fp_split3
                0x00004b1c                __fp_splitA
 .text.avr-libc.fplib
                0x00004b50        0xe c:/program files (x86)/atmel/studio/7.0/toolchain/avr8/avr8-gnu-toolchain/bin/../lib/gcc/avr/5.4.0/../../../../avr/lib/avr5\libm.a(fp_zero.o)
                0x00004b50                __fp_zero
                0x00004b52                __fp_szero
 .text.avr-libc.fplib
                0x00004b5e        0xa c:/program files (x86)/atmel/studio/7.0/toolchain/avr8/avr8-gnu-toolchain/bin/../lib/gcc/avr/5.4.0/../../../../avr/lib/avr5\libm.a(gesf2.o)
                0x00004b5e                __gesf2
                0x00004b5e                __gtsf2
 .text.avr-libc.fplib
                0x00004b68        0x8 c:/program files (x86)/atmel/studio/7.0/toolchain/avr8/avr8-gnu-toolchain/bin/../lib/gcc/avr/5.4.0/../../../../avr/lib/avr5\libm.a(mulsf3.o)
                0x00004b68                __mulsf3
 .text.avr-libc.fplib
                0x00004b70       0xd2 c:/program files (x86)/atmel/studio/7.0/toolchain/avr8/avr8-gnu-toolchain/bin/../lib/gcc/avr/5.4.0/../../../../avr/lib/avr5\libm.a(mulsf3x.o)
                0x00004b8e                __mulsf3x
                0x00004b94                __mulsf3_pse
 .text.avr-libc.fplib
                0x00004c42       0x48 c:/program files (x86)/atmel/studio/7.0/toolchain/avr8/avr8-gnu-toolchain/bin/../lib/gcc/avr/5.4.0/../../../../avr/lib/avr5\libm.a(fp_cmp.o)
                0x00004c42                __fp_cmp
 .text._ZN14HardwareSerial9availableEv
                0x00004c8a       0x18 C:\Users\Numaan\Documents\Atmel Studio\7.0\RM\RM\ArduinoCore\Debug\libArduinoCore.a(HardwareSerial.o)
                0x00004c8a                _ZN14HardwareSerial9availableEv
 .text._ZN14HardwareSerial4peekEv
                0x00004ca2       0x1c C:\Users\Numaan\Documents\Atmel Studio\7.0\RM\RM\ArduinoCore\Debug\libArduinoCore.a(HardwareSerial.o)
                0x00004ca2                _ZN14HardwareSerial4peekEv
 .text._ZN14HardwareSerial4readEv
                0x00004cbe       0x28 C:\Users\Numaan\Documents\Atmel Studio\7.0\RM\RM\ArduinoCore\Debug\libArduinoCore.a(HardwareSerial.o)
                0x00004cbe                _ZN14HardwareSerial4readEv
 .text._Z14serialEventRunv
                0x00004ce6       0x1c C:\Users\Numaan\Documents\Atmel Studio\7.0\RM\RM\ArduinoCore\Debug\libArduinoCore.a(HardwareSerial.o)
                0x00004ce6                _Z14serialEventRunv
 .text._ZN14HardwareSerial17_tx_udr_empty_irqEv
                0x00004d02       0x42 C:\Users\Numaan\Documents\Atmel Studio\7.0\RM\RM\ArduinoCore\Debug\libArduinoCore.a(HardwareSerial.o)
                0x00004d02                _ZN14HardwareSerial17_tx_udr_empty_irqEv
 .text._ZN14HardwareSerial5writeEh
                0x00004d44       0x8e C:\Users\Numaan\Documents\Atmel Studio\7.0\RM\RM\ArduinoCore\Debug\libArduinoCore.a(HardwareSerial.o)
                0x00004d44                _ZN14HardwareSerial5writeEh
 .text._ZN14HardwareSerial5flushEv
                0x00004dd2       0x44 C:\Users\Numaan\Documents\Atmel Studio\7.0\RM\RM\ArduinoCore\Debug\libArduinoCore.a(HardwareSerial.o)
                0x00004dd2                _ZN14HardwareSerial5flushEv
 .text._ZN14HardwareSerial5beginEmh
                0x00004e16       0xca C:\Users\Numaan\Documents\Atmel Studio\7.0\RM\RM\ArduinoCore\Debug\libArduinoCore.a(HardwareSerial.o)
                0x00004e16                _ZN14HardwareSerial5beginEmh
 .text.__vector_18
                0x00004ee0       0x64 C:\Users\Numaan\Documents\Atmel Studio\7.0\RM\RM\ArduinoCore\Debug\libArduinoCore.a(HardwareSerial0.o)
                0x00004ee0                __vector_18
 .text.__vector_19
                0x00004f44       0x4c C:\Users\Numaan\Documents\Atmel Studio\7.0\RM\RM\ArduinoCore\Debug\libArduinoCore.a(HardwareSerial0.o)
                0x00004f44                __vector_19
 .text._Z17Serial0_availablev
                0x00004f90       0x14 C:\Users\Numaan\Documents\Atmel Studio\7.0\RM\RM\ArduinoCore\Debug\libArduinoCore.a(HardwareSerial0.o)
                0x00004f90                _Z17Serial0_availablev
 .text.startup._GLOBAL__sub_I___vector_18
                0x00004fa4       0x5a C:\Users\Numaan\Documents\Atmel Studio\7.0\RM\RM\ArduinoCore\Debug\libArduinoCore.a(HardwareSerial0.o)
 .text.initVariant
                0x00004ffe        0x2 C:\Users\Numaan\Documents\Atmel Studio\7.0\RM\RM\ArduinoCore\Debug\libArduinoCore.a(main.o)
                0x00004ffe                initVariant
 .text.startup.main
                0x00005000       0x1e C:\Users\Numaan\Documents\Atmel Studio\7.0\RM\RM\ArduinoCore\Debug\libArduinoCore.a(main.o)
                0x00005000                main
 .text._Znwj    0x0000501e        0x4 C:\Users\Numaan\Documents\Atmel Studio\7.0\RM\RM\ArduinoCore\Debug\libArduinoCore.a(new.o)
                0x0000501e                _Znwj
 .text._Znaj    0x00005022        0x4 C:\Users\Numaan\Documents\Atmel Studio\7.0\RM\RM\ArduinoCore\Debug\libArduinoCore.a(new.o)
                0x00005022                _Znaj
 .text._ZN5Print5writeEPKhj
                0x00005026       0x54 C:\Users\Numaan\Documents\Atmel Studio\7.0\RM\RM\ArduinoCore\Debug\libArduinoCore.a(Print.o)
                0x00005026                _ZN5Print5writeEPKhj
 .text._ZN5Print5writeEPKc
                0x0000507a       0x2a C:\Users\Numaan\Documents\Atmel Studio\7.0\RM\RM\ArduinoCore\Debug\libArduinoCore.a(Print.o)
                0x0000507a                _ZN5Print5writeEPKc
 .text._ZN5Print5printEPK19__FlashStringHelper
                0x000050a4       0x48 C:\Users\Numaan\Documents\Atmel Studio\7.0\RM\RM\ArduinoCore\Debug\libArduinoCore.a(Print.o)
                0x000050a4                _ZN5Print5printEPK19__FlashStringHelper
 .text._ZN5Print5printEPKc
                0x000050ec        0x4 C:\Users\Numaan\Documents\Atmel Studio\7.0\RM\RM\ArduinoCore\Debug\libArduinoCore.a(Print.o)
                0x000050ec                _ZN5Print5printEPKc
 .text._ZN5Print5printEc
                0x000050f0        0xe C:\Users\Numaan\Documents\Atmel Studio\7.0\RM\RM\ArduinoCore\Debug\libArduinoCore.a(Print.o)
                0x000050f0                _ZN5Print5printEc
 .text._ZN5Print7printlnEv
                0x000050fe        0x8 C:\Users\Numaan\Documents\Atmel Studio\7.0\RM\RM\ArduinoCore\Debug\libArduinoCore.a(Print.o)
                0x000050fe                _ZN5Print7printlnEv
 .text._ZN5Print7printlnEPK19__FlashStringHelper
                0x00005106       0x24 C:\Users\Numaan\Documents\Atmel Studio\7.0\RM\RM\ArduinoCore\Debug\libArduinoCore.a(Print.o)
                0x00005106                _ZN5Print7printlnEPK19__FlashStringHelper
 .text._ZN5Print7printlnEPKc
                0x0000512a       0x24 C:\Users\Numaan\Documents\Atmel Studio\7.0\RM\RM\ArduinoCore\Debug\libArduinoCore.a(Print.o)
                0x0000512a                _ZN5Print7printlnEPKc
 .text._ZN5Print7printlnEc
                0x0000514e       0x24 C:\Users\Numaan\Documents\Atmel Studio\7.0\RM\RM\ArduinoCore\Debug\libArduinoCore.a(Print.o)
                0x0000514e                _ZN5Print7printlnEc
 .text._ZN5Print11printNumberEmh
                0x00005172       0x92 C:\Users\Numaan\Documents\Atmel Studio\7.0\RM\RM\ArduinoCore\Debug\libArduinoCore.a(Print.o)
                0x00005172                _ZN5Print11printNumberEmh
 .text._ZN5Print5printEmi
                0x00005204       0x1a C:\Users\Numaan\Documents\Atmel Studio\7.0\RM\RM\ArduinoCore\Debug\libArduinoCore.a(Print.o)
                0x00005204                _ZN5Print5printEmi
 .text._ZN5Print5printEhi
                0x0000521e        0xe C:\Users\Numaan\Documents\Atmel Studio\7.0\RM\RM\ArduinoCore\Debug\libArduinoCore.a(Print.o)
                0x0000521e                _ZN5Print5printEhi
 .text._ZN5Print7printlnEhi
                0x0000522c       0x24 C:\Users\Numaan\Documents\Atmel Studio\7.0\RM\RM\ArduinoCore\Debug\libArduinoCore.a(Print.o)
                0x0000522c                _ZN5Print7printlnEhi
 .text._ZN5Print5printEji
                0x00005250        0xc C:\Users\Numaan\Documents\Atmel Studio\7.0\RM\RM\ArduinoCore\Debug\libArduinoCore.a(Print.o)
                0x00005250                _ZN5Print5printEji
 .text._ZN5Print7printlnEji
                0x0000525c       0x24 C:\Users\Numaan\Documents\Atmel Studio\7.0\RM\RM\ArduinoCore\Debug\libArduinoCore.a(Print.o)
                0x0000525c                _ZN5Print7printlnEji
 .text._ZN5Print7printlnEmi
                0x00005280       0x24 C:\Users\Numaan\Documents\Atmel Studio\7.0\RM\RM\ArduinoCore\Debug\libArduinoCore.a(Print.o)
                0x00005280                _ZN5Print7printlnEmi
 .text._ZN5Print5printEli
                0x000052a4       0x90 C:\Users\Numaan\Documents\Atmel Studio\7.0\RM\RM\ArduinoCore\Debug\libArduinoCore.a(Print.o)
                0x000052a4                _ZN5Print5printEli
 .text._ZN5Print5printEii
                0x00005334        0xe C:\Users\Numaan\Documents\Atmel Studio\7.0\RM\RM\ArduinoCore\Debug\libArduinoCore.a(Print.o)
                0x00005334                _ZN5Print5printEii
 .text._ZN5Print7printlnEii
                0x00005342       0x24 C:\Users\Numaan\Documents\Atmel Studio\7.0\RM\RM\ArduinoCore\Debug\libArduinoCore.a(Print.o)
                0x00005342                _ZN5Print7printlnEii
 .text._ZN5Print7printlnEli
                0x00005366       0x24 C:\Users\Numaan\Documents\Atmel Studio\7.0\RM\RM\ArduinoCore\Debug\libArduinoCore.a(Print.o)
                0x00005366                _ZN5Print7printlnEli
 .text._ZN5Print10printFloatEdh
                0x0000538a      0x1ba C:\Users\Numaan\Documents\Atmel Studio\7.0\RM\RM\ArduinoCore\Debug\libArduinoCore.a(Print.o)
                0x0000538a                _ZN5Print10printFloatEdh
 .text._ZN5Print7printlnEdi
                0x00005544       0x24 C:\Users\Numaan\Documents\Atmel Studio\7.0\RM\RM\ArduinoCore\Debug\libArduinoCore.a(Print.o)
                0x00005544                _ZN5Print7printlnEdi
 .text.__vector_16
                0x00005568       0x94 C:\Users\Numaan\Documents\Atmel Studio\7.0\RM\RM\ArduinoCore\Debug\libArduinoCore.a(wiring.o)
                0x00005568                __vector_16
 .text.millis   0x000055fc       0x18 C:\Users\Numaan\Documents\Atmel Studio\7.0\RM\RM\ArduinoCore\Debug\libArduinoCore.a(wiring.o)
                0x000055fc                millis
 .text.micros   0x00005614       0x4a C:\Users\Numaan\Documents\Atmel Studio\7.0\RM\RM\ArduinoCore\Debug\libArduinoCore.a(wiring.o)
                0x00005614                micros
 .text.delay    0x0000565e       0x78 C:\Users\Numaan\Documents\Atmel Studio\7.0\RM\RM\ArduinoCore\Debug\libArduinoCore.a(wiring.o)
                0x0000565e                delay
 .text.init     0x000056d6       0x76 C:\Users\Numaan\Documents\Atmel Studio\7.0\RM\RM\ArduinoCore\Debug\libArduinoCore.a(wiring.o)
                0x000056d6                init
 .text.analogRead
                0x0000574c       0x3a C:\Users\Numaan\Documents\Atmel Studio\7.0\RM\RM\ArduinoCore\Debug\libArduinoCore.a(wiring_analog.o)
                0x0000574c                analogRead
 .text.turnOffPWM
                0x00005786       0x52 C:\Users\Numaan\Documents\Atmel Studio\7.0\RM\RM\ArduinoCore\Debug\libArduinoCore.a(wiring_digital.o)
 .text.pinMode  0x000057d8       0x78 C:\Users\Numaan\Documents\Atmel Studio\7.0\RM\RM\ArduinoCore\Debug\libArduinoCore.a(wiring_digital.o)
                0x000057d8                pinMode
 .text.digitalWrite
                0x00005850       0x5e C:\Users\Numaan\Documents\Atmel Studio\7.0\RM\RM\ArduinoCore\Debug\libArduinoCore.a(wiring_digital.o)
                0x00005850                digitalWrite
 .text._ZN6StringD2Ev
                0x000058ae        0xa C:\Users\Numaan\Documents\Atmel Studio\7.0\RM\RM\ArduinoCore\Debug\libArduinoCore.a(WString.o)
                0x000058ae                _ZN6StringD2Ev
                0x000058ae                _ZN6StringD1Ev
 .text._ZN6String10invalidateEv
                0x000058b8       0x24 C:\Users\Numaan\Documents\Atmel Studio\7.0\RM\RM\ArduinoCore\Debug\libArduinoCore.a(WString.o)
                0x000058b8                _ZN6String10invalidateEv
 .text._ZN6String12changeBufferEj
                0x000058dc       0x34 C:\Users\Numaan\Documents\Atmel Studio\7.0\RM\RM\ArduinoCore\Debug\libArduinoCore.a(WString.o)
                0x000058dc                _ZN6String12changeBufferEj
 .text._ZN6String7reserveEj
                0x00005910       0x38 C:\Users\Numaan\Documents\Atmel Studio\7.0\RM\RM\ArduinoCore\Debug\libArduinoCore.a(WString.o)
                0x00005910                _ZN6String7reserveEj
 .text._ZN6String4copyEPKcj
                0x00005948       0x42 C:\Users\Numaan\Documents\Atmel Studio\7.0\RM\RM\ArduinoCore\Debug\libArduinoCore.a(WString.o)
                0x00005948                _ZN6String4copyEPKcj
 .text._ZN6StringC2EPKc
                0x0000598a       0x2a C:\Users\Numaan\Documents\Atmel Studio\7.0\RM\RM\ArduinoCore\Debug\libArduinoCore.a(WString.o)
                0x0000598a                _ZN6StringC2EPKc
                0x0000598a                _ZN6StringC1EPKc
 .text._ZN13Adafruit_FONA9availableEv
                0x000059b4       0x18 C:\Users\Numaan\Documents\Atmel Studio\7.0\RM\RM\ArduinoCore\Debug\libArduinoCore.a(Adafruit_FONA.o)
                0x000059b4                _ZN13Adafruit_FONA9availableEv
 .text._ZN13Adafruit_FONA5writeEh
                0x000059cc       0x18 C:\Users\Numaan\Documents\Atmel Studio\7.0\RM\RM\ArduinoCore\Debug\libArduinoCore.a(Adafruit_FONA.o)
                0x000059cc                _ZN13Adafruit_FONA5writeEh
 .text._ZN13Adafruit_FONA4readEv
                0x000059e4       0x18 C:\Users\Numaan\Documents\Atmel Studio\7.0\RM\RM\ArduinoCore\Debug\libArduinoCore.a(Adafruit_FONA.o)
                0x000059e4                _ZN13Adafruit_FONA4readEv
 .text._ZN13Adafruit_FONA4peekEv
                0x000059fc       0x18 C:\Users\Numaan\Documents\Atmel Studio\7.0\RM\RM\ArduinoCore\Debug\libArduinoCore.a(Adafruit_FONA.o)
                0x000059fc                _ZN13Adafruit_FONA4peekEv
 .text._ZN13Adafruit_FONA5flushEv
                0x00005a14       0x18 C:\Users\Numaan\Documents\Atmel Studio\7.0\RM\RM\ArduinoCore\Debug\libArduinoCore.a(Adafruit_FONA.o)
                0x00005a14                _ZN13Adafruit_FONA5flushEv
 .text._ZN13Adafruit_FONAC2Ea
                0x00005a2c       0x64 C:\Users\Numaan\Documents\Atmel Studio\7.0\RM\RM\ArduinoCore\Debug\libArduinoCore.a(Adafruit_FONA.o)
                0x00005a2c                _ZN13Adafruit_FONAC1Ea
                0x00005a2c                _ZN13Adafruit_FONAC2Ea
 .text._ZN13Adafruit_FONA22setGPRSNetworkSettingsEPK19__FlashStringHelperS2_S2_
                0x00005a90       0x18 C:\Users\Numaan\Documents\Atmel Studio\7.0\RM\RM\ArduinoCore\Debug\libArduinoCore.a(Adafruit_FONA.o)
                0x00005a90                _ZN13Adafruit_FONA22setGPRSNetworkSettingsEPK19__FlashStringHelperS2_S2_
 .text._ZN13Adafruit_FONA10flushInputEv
                0x00005aa8       0x58 C:\Users\Numaan\Documents\Atmel Studio\7.0\RM\RM\ArduinoCore\Debug\libArduinoCore.a(Adafruit_FONA.o)
                0x00005aa8                _ZN13Adafruit_FONA10flushInputEv
 .text._ZN13Adafruit_FONA15HTTP_para_startEPK19__FlashStringHelperb
                0x00005b00       0x7a C:\Users\Numaan\Documents\Atmel Studio\7.0\RM\RM\ArduinoCore\Debug\libArduinoCore.a(Adafruit_FONA.o)
                0x00005b00                _ZN13Adafruit_FONA15HTTP_para_startEPK19__FlashStringHelperb
 .text._ZN13Adafruit_FONA8readlineEjb
                0x00005b7a       0xfc C:\Users\Numaan\Documents\Atmel Studio\7.0\RM\RM\ArduinoCore\Debug\libArduinoCore.a(Adafruit_FONA.o)
                0x00005b7a                _ZN13Adafruit_FONA8readlineEjb
 .text._ZN13Adafruit_FONA11expectReplyEPK19__FlashStringHelperj
                0x00005c76       0x48 C:\Users\Numaan\Documents\Atmel Studio\7.0\RM\RM\ArduinoCore\Debug\libArduinoCore.a(Adafruit_FONA.o)
                0x00005c76                _ZN13Adafruit_FONA11expectReplyEPK19__FlashStringHelperj
 .text._ZN13Adafruit_FONA13HTTP_para_endEb
                0x00005cbe       0x3c C:\Users\Numaan\Documents\Atmel Studio\7.0\RM\RM\ArduinoCore\Debug\libArduinoCore.a(Adafruit_FONA.o)
                0x00005cbe                _ZN13Adafruit_FONA13HTTP_para_endEb
 .text._ZN13Adafruit_FONA9HTTP_paraEPK19__FlashStringHelperPKc
                0x00005cfa       0x32 C:\Users\Numaan\Documents\Atmel Studio\7.0\RM\RM\ArduinoCore\Debug\libArduinoCore.a(Adafruit_FONA.o)
                0x00005cfa                _ZN13Adafruit_FONA9HTTP_paraEPK19__FlashStringHelperPKc
 .text._ZN13Adafruit_FONA9HTTP_paraEPK19__FlashStringHelperS2_
                0x00005d2c       0x32 C:\Users\Numaan\Documents\Atmel Studio\7.0\RM\RM\ArduinoCore\Debug\libArduinoCore.a(Adafruit_FONA.o)
                0x00005d2c                _ZN13Adafruit_FONA9HTTP_paraEPK19__FlashStringHelperS2_
 .text._ZN13Adafruit_FONA9HTTP_paraEPK19__FlashStringHelperl
                0x00005d5e       0x42 C:\Users\Numaan\Documents\Atmel Studio\7.0\RM\RM\ArduinoCore\Debug\libArduinoCore.a(Adafruit_FONA.o)
                0x00005d5e                _ZN13Adafruit_FONA9HTTP_paraEPK19__FlashStringHelperl
 .text._ZN13Adafruit_FONA9HTTP_dataEmm
                0x00005da0       0xd4 C:\Users\Numaan\Documents\Atmel Studio\7.0\RM\RM\ArduinoCore\Debug\libArduinoCore.a(Adafruit_FONA.o)
                0x00005da0                _ZN13Adafruit_FONA9HTTP_dataEmm
 .text._ZN13Adafruit_FONA8getReplyEPcj
                0x00005e74       0x72 C:\Users\Numaan\Documents\Atmel Studio\7.0\RM\RM\ArduinoCore\Debug\libArduinoCore.a(Adafruit_FONA.o)
                0x00005e74                _ZN13Adafruit_FONA8getReplyEPcj
 .text._ZN13Adafruit_FONA8getReplyEPK19__FlashStringHelperj
                0x00005ee6       0x72 C:\Users\Numaan\Documents\Atmel Studio\7.0\RM\RM\ArduinoCore\Debug\libArduinoCore.a(Adafruit_FONA.o)
                0x00005ee6                _ZN13Adafruit_FONA8getReplyEPK19__FlashStringHelperj
 .text._ZN13Adafruit_FONA8getReplyEPK19__FlashStringHelperlj
                0x00005f58       0xb4 C:\Users\Numaan\Documents\Atmel Studio\7.0\RM\RM\ArduinoCore\Debug\libArduinoCore.a(Adafruit_FONA.o)
                0x00005f58                _ZN13Adafruit_FONA8getReplyEPK19__FlashStringHelperlj
 .text._ZN13Adafruit_FONA14getReplyQuotedEPK19__FlashStringHelperS2_j
                0x0000600c       0xc8 C:\Users\Numaan\Documents\Atmel Studio\7.0\RM\RM\ArduinoCore\Debug\libArduinoCore.a(Adafruit_FONA.o)
                0x0000600c                _ZN13Adafruit_FONA14getReplyQuotedEPK19__FlashStringHelperS2_j
 .text._ZN13Adafruit_FONA14sendCheckReplyEPK19__FlashStringHelperS2_j
                0x000060d4       0x34 C:\Users\Numaan\Documents\Atmel Studio\7.0\RM\RM\ArduinoCore\Debug\libArduinoCore.a(Adafruit_FONA.o)
                0x000060d4                _ZN13Adafruit_FONA14sendCheckReplyEPK19__FlashStringHelperS2_j
 .text._ZN13Adafruit_FONA5beginER6Stream
                0x00006108      0x308 C:\Users\Numaan\Documents\Atmel Studio\7.0\RM\RM\ArduinoCore\Debug\libArduinoCore.a(Adafruit_FONA.o)
                0x00006108                _ZN13Adafruit_FONA5beginER6Stream
 .text._ZN13Adafruit_FONA9HTTP_initEv
                0x00006410       0x16 C:\Users\Numaan\Documents\Atmel Studio\7.0\RM\RM\ArduinoCore\Debug\libArduinoCore.a(Adafruit_FONA.o)
                0x00006410                _ZN13Adafruit_FONA9HTTP_initEv
 .text._ZN13Adafruit_FONA9HTTP_termEv
                0x00006426       0x16 C:\Users\Numaan\Documents\Atmel Studio\7.0\RM\RM\ArduinoCore\Debug\libArduinoCore.a(Adafruit_FONA.o)
                0x00006426                _ZN13Adafruit_FONA9HTTP_termEv
 .text._ZN13Adafruit_FONA13HTTP_POST_endEv
                0x0000643c        0x4 C:\Users\Numaan\Documents\Atmel Studio\7.0\RM\RM\ArduinoCore\Debug\libArduinoCore.a(Adafruit_FONA.o)
                0x0000643c                _ZN13Adafruit_FONA13HTTP_POST_endEv
 .text._ZN13Adafruit_FONA14sendCheckReplyEPcPK19__FlashStringHelperj
                0x00006440       0x34 C:\Users\Numaan\Documents\Atmel Studio\7.0\RM\RM\ArduinoCore\Debug\libArduinoCore.a(Adafruit_FONA.o)
                0x00006440                _ZN13Adafruit_FONA14sendCheckReplyEPcPK19__FlashStringHelperj
 .text._ZN13Adafruit_FONA7sendSMSEPcS0_
                0x00006474      0x17c C:\Users\Numaan\Documents\Atmel Studio\7.0\RM\RM\ArduinoCore\Debug\libArduinoCore.a(Adafruit_FONA.o)
                0x00006474                _ZN13Adafruit_FONA7sendSMSEPcS0_
 .text._ZN13Adafruit_FONA14sendCheckReplyEPK19__FlashStringHelperlS2_j
                0x000065f0       0x40 C:\Users\Numaan\Documents\Atmel Studio\7.0\RM\RM\ArduinoCore\Debug\libArduinoCore.a(Adafruit_FONA.o)
                0x000065f0                _ZN13Adafruit_FONA14sendCheckReplyEPK19__FlashStringHelperlS2_j
 .text._ZN13Adafruit_FONA8HTTP_sslEb
                0x00006630       0x34 C:\Users\Numaan\Documents\Atmel Studio\7.0\RM\RM\ArduinoCore\Debug\libArduinoCore.a(Adafruit_FONA.o)
                0x00006630                _ZN13Adafruit_FONA8HTTP_sslEb
 .text._ZN13Adafruit_FONA10HTTP_setupEPc
                0x00006664       0x98 C:\Users\Numaan\Documents\Atmel Studio\7.0\RM\RM\ArduinoCore\Debug\libArduinoCore.a(Adafruit_FONA.o)
                0x00006664                _ZN13Adafruit_FONA10HTTP_setupEPc
 .text._ZN13Adafruit_FONA20sendCheckReplyQuotedEPK19__FlashStringHelperS2_S2_j
                0x000066fc       0x38 C:\Users\Numaan\Documents\Atmel Studio\7.0\RM\RM\ArduinoCore\Debug\libArduinoCore.a(Adafruit_FONA.o)
                0x000066fc                _ZN13Adafruit_FONA20sendCheckReplyQuotedEPK19__FlashStringHelperS2_S2_j
 .text._ZN13Adafruit_FONA10enableGPRSEb
                0x00006734      0x2b8 C:\Users\Numaan\Documents\Atmel Studio\7.0\RM\RM\ArduinoCore\Debug\libArduinoCore.a(Adafruit_FONA.o)
                0x00006734                _ZN13Adafruit_FONA10enableGPRSEb
 .text._ZN13Adafruit_FONA10parseReplyEPK19__FlashStringHelperPjch
                0x000069ec       0x6a C:\Users\Numaan\Documents\Atmel Studio\7.0\RM\RM\ArduinoCore\Debug\libArduinoCore.a(Adafruit_FONA.o)
                0x000069ec                _ZN13Adafruit_FONA10parseReplyEPK19__FlashStringHelperPjch
 .text._ZN13Adafruit_FONA12HTTP_readallEPj
                0x00006a56       0x36 C:\Users\Numaan\Documents\Atmel Studio\7.0\RM\RM\ArduinoCore\Debug\libArduinoCore.a(Adafruit_FONA.o)
                0x00006a56                _ZN13Adafruit_FONA12HTTP_readallEPj
 .text._ZN13Adafruit_FONA11HTTP_actionEhPjS0_l
                0x00006a8c       0x9e C:\Users\Numaan\Documents\Atmel Studio\7.0\RM\RM\ArduinoCore\Debug\libArduinoCore.a(Adafruit_FONA.o)
                0x00006a8c                _ZN13Adafruit_FONA11HTTP_actionEhPjS0_l
 .text._ZN13Adafruit_FONA15HTTP_POST_startEPcPK19__FlashStringHelperPKhjPjS6_
                0x00006b2a      0x13a C:\Users\Numaan\Documents\Atmel Studio\7.0\RM\RM\ArduinoCore\Debug\libArduinoCore.a(Adafruit_FONA.o)
                0x00006b2a                _ZN13Adafruit_FONA15HTTP_POST_startEPcPK19__FlashStringHelperPKhjPjS6_
 .text._ZN13Adafruit_FONA14sendParseReplyEPK19__FlashStringHelperS2_Pjch
                0x00006c64       0x58 C:\Users\Numaan\Documents\Atmel Studio\7.0\RM\RM\ArduinoCore\Debug\libArduinoCore.a(Adafruit_FONA.o)
                0x00006c64                _ZN13Adafruit_FONA14sendParseReplyEPK19__FlashStringHelperS2_Pjch
 .text._ZN13Adafruit_FONA14getBattPercentEPj
                0x00006cbc       0x1e C:\Users\Numaan\Documents\Atmel Studio\7.0\RM\RM\ArduinoCore\Debug\libArduinoCore.a(Adafruit_FONA.o)
                0x00006cbc                _ZN13Adafruit_FONA14getBattPercentEPj
 .text._ZN13Adafruit_FONA16getNetworkStatusEv
                0x00006cda       0x3e C:\Users\Numaan\Documents\Atmel Studio\7.0\RM\RM\ArduinoCore\Debug\libArduinoCore.a(Adafruit_FONA.o)
                0x00006cda                _ZN13Adafruit_FONA16getNetworkStatusEv
 .text._ZN13Adafruit_FONA7getRSSIEv
                0x00006d18       0x3c C:\Users\Numaan\Documents\Atmel Studio\7.0\RM\RM\ArduinoCore\Debug\libArduinoCore.a(Adafruit_FONA.o)
                0x00006d18                _ZN13Adafruit_FONA7getRSSIEv
 .text._ZN14SoftwareSerial4readEv
                0x00006d54       0x42 C:\Users\Numaan\Documents\Atmel Studio\7.0\RM\RM\ArduinoCore\Debug\libArduinoCore.a(SoftwareSerial.o)
                0x00006d54                _ZN14SoftwareSerial4readEv
 .text._ZN14SoftwareSerial5writeEh
                0x00006d96       0xa0 C:\Users\Numaan\Documents\Atmel Studio\7.0\RM\RM\ArduinoCore\Debug\libArduinoCore.a(SoftwareSerial.o)
                0x00006d96                _ZN14SoftwareSerial5writeEh
 .text._ZN14SoftwareSerial5flushEv
                0x00006e36        0x2 C:\Users\Numaan\Documents\Atmel Studio\7.0\RM\RM\ArduinoCore\Debug\libArduinoCore.a(SoftwareSerial.o)
                0x00006e36                _ZN14SoftwareSerial5flushEv
 .text._ZN14SoftwareSerial4peekEv
                0x00006e38       0x30 C:\Users\Numaan\Documents\Atmel Studio\7.0\RM\RM\ArduinoCore\Debug\libArduinoCore.a(SoftwareSerial.o)
                0x00006e38                _ZN14SoftwareSerial4peekEv
 .text._ZN14SoftwareSerial9availableEv
                0x00006e68       0x30 C:\Users\Numaan\Documents\Atmel Studio\7.0\RM\RM\ArduinoCore\Debug\libArduinoCore.a(SoftwareSerial.o)
                0x00006e68                _ZN14SoftwareSerial9availableEv
 .text._ZN14SoftwareSerial13stopListeningEv
                0x00006e98       0x2c C:\Users\Numaan\Documents\Atmel Studio\7.0\RM\RM\ArduinoCore\Debug\libArduinoCore.a(SoftwareSerial.o)
                0x00006e98                _ZN14SoftwareSerial13stopListeningEv
 .text._ZN14SoftwareSerial6listenEv
                0x00006ec4       0x52 C:\Users\Numaan\Documents\Atmel Studio\7.0\RM\RM\ArduinoCore\Debug\libArduinoCore.a(SoftwareSerial.o)
                0x00006ec4                _ZN14SoftwareSerial6listenEv
 .text.__vector_3
                0x00006f16       0xf4 C:\Users\Numaan\Documents\Atmel Studio\7.0\RM\RM\ArduinoCore\Debug\libArduinoCore.a(SoftwareSerial.o)
                0x00006f16                __vector_5
                0x00006f16                __vector_4
                0x00006f16                __vector_3
 .text._ZN14SoftwareSerial5setTXEh
                0x0000700a       0x52 C:\Users\Numaan\Documents\Atmel Studio\7.0\RM\RM\ArduinoCore\Debug\libArduinoCore.a(SoftwareSerial.o)
                0x0000700a                _ZN14SoftwareSerial5setTXEh
 .text._ZN14SoftwareSerial5setRXEh
                0x0000705c       0x52 C:\Users\Numaan\Documents\Atmel Studio\7.0\RM\RM\ArduinoCore\Debug\libArduinoCore.a(SoftwareSerial.o)
                0x0000705c                _ZN14SoftwareSerial5setRXEh
 .text._ZN14SoftwareSerialC2Ehhb
                0x000070ae       0x56 C:\Users\Numaan\Documents\Atmel Studio\7.0\RM\RM\ArduinoCore\Debug\libArduinoCore.a(SoftwareSerial.o)
                0x000070ae                _ZN14SoftwareSerialC1Ehhb
                0x000070ae                _ZN14SoftwareSerialC2Ehhb
 .text._ZN14SoftwareSerial5beginEl
                0x00007104      0x11c C:\Users\Numaan\Documents\Atmel Studio\7.0\RM\RM\ArduinoCore\Debug\libArduinoCore.a(SoftwareSerial.o)
                0x00007104                _ZN14SoftwareSerial5beginEl
 .text.__empty  0x00007220        0x2 C:\Users\Numaan\Documents\Atmel Studio\7.0\RM\RM\ArduinoCore\Debug\libArduinoCore.a(hooks.o)
                0x00007220                yield
 .text.nothing  0x00007222        0x2 C:\Users\Numaan\Documents\Atmel Studio\7.0\RM\RM\ArduinoCore\Debug\libArduinoCore.a(WInterrupts.o)
 .text.__vector_1
                0x00007224       0x4e C:\Users\Numaan\Documents\Atmel Studio\7.0\RM\RM\ArduinoCore\Debug\libArduinoCore.a(WInterrupts.o)
                0x00007224                __vector_1
 .text.__vector_2
                0x00007272       0x4e C:\Users\Numaan\Documents\Atmel Studio\7.0\RM\RM\ArduinoCore\Debug\libArduinoCore.a(WInterrupts.o)
                0x00007272                __vector_2
 .text.avr-libc.fplib
                0x000072c0        0xa c:/program files (x86)/atmel/studio/7.0/toolchain/avr8/avr8-gnu-toolchain/bin/../lib/gcc/avr/5.4.0/../../../../avr/lib/avr5\libm.a(cmpsf2.o)
                0x000072c0                __nesf2
                0x000072c0                __eqsf2
                0x000072c0                __cmpsf2
                0x000072c0                __ltsf2
                0x000072c0                __lesf2
 .text.avr-libc.fplib
                0x000072ca        0xa c:/program files (x86)/atmel/studio/7.0/toolchain/avr8/avr8-gnu-toolchain/bin/../lib/gcc/avr/5.4.0/../../../../avr/lib/avr5\libm.a(unordsf2.o)
                0x000072ca                __unordsf2
 .text.libgcc.mul
                0x000072d4       0x20 c:/program files (x86)/atmel/studio/7.0/toolchain/avr8/avr8-gnu-toolchain/bin/../lib/gcc/avr/5.4.0/avr5\libgcc.a(_mulsi3.o)
                0x000072d4                __mulsi3
 .text.libgcc.div
                0x000072f4       0x28 c:/program files (x86)/atmel/studio/7.0/toolchain/avr8/avr8-gnu-toolchain/bin/../lib/gcc/avr/5.4.0/avr5\libgcc.a(_divmodhi4.o)
                0x000072f4                _div
                0x000072f4                __divmodhi4
 .text.libgcc.div
                0x0000731c       0x44 c:/program files (x86)/atmel/studio/7.0/toolchain/avr8/avr8-gnu-toolchain/bin/../lib/gcc/avr/5.4.0/avr5\libgcc.a(_udivmodsi4.o)
                0x0000731c                __udivmodsi4
 .text.libgcc.div
                0x00007360       0x2e c:/program files (x86)/atmel/studio/7.0/toolchain/avr8/avr8-gnu-toolchain/bin/../lib/gcc/avr/5.4.0/avr5\libgcc.a(_divmodsi4.o)
                0x00007360                __divmodsi4
 .text.libgcc.div
                0x0000738e       0x10 c:/program files (x86)/atmel/studio/7.0/toolchain/avr8/avr8-gnu-toolchain/bin/../lib/gcc/avr/5.4.0/avr5\libgcc.a(_negsi2.o)
                0x0000738e                __negsi2
 .text.libgcc   0x0000739e        0xc c:/program files (x86)/atmel/studio/7.0/toolchain/avr8/avr8-gnu-toolchain/bin/../lib/gcc/avr/5.4.0/avr5\libgcc.a(_tablejump2.o)
                0x0000739e                __tablejump2__
 .text.libgcc.mul
                0x000073aa       0x16 c:/program files (x86)/atmel/studio/7.0/toolchain/avr8/avr8-gnu-toolchain/bin/../lib/gcc/avr/5.4.0/avr5\libgcc.a(_muluhisi3.o)
                0x000073aa                __muluhisi3
 .text.libgcc.mul
                0x000073c0       0x56 c:/program files (x86)/atmel/studio/7.0/toolchain/avr8/avr8-gnu-toolchain/bin/../lib/gcc/avr/5.4.0/avr5\libgcc.a(_umulsidi3.o)
                0x000073c0                __umulsidi3
                0x000073c2                __umulsidi3_helper
 .text.libgcc.builtins
                0x00007416       0x3c c:/program files (x86)/atmel/studio/7.0/toolchain/avr8/avr8-gnu-toolchain/bin/../lib/gcc/avr/5.4.0/avr5\libgcc.a(_ashrdi3.o)
                0x00007416                __ashrdi3
                0x0000741a                __lshrdi3
 .text.libgcc.div
                0x00007452       0x28 c:/program files (x86)/atmel/studio/7.0/toolchain/avr8/avr8-gnu-toolchain/bin/../lib/gcc/avr/5.4.0/avr5\libgcc.a(_udivmodhi4.o)
                0x00007452                __udivmodhi4
 .text.libgcc.mul
                0x0000747a       0x1e c:/program files (x86)/atmel/studio/7.0/toolchain/avr8/avr8-gnu-toolchain/bin/../lib/gcc/avr/5.4.0/avr5\libgcc.a(_umulhisi3.o)
                0x0000747a                __umulhisi3
 .text.libgcc.mul
                0x00007498       0x12 c:/program files (x86)/atmel/studio/7.0/toolchain/avr8/avr8-gnu-toolchain/bin/../lib/gcc/avr/5.4.0/avr5\libgcc.a(_muldi3_6.o)
                0x00007498                __muldi3_6
 .text.avr-libc
                0x000074aa      0x242 c:/program files (x86)/atmel/studio/7.0/toolchain/avr8/avr8-gnu-toolchain/bin/../lib/gcc/avr/5.4.0/../../../../avr/lib/avr5\libc.a(malloc.o)
                0x000074aa                malloc
                0x000075da                free
 .text.avr-libc
                0x000076ec      0x18c c:/program files (x86)/atmel/studio/7.0/toolchain/avr8/avr8-gnu-toolchain/bin/../lib/gcc/avr/5.4.0/../../../../avr/lib/avr5\libc.a(realloc.o)
                0x000076ec                realloc
 .text.avr-libc
                0x00007878       0x3c c:/program files (x86)/atmel/studio/7.0/toolchain/avr8/avr8-gnu-toolchain/bin/../lib/gcc/avr/5.4.0/../../../../avr/lib/avr5\libc.a(atoi.o)
                0x00007878                atoi
 .text.avr-libc
                0x000078b4       0x12 c:/program files (x86)/atmel/studio/7.0/toolchain/avr8/avr8-gnu-toolchain/bin/../lib/gcc/avr/5.4.0/../../../../avr/lib/avr5\libc.a(strcmp_P.o)
                0x000078b4                strcmp_P
 .text.avr-libc
                0x000078c6       0x12 c:/program files (x86)/atmel/studio/7.0/toolchain/avr8/avr8-gnu-toolchain/bin/../lib/gcc/avr/5.4.0/../../../../avr/lib/avr5\libc.a(strlen_P.o)
                0x000078c6                __strlen_P
 .text.avr-libc
                0x000078d8       0x34 c:/program files (x86)/atmel/studio/7.0/toolchain/avr8/avr8-gnu-toolchain/bin/../lib/gcc/avr/5.4.0/../../../../avr/lib/avr5\libc.a(strstr_P.o)
                0x000078d8                strstr_P
 .text.avr-libc
                0x0000790c       0x12 c:/program files (x86)/atmel/studio/7.0/toolchain/avr8/avr8-gnu-toolchain/bin/../lib/gcc/avr/5.4.0/../../../../avr/lib/avr5\libc.a(memcpy.o)
                0x0000790c                memcpy
 .text.avr-libc
                0x0000791e       0x16 c:/program files (x86)/atmel/studio/7.0/toolchain/avr8/avr8-gnu-toolchain/bin/../lib/gcc/avr/5.4.0/../../../../avr/lib/avr5\libc.a(strchr.o)
                0x0000791e                strchr
 .text.avr-libc
                0x00007934       0x12 c:/program files (x86)/atmel/studio/7.0/toolchain/avr8/avr8-gnu-toolchain/bin/../lib/gcc/avr/5.4.0/../../../../avr/lib/avr5\libc.a(strcmp.o)
                0x00007934                strcmp
 .text.avr-libc
                0x00007946        0xe c:/program files (x86)/atmel/studio/7.0/toolchain/avr8/avr8-gnu-toolchain/bin/../lib/gcc/avr/5.4.0/../../../../avr/lib/avr5\libc.a(strcpy.o)
                0x00007946                strcpy
 .text.avr-libc
                0x00007954       0x1e c:/program files (x86)/atmel/studio/7.0/toolchain/avr8/avr8-gnu-toolchain/bin/../lib/gcc/avr/5.4.0/../../../../avr/lib/avr5\libc.a(strncpy.o)
                0x00007954                strncpy
 .text.avr-libc
                0x00007972       0x34 c:/program files (x86)/atmel/studio/7.0/toolchain/avr8/avr8-gnu-toolchain/bin/../lib/gcc/avr/5.4.0/../../../../avr/lib/avr5\libc.a(strstr.o)
                0x00007972                strstr
 .text.avr-libc
                0x000079a6       0x10 c:/program files (x86)/atmel/studio/7.0/toolchain/avr8/avr8-gnu-toolchain/bin/../lib/gcc/avr/5.4.0/../../../../avr/lib/avr5\libc.a(mul10.o)
                0x000079a6                __mulhi_const_10
 .text.avr-libc
                0x000079b6       0x34 c:/program files (x86)/atmel/studio/7.0/toolchain/avr8/avr8-gnu-toolchain/bin/../lib/gcc/avr/5.4.0/../../../../avr/lib/avr5\libc.a(utoa_ncheck.o)
                0x000079b6                __utoa_ncheck
                0x000079b8                __utoa_common
 .text.avr-libc
                0x000079ea       0x20 c:/program files (x86)/atmel/studio/7.0/toolchain/avr8/avr8-gnu-toolchain/bin/../lib/gcc/avr/5.4.0/../../../../avr/lib/avr5\libc.a(strrev.o)
                0x000079ea                strrev
 .text.avr-libc
                0x00007a0a       0x10 C:/Program Files (x86)/Atmel/Studio/7.0/Packs/atmel/ATmega_DFP/1.2.132/gcc/dev/atmega328p/avr5\libatmega328p.a(eerd_byte.o)
                0x00007a0a                eeprom_read_byte
 .text.avr-libc
                0x00007a1a       0x1c C:/Program Files (x86)/Atmel/Studio/7.0/Packs/atmel/ATmega_DFP/1.2.132/gcc/dev/atmega328p/avr5\libatmega328p.a(eewr_byte.o)
                0x00007a1a                eeprom_write_byte
                0x00007a1c                eeprom_write_r18
 .text.libgcc.prologue
                0x00007a36       0x38 c:/program files (x86)/atmel/studio/7.0/toolchain/avr8/avr8-gnu-toolchain/bin/../lib/gcc/avr/5.4.0/avr5\libgcc.a(_prologue.o)
                0x00007a36                __prologue_saves__
 .text.libgcc.prologue
                0x00007a6e       0x36 c:/program files (x86)/atmel/studio/7.0/toolchain/avr8/avr8-gnu-toolchain/bin/../lib/gcc/avr/5.4.0/avr5\libgcc.a(_epilogue.o)
                0x00007a6e                __epilogue_restores__
                0x00007aa4                . = ALIGN (0x2)
 *(.fini9)
 .fini9         0x00007aa4        0x0 c:/program files (x86)/atmel/studio/7.0/toolchain/avr8/avr8-gnu-toolchain/bin/../lib/gcc/avr/5.4.0/avr5\libgcc.a(_exit.o)
                0x00007aa4                _exit
                0x00007aa4                exit
 *(.fini9)
 *(.fini8)
 *(.fini8)
 *(.fini7)
 *(.fini7)
 *(.fini6)
 .fini6         0x00007aa4       0x16 c:/program files (x86)/atmel/studio/7.0/toolchain/avr8/avr8-gnu-toolchain/bin/../lib/gcc/avr/5.4.0/avr5\libgcc.a(_dtors.o)
                0x00007aa4                __do_global_dtors
 *(.fini6)
 *(.fini5)
 *(.fini5)
 *(.fini4)
 *(.fini4)
 *(.fini3)
 *(.fini3)
 *(.fini2)
 *(.fini2)
 *(.fini1)
 *(.fini1)
 *(.fini0)
 .fini0         0x00007aba        0x4 c:/program files (x86)/atmel/studio/7.0/toolchain/avr8/avr8-gnu-toolchain/bin/../lib/gcc/avr/5.4.0/avr5\libgcc.a(_exit.o)
 *(.fini0)
                0x00007abe                _etext = .

.data           0x00800100      0x334 load address 0x00007abe
                0x00800100                PROVIDE (__data_start, .)
 *(.data)
 .data          0x00800100        0x2 RmMemManager.o
                0x00800100                _ledTopState
                0x00800101                _ledBottomState
 .data          0x00800102        0x7 Sketch.o
                0x00800102                readingTime
                0x00800106                _currSystemState
                0x00800108                _isSystemTest
 .data          0x00800109        0x6 c:/program files (x86)/atmel/studio/7.0/toolchain/avr8/avr8-gnu-toolchain/bin/../lib/gcc/avr/5.4.0/../../../../avr/lib/avr5\libc.a(malloc.o)
                0x00800109                __malloc_heap_end
                0x0080010b                __malloc_heap_start
                0x0080010d                __malloc_margin
 *(.data*)
 .data.analog_reference
                0x0080010f        0x1 C:\Users\Numaan\Documents\Atmel Studio\7.0\RM\RM\ArduinoCore\Debug\libArduinoCore.a(wiring_analog.o)
                0x0080010f                analog_reference
 .data.intFunc  0x00800110        0x4 C:\Users\Numaan\Documents\Atmel Studio\7.0\RM\RM\ArduinoCore\Debug\libArduinoCore.a(WInterrupts.o)
 *(.rodata)
 .rodata        0x00800114       0x15 GsmManager.o
 .rodata        0x00800129       0x8b Sketch.o
 .rodata        0x008001b4       0xd1 C:\Users\Numaan\Documents\Atmel Studio\7.0\RM\RM\ArduinoCore\Debug\libArduinoCore.a(Adafruit_FONA.o)
 *(.rodata*)
 .rodata.str1.1
                0x00800285       0x1c GsmManager.o
 .rodata.str1.1
                0x008002a1       0xe9 Sketch.o
                                 0xee (size before relaxing)
 .rodata._ZTV7TwoWire
                0x0080038a       0x10 src/libraries/Wire/src/Wire.o
                0x0080038a                _ZTV7TwoWire
 .rodata._ZTV14HardwareSerial
                0x0080039a       0x10 C:\Users\Numaan\Documents\Atmel Studio\7.0\RM\RM\ArduinoCore\Debug\libArduinoCore.a(HardwareSerial.o)
                0x0080039a                _ZTV14HardwareSerial
 .rodata.str1.1
                0x008003aa       0x11 C:\Users\Numaan\Documents\Atmel Studio\7.0\RM\RM\ArduinoCore\Debug\libArduinoCore.a(Print.o)
 .rodata.str1.1
                0x008003bb       0x59 C:\Users\Numaan\Documents\Atmel Studio\7.0\RM\RM\ArduinoCore\Debug\libArduinoCore.a(Adafruit_FONA.o)
                                 0x5e (size before relaxing)
 .rodata._ZTV13Adafruit_FONA
                0x00800414       0x10 C:\Users\Numaan\Documents\Atmel Studio\7.0\RM\RM\ArduinoCore\Debug\libArduinoCore.a(Adafruit_FONA.o)
                0x00800414                _ZTV13Adafruit_FONA
 .rodata._ZTV14SoftwareSerial
                0x00800424       0x10 C:\Users\Numaan\Documents\Atmel Studio\7.0\RM\RM\ArduinoCore\Debug\libArduinoCore.a(SoftwareSerial.o)
                0x00800424                _ZTV14SoftwareSerial
 *(.gnu.linkonce.d*)
                0x00800434                . = ALIGN (0x2)
                0x00800434                _edata = .
                0x00800434                PROVIDE (__data_end, .)

.bss            0x00800434      0x41f
                0x00800434                PROVIDE (__bss_start, .)
 *(.bss)
 .bss           0x00800434        0x5 RmMemManager.o
                0x00800434                _flashCallCount
                0x00800435                _ledTopPinGreen
                0x00800436                _ledTopPinRed
                0x00800437                _ledBottomPinGreen
                0x00800438                _ledBottomPinRed
 .bss           0x00800439      0x268 Sketch.o
                0x00800439                _testFullCycleLoopCount
                0x0080043b                _mockNo
                0x0080043d                noTempReadings
                0x0080043e                nocurrReadings
                0x0080043f                noPVReadings
                0x00800440                noBattReadings
                0x00800441                _chargingInProgress
                0x00800442                _isAtCycleStart
                0x00800443                _currCycleNumber
                0x00800447                _moduleHasShutdown
                0x00800448                _isDailyCycle
                0x00800449                _dailyCycleData
                0x0080044b                _currSensorData
                0x00800453                timer
                0x00800480                gsm
                0x008005a1                mem
                0x008005a2                replybuffer
 .bss           0x008006a1       0x6e src/libraries/Wire/src/utility/twi.o
 .bss           0x0080070f       0x56 src/libraries/Wire/src/Wire.o
                0x0080070f                Wire
                0x0080071b                _ZN7TwoWire14user_onReceiveE
                0x0080071d                _ZN7TwoWire14user_onRequestE
                0x0080071f                _ZN7TwoWire12transmittingE
                0x00800720                _ZN7TwoWire14txBufferLengthE
                0x00800721                _ZN7TwoWire13txBufferIndexE
                0x00800722                _ZN7TwoWire8txBufferE
                0x00800742                _ZN7TwoWire9txAddressE
                0x00800743                _ZN7TwoWire14rxBufferLengthE
                0x00800744                _ZN7TwoWire13rxBufferIndexE
                0x00800745                _ZN7TwoWire8rxBufferE
 *(.bss*)
 .bss.Serial    0x00800765       0x9d C:\Users\Numaan\Documents\Atmel Studio\7.0\RM\RM\ArduinoCore\Debug\libArduinoCore.a(HardwareSerial0.o)
                0x00800765                Serial
 .bss.timer0_fract
                0x00800802        0x1 C:\Users\Numaan\Documents\Atmel Studio\7.0\RM\RM\ArduinoCore\Debug\libArduinoCore.a(wiring.o)
 .bss.timer0_millis
                0x00800803        0x4 C:\Users\Numaan\Documents\Atmel Studio\7.0\RM\RM\ArduinoCore\Debug\libArduinoCore.a(wiring.o)
                0x00800803                timer0_millis
 .bss.timer0_overflow_count
                0x00800807        0x4 C:\Users\Numaan\Documents\Atmel Studio\7.0\RM\RM\ArduinoCore\Debug\libArduinoCore.a(wiring.o)
                0x00800807                timer0_overflow_count
 .bss._ZN14SoftwareSerial20_receive_buffer_headE
                0x0080080b        0x1 C:\Users\Numaan\Documents\Atmel Studio\7.0\RM\RM\ArduinoCore\Debug\libArduinoCore.a(SoftwareSerial.o)
                0x0080080b                _ZN14SoftwareSerial20_receive_buffer_headE
 .bss._ZN14SoftwareSerial20_receive_buffer_tailE
                0x0080080c        0x1 C:\Users\Numaan\Documents\Atmel Studio\7.0\RM\RM\ArduinoCore\Debug\libArduinoCore.a(SoftwareSerial.o)
                0x0080080c                _ZN14SoftwareSerial20_receive_buffer_tailE
 .bss._ZN14SoftwareSerial15_receive_bufferE
                0x0080080d       0x40 C:\Users\Numaan\Documents\Atmel Studio\7.0\RM\RM\ArduinoCore\Debug\libArduinoCore.a(SoftwareSerial.o)
                0x0080080d                _ZN14SoftwareSerial15_receive_bufferE
 .bss._ZN14SoftwareSerial13active_objectE
                0x0080084d        0x2 C:\Users\Numaan\Documents\Atmel Studio\7.0\RM\RM\ArduinoCore\Debug\libArduinoCore.a(SoftwareSerial.o)
                0x0080084d                _ZN14SoftwareSerial13active_objectE
 *(COMMON)
 COMMON         0x0080084f        0x4 c:/program files (x86)/atmel/studio/7.0/toolchain/avr8/avr8-gnu-toolchain/bin/../lib/gcc/avr/5.4.0/../../../../avr/lib/avr5\libc.a(malloc.o)
                0x0080084f                __brkval
                0x00800851                __flp
                0x00800853                PROVIDE (__bss_end, .)
                0x00007abe                __data_load_start = LOADADDR (.data)
                0x00007df2                __data_load_end = (__data_load_start + SIZEOF (.data))

.noinit         0x00800853        0x0
                [!provide]                PROVIDE (__noinit_start, .)
 *(.noinit*)
                [!provide]                PROVIDE (__noinit_end, .)
                0x00800853                _end = .
                0x00800853                PROVIDE (__heap_start, .)

.eeprom         0x00810000        0x0
 *(.eeprom*)
                0x00810000                __eeprom_end = .

.fuse
 *(.fuse)
 *(.lfuse)
 *(.hfuse)
 *(.efuse)

.lock
 *(.lock*)

.signature
 *(.signature*)

.user_signatures
 *(.user_signatures*)

.stab
 *(.stab)

.stabstr
 *(.stabstr)

.stab.excl
 *(.stab.excl)

.stab.exclstr
 *(.stab.exclstr)

.stab.index
 *(.stab.index)

.stab.indexstr
 *(.stab.indexstr)

.comment        0x00000000       0x30
 *(.comment)
 .comment       0x00000000       0x30 GsmManager.o
                                 0x31 (size before relaxing)
 .comment       0x00000030       0x31 Helpers.o
 .comment       0x00000030       0x31 RmMemManager.o
 .comment       0x00000030       0x31 Sketch.o
 .comment       0x00000030       0x31 src/libraries/Wire/src/utility/twi.o
 .comment       0x00000030       0x31 src/libraries/Wire/src/Wire.o
 .comment       0x00000030       0x31 Timing.o
 .comment       0x00000030       0x31 C:\Users\Numaan\Documents\Atmel Studio\7.0\RM\RM\ArduinoCore\Debug\libArduinoCore.a(HardwareSerial.o)
 .comment       0x00000030       0x31 C:\Users\Numaan\Documents\Atmel Studio\7.0\RM\RM\ArduinoCore\Debug\libArduinoCore.a(HardwareSerial0.o)
 .comment       0x00000030       0x31 C:\Users\Numaan\Documents\Atmel Studio\7.0\RM\RM\ArduinoCore\Debug\libArduinoCore.a(main.o)
 .comment       0x00000030       0x31 C:\Users\Numaan\Documents\Atmel Studio\7.0\RM\RM\ArduinoCore\Debug\libArduinoCore.a(new.o)
 .comment       0x00000030       0x31 C:\Users\Numaan\Documents\Atmel Studio\7.0\RM\RM\ArduinoCore\Debug\libArduinoCore.a(Print.o)
 .comment       0x00000030       0x31 C:\Users\Numaan\Documents\Atmel Studio\7.0\RM\RM\ArduinoCore\Debug\libArduinoCore.a(wiring.o)
 .comment       0x00000030       0x31 C:\Users\Numaan\Documents\Atmel Studio\7.0\RM\RM\ArduinoCore\Debug\libArduinoCore.a(wiring_analog.o)
 .comment       0x00000030       0x31 C:\Users\Numaan\Documents\Atmel Studio\7.0\RM\RM\ArduinoCore\Debug\libArduinoCore.a(wiring_digital.o)
 .comment       0x00000030       0x31 C:\Users\Numaan\Documents\Atmel Studio\7.0\RM\RM\ArduinoCore\Debug\libArduinoCore.a(WString.o)
 .comment       0x00000030       0x31 C:\Users\Numaan\Documents\Atmel Studio\7.0\RM\RM\ArduinoCore\Debug\libArduinoCore.a(Adafruit_FONA.o)
 .comment       0x00000030       0x31 C:\Users\Numaan\Documents\Atmel Studio\7.0\RM\RM\ArduinoCore\Debug\libArduinoCore.a(SoftwareSerial.o)
 .comment       0x00000030       0x31 C:\Users\Numaan\Documents\Atmel Studio\7.0\RM\RM\ArduinoCore\Debug\libArduinoCore.a(hooks.o)
 .comment       0x00000030       0x31 C:\Users\Numaan\Documents\Atmel Studio\7.0\RM\RM\ArduinoCore\Debug\libArduinoCore.a(WInterrupts.o)
 .comment       0x00000030       0x31 c:/program files (x86)/atmel/studio/7.0/toolchain/avr8/avr8-gnu-toolchain/bin/../lib/gcc/avr/5.4.0/../../../../avr/lib/avr5\libc.a(malloc.o)
 .comment       0x00000030       0x31 c:/program files (x86)/atmel/studio/7.0/toolchain/avr8/avr8-gnu-toolchain/bin/../lib/gcc/avr/5.4.0/../../../../avr/lib/avr5\libc.a(realloc.o)

.note.gnu.avr.deviceinfo
                0x00000000       0x40
 .note.gnu.avr.deviceinfo
                0x00000000       0x40 C:/Program Files (x86)/Atmel/Studio/7.0/Packs/atmel/ATmega_DFP/1.2.132/gcc/dev/atmega328p/avr5/crtatmega328p.o

.note.gnu.build-id
 *(.note.gnu.build-id)

.debug
 *(.debug)

.line
 *(.line)

.debug_srcinfo
 *(.debug_srcinfo)

.debug_sfnames
 *(.debug_sfnames)

.debug_aranges  0x00000000      0xaf8
 *(.debug_aranges)
 .debug_aranges
                0x00000000       0x20 GsmManager.o
 .debug_aranges
                0x00000020       0x20 Helpers.o
 .debug_aranges
                0x00000040       0x20 RmMemManager.o
 .debug_aranges
                0x00000060       0x20 Sketch.o
 .debug_aranges
                0x00000080       0x20 src/libraries/Wire/src/utility/twi.o
 .debug_aranges
                0x000000a0       0x20 src/libraries/Wire/src/Wire.o
 .debug_aranges
                0x000000c0       0x20 Timing.o
 .debug_aranges
                0x000000e0       0x68 C:\Users\Numaan\Documents\Atmel Studio\7.0\RM\RM\ArduinoCore\Debug\libArduinoCore.a(HardwareSerial.o)
 .debug_aranges
                0x00000148       0x38 C:\Users\Numaan\Documents\Atmel Studio\7.0\RM\RM\ArduinoCore\Debug\libArduinoCore.a(HardwareSerial0.o)
 .debug_aranges
                0x00000180       0x30 C:\Users\Numaan\Documents\Atmel Studio\7.0\RM\RM\ArduinoCore\Debug\libArduinoCore.a(main.o)
 .debug_aranges
                0x000001b0       0x28 C:\Users\Numaan\Documents\Atmel Studio\7.0\RM\RM\ArduinoCore\Debug\libArduinoCore.a(new.o)
 .debug_aranges
                0x000001d8       0xf0 C:\Users\Numaan\Documents\Atmel Studio\7.0\RM\RM\ArduinoCore\Debug\libArduinoCore.a(Print.o)
 .debug_aranges
                0x000002c8       0x48 C:\Users\Numaan\Documents\Atmel Studio\7.0\RM\RM\ArduinoCore\Debug\libArduinoCore.a(wiring.o)
 .debug_aranges
                0x00000310       0x30 C:\Users\Numaan\Documents\Atmel Studio\7.0\RM\RM\ArduinoCore\Debug\libArduinoCore.a(wiring_analog.o)
 .debug_aranges
                0x00000340       0x38 C:\Users\Numaan\Documents\Atmel Studio\7.0\RM\RM\ArduinoCore\Debug\libArduinoCore.a(wiring_digital.o)
 .debug_aranges
                0x00000378      0x2a8 C:\Users\Numaan\Documents\Atmel Studio\7.0\RM\RM\ArduinoCore\Debug\libArduinoCore.a(WString.o)
 .debug_aranges
                0x00000620      0x3a0 C:\Users\Numaan\Documents\Atmel Studio\7.0\RM\RM\ArduinoCore\Debug\libArduinoCore.a(Adafruit_FONA.o)
 .debug_aranges
                0x000009c0       0x98 C:\Users\Numaan\Documents\Atmel Studio\7.0\RM\RM\ArduinoCore\Debug\libArduinoCore.a(SoftwareSerial.o)
 .debug_aranges
                0x00000a58       0x20 C:\Users\Numaan\Documents\Atmel Studio\7.0\RM\RM\ArduinoCore\Debug\libArduinoCore.a(hooks.o)
 .debug_aranges
                0x00000a78       0x40 C:\Users\Numaan\Documents\Atmel Studio\7.0\RM\RM\ArduinoCore\Debug\libArduinoCore.a(WInterrupts.o)
 .debug_aranges
                0x00000ab8       0x20 C:/Program Files (x86)/Atmel/Studio/7.0/Packs/atmel/ATmega_DFP/1.2.132/gcc/dev/atmega328p/avr5\libatmega328p.a(eerd_byte.o)
 .debug_aranges
                0x00000ad8       0x20 C:/Program Files (x86)/Atmel/Studio/7.0/Packs/atmel/ATmega_DFP/1.2.132/gcc/dev/atmega328p/avr5\libatmega328p.a(eewr_byte.o)

.debug_pubnames
 *(.debug_pubnames)

.debug_info     0x00000000    0x23342
 *(.debug_info .gnu.linkonce.wi.*)
 .debug_info    0x00000000      0x5f4 C:/Program Files (x86)/Atmel/Studio/7.0/Packs/atmel/ATmega_DFP/1.2.132/gcc/dev/atmega328p/avr5/crtatmega328p.o
 .debug_info    0x000005f4      0xa37 GsmManager.o
 .debug_info    0x0000102b      0x55a Helpers.o
 .debug_info    0x00001585     0x1a5d RmMemManager.o
 .debug_info    0x00002fe2     0x592a Sketch.o
 .debug_info    0x0000890c      0x51d src/libraries/Wire/src/utility/twi.o
 .debug_info    0x00008e29     0x26d3 src/libraries/Wire/src/Wire.o
 .debug_info    0x0000b4fc      0x745 Timing.o
 .debug_info    0x0000bc41     0x1e25 C:\Users\Numaan\Documents\Atmel Studio\7.0\RM\RM\ArduinoCore\Debug\libArduinoCore.a(HardwareSerial.o)
 .debug_info    0x0000da66     0x1a19 C:\Users\Numaan\Documents\Atmel Studio\7.0\RM\RM\ArduinoCore\Debug\libArduinoCore.a(HardwareSerial0.o)
 .debug_info    0x0000f47f      0x237 C:\Users\Numaan\Documents\Atmel Studio\7.0\RM\RM\ArduinoCore\Debug\libArduinoCore.a(main.o)
 .debug_info    0x0000f6b6      0x11c C:\Users\Numaan\Documents\Atmel Studio\7.0\RM\RM\ArduinoCore\Debug\libArduinoCore.a(new.o)
 .debug_info    0x0000f7d2     0x2824 C:\Users\Numaan\Documents\Atmel Studio\7.0\RM\RM\ArduinoCore\Debug\libArduinoCore.a(Print.o)
 .debug_info    0x00011ff6      0x2cb C:\Users\Numaan\Documents\Atmel Studio\7.0\RM\RM\ArduinoCore\Debug\libArduinoCore.a(wiring.o)
 .debug_info    0x000122c1      0x26d C:\Users\Numaan\Documents\Atmel Studio\7.0\RM\RM\ArduinoCore\Debug\libArduinoCore.a(wiring_analog.o)
 .debug_info    0x0001252e      0x5fe C:\Users\Numaan\Documents\Atmel Studio\7.0\RM\RM\ArduinoCore\Debug\libArduinoCore.a(wiring_digital.o)
 .debug_info    0x00012b2c     0x4273 C:\Users\Numaan\Documents\Atmel Studio\7.0\RM\RM\ArduinoCore\Debug\libArduinoCore.a(WString.o)
 .debug_info    0x00016d9f     0x99fc C:\Users\Numaan\Documents\Atmel Studio\7.0\RM\RM\ArduinoCore\Debug\libArduinoCore.a(Adafruit_FONA.o)
 .debug_info    0x0002079b     0x27f5 C:\Users\Numaan\Documents\Atmel Studio\7.0\RM\RM\ArduinoCore\Debug\libArduinoCore.a(SoftwareSerial.o)
 .debug_info    0x00022f90       0x3e C:\Users\Numaan\Documents\Atmel Studio\7.0\RM\RM\ArduinoCore\Debug\libArduinoCore.a(hooks.o)
 .debug_info    0x00022fce      0x21c C:\Users\Numaan\Documents\Atmel Studio\7.0\RM\RM\ArduinoCore\Debug\libArduinoCore.a(WInterrupts.o)
 .debug_info    0x000231ea       0xac C:/Program Files (x86)/Atmel/Studio/7.0/Packs/atmel/ATmega_DFP/1.2.132/gcc/dev/atmega328p/avr5\libatmega328p.a(eerd_byte.o)
 .debug_info    0x00023296       0xac C:/Program Files (x86)/Atmel/Studio/7.0/Packs/atmel/ATmega_DFP/1.2.132/gcc/dev/atmega328p/avr5\libatmega328p.a(eewr_byte.o)

.debug_abbrev   0x00000000     0x420e
 *(.debug_abbrev)
 .debug_abbrev  0x00000000      0x5a2 C:/Program Files (x86)/Atmel/Studio/7.0/Packs/atmel/ATmega_DFP/1.2.132/gcc/dev/atmega328p/avr5/crtatmega328p.o
 .debug_abbrev  0x000005a2      0x2f5 GsmManager.o
 .debug_abbrev  0x00000897      0x1ba Helpers.o
 .debug_abbrev  0x00000a51      0x3ff RmMemManager.o
 .debug_abbrev  0x00000e50      0x5b7 Sketch.o
 .debug_abbrev  0x00001407      0x188 src/libraries/Wire/src/utility/twi.o
 .debug_abbrev  0x0000158f      0x524 src/libraries/Wire/src/Wire.o
 .debug_abbrev  0x00001ab3      0x230 Timing.o
 .debug_abbrev  0x00001ce3      0x432 C:\Users\Numaan\Documents\Atmel Studio\7.0\RM\RM\ArduinoCore\Debug\libArduinoCore.a(HardwareSerial.o)
 .debug_abbrev  0x00002115      0x3a2 C:\Users\Numaan\Documents\Atmel Studio\7.0\RM\RM\ArduinoCore\Debug\libArduinoCore.a(HardwareSerial0.o)
 .debug_abbrev  0x000024b7      0x12d C:\Users\Numaan\Documents\Atmel Studio\7.0\RM\RM\ArduinoCore\Debug\libArduinoCore.a(main.o)
 .debug_abbrev  0x000025e4       0xce C:\Users\Numaan\Documents\Atmel Studio\7.0\RM\RM\ArduinoCore\Debug\libArduinoCore.a(new.o)
 .debug_abbrev  0x000026b2      0x469 C:\Users\Numaan\Documents\Atmel Studio\7.0\RM\RM\ArduinoCore\Debug\libArduinoCore.a(Print.o)
 .debug_abbrev  0x00002b1b      0x146 C:\Users\Numaan\Documents\Atmel Studio\7.0\RM\RM\ArduinoCore\Debug\libArduinoCore.a(wiring.o)
 .debug_abbrev  0x00002c61      0x16b C:\Users\Numaan\Documents\Atmel Studio\7.0\RM\RM\ArduinoCore\Debug\libArduinoCore.a(wiring_analog.o)
 .debug_abbrev  0x00002dcc      0x15b C:\Users\Numaan\Documents\Atmel Studio\7.0\RM\RM\ArduinoCore\Debug\libArduinoCore.a(wiring_digital.o)
 .debug_abbrev  0x00002f27      0x4a3 C:\Users\Numaan\Documents\Atmel Studio\7.0\RM\RM\ArduinoCore\Debug\libArduinoCore.a(WString.o)
 .debug_abbrev  0x000033ca      0x6e9 C:\Users\Numaan\Documents\Atmel Studio\7.0\RM\RM\ArduinoCore\Debug\libArduinoCore.a(Adafruit_FONA.o)