Archive member included to satisfy reference by file (symbol)

c:/program files (x86)/atmel/studio/7.0/toolchain/avr8/avr8-gnu-toolchain/bin/../lib/gcc/avr/5.4.0/../../../../avr/lib/avr5\libm.a(floatsisf.o)
                              SensorManager.o (__floatsisf)
C:\Users\Saba Baig\Documents\Atmel Studio\7.0\RM\RM\ArduinoCore\Debug\libArduinoCore.a(HardwareSerial.o)
                              Main_SignalLogging.o (_ZN14HardwareSerial5beginEmh)
C:\Users\Saba Baig\Documents\Atmel Studio\7.0\RM\RM\ArduinoCore\Debug\libArduinoCore.a(HardwareSerial0.o)
                              Adafruit_FONA.o (Serial)
C:\Users\Saba Baig\Documents\Atmel Studio\7.0\RM\RM\ArduinoCore\Debug\libArduinoCore.a(main.o)
                              C:/Program Files (x86)/Atmel/Studio/7.0/Packs/atmel/ATmega_DFP/1.2.132/gcc/dev/atmega328p/avr5/crtatmega328p.o (main)
C:\Users\Saba Baig\Documents\Atmel Studio\7.0\RM\RM\ArduinoCore\Debug\libArduinoCore.a(new.o)
                              Adafruit_FONA.o (_Znwj)
C:\Users\Saba Baig\Documents\Atmel Studio\7.0\RM\RM\ArduinoCore\Debug\libArduinoCore.a(Print.o)
                              Adafruit_FONA.o (_ZN5Print5writeEPKhj)
C:\Users\Saba Baig\Documents\Atmel Studio\7.0\RM\RM\ArduinoCore\Debug\libArduinoCore.a(wiring.o)
                              Adafruit_FONA.o (delay)
C:\Users\Saba Baig\Documents\Atmel Studio\7.0\RM\RM\ArduinoCore\Debug\libArduinoCore.a(wiring_analog.o)
                              SensorManager.o (analogRead)
C:\Users\Saba Baig\Documents\Atmel Studio\7.0\RM\RM\ArduinoCore\Debug\libArduinoCore.a(wiring_digital.o)
                              Adafruit_FONA.o (pinMode)
C:\Users\Saba Baig\Documents\Atmel Studio\7.0\RM\RM\ArduinoCore\Debug\libArduinoCore.a(WString.o)
                              Adafruit_FONA.o (_ZN6StringD1Ev)
C:\Users\Saba Baig\Documents\Atmel Studio\7.0\RM\RM\ArduinoCore\Debug\libArduinoCore.a(SoftwareSerial.o)
                              Adafruit_FONA.o (_ZN14SoftwareSerialC1Ehhb)
C:\Users\Saba Baig\Documents\Atmel Studio\7.0\RM\RM\ArduinoCore\Debug\libArduinoCore.a(abi.o)
                              C:\Users\Saba Baig\Documents\Atmel Studio\7.0\RM\RM\ArduinoCore\Debug\libArduinoCore.a(Print.o) (__cxa_pure_virtual)
C:\Users\Saba Baig\Documents\Atmel Studio\7.0\RM\RM\ArduinoCore\Debug\libArduinoCore.a(hooks.o)
                              C:\Users\Saba Baig\Documents\Atmel Studio\7.0\RM\RM\ArduinoCore\Debug\libArduinoCore.a(wiring.o) (yield)
c:/program files (x86)/atmel/studio/7.0/toolchain/avr8/avr8-gnu-toolchain/bin/../lib/gcc/avr/5.4.0/../../../../avr/lib/avr5\libm.a(addsf3.o)
                              C:\Users\Saba Baig\Documents\Atmel Studio\7.0\RM\RM\ArduinoCore\Debug\libArduinoCore.a(Print.o) (__subsf3)
c:/program files (x86)/atmel/studio/7.0/toolchain/avr8/avr8-gnu-toolchain/bin/../lib/gcc/avr/5.4.0/../../../../avr/lib/avr5\libm.a(addsf3x.o)
                              c:/program files (x86)/atmel/studio/7.0/toolchain/avr8/avr8-gnu-toolchain/bin/../lib/gcc/avr/5.4.0/../../../../avr/lib/avr5\libm.a(addsf3.o) (__addsf3x)
c:/program files (x86)/atmel/studio/7.0/toolchain/avr8/avr8-gnu-toolchain/bin/../lib/gcc/avr/5.4.0/../../../../avr/lib/avr5\libm.a(cmpsf2.o)
                              C:\Users\Saba Baig\Documents\Atmel Studio\7.0\RM\RM\ArduinoCore\Debug\libArduinoCore.a(Print.o) (__ltsf2)
c:/program files (x86)/atmel/studio/7.0/toolchain/avr8/avr8-gnu-toolchain/bin/../lib/gcc/avr/5.4.0/../../../../avr/lib/avr5\libm.a(divsf3.o)
                              C:\Users\Saba Baig\Documents\Atmel Studio\7.0\RM\RM\ArduinoCore\Debug\libArduinoCore.a(Print.o) (__divsf3)
c:/program files (x86)/atmel/studio/7.0/toolchain/avr8/avr8-gnu-toolchain/bin/../lib/gcc/avr/5.4.0/../../../../avr/lib/avr5\libm.a(divsf3x.o)
                              c:/program files (x86)/atmel/studio/7.0/toolchain/avr8/avr8-gnu-toolchain/bin/../lib/gcc/avr/5.4.0/../../../../avr/lib/avr5\libm.a(divsf3.o) (__divsf3x)
c:/program files (x86)/atmel/studio/7.0/toolchain/avr8/avr8-gnu-toolchain/bin/../lib/gcc/avr/5.4.0/../../../../avr/lib/avr5\libm.a(fixsfsi.o)
                              C:\Users\Saba Baig\Documents\Atmel Studio\7.0\RM\RM\ArduinoCore\Debug\libArduinoCore.a(Print.o) (__fixsfsi)
c:/program files (x86)/atmel/studio/7.0/toolchain/avr8/avr8-gnu-toolchain/bin/../lib/gcc/avr/5.4.0/../../../../avr/lib/avr5\libm.a(fixunssfsi.o)
                              C:\Users\Saba Baig\Documents\Atmel Studio\7.0\RM\RM\ArduinoCore\Debug\libArduinoCore.a(Print.o) (__fixunssfsi)
c:/program files (x86)/atmel/studio/7.0/toolchain/avr8/avr8-gnu-toolchain/bin/../lib/gcc/avr/5.4.0/../../../../avr/lib/avr5\libm.a(fp_cmp.o)
                              c:/program files (x86)/atmel/studio/7.0/toolchain/avr8/avr8-gnu-toolchain/bin/../lib/gcc/avr/5.4.0/../../../../avr/lib/avr5\libm.a(cmpsf2.o) (__fp_cmp)
c:/program files (x86)/atmel/studio/7.0/toolchain/avr8/avr8-gnu-toolchain/bin/../lib/gcc/avr/5.4.0/../../../../avr/lib/avr5\libm.a(fp_inf.o)
[...]
Memory Configuration

Name             Origin             Length             Attributes
text             0x00000000         0x00020000         xr
data             0x00800060         0x0000ffa0         rw !x
eeprom           0x00810000         0x00010000         rw !x
fuse             0x00820000         0x00000003         rw !x
lock             0x00830000         0x00000400         rw !x
signature        0x00840000         0x00000400         rw !x
user_signatures  0x00850000         0x00000400         rw !x
*default*        0x00000000         0xffffffff

Linker script and memory map

Address of section .data set to 0x800100
LOAD C:/Program Files (x86)/Atmel/Studio/7.0/Packs/atmel/ATmega_DFP/1.2.132/gcc/dev/atmega328p/avr5/crtatmega328p.o
LOAD Adafruit_FONA.o
LOAD GpsManager.o
LOAD GsmManager.o
LOAD GsmPayload.o
LOAD Helpers.o
LOAD Main_SignalLogging.o
LOAD RmMemManager.o
LOAD SensorManager.o
LOAD src/libraries/Wire/src/utility/twi.o
LOAD src/libraries/Wire/src/Wire.o
LOAD ExtendedTests.o
LOAD Timing.o
START GROUP
LOAD c:/program files (x86)/atmel/studio/7.0/toolchain/avr8/avr8-gnu-toolchain/bin/../lib/gcc/avr/5.4.0/../../../../avr/lib/avr5\libm.a
LOAD C:\Users\Saba Baig\Documents\Atmel Studio\7.0\RM\RM\ArduinoCore\Debug\libArduinoCore.a
END GROUP
LOAD c:/program files (x86)/atmel/studio/7.0/toolchain/avr8/avr8-gnu-toolchain/bin/../lib/gcc/avr/5.4.0/avr5\libgcc.a
LOAD c:/program files (x86)/atmel/studio/7.0/toolchain/avr8/avr8-gnu-toolchain/bin/../lib/gcc/avr/5.4.0/../../../../avr/lib/avr5\libm.a
START GROUP
LOAD c:/program files (x86)/atmel/studio/7.0/toolchain/avr8/avr8-gnu-toolchain/bin/../lib/gcc/avr/5.4.0/avr5\libgcc.a
LOAD c:/program files (x86)/atmel/studio/7.0/toolchain/avr8/avr8-gnu-toolchain/bin/../lib/gcc/avr/5.4.0/../../../../avr/lib/avr5\libm.a
LOAD c:/program files (x86)/atmel/studio/7.0/toolchain/avr8/avr8-gnu-toolchain/bin/../lib/gcc/avr/5.4.0/../../../../avr/lib/avr5\libc.a
LOAD C:/Program Files (x86)/Atmel/Studio/7.0/Packs/atmel/ATmega_DFP/1.2.132/gcc/dev/atmega328p/avr5\libatmega328p.a
END GROUP
                0x00000000                __TEXT_REGION_ORIGIN__ = DEFINED (__TEXT_REGION_ORIGIN__)?__TEXT_REGION_ORIGIN__:0x0
                0x00800060                __DATA_REGION_ORIGIN__ = DEFINED (__DATA_REGION_ORIGIN__)?__DATA_REGION_ORIGIN__:0x800060
                0x00020000                __TEXT_REGION_LENGTH__ = DEFINED (__TEXT_REGION_LENGTH__)?__TEXT_REGION_LENGTH__:0x20000
                0x0000ffa0                __DATA_REGION_LENGTH__ = DEFINED (__DATA_REGION_LENGTH__)?__DATA_REGION_LENGTH__:0xffa0
                0x00010000                __EEPROM_REGION_LENGTH__ = DEFINED (__EEPROM_REGION_LENGTH__)?__EEPROM_REGION_LENGTH__:0x10000
                [0x00000003]                __FUSE_REGION_LENGTH__ = DEFINED (__FUSE_REGION_LENGTH__)?__FUSE_REGION_LENGTH__:0x400
                0x00000400                __LOCK_REGION_LENGTH__ = DEFINED (__LOCK_REGION_LENGTH__)?__LOCK_REGION_LENGTH__:0x400
                0x00000400                __SIGNATURE_REGION_LENGTH__ = DEFINED (__SIGNATURE_REGION_LENGTH__)?__SIGNATURE_REGION_LENGTH__:0x400
                0x00000400                __USER_SIGNATURE_REGION_LENGTH__ = DEFINED (__USER_SIGNATURE_REGION_LENGTH__)?__USER_SIGNATURE_REGION_LENGTH__:0x400

.hash
 *(.hash)

.dynsym
 *(.dynsym)

.dynstr
 *(.dynstr)

.gnu.version
 *(.gnu.version)

.gnu.version_d
 *(.gnu.version_d)

.gnu.version_r
 *(.gnu.version_r)

.rel.init
 *(.rel.init)

.rela.init
 *(.rela.init)

.rel.text
 *(.rel.text)
 *(.rel.text.*)
 *(.rel.gnu.linkonce.t*)

.rela.text
 *(.rela.text)
 *(.rela.text.*)
 *(.rela.gnu.linkonce.t*)

.rel.fini
 *(.rel.fini)

.rela.fini
 *(.rela.fini)

.rel.rodata
 *(.rel.rodata)
 *(.rel.rodata.*)
 *(.rel.gnu.linkonce.r*)

.rela.rodata
 *(.rela.rodata)
 *(.rela.rodata.*)
 *(.rela.gnu.linkonce.r*)

.rel.data
 *(.rel.data)
 *(.rel.data.*)
 *(.rel.gnu.linkonce.d*)

.rela.data
 *(.rela.data)
 *(.rela.data.*)
 *(.rela.gnu.linkonce.d*)

.rel.ctors
 *(.rel.ctors)

.rela.ctors
 *(.rela.ctors)

.rel.dtors
 *(.rel.dtors)

.rela.dtors
 *(.rela.dtors)

.rel.got
 *(.rel.got)

.rela.got
 *(.rela.got)

.rel.bss
 *(.rel.bss)

.rela.bss
 *(.rela.bss)

.rel.plt
 *(.rel.plt)

.rela.plt
 *(.rela.plt)

.text           0x00000000     0x3e5e
 *(.vectors)
 .vectors       0x00000000       0x68 C:/Program Files (x86)/Atmel/Studio/7.0/Packs/atmel/ATmega_DFP/1.2.132/gcc/dev/atmega328p/avr5/crtatmega328p.o
                0x00000000                __vector_default
                0x00000000                __vectors
 *(.vectors)
 *(.progmem.gcc*)
                0x00000068                . = ALIGN (0x2)
                0x00000068                __trampolines_start = .
 *(.trampolines)
 .trampolines   0x00000068        0x0 linker stubs
 *(.trampolines*)
                0x00000068                __trampolines_end = .
 *libprintf_flt.a:*(.progmem.data)
 *libc.a:*(.progmem.data)
 *(.progmem*)
 .progmem.data._ZZN13Adafruit_FONA14getReplyQuotedEPK19__FlashStringHelperS2_jE3__c_0
                0x00000068        0x7 Adafruit_FONA.o
 .progmem.data._ZZN13Adafruit_FONA14getReplyQuotedEPK19__FlashStringHelperS2_jE3__c
                0x0000006f        0x7 Adafruit_FONA.o
 .progmem.data._ZZN13Adafruit_FONA8getReplyEPK19__FlashStringHelperjE3__c_0
                0x00000076        0x7 Adafruit_FONA.o
 .progmem.data._ZZN13Adafruit_FONA8getReplyEPK19__FlashStringHelperjE3__c
                0x0000007d        0x7 Adafruit_FONA.o
 .progmem.data._ZZN13Adafruit_FONA8readlineEjbE3__c
                0x00000084        0x6 Adafruit_FONA.o
 .progmem.data._ZZN13Adafruit_FONA11expectReplyEPK19__FlashStringHelperjE3__c
                0x0000008a        0x7 Adafruit_FONA.o
 .progmem.data._ZZN13Adafruit_FONA10enableGPRSEbE3__c_14
                0x00000091        0xb Adafruit_FONA.o
 .progmem.data._ZZN13Adafruit_FONA10enableGPRSEbE3__c_13
                0x0000009c        0xd Adafruit_FONA.o
 .progmem.data._ZZN13Adafruit_FONA10enableGPRSEbE3__c_11
                0x000000a9        0xb Adafruit_FONA.o
 .progmem.data._ZZN13Adafruit_FONA10enableGPRSEbE3__c_12
                0x000000b4        0x8 Adafruit_FONA.o
 .progmem.data._ZZN13Adafruit_FONA10enableGPRSEbE3__c_10
                0x000000bc        0x9 Adafruit_FONA.o
 .progmem.data._ZZN13Adafruit_FONA10enableGPRSEbE3__c_9
                0x000000c5        0xd Adafruit_FONA.o
 .progmem.data._ZZN13Adafruit_FONA10enableGPRSEbE3__c_8
                0x000000d2       0x14 Adafruit_FONA.o
 .progmem.data._ZZN13Adafruit_FONA10enableGPRSEbE3__c_7
                0x000000e6       0x15 Adafruit_FONA.o
 .progmem.data._ZZN13Adafruit_FONA10enableGPRSEbE3__c_6
                0x000000fb        0xa Adafruit_FONA.o
 .progmem.data._ZZN13Adafruit_FONA10enableGPRSEbE3__c_5
                0x00000105        0x7 Adafruit_FONA.o
 .progmem.data._ZZN13Adafruit_FONA10enableGPRSEbE3__c_4
                0x0000010c        0xa Adafruit_FONA.o
 .progmem.data._ZZN13Adafruit_FONA10enableGPRSEbE3__c_3
                0x00000116       0x14 Adafruit_FONA.o
 .progmem.data._ZZN13Adafruit_FONA10enableGPRSEbE3__c_2
                0x0000012a       0x1e Adafruit_FONA.o
 .progmem.data._ZZN13Adafruit_FONA10enableGPRSEbE3__c_1
                0x00000148        0xb Adafruit_FONA.o
 .progmem.data._ZZN13Adafruit_FONA10enableGPRSEbE3__c
                0x00000153        0xb Adafruit_FONA.o
 .progmem.data._ZZN13Adafruit_FONA10enableGPRSEbE3__c_0
                0x0000015e        0x8 Adafruit_FONA.o
 .progmem.data._ZZN13Adafruit_FONA7getRSSIEvE3__c_5
                0x00000166        0x9 Adafruit_FONA.o
 .progmem.data._ZZN13Adafruit_FONA7getRSSIEvE3__c_6
                0x0000016f        0x8 Adafruit_FONA.o
 .progmem.data._ZZN13Adafruit_FONA7getRSSIEvE3__c_3
                0x00000177        0x9 Adafruit_FONA.o
 .progmem.data._ZZN13Adafruit_FONA7getRSSIEvE3__c_4
                0x00000180        0x8 Adafruit_FONA.o
 .progmem.data._ZZN13Adafruit_FONA7getRSSIEvE3__c_1
                0x00000188        0x7 Adafruit_FONA.o
 .progmem.data._ZZN13Adafruit_FONA7getRSSIEvE3__c_2
                0x0000018f        0x7 Adafruit_FONA.o
 .progmem.data._ZZN13Adafruit_FONA7getRSSIEvE3__c
                0x00000196        0x7 Adafruit_FONA.o
 .progmem.data._ZZN13Adafruit_FONA7getRSSIEvE3__c_0
                0x0000019d        0x7 Adafruit_FONA.o
 .progmem.data._ZZN13Adafruit_FONA5beginEhhE3__c_11
                0x000001a4        0xb Adafruit_FONA.o
 .progmem.data._ZZN13Adafruit_FONA5beginEhhE3__c_10
                0x000001af        0x7 Adafruit_FONA.o
 .progmem.data._ZZN13Adafruit_FONA5beginEhhE3__c_9
                0x000001b6        0x7 Adafruit_FONA.o
 .progmem.data._ZZN13Adafruit_FONA5beginEhhE3__c_8
                0x000001bd        0x5 Adafruit_FONA.o
 .progmem.data._ZZN13Adafruit_FONA5beginEhhE3__c_7
                0x000001c2        0x5 Adafruit_FONA.o
 .progmem.data._ZZN13Adafruit_FONA5beginEhhE3__c_6
                0x000001c7       0x1f Adafruit_FONA.o
 .progmem.data._ZZN13Adafruit_FONA5beginEhhE3__c_5
                0x000001e6        0x3 Adafruit_FONA.o
 .progmem.data._ZZN13Adafruit_FONA5beginEhhE3__c_4
                0x000001e9        0x3 Adafruit_FONA.o
 .progmem.data._ZZN13Adafruit_FONA5beginEhhE3__c_3
                0x000001ec        0x3 Adafruit_FONA.o
 .progmem.data._ZZN13Adafruit_FONA5beginEhhE3__c_1
                0x000001ef        0x3 Adafruit_FONA.o
 .progmem.data._ZZN13Adafruit_FONA5beginEhhE3__c_2
                0x000001f2        0x3 Adafruit_FONA.o
 .progmem.data._ZZN13Adafruit_FONA5beginEhhE3__c_0
                0x000001f5        0x3 Adafruit_FONA.o
 .progmem.data._ZZN13Adafruit_FONA5beginEhhE3__c
                0x000001f8       0x21 Adafruit_FONA.o
 .progmem.data._ZZN13Adafruit_FONAC4EabE3__c_0
                0x00000219        0x3 Adafruit_FONA.o
 .progmem.data._ZZN13Adafruit_FONAC4EabE3__c
                0x0000021c        0x8 Adafruit_FONA.o
 .progmem.data._ZZN7Helpers15printSensorDataEP10SensorDataE3__c_5
                0x00000224        0x6 Helpers.o
 .progmem.data._ZZN7Helpers15printSensorDataEP10SensorDataE3__c_4
                0x0000022a        0x4 Helpers.o
 .progmem.data._ZZN7Helpers15printSensorDataEP10SensorDataE3__c_3
                0x0000022e        0x9 Helpers.o
 .progmem.data._ZZN7Helpers15printSensorDataEP10SensorDataE3__c_2
                0x00000237        0x4 Helpers.o
 .progmem.data._ZZN7Helpers15printSensorDataEP10SensorDataE3__c_1
                0x0000023b        0x6 Helpers.o
 .progmem.data._ZZN7Helpers15printSensorDataEP10SensorDataE3__c_0
                0x00000241        0x4 Helpers.o
 .progmem.data._ZZN7Helpers15printSensorDataEP10SensorDataE3__c
                0x00000245        0x8 Helpers.o
 .progmem.data._ZZN7Helpers9printRSSIEP13FONA_GET_RSSIE3__c_7
                0x0000024d        0xd Helpers.o
 .progmem.data._ZZN7Helpers9printRSSIEP13FONA_GET_RSSIE3__c_6
                0x0000025a        0x4 Helpers.o
 .progmem.data._ZZN7Helpers9printRSSIEP13FONA_GET_RSSIE3__c_5
                0x0000025e        0x9 Helpers.o
 .progmem.data._ZZN7Helpers9printRSSIEP13FONA_GET_RSSIE3__c_4
                0x00000267        0xa Helpers.o
 .progmem.data._ZZN7Helpers9printRSSIEP13FONA_GET_RSSIE3__c_3
                0x00000271       0x15 Helpers.o
 .progmem.data._ZZN7Helpers9printRSSIEP13FONA_GET_RSSIE3__c_2
                0x00000286        0x4 Helpers.o
 .progmem.data._ZZN7Helpers9printRSSIEP13FONA_GET_RSSIE3__c_1
                0x0000028a        0x5 Helpers.o
 .progmem.data._ZZN7Helpers9printRSSIEP13FONA_GET_RSSIE3__c_0
                0x0000028f        0x4 Helpers.o
 .progmem.data._ZZN7Helpers9printRSSIEP13FONA_GET_RSSIE3__c
                0x00000293        0x6 Helpers.o
 .progmem.data._ZL12b64_alphabet
                0x00000299       0x41 Helpers.o
 .progmem.data._ZZ4loopE3__c
                0x000002da        0xa Main_SignalLogging.o
 .progmem.data._ZZ8sendDatavE3__c_0
                0x000002e4       0x2f Main_SignalLogging.o
 .progmem.data._ZZ8sendDatavE3__c
                0x00000313       0x21 Main_SignalLogging.o
 .progmem.data._ZZ12takeReadingsvE3__c
                0x00000334       0x13 Main_SignalLogging.o
 .progmem.data._ZZ21ensureFonaInitialisedbE3__c_2
                0x00000347       0x1b Main_SignalLogging.o
 .progmem.data._ZZ21ensureFonaInitialisedbE3__c_1
                0x00000362       0x15 Main_SignalLogging.o
 .progmem.data._ZZ21ensureFonaInitialisedbE3__c_0
                0x00000377       0x1b Main_SignalLogging.o
 .progmem.data._ZZ21ensureFonaInitialisedbE3__c
                0x00000392       0x15 Main_SignalLogging.o
 .progmem.data._ZZ5setupE3__c
                0x000003a7        0xc Main_SignalLogging.o
 .progmem.data._ZZN13ExtendedTests20runExtendedTypesTestEvE3__c_21
                0x000003b3       0x19 ExtendedTests.o
 .progmem.data._ZZN13ExtendedTests20runExtendedTypesTestEvE3__c_20
                0x000003cc       0x21 ExtendedTests.o
 .progmem.data._ZZN13ExtendedTests20runExtendedTypesTestEvE3__c_19
                0x000003ed       0x1b ExtendedTests.o
 .progmem.data._ZZN13ExtendedTests20runExtendedTypesTestEvE3__c_18
                0x00000408       0x19 ExtendedTests.o
 .progmem.data._ZZN13ExtendedTests20runExtendedTypesTestEvE3__c_17
                0x00000421       0x19 ExtendedTests.o
 .progmem.data._ZZN13ExtendedTests20runExtendedTypesTestEvE3__c_16
                0x0000043a       0x19 ExtendedTests.o
 .progmem.data._ZZN13ExtendedTests20runExtendedTypesTestEvE3__c_15
                0x00000453       0x19 ExtendedTests.o
 .progmem.data._ZZN13ExtendedTests20runExtendedTypesTestEvE3__c_14
                0x0000046c       0x19 ExtendedTests.o
 .progmem.data._ZZN13ExtendedTests20runExtendedTypesTestEvE3__c_13
                0x00000485       0x18 ExtendedTests.o
 .progmem.data._ZZN13ExtendedTests20runExtendedTypesTestEvE3__c_12
                0x0000049d       0x1b ExtendedTests.o
 .progmem.data._ZZN13ExtendedTests20runExtendedTypesTestEvE3__c_11
                0x000004b8       0x17 ExtendedTests.o
 .progmem.data._ZZN13ExtendedTests20runExtendedTypesTestEvE3__c_10
                0x000004cf       0x16 ExtendedTests.o
 .progmem.data._ZZN13ExtendedTests20runExtendedTypesTestEvE3__c_9
                0x000004e5       0x15 ExtendedTests.o
 .progmem.data._ZZN13ExtendedTests20runExtendedTypesTestEvE3__c_8
                0x000004fa       0x15 ExtendedTests.o
 .progmem.data._ZZN13ExtendedTests20runExtendedTypesTestEvE3__c_7
                0x0000050f       0x15 ExtendedTests.o
 .progmem.data._ZZN13ExtendedTests20runExtendedTypesTestEvE3__c_6
                0x00000524       0x15 ExtendedTests.o
 .progmem.data._ZZN13ExtendedTests20runExtendedTypesTestEvE3__c_5
                0x00000539       0x15 ExtendedTests.o
 .progmem.data._ZZN13ExtendedTests20runExtendedTypesTestEvE3__c_4
                0x0000054e       0x15 ExtendedTests.o
 .progmem.data._ZZN13ExtendedTests20runExtendedTypesTestEvE3__c_3
                0x00000563       0x15 ExtendedTests.o
 .progmem.data._ZZN13ExtendedTests20runExtendedTypesTestEvE3__c_2
                0x00000578       0x15 ExtendedTests.o
 .progmem.data._ZZN13ExtendedTests20runExtendedTypesTestEvE3__c_1
                0x0000058d       0x15 ExtendedTests.o
 .progmem.data._ZZN13ExtendedTests20runExtendedTypesTestEvE3__c_0
                0x000005a2       0x21 ExtendedTests.o
 .progmem.data._ZZN13ExtendedTests20runExtendedTypesTestEvE3__c
                0x000005c3       0x24 ExtendedTests.o
 .progmem.data.digital_pin_to_timer_PGM
                0x000005e7       0x14 C:\Users\Saba Baig\Documents\Atmel Studio\7.0\RM\RM\ArduinoCore\Debug\libArduinoCore.a(wiring_digital.o)
                0x000005e7                digital_pin_to_timer_PGM
 .progmem.data.digital_pin_to_bit_mask_PGM
                0x000005fb       0x14 C:\Users\Saba Baig\Documents\Atmel Studio\7.0\RM\RM\ArduinoCore\Debug\libArduinoCore.a(wiring_digital.o)
                0x000005fb                digital_pin_to_bit_mask_PGM
 .progmem.data.digital_pin_to_port_PGM
                0x0000060f       0x14 C:\Users\Saba Baig\Documents\Atmel Studio\7.0\RM\RM\ArduinoCore\Debug\libArduinoCore.a(wiring_digital.o)
                0x0000060f                digital_pin_to_port_PGM
 .progmem.data.port_to_input_PGM
                0x00000623        0xa C:\Users\Saba Baig\Documents\Atmel Studio\7.0\RM\RM\ArduinoCore\Debug\libArduinoCore.a(wiring_digital.o)
                0x00000623                port_to_input_PGM
 .progmem.data.port_to_output_PGM
                0x0000062d        0xa C:\Users\Saba Baig\Documents\Atmel Studio\7.0\RM\RM\ArduinoCore\Debug\libArduinoCore.a(wiring_digital.o)
                0x0000062d                port_to_output_PGM
 .progmem.data.port_to_mode_PGM
                0x00000637        0xa C:\Users\Saba Baig\Documents\Atmel Studio\7.0\RM\RM\ArduinoCore\Debug\libArduinoCore.a(wiring_digital.o)
                0x00000637                port_to_mode_PGM
                0x00000642                . = ALIGN (0x2)
 *fill*         0x00000641        0x1 
 *(.jumptables)
 *(.jumptables*)
 *(.lowtext)
 *(.lowtext*)
                0x00000642                __ctors_start = .
 *(.ctors)
 .ctors         0x00000642        0x2 Main_SignalLogging.o
 .ctors         0x00000644        0x2 src/libraries/Wire/src/Wire.o
 .ctors         0x00000646        0x2 C:\Users\Saba Baig\Documents\Atmel Studio\7.0\RM\RM\ArduinoCore\Debug\libArduinoCore.a(HardwareSerial0.o)
                0x00000648                __ctors_end = .
                0x00000648                __dtors_start = .
 *(.dtors)
 .dtors         0x00000648        0x2 Main_SignalLogging.o
                0x0000064a                __dtors_end = .
 SORT(*)(.ctors)
 SORT(*)(.dtors)
 *(.init0)
 .init0         0x0000064a        0x0 C:/Program Files (x86)/Atmel/Studio/7.0/Packs/atmel/ATmega_DFP/1.2.132/gcc/dev/atmega328p/avr5/crtatmega328p.o
                0x0000064a                __init
 *(.init0)
 *(.init1)
 *(.init1)
 *(.init2)
 .init2         0x0000064a        0xc C:/Program Files (x86)/Atmel/Studio/7.0/Packs/atmel/ATmega_DFP/1.2.132/gcc/dev/atmega328p/avr5/crtatmega328p.o
 *(.init2)
 *(.init3)
 *(.init3)
 *(.init4)
 .init4         0x00000656       0x16 c:/program files (x86)/atmel/studio/7.0/toolchain/avr8/avr8-gnu-toolchain/bin/../lib/gcc/avr/5.4.0/avr5\libgcc.a(_copy_data.o)
                0x00000656                __do_copy_data
 .init4         0x0000066c       0x10 c:/program files (x86)/atmel/studio/7.0/toolchain/avr8/avr8-gnu-toolchain/bin/../lib/gcc/avr/5.4.0/avr5\libgcc.a(_clear_bss.o)
                0x0000066c                __do_clear_bss
 *(.init4)
 *(.init5)
 *(.init5)
 *(.init6)
 .init6         0x0000067c       0x16 c:/program files (x86)/atmel/studio/7.0/toolchain/avr8/avr8-gnu-toolchain/bin/../lib/gcc/avr/5.4.0/avr5\libgcc.a(_ctors.o)
                0x0000067c                __do_global_ctors
 *(.init6)
 *(.init7)
 *(.init7)
 *(.init8)
 *(.init8)
 *(.init9)
 .init9         0x00000692        0x8 C:/Program Files (x86)/Atmel/Studio/7.0/Packs/atmel/ATmega_DFP/1.2.132/gcc/dev/atmega328p/avr5/crtatmega328p.o
 *(.init9)
 *(.text)
 .text          0x0000069a        0x4 C:/Program Files (x86)/Atmel/Studio/7.0/Packs/atmel/ATmega_DFP/1.2.132/gcc/dev/atmega328p/avr5/crtatmega328p.o
                0x0000069a                __vector_22
                0x0000069a                __vector_1
                0x0000069a                __vector_12
                0x0000069a                __bad_interrupt
                0x0000069a                __vector_6
                0x0000069a                __vector_23
                0x0000069a                __vector_25
                0x0000069a                __vector_11
                0x0000069a                __vector_13
                0x0000069a                __vector_17
                0x0000069a                __vector_7
                0x0000069a                __vector_9
                0x0000069a                __vector_2
                0x0000069a                __vector_21
                0x0000069a                __vector_15
                0x0000069a                __vector_8
                0x0000069a                __vector_14
                0x0000069a                __vector_10
                0x0000069a                __vector_20
                0x0000069e                . = ALIGN (0x2)
 *(.text.*)
 .text._ZN13Adafruit_FONA9availableEv
                0x0000069e       0x18 Adafruit_FONA.o
                0x0000069e                _ZN13Adafruit_FONA9availableEv
 .text._ZN13Adafruit_FONA5writeEh
                0x000006b6       0x18 Adafruit_FONA.o
                0x000006b6                _ZN13Adafruit_FONA5writeEh
 .text._ZN13Adafruit_FONA4readEv
                0x000006ce       0x18 Adafruit_FONA.o
                0x000006ce                _ZN13Adafruit_FONA4readEv
 .text._ZN13Adafruit_FONA4peekEv
                0x000006e6       0x18 Adafruit_FONA.o
                0x000006e6                _ZN13Adafruit_FONA4peekEv
 .text._ZN13Adafruit_FONA5flushEv
                0x000006fe       0x18 Adafruit_FONA.o
                0x000006fe                _ZN13Adafruit_FONA5flushEv
 .text._ZN13Adafruit_FONAC2Eab
                0x00000716       0xcc Adafruit_FONA.o
                0x00000716                _ZN13Adafruit_FONAC2Eab
                0x00000716                _ZN13Adafruit_FONAC1Eab
 .text._ZN13Adafruit_FONA12setUserAgentE6String
                0x000007e2        0x8 Adafruit_FONA.o
                0x000007e2                _ZN13Adafruit_FONA12setUserAgentE6String
 .text._ZN13Adafruit_FONA10flushInputEv
                0x000007ea       0x58 Adafruit_FONA.o
                0x000007ea                _ZN13Adafruit_FONA10flushInputEv
 .text._ZN13Adafruit_FONA8readlineEjb
                0x00000842       0xc4 Adafruit_FONA.o
                0x00000842                _ZN13Adafruit_FONA8readlineEjb
 .text._ZN13Adafruit_FONA11expectReplyEPK19__FlashStringHelperj
                0x00000906       0x48 Adafruit_FONA.o
                0x00000906                _ZN13Adafruit_FONA11expectReplyEPK19__FlashStringHelperj
 .text._ZN13Adafruit_FONA8getReplyEPK19__FlashStringHelperj
                0x0000094e       0x72 Adafruit_FONA.o
                0x0000094e                _ZN13Adafruit_FONA8getReplyEPK19__FlashStringHelperj
 .text._ZN13Adafruit_FONA14getReplyQuotedEPK19__FlashStringHelperS2_j
                0x000009c0       0xc8 Adafruit_FONA.o
                0x000009c0                _ZN13Adafruit_FONA14getReplyQuotedEPK19__FlashStringHelperS2_j
 .text._ZN13Adafruit_FONA14sendCheckReplyEPK19__FlashStringHelperS2_j
                0x00000a88       0x34 Adafruit_FONA.o
                0x00000a88                _ZN13Adafruit_FONA14sendCheckReplyEPK19__FlashStringHelperS2_j
 .text._ZN13Adafruit_FONA5beginEhh
                0x00000abc      0x26e Adafruit_FONA.o
                0x00000abc                _ZN13Adafruit_FONA5beginEhh
 .text._ZN13Adafruit_FONA20sendCheckReplyQuotedEPK19__FlashStringHelperS2_S2_j
                0x00000d2a       0x38 Adafruit_FONA.o
                0x00000d2a                _ZN13Adafruit_FONA20sendCheckReplyQuotedEPK19__FlashStringHelperS2_S2_j
 .text._ZN13Adafruit_FONA10enableGPRSEb
                0x00000d62      0x2e8 Adafruit_FONA.o
                0x00000d62                _ZN13Adafruit_FONA10enableGPRSEb
 .text._ZN13Adafruit_FONA10parseReplyEPK19__FlashStringHelperPjch
                0x0000104a       0x6a Adafruit_FONA.o
                0x0000104a                _ZN13Adafruit_FONA10parseReplyEPK19__FlashStringHelperPjch
 .text._ZN13Adafruit_FONA14sendParseReplyEPK19__FlashStringHelperS2_Pjch
                0x000010b4       0x58 Adafruit_FONA.o
                0x000010b4                _ZN13Adafruit_FONA14sendParseReplyEPK19__FlashStringHelperS2_Pjch
 .text._ZN13Adafruit_FONA7getRSSIEv
                0x0000110c       0xde Adafruit_FONA.o
                0x0000110c                _ZN13Adafruit_FONA7getRSSIEv
 .text._ZN10GsmPayloadC2Ev
                0x000011ea       0x1c GsmPayload.o
                0x000011ea                _ZN10GsmPayloadC1Ev
                0x000011ea                _ZN10GsmPayloadC2Ev
 .text._ZN10GsmPayload10getPayloadEPcj
                0x00001206       0x12 GsmPayload.o
                0x00001206                _ZN10GsmPayload10getPayloadEPcj
 .text._ZN10GsmPayload13addSensorDataEP10SensorDatah
                0x00001218        0xa GsmPayload.o
                0x00001218                _ZN10GsmPayload13addSensorDataEP10SensorDatah
 .text._ZN7Helpers9printRSSIEP13FONA_GET_RSSI
                0x00001222       0xe2 Helpers.o
                0x00001222                _ZN7Helpers9printRSSIEP13FONA_GET_RSSI
 .text._ZN7Helpers15printSensorDataEP10SensorData
                0x00001304       0x9e Helpers.o
                0x00001304                _ZN7Helpers15printSensorDataEP10SensorData
 .text._Z8a3_to_a4PhS_
                0x000013a2       0x48 Helpers.o
                0x000013a2                _Z8a3_to_a4PhS_
 .text._ZN7Helpers13base64_encodeEPcS0_i
                0x000013ea      0x152 Helpers.o
                0x000013ea                _ZN7Helpers13base64_encodeEPcS0_i
 .text._Z8a4_to_a3PhS_
                0x0000153c       0x40 Helpers.o
                0x0000153c                _Z8a4_to_a3PhS_
 .text._Z10b64_lookupc
                0x0000157c       0x38 Helpers.o
                0x0000157c                _Z10b64_lookupc
 .text._ZN7Helpers13base64_decodeEPcS0_i
                0x000015b4      0x166 Helpers.o
                0x000015b4                _ZN7Helpers13base64_decodeEPcS0_i
 .text._Z21ensureFonaInitialisedb
                0x0000171a      0x11c Main_SignalLogging.o
                0x0000171a                _Z21ensureFonaInitialisedb
 .text._Z15switchOffSystemv
                0x00001836       0x20 Main_SignalLogging.o
                0x00001836                _Z15switchOffSystemv
 .text.setup    0x00001856       0x4a Main_SignalLogging.o
                0x00001856                setup
 .text._Z12takeReadingsv
                0x000018a0       0x58 Main_SignalLogging.o
                0x000018a0                _Z12takeReadingsv
 .text._Z8sendDatav
                0x000018f8       0x8c Main_SignalLogging.o
                0x000018f8                _Z8sendDatav
 .text.loop     0x00001984       0x88 Main_SignalLogging.o
                0x00001984                loop
 .text.startup._GLOBAL__sub_I___fona
                0x00001a0c       0x20 Main_SignalLogging.o
 .text.exit._GLOBAL__sub_D___fona
                0x00001a2c       0x14 Main_SignalLogging.o
 .text._ZN7TwoWire5writeEi
                0x00001a40        0xe RmMemManager.o
                0x00001a40                _ZN7TwoWire5writeEi
 .text._ZN12RmMemManagerC2Eb
                0x00001a4e       0x22 RmMemManager.o
                0x00001a4e                _ZN12RmMemManagerC1Eb
                0x00001a4e                _ZN12RmMemManagerC2Eb
 .text._Z12internalReadjPhh
                0x00001a70       0x86 RmMemManager.o
                0x00001a70                _Z12internalReadjPhh
 .text._ZN12RmMemManager18getUCharFromMemoryEj
                0x00001af6       0x22 RmMemManager.o
                0x00001af6                _ZN12RmMemManager18getUCharFromMemoryEj
 .text._ZN12RmMemManager11getModuleIdEv
                0x00001b18        0x8 RmMemManager.o
                0x00001b18                _ZN12RmMemManager11getModuleIdEv
 .text._ZN13SensorManagerC2Eb
                0x00001b20        0x6 SensorManager.o
                0x00001b20                _ZN13SensorManagerC1Eb
                0x00001b20                _ZN13SensorManagerC2Eb
 .text._ZN13SensorManager16takeSampleAnalogEh
                0x00001b26       0x14 SensorManager.o
                0x00001b26                _ZN13SensorManager16takeSampleAnalogEh
 .text._ZN13SensorManager11getMockDataEP10SensorData
                0x00001b3a       0x4e SensorManager.o
                0x00001b3a                _ZN13SensorManager11getMockDataEP10SensorData
 .text._ZN13SensorManager8readDataEP10SensorData
                0x00001b88       0x78 SensorManager.o
                0x00001b88                _ZN13SensorManager8readDataEP10SensorData
 .text.twi_init
                0x00001c00       0x3c src/libraries/Wire/src/utility/twi.o
                0x00001c00                twi_init
 .text.twi_readFrom
                0x00001c3c       0x90 src/libraries/Wire/src/utility/twi.o
                0x00001c3c                twi_readFrom
 .text.twi_writeTo
                0x00001ccc       0xac src/libraries/Wire/src/utility/twi.o
                0x00001ccc                twi_writeTo
 .text.twi_transmit
                0x00001d78       0x50 src/libraries/Wire/src/utility/twi.o
                0x00001d78                twi_transmit
 .text.twi_attachSlaveRxEvent
                0x00001dc8        0xa src/libraries/Wire/src/utility/twi.o
                0x00001dc8                twi_attachSlaveRxEvent
 .text.twi_attachSlaveTxEvent
                0x00001dd2        0xa src/libraries/Wire/src/utility/twi.o
                0x00001dd2                twi_attachSlaveTxEvent
 .text.twi_stop
                0x00001ddc       0x14 src/libraries/Wire/src/utility/twi.o
                0x00001ddc                twi_stop
 .text.twi_releaseBus
                0x00001df0        0xc src/libraries/Wire/src/utility/twi.o
                0x00001df0                twi_releaseBus
 .text.__vector_24
                0x00001dfc      0x25a src/libraries/Wire/src/utility/twi.o
                0x00001dfc                __vector_24
 .text._ZN7TwoWire9availableEv
                0x00002056       0x10 src/libraries/Wire/src/Wire.o
                0x00002056                _ZN7TwoWire9availableEv
 .text._ZN7TwoWire4readEv
                0x00002066       0x28 src/libraries/Wire/src/Wire.o
                0x00002066                _ZN7TwoWire4readEv
 .text._ZN7TwoWire4peekEv
                0x0000208e       0x1e src/libraries/Wire/src/Wire.o
                0x0000208e                _ZN7TwoWire4peekEv
 .text._ZN7TwoWire5flushEv
                0x000020ac        0x2 src/libraries/Wire/src/Wire.o
                0x000020ac                _ZN7TwoWire5flushEv
 .text._ZN7TwoWire16onReceiveServiceEPhi
                0x000020ae       0x54 src/libraries/Wire/src/Wire.o
                0x000020ae                _ZN7TwoWire16onReceiveServiceEPhi
 .text._ZN7TwoWire16onRequestServiceEv
                0x00002102       0x18 src/libraries/Wire/src/Wire.o
                0x00002102                _ZN7TwoWire16onRequestServiceEv
 .text._ZN7TwoWire5writeEPKhj
                0x0000211a       0x5a src/libraries/Wire/src/Wire.o
                0x0000211a                _ZN7TwoWire5writeEPKhj
 .text._ZN7TwoWire5writeEh
                0x00002174       0x5e src/libraries/Wire/src/Wire.o
                0x00002174                _ZN7TwoWire5writeEh
 .text._ZN7TwoWireC2Ev
                0x000021d2       0x20 src/libraries/Wire/src/Wire.o
                0x000021d2                _ZN7TwoWireC1Ev
                0x000021d2                _ZN7TwoWireC2Ev
 .text._ZN7TwoWire5beginEv
                0x000021f2       0x24 src/libraries/Wire/src/Wire.o
                0x000021f2                _ZN7TwoWire5beginEv
 .text._ZN7TwoWire17beginTransmissionEh
                0x00002216       0x14 src/libraries/Wire/src/Wire.o
                0x00002216                _ZN7TwoWire17beginTransmissionEh
 .text._ZN7TwoWire17beginTransmissionEi
                0x0000222a        0x4 src/libraries/Wire/src/Wire.o
                0x0000222a                _ZN7TwoWire17beginTransmissionEi
 .text._ZN7TwoWire15endTransmissionEh
                0x0000222e       0x26 src/libraries/Wire/src/Wire.o
                0x0000222e                _ZN7TwoWire15endTransmissionEh
 .text._ZN7TwoWire11requestFromEhhmhh
                0x00002254       0xa8 src/libraries/Wire/src/Wire.o
                0x00002254                _ZN7TwoWire11requestFromEhhmhh
 .text._ZN7TwoWire11requestFromEhhh
                0x000022fc       0x20 src/libraries/Wire/src/Wire.o
                0x000022fc                _ZN7TwoWire11requestFromEhhh
 .text._ZN7TwoWire11requestFromEii
                0x0000231c        0x6 src/libraries/Wire/src/Wire.o
                0x0000231c                _ZN7TwoWire11requestFromEii
 .text._ZN7TwoWire15endTransmissionEv
                0x00002322        0x6 src/libraries/Wire/src/Wire.o
                0x00002322                _ZN7TwoWire15endTransmissionEv
 .text.startup._GLOBAL__sub_I__ZN7TwoWire8rxBufferE
                0x00002328        0x8 src/libraries/Wire/src/Wire.o
 .text._ZN13ExtendedTests20runExtendedTypesTestEv
                0x00002330      0x48e ExtendedTests.o
                0x00002330                _ZN13ExtendedTests20runExtendedTypesTestEv
 .text._ZN14HardwareSerial9availableEv
                0x000027be       0x18 C:\Users\Saba Baig\Documents\Atmel Studio\7.0\RM\RM\ArduinoCore\Debug\libArduinoCore.a(HardwareSerial.o)
                0x000027be                _ZN14HardwareSerial9availableEv
 .text._ZN14HardwareSerial4peekEv
                0x000027d6       0x1c C:\Users\Saba Baig\Documents\Atmel Studio\7.0\RM\RM\ArduinoCore\Debug\libArduinoCore.a(HardwareSerial.o)
                0x000027d6                _ZN14HardwareSerial4peekEv
 .text._ZN14HardwareSerial4readEv
                0x000027f2       0x28 C:\Users\Saba Baig\Documents\Atmel Studio\7.0\RM\RM\ArduinoCore\Debug\libArduinoCore.a(HardwareSerial.o)
                0x000027f2                _ZN14HardwareSerial4readEv
 .text._Z14serialEventRunv
                0x0000281a       0x1c C:\Users\Saba Baig\Documents\Atmel Studio\7.0\RM\RM\ArduinoCore\Debug\libArduinoCore.a(HardwareSerial.o)
                0x0000281a                _Z14serialEventRunv
 .text._ZN14HardwareSerial17_tx_udr_empty_irqEv
                0x00002836       0x42 C:\Users\Saba Baig\Documents\Atmel Studio\7.0\RM\RM\ArduinoCore\Debug\libArduinoCore.a(HardwareSerial.o)
                0x00002836                _ZN14HardwareSerial17_tx_udr_empty_irqEv
 .text._ZN14HardwareSerial5writeEh
                0x00002878       0x8e C:\Users\Saba Baig\Documents\Atmel Studio\7.0\RM\RM\ArduinoCore\Debug\libArduinoCore.a(HardwareSerial.o)
                0x00002878                _ZN14HardwareSerial5writeEh
 .text._ZN14HardwareSerial5flushEv
                0x00002906       0x44 C:\Users\Saba Baig\Documents\Atmel Studio\7.0\RM\RM\ArduinoCore\Debug\libArduinoCore.a(HardwareSerial.o)
                0x00002906                _ZN14HardwareSerial5flushEv
 .text._ZN14HardwareSerial5beginEmh
                0x0000294a       0xca C:\Users\Saba Baig\Documents\Atmel Studio\7.0\RM\RM\ArduinoCore\Debug\libArduinoCore.a(HardwareSerial.o)
                0x0000294a                _ZN14HardwareSerial5beginEmh
 .text.__vector_18
                0x00002a14       0x64 C:\Users\Saba Baig\Documents\Atmel Studio\7.0\RM\RM\ArduinoCore\Debug\libArduinoCore.a(HardwareSerial0.o)
                0x00002a14                __vector_18
 .text.__vector_19
                0x00002a78       0x4c C:\Users\Saba Baig\Documents\Atmel Studio\7.0\RM\RM\ArduinoCore\Debug\libArduinoCore.a(HardwareSerial0.o)
                0x00002a78                __vector_19
 .text._Z17Serial0_availablev
                0x00002ac4       0x14 C:\Users\Saba Baig\Documents\Atmel Studio\7.0\RM\RM\ArduinoCore\Debug\libArduinoCore.a(HardwareSerial0.o)
                0x00002ac4                _Z17Serial0_availablev
 .text.startup._GLOBAL__sub_I___vector_18
                0x00002ad8       0x5a C:\Users\Saba Baig\Documents\Atmel Studio\7.0\RM\RM\ArduinoCore\Debug\libArduinoCore.a(HardwareSerial0.o)
 .text.initVariant
                0x00002b32        0x2 C:\Users\Saba Baig\Documents\Atmel Studio\7.0\RM\RM\ArduinoCore\Debug\libArduinoCore.a(main.o)
                0x00002b32                initVariant
 .text.startup.main
                0x00002b34       0x1e C:\Users\Saba Baig\Documents\Atmel Studio\7.0\RM\RM\ArduinoCore\Debug\libArduinoCore.a(main.o)
                0x00002b34                main
 .text._Znwj    0x00002b52        0x4 C:\Users\Saba Baig\Documents\Atmel Studio\7.0\RM\RM\ArduinoCore\Debug\libArduinoCore.a(new.o)
                0x00002b52                _Znwj
 .text._ZN5Print5writeEPKhj
                0x00002b56       0x54 C:\Users\Saba Baig\Documents\Atmel Studio\7.0\RM\RM\ArduinoCore\Debug\libArduinoCore.a(Print.o)
                0x00002b56                _ZN5Print5writeEPKhj
 .text._ZN5Print5writeEPKc
                0x00002baa       0x2a C:\Users\Saba Baig\Documents\Atmel Studio\7.0\RM\RM\ArduinoCore\Debug\libArduinoCore.a(Print.o)
                0x00002baa                _ZN5Print5writeEPKc
 .text._ZN5Print5printEPK19__FlashStringHelper
                0x00002bd4       0x48 C:\Users\Saba Baig\Documents\Atmel Studio\7.0\RM\RM\ArduinoCore\Debug\libArduinoCore.a(Print.o)
                0x00002bd4                _ZN5Print5printEPK19__FlashStringHelper
 .text._ZN5Print5printEPKc
                0x00002c1c        0x4 C:\Users\Saba Baig\Documents\Atmel Studio\7.0\RM\RM\ArduinoCore\Debug\libArduinoCore.a(Print.o)
                0x00002c1c                _ZN5Print5printEPKc
 .text._ZN5Print5printEc
                0x00002c20        0xe C:\Users\Saba Baig\Documents\Atmel Studio\7.0\RM\RM\ArduinoCore\Debug\libArduinoCore.a(Print.o)
                0x00002c20                _ZN5Print5printEc
 .text._ZN5Print7printlnEv
                0x00002c2e        0x8 C:\Users\Saba Baig\Documents\Atmel Studio\7.0\RM\RM\ArduinoCore\Debug\libArduinoCore.a(Print.o)
                0x00002c2e                _ZN5Print7printlnEv
 .text._ZN5Print7printlnEPK19__FlashStringHelper
                0x00002c36       0x24 C:\Users\Saba Baig\Documents\Atmel Studio\7.0\RM\RM\ArduinoCore\Debug\libArduinoCore.a(Print.o)
                0x00002c36                _ZN5Print7printlnEPK19__FlashStringHelper
 .text._ZN5Print7printlnEPKc
                0x00002c5a       0x24 C:\Users\Saba Baig\Documents\Atmel Studio\7.0\RM\RM\ArduinoCore\Debug\libArduinoCore.a(Print.o)
                0x00002c5a                _ZN5Print7printlnEPKc
 .text._ZN5Print7printlnEc
                0x00002c7e       0x24 C:\Users\Saba Baig\Documents\Atmel Studio\7.0\RM\RM\ArduinoCore\Debug\libArduinoCore.a(Print.o)
                0x00002c7e                _ZN5Print7printlnEc
 .text._ZN5Print11printNumberEmh
                0x00002ca2       0x92 C:\Users\Saba Baig\Documents\Atmel Studio\7.0\RM\RM\ArduinoCore\Debug\libArduinoCore.a(Print.o)
                0x00002ca2                _ZN5Print11printNumberEmh
 .text._ZN5Print5printEmi
                0x00002d34       0x1a C:\Users\Saba Baig\Documents\Atmel Studio\7.0\RM\RM\ArduinoCore\Debug\libArduinoCore.a(Print.o)
                0x00002d34                _ZN5Print5printEmi
 .text._ZN5Print5printEhi
                0x00002d4e        0xe C:\Users\Saba Baig\Documents\Atmel Studio\7.0\RM\RM\ArduinoCore\Debug\libArduinoCore.a(Print.o)
                0x00002d4e                _ZN5Print5printEhi
 .text._ZN5Print7printlnEhi
                0x00002d5c       0x24 C:\Users\Saba Baig\Documents\Atmel Studio\7.0\RM\RM\ArduinoCore\Debug\libArduinoCore.a(Print.o)
                0x00002d5c                _ZN5Print7printlnEhi
 .text._ZN5Print5printEji
                0x00002d80        0xc C:\Users\Saba Baig\Documents\Atmel Studio\7.0\RM\RM\ArduinoCore\Debug\libArduinoCore.a(Print.o)
                0x00002d80                _ZN5Print5printEji
 .text._ZN5Print7printlnEji
                0x00002d8c       0x24 C:\Users\Saba Baig\Documents\Atmel Studio\7.0\RM\RM\ArduinoCore\Debug\libArduinoCore.a(Print.o)
                0x00002d8c                _ZN5Print7printlnEji
 .text._ZN5Print5printEli
                0x00002db0       0x90 C:\Users\Saba Baig\Documents\Atmel Studio\7.0\RM\RM\ArduinoCore\Debug\libArduinoCore.a(Print.o)
                0x00002db0                _ZN5Print5printEli
 .text._ZN5Print5printEii
                0x00002e40        0xe C:\Users\Saba Baig\Documents\Atmel Studio\7.0\RM\RM\ArduinoCore\Debug\libArduinoCore.a(Print.o)
                0x00002e40                _ZN5Print5printEii
 .text._ZN5Print7printlnEii
                0x00002e4e       0x24 C:\Users\Saba Baig\Documents\Atmel Studio\7.0\RM\RM\ArduinoCore\Debug\libArduinoCore.a(Print.o)
                0x00002e4e                _ZN5Print7printlnEii
 .text.__vector_16
                0x00002e72       0x94 C:\Users\Saba Baig\Documents\Atmel Studio\7.0\RM\RM\ArduinoCore\Debug\libArduinoCore.a(wiring.o)
                0x00002e72                __vector_16
 .text.micros   0x00002f06       0x4a C:\Users\Saba Baig\Documents\Atmel Studio\7.0\RM\RM\ArduinoCore\Debug\libArduinoCore.a(wiring.o)
                0x00002f06                micros
 .text.delay    0x00002f50       0x78 C:\Users\Saba Baig\Documents\Atmel Studio\7.0\RM\RM\ArduinoCore\Debug\libArduinoCore.a(wiring.o)
                0x00002f50                delay
 .text.init     0x00002fc8       0x76 C:\Users\Saba Baig\Documents\Atmel Studio\7.0\RM\RM\ArduinoCore\Debug\libArduinoCore.a(wiring.o)
                0x00002fc8                init
 .text.analogRead
                0x0000303e       0x3a C:\Users\Saba Baig\Documents\Atmel Studio\7.0\RM\RM\ArduinoCore\Debug\libArduinoCore.a(wiring_analog.o)
                0x0000303e                analogRead
 .text.turnOffPWM
                0x00003078       0x52 C:\Users\Saba Baig\Documents\Atmel Studio\7.0\RM\RM\ArduinoCore\Debug\libArduinoCore.a(wiring_digital.o)
 .text.pinMode  0x000030ca       0x78 C:\Users\Saba Baig\Documents\Atmel Studio\7.0\RM\RM\ArduinoCore\Debug\libArduinoCore.a(wiring_digital.o)
                0x000030ca                pinMode
 .text.digitalWrite
                0x00003142       0x5e C:\Users\Saba Baig\Documents\Atmel Studio\7.0\RM\RM\ArduinoCore\Debug\libArduinoCore.a(wiring_digital.o)
                0x00003142                digitalWrite
 .text._ZN6StringD2Ev
                0x000031a0        0xa C:\Users\Saba Baig\Documents\Atmel Studio\7.0\RM\RM\ArduinoCore\Debug\libArduinoCore.a(WString.o)
                0x000031a0                _ZN6StringD2Ev
                0x000031a0                _ZN6StringD1Ev
 .text._ZN6String10invalidateEv
                0x000031aa       0x24 C:\Users\Saba Baig\Documents\Atmel Studio\7.0\RM\RM\ArduinoCore\Debug\libArduinoCore.a(WString.o)
                0x000031aa                _ZN6String10invalidateEv
 .text._ZN6String12changeBufferEj
                0x000031ce       0x34 C:\Users\Saba Baig\Documents\Atmel Studio\7.0\RM\RM\ArduinoCore\Debug\libArduinoCore.a(WString.o)
                0x000031ce                _ZN6String12changeBufferEj
 .text._ZN6String7reserveEj
                0x00003202       0x38 C:\Users\Saba Baig\Documents\Atmel Studio\7.0\RM\RM\ArduinoCore\Debug\libArduinoCore.a(WString.o)
                0x00003202                _ZN6String7reserveEj
 .text._ZN6String4copyEPKcj
                0x0000323a       0x42 C:\Users\Saba Baig\Documents\Atmel Studio\7.0\RM\RM\ArduinoCore\Debug\libArduinoCore.a(WString.o)
                0x0000323a                _ZN6String4copyEPKcj
 .text._ZN6StringC2EPKc
                0x0000327c       0x2a C:\Users\Saba Baig\Documents\Atmel Studio\7.0\RM\RM\ArduinoCore\Debug\libArduinoCore.a(WString.o)
                0x0000327c                _ZN6StringC2EPKc
                0x0000327c                _ZN6StringC1EPKc
 .text._ZN6String4moveERS_
                0x000032a6       0x6c C:\Users\Saba Baig\Documents\Atmel Studio\7.0\RM\RM\ArduinoCore\Debug\libArduinoCore.a(WString.o)
                0x000032a6                _ZN6String4moveERS_
 .text._ZN6StringaSERKS_
                0x00003312       0x2e C:\Users\Saba Baig\Documents\Atmel Studio\7.0\RM\RM\ArduinoCore\Debug\libArduinoCore.a(WString.o)
                0x00003312                _ZN6StringaSERKS_
 .text._ZN6StringC2ERKS_
                0x00003340       0x12 C:\Users\Saba Baig\Documents\Atmel Studio\7.0\RM\RM\ArduinoCore\Debug\libArduinoCore.a(WString.o)
                0x00003340                _ZN6StringC2ERKS_
                0x00003340                _ZN6StringC1ERKS_
 .text._ZN6StringaSEOS_
                0x00003352       0x18 C:\Users\Saba Baig\Documents\Atmel Studio\7.0\RM\RM\ArduinoCore\Debug\libArduinoCore.a(WString.o)
                0x00003352                _ZN6StringaSEOS_
 .text._ZN14SoftwareSerial4readEv
                0x0000336a       0x42 C:\Users\Saba Baig\Documents\Atmel Studio\7.0\RM\RM\ArduinoCore\Debug\libArduinoCore.a(SoftwareSerial.o)
                0x0000336a                _ZN14SoftwareSerial4readEv
 .text._ZN14SoftwareSerial5writeEh
                0x000033ac       0xa0 C:\Users\Saba Baig\Documents\Atmel Studio\7.0\RM\RM\ArduinoCore\Debug\libArduinoCore.a(SoftwareSerial.o)
                0x000033ac                _ZN14SoftwareSerial5writeEh
 .text._ZN14SoftwareSerial5flushEv
                0x0000344c        0x2 C:\Users\Saba Baig\Documents\Atmel Studio\7.0\RM\RM\ArduinoCore\Debug\libArduinoCore.a(SoftwareSerial.o)
                0x0000344c                _ZN14SoftwareSerial5flushEv
 .text._ZN14SoftwareSerial4peekEv
                0x0000344e       0x30 C:\Users\Saba Baig\Documents\Atmel Studio\7.0\RM\RM\ArduinoCore\Debug\libArduinoCore.a(SoftwareSerial.o)
                0x0000344e                _ZN14SoftwareSerial4peekEv
 .text._ZN14SoftwareSerial9availableEv
                0x0000347e       0x30 C:\Users\Saba Baig\Documents\Atmel Studio\7.0\RM\RM\ArduinoCore\Debug\libArduinoCore.a(SoftwareSerial.o)
                0x0000347e                _ZN14SoftwareSerial9availableEv
 .text._ZN14SoftwareSerial13stopListeningEv
                0x000034ae       0x2c C:\Users\Saba Baig\Documents\Atmel Studio\7.0\RM\RM\ArduinoCore\Debug\libArduinoCore.a(SoftwareSerial.o)
                0x000034ae                _ZN14SoftwareSerial13stopListeningEv
 .text._ZN14SoftwareSerial6listenEv
                0x000034da       0x52 C:\Users\Saba Baig\Documents\Atmel Studio\7.0\RM\RM\ArduinoCore\Debug\libArduinoCore.a(SoftwareSerial.o)
                0x000034da                _ZN14SoftwareSerial6listenEv
 .text.__vector_3
                0x0000352c       0xf4 C:\Users\Saba Baig\Documents\Atmel Studio\7.0\RM\RM\ArduinoCore\Debug\libArduinoCore.a(SoftwareSerial.o)
                0x0000352c                __vector_5
                0x0000352c                __vector_4
                0x0000352c                __vector_3
 .text._ZN14SoftwareSerial5setTXEh
                0x00003620       0x52 C:\Users\Saba Baig\Documents\Atmel Studio\7.0\RM\RM\ArduinoCore\Debug\libArduinoCore.a(SoftwareSerial.o)
                0x00003620                _ZN14SoftwareSerial5setTXEh
 .text._ZN14SoftwareSerial5setRXEh
                0x00003672       0x52 C:\Users\Saba Baig\Documents\Atmel Studio\7.0\RM\RM\ArduinoCore\Debug\libArduinoCore.a(SoftwareSerial.o)
                0x00003672                _ZN14SoftwareSerial5setRXEh
 .text._ZN14SoftwareSerialC2Ehhb
                0x000036c4       0x56 C:\Users\Saba Baig\Documents\Atmel Studio\7.0\RM\RM\ArduinoCore\Debug\libArduinoCore.a(SoftwareSerial.o)
                0x000036c4                _ZN14SoftwareSerialC1Ehhb
                0x000036c4                _ZN14SoftwareSerialC2Ehhb
 .text._ZN14SoftwareSerial5beginEl
                0x0000371a      0x11c C:\Users\Saba Baig\Documents\Atmel Studio\7.0\RM\RM\ArduinoCore\Debug\libArduinoCore.a(SoftwareSerial.o)
                0x0000371a                _ZN14SoftwareSerial5beginEl
 .text.__empty  0x00003836        0x2 C:\Users\Saba Baig\Documents\Atmel Studio\7.0\RM\RM\ArduinoCore\Debug\libArduinoCore.a(hooks.o)
                0x00003836                yield
 .text.libgcc.div
                0x00003838       0x18 c:/program files (x86)/atmel/studio/7.0/toolchain/avr8/avr8-gnu-toolchain/bin/../lib/gcc/avr/5.4.0/avr5\libgcc.a(_udivmodqi4.o)
                0x00003838                __udivmodqi4
 .text.libgcc.div
                0x00003850       0x28 c:/program files (x86)/atmel/studio/7.0/toolchain/avr8/avr8-gnu-toolchain/bin/../lib/gcc/avr/5.4.0/avr5\libgcc.a(_divmodhi4.o)
                0x00003850                _div
                0x00003850                __divmodhi4
 .text.libgcc.div
                0x00003878       0x44 c:/program files (x86)/atmel/studio/7.0/toolchain/avr8/avr8-gnu-toolchain/bin/../lib/gcc/avr/5.4.0/avr5\libgcc.a(_udivmodsi4.o)
                0x00003878                __udivmodsi4
 .text.libgcc.div
                0x000038bc       0x2e c:/program files (x86)/atmel/studio/7.0/toolchain/avr8/avr8-gnu-toolchain/bin/../lib/gcc/avr/5.4.0/avr5\libgcc.a(_divmodsi4.o)
                0x000038bc                __divmodsi4
 .text.libgcc.div
                0x000038ea       0x10 c:/program files (x86)/atmel/studio/7.0/toolchain/avr8/avr8-gnu-toolchain/bin/../lib/gcc/avr/5.4.0/avr5\libgcc.a(_negsi2.o)
                0x000038ea                __negsi2
 .text.libgcc.div
                0x000038fa       0x28 c:/program files (x86)/atmel/studio/7.0/toolchain/avr8/avr8-gnu-toolchain/bin/../lib/gcc/avr/5.4.0/avr5\libgcc.a(_udivmodhi4.o)
                0x000038fa                __udivmodhi4
 .text.libgcc   0x00003922        0xc c:/program files (x86)/atmel/studio/7.0/toolchain/avr8/avr8-gnu-toolchain/bin/../lib/gcc/avr/5.4.0/avr5\libgcc.a(_tablejump2.o)
                0x00003922                __tablejump2__
 .text.avr-libc
                0x0000392e      0x242 c:/program files (x86)/atmel/studio/7.0/toolchain/avr8/avr8-gnu-toolchain/bin/../lib/gcc/avr/5.4.0/../../../../avr/lib/avr5\libc.a(malloc.o)
                0x0000392e                malloc
                0x00003a5e                free
 .text.avr-libc
                0x00003b70      0x18c c:/program files (x86)/atmel/studio/7.0/toolchain/avr8/avr8-gnu-toolchain/bin/../lib/gcc/avr/5.4.0/../../../../avr/lib/avr5\libc.a(realloc.o)
                0x00003b70                realloc
 .text.avr-libc
                0x00003cfc       0x3c c:/program files (x86)/atmel/studio/7.0/toolchain/avr8/avr8-gnu-toolchain/bin/../lib/gcc/avr/5.4.0/../../../../avr/lib/avr5\libc.a(atoi.o)
                0x00003cfc                atoi
 .text.avr-libc
                0x00003d38       0x12 c:/program files (x86)/atmel/studio/7.0/toolchain/avr8/avr8-gnu-toolchain/bin/../lib/gcc/avr/5.4.0/../../../../avr/lib/avr5\libc.a(strcmp_P.o)
                0x00003d38                strcmp_P
 .text.avr-libc
                0x00003d4a       0x12 c:/program files (x86)/atmel/studio/7.0/toolchain/avr8/avr8-gnu-toolchain/bin/../lib/gcc/avr/5.4.0/../../../../avr/lib/avr5\libc.a(strlen_P.o)
                0x00003d4a                __strlen_P
 .text.avr-libc
                0x00003d5c       0x34 c:/program files (x86)/atmel/studio/7.0/toolchain/avr8/avr8-gnu-toolchain/bin/../lib/gcc/avr/5.4.0/../../../../avr/lib/avr5\libc.a(strstr_P.o)
                0x00003d5c                strstr_P
 .text.avr-libc
                0x00003d90       0x12 c:/program files (x86)/atmel/studio/7.0/toolchain/avr8/avr8-gnu-toolchain/bin/../lib/gcc/avr/5.4.0/../../../../avr/lib/avr5\libc.a(memcpy.o)
                0x00003d90                memcpy
 .text.avr-libc
                0x00003da2       0x16 c:/program files (x86)/atmel/studio/7.0/toolchain/avr8/avr8-gnu-toolchain/bin/../lib/gcc/avr/5.4.0/../../../../avr/lib/avr5\libc.a(strchr.o)
                0x00003da2                strchr
 .text.avr-libc
                0x00003db8        0xe c:/program files (x86)/atmel/studio/7.0/toolchain/avr8/avr8-gnu-toolchain/bin/../lib/gcc/avr/5.4.0/../../../../avr/lib/avr5\libc.a(strcpy.o)
                0x00003db8                strcpy
 .text.avr-libc
                0x00003dc6       0x10 c:/program files (x86)/atmel/studio/7.0/toolchain/avr8/avr8-gnu-toolchain/bin/../lib/gcc/avr/5.4.0/../../../../avr/lib/avr5\libc.a(mul10.o)
                0x00003dc6                __mulhi_const_10
 .text.libgcc.prologue
                0x00003dd6       0x38 c:/program files (x86)/atmel/studio/7.0/toolchain/avr8/avr8-gnu-toolchain/bin/../lib/gcc/avr/5.4.0/avr5\libgcc.a(_prologue.o)
                0x00003dd6                __prologue_saves__
 .text.libgcc.prologue
                0x00003e0e       0x36 c:/program files (x86)/atmel/studio/7.0/toolchain/avr8/avr8-gnu-toolchain/bin/../lib/gcc/avr/5.4.0/avr5\libgcc.a(_epilogue.o)
                0x00003e0e                __epilogue_restores__
                0x00003e44                . = ALIGN (0x2)
 *(.fini9)
 .fini9         0x00003e44        0x0 c:/program files (x86)/atmel/studio/7.0/toolchain/avr8/avr8-gnu-toolchain/bin/../lib/gcc/avr/5.4.0/avr5\libgcc.a(_exit.o)
                0x00003e44                _exit
                0x00003e44                exit
 *(.fini9)
 *(.fini8)
 *(.fini8)
 *(.fini7)
 *(.fini7)
 *(.fini6)
 .fini6         0x00003e44       0x16 c:/program files (x86)/atmel/studio/7.0/toolchain/avr8/avr8-gnu-toolchain/bin/../lib/gcc/avr/5.4.0/avr5\libgcc.a(_dtors.o)
                0x00003e44                __do_global_dtors
 *(.fini6)
 *(.fini5)
 *(.fini5)
 *(.fini4)
 *(.fini4)
 *(.fini3)
 *(.fini3)
 *(.fini2)
 *(.fini2)
 *(.fini1)
 *(.fini1)
 *(.fini0)
 .fini0         0x00003e5a        0x4 c:/program files (x86)/atmel/studio/7.0/toolchain/avr8/avr8-gnu-toolchain/bin/../lib/gcc/avr/5.4.0/avr5\libgcc.a(_exit.o)
 *(.fini0)
                0x00003e5e                _etext = .

.data           0x00800100      0x168 load address 0x00003e5e
                0x00800100                PROVIDE (__data_start, .)
 *(.data)
 .data          0x00800100        0x6 c:/program files (x86)/atmel/studio/7.0/toolchain/avr8/avr8-gnu-toolchain/bin/../lib/gcc/avr/5.4.0/../../../../avr/lib/avr5\libc.a(malloc.o)
                0x00800100                __malloc_heap_end
                0x00800102                __malloc_heap_start
                0x00800104                __malloc_margin
 *(.data*)
 .data.analog_reference
                0x00800106        0x1 C:\Users\Saba Baig\Documents\Atmel Studio\7.0\RM\RM\ArduinoCore\Debug\libArduinoCore.a(wiring_analog.o)
                0x00800106                analog_reference
 *(.gnu.linkonce.d*)
 *(.rodata)
 *(.rodata*)
 .rodata.str1.1
                0x00800107       0x2f Adafruit_FONA.o
                                 0x32 (size before relaxing)
 .rodata._ZTV13Adafruit_FONA
                0x00800136       0x10 Adafruit_FONA.o
                0x00800136                _ZTV13Adafruit_FONA
 .rodata.str1.1
                0x00800146       0x21 Main_SignalLogging.o
 .rodata._ZTV7TwoWire
                0x00800167       0x10 src/libraries/Wire/src/Wire.o
                0x00800167                _ZTV7TwoWire
 .rodata.str1.1
                0x00800177       0xc2 ExtendedTests.o
                                 0xc4 (size before relaxing)
 .rodata._ZTV14HardwareSerial
                0x00800239       0x10 C:\Users\Saba Baig\Documents\Atmel Studio\7.0\RM\RM\ArduinoCore\Debug\libArduinoCore.a(HardwareSerial.o)
                0x00800239                _ZTV14HardwareSerial
 .rodata.str1.1
                0x00800249        0xf C:\Users\Saba Baig\Documents\Atmel Studio\7.0\RM\RM\ArduinoCore\Debug\libArduinoCore.a(Print.o)
                                 0x11 (size before relaxing)
 .rodata._ZTV14SoftwareSerial
                0x00800258       0x10 C:\Users\Saba Baig\Documents\Atmel Studio\7.0\RM\RM\ArduinoCore\Debug\libArduinoCore.a(SoftwareSerial.o)
                0x00800258                _ZTV14SoftwareSerial
 *(.gnu.linkonce.r*)
                0x00800268                . = ALIGN (0x2)
                0x00800268                _edata = .
                0x00800268                PROVIDE (__data_end, .)

.bss            0x00800268      0x2e1
                0x00800268                PROVIDE (__bss_start, .)
 *(.bss)
 *(.bss*)
 .bss._timerCounter
                0x00800268        0x2 Main_SignalLogging.o
                0x00800268                _timerCounter
 .bss._sendDataLoopCount
                0x0080026a        0x1 Main_SignalLogging.o
                0x0080026a                _sendDataLoopCount
 .bss._sendDataFona
                0x0080026b        0x2 Main_SignalLogging.o
                0x0080026b                _sendDataFona
 .bss._behaviour
                0x0080026d        0x1 Main_SignalLogging.o
                0x0080026d                _behaviour
 .bss.sensorMgr
                0x0080026e        0x2 Main_SignalLogging.o
                0x0080026e                sensorMgr
 .bss.mem       0x00800270        0x8 Main_SignalLogging.o
                0x00800270                mem
 .bss.__fona    0x00800278      0x11f Main_SignalLogging.o
                0x00800278                __fona
 .bss.twi_error
                0x00800397        0x1 src/libraries/Wire/src/utility/twi.o
 .bss.twi_rxBufferIndex
                0x00800398        0x1 src/libraries/Wire/src/utility/twi.o
 .bss.twi_rxBuffer
                0x00800399       0x20 src/libraries/Wire/src/utility/twi.o
 .bss.twi_txBufferLength
                0x008003b9        0x1 src/libraries/Wire/src/utility/twi.o
 .bss.twi_txBufferIndex
                0x008003ba        0x1 src/libraries/Wire/src/utility/twi.o
 .bss.twi_txBuffer
                0x008003bb       0x20 src/libraries/Wire/src/utility/twi.o
 .bss.twi_masterBufferLength
                0x008003db        0x1 src/libraries/Wire/src/utility/twi.o
 .bss.twi_masterBufferIndex
                0x008003dc        0x1 src/libraries/Wire/src/utility/twi.o
 .bss.twi_masterBuffer
                0x008003dd       0x20 src/libraries/Wire/src/utility/twi.o
 .bss.twi_onSlaveReceive
                0x008003fd        0x2 src/libraries/Wire/src/utility/twi.o
 .bss.twi_onSlaveTransmit
                0x008003ff        0x2 src/libraries/Wire/src/utility/twi.o
 .bss.twi_inRepStart
                0x00800401        0x1 src/libraries/Wire/src/utility/twi.o
 .bss.twi_sendStop
                0x00800402        0x1 src/libraries/Wire/src/utility/twi.o
 .bss.twi_slarw
                0x00800403        0x1 src/libraries/Wire/src/utility/twi.o
 .bss.twi_state
                0x00800404        0x1 src/libraries/Wire/src/utility/twi.o
 .bss.Wire      0x00800405        0xc src/libraries/Wire/src/Wire.o
                0x00800405                Wire
 .bss._ZN7TwoWire14user_onReceiveE
                0x00800411        0x2 src/libraries/Wire/src/Wire.o
                0x00800411                _ZN7TwoWire14user_onReceiveE
 .bss._ZN7TwoWire14user_onRequestE
                0x00800413        0x2 src/libraries/Wire/src/Wire.o
                0x00800413                _ZN7TwoWire14user_onRequestE
 .bss._ZN7TwoWire12transmittingE
                0x00800415        0x1 src/libraries/Wire/src/Wire.o
                0x00800415                _ZN7TwoWire12transmittingE
 .bss._ZN7TwoWire14txBufferLengthE
                0x00800416        0x1 src/libraries/Wire/src/Wire.o
                0x00800416                _ZN7TwoWire14txBufferLengthE
 .bss._ZN7TwoWire13txBufferIndexE
                0x00800417        0x1 src/libraries/Wire/src/Wire.o
                0x00800417                _ZN7TwoWire13txBufferIndexE
 .bss._ZN7TwoWire8txBufferE
                0x00800418       0x20 src/libraries/Wire/src/Wire.o
                0x00800418                _ZN7TwoWire8txBufferE
 .bss._ZN7TwoWire9txAddressE
                0x00800438        0x1 src/libraries/Wire/src/Wire.o
                0x00800438                _ZN7TwoWire9txAddressE
 .bss._ZN7TwoWire14rxBufferLengthE
                0x00800439        0x1 src/libraries/Wire/src/Wire.o
                0x00800439                _ZN7TwoWire14rxBufferLengthE
 .bss._ZN7TwoWire13rxBufferIndexE
                0x0080043a        0x1 src/libraries/Wire/src/Wire.o
                0x0080043a                _ZN7TwoWire13rxBufferIndexE
 .bss._ZN7TwoWire8rxBufferE
                0x0080043b       0x20 src/libraries/Wire/src/Wire.o
                0x0080043b                _ZN7TwoWire8rxBufferE
 .bss.Serial    0x0080045b       0x9d C:\Users\Saba Baig\Documents\Atmel Studio\7.0\RM\RM\ArduinoCore\Debug\libArduinoCore.a(HardwareSerial0.o)
                0x0080045b                Serial
 .bss.timer0_fract
                0x008004f8        0x1 C:\Users\Saba Baig\Documents\Atmel Studio\7.0\RM\RM\ArduinoCore\Debug\libArduinoCore.a(wiring.o)
 .bss.timer0_millis
                0x008004f9        0x4 C:\Users\Saba Baig\Documents\Atmel Studio\7.0\RM\RM\ArduinoCore\Debug\libArduinoCore.a(wiring.o)
                0x008004f9                timer0_millis
 .bss.timer0_overflow_count
                0x008004fd        0x4 C:\Users\Saba Baig\Documents\Atmel Studio\7.0\RM\RM\ArduinoCore\Debug\libArduinoCore.a(wiring.o)
                0x008004fd                timer0_overflow_count
 .bss._ZN14SoftwareSerial20_receive_buffer_headE
                0x00800501        0x1 C:\Users\Saba Baig\Documents\Atmel Studio\7.0\RM\RM\ArduinoCore\Debug\libArduinoCore.a(SoftwareSerial.o)
                0x00800501                _ZN14SoftwareSerial20_receive_buffer_headE
 .bss._ZN14SoftwareSerial20_receive_buffer_tailE
                0x00800502        0x1 C:\Users\Saba Baig\Documents\Atmel Studio\7.0\RM\RM\ArduinoCore\Debug\libArduinoCore.a(SoftwareSerial.o)
                0x00800502                _ZN14SoftwareSerial20_receive_buffer_tailE
 .bss._ZN14SoftwareSerial15_receive_bufferE
                0x00800503       0x40 C:\Users\Saba Baig\Documents\Atmel Studio\7.0\RM\RM\ArduinoCore\Debug\libArduinoCore.a(SoftwareSerial.o)
                0x00800503                _ZN14SoftwareSerial15_receive_bufferE
 .bss._ZN14SoftwareSerial13active_objectE
                0x00800543        0x2 C:\Users\Saba Baig\Documents\Atmel Studio\7.0\RM\RM\ArduinoCore\Debug\libArduinoCore.a(SoftwareSerial.o)
                0x00800543                _ZN14SoftwareSerial13active_objectE
 *(COMMON)
 COMMON         0x00800545        0x4 c:/program files (x86)/atmel/studio/7.0/toolchain/avr8/avr8-gnu-toolchain/bin/../lib/gcc/avr/5.4.0/../../../../avr/lib/avr5\libc.a(malloc.o)
                0x00800545                __brkval
                0x00800547                __flp
                0x00800549                PROVIDE (__bss_end, .)
                0x00003e5e                __data_load_start = LOADADDR (.data)
                0x00003fc6                __data_load_end = (__data_load_start + SIZEOF (.data))

.noinit         0x00800549        0x0
                [!provide]                PROVIDE (__noinit_start, .)
 *(.noinit*)
                [!provide]                PROVIDE (__noinit_end, .)
                0x00800549                _end = .
                0x00800549                PROVIDE (__heap_start, .)

.eeprom         0x00810000        0x0
 *(.eeprom*)
                0x00810000                __eeprom_end = .

.fuse
 *(.fuse)
 *(.lfuse)
 *(.hfuse)
 *(.efuse)

.lock
 *(.lock*)

.signature
 *(.signature*)

.user_signatures
 *(.user_signatures*)

.stab
 *(.stab)

.stabstr
 *(.stabstr)

.stab.excl
 *(.stab.excl)

.stab.exclstr
 *(.stab.exclstr)

.stab.index
 *(.stab.index)

.stab.indexstr
 *(.stab.indexstr)

.comment        0x00000000       0x30
 *(.comment)
 .comment       0x00000000       0x30 Adafruit_FONA.o
                                 0x31 (size before relaxing)
 .comment       0x00000030       0x31 GsmPayload.o
 .comment       0x00000030       0x31 Helpers.o
 .comment       0x00000030       0x31 Main_SignalLogging.o
 .comment       0x00000030       0x31 RmMemManager.o
 .comment       0x00000030       0x31 SensorManager.o
 .comment       0x00000030       0x31 src/libraries/Wire/src/utility/twi.o
 .comment       0x00000030       0x31 src/libraries/Wire/src/Wire.o
 .comment       0x00000030       0x31 ExtendedTests.o
 .comment       0x00000030       0x31 C:\Users\Saba Baig\Documents\Atmel Studio\7.0\RM\RM\ArduinoCore\Debug\libArduinoCore.a(HardwareSerial.o)
 .comment       0x00000030       0x31 C:\Users\Saba Baig\Documents\Atmel Studio\7.0\RM\RM\ArduinoCore\Debug\libArduinoCore.a(HardwareSerial0.o)
 .comment       0x00000030       0x31 C:\Users\Saba Baig\Documents\Atmel Studio\7.0\RM\RM\ArduinoCore\Debug\libArduinoCore.a(main.o)
 .comment       0x00000030       0x31 C:\Users\Saba Baig\Documents\Atmel Studio\7.0\RM\RM\ArduinoCore\Debug\libArduinoCore.a(new.o)
 .comment       0x00000030       0x31 C:\Users\Saba Baig\Documents\Atmel Studio\7.0\RM\RM\ArduinoCore\Debug\libArduinoCore.a(Print.o)
 .comment       0x00000030       0x31 C:\Users\Saba Baig\Documents\Atmel Studio\7.0\RM\RM\ArduinoCore\Debug\libArduinoCore.a(wiring.o)
 .comment       0x00000030       0x31 C:\Users\Saba Baig\Documents\Atmel Studio\7.0\RM\RM\ArduinoCore\Debug\libArduinoCore.a(wiring_analog.o)
 .comment       0x00000030       0x31 C:\Users\Saba Baig\Documents\Atmel Studio\7.0\RM\RM\ArduinoCore\Debug\libArduinoCore.a(wiring_digital.o)
 .comment       0x00000030       0x31 C:\Users\Saba Baig\Documents\Atmel Studio\7.0\RM\RM\ArduinoCore\Debug\libArduinoCore.a(WString.o)
 .comment       0x00000030       0x31 C:\Users\Saba Baig\Documents\Atmel Studio\7.0\RM\RM\ArduinoCore\Debug\libArduinoCore.a(SoftwareSerial.o)
 .comment       0x00000030       0x31 C:\Users\Saba Baig\Documents\Atmel Studio\7.0\RM\RM\ArduinoCore\Debug\libArduinoCore.a(hooks.o)
 .comment       0x00000030       0x31 c:/program files (x86)/atmel/studio/7.0/toolchain/avr8/avr8-gnu-toolchain/bin/../lib/gcc/avr/5.4.0/../../../../avr/lib/avr5\libc.a(malloc.o)
 .comment       0x00000030       0x31 c:/program files (x86)/atmel/studio/7.0/toolchain/avr8/avr8-gnu-toolchain/bin/../lib/gcc/avr/5.4.0/../../../../avr/lib/avr5\libc.a(realloc.o)

.note.gnu.avr.deviceinfo
                0x00000000       0x40
 .note.gnu.avr.deviceinfo
                0x00000000       0x40 C:/Program Files (x86)/Atmel/Studio/7.0/Packs/atmel/ATmega_DFP/1.2.132/gcc/dev/atmega328p/avr5/crtatmega328p.o

.note.gnu.build-id
 *(.note.gnu.build-id)

.debug
 *(.debug)

.line
 *(.line)

.debug_srcinfo
 *(.debug_srcinfo)

.debug_sfnames
 *(.debug_sfnames)

.debug_aranges  0x00000000      0xc30
 *(.debug_aranges)
 .debug_aranges
                0x00000000      0x260 Adafruit_FONA.o
 .debug_aranges
                0x00000260       0x48 GsmPayload.o
 .debug_aranges
                0x000002a8       0x60 Helpers.o
 .debug_aranges
                0x00000308       0x60 Main_SignalLogging.o
 .debug_aranges
                0x00000368       0xf0 RmMemManager.o
 .debug_aranges
                0x00000458       0x40 SensorManager.o
 .debug_aranges
                0x00000498       0x80 src/libraries/Wire/src/utility/twi.o
 .debug_aranges
                0x00000518       0xe8 src/libraries/Wire/src/Wire.o
 .debug_aranges
                0x00000600       0x38 ExtendedTests.o
 .debug_aranges
                0x00000638       0x68 C:\Users\Saba Baig\Documents\Atmel Studio\7.0\RM\RM\ArduinoCore\Debug\libArduinoCore.a(HardwareSerial.o)
 .debug_aranges
                0x000006a0       0x38 C:\Users\Saba Baig\Documents\Atmel Studio\7.0\RM\RM\ArduinoCore\Debug\libArduinoCore.a(HardwareSerial0.o)
 .debug_aranges
                0x000006d8       0x30 C:\Users\Saba Baig\Documents\Atmel Studio\7.0\RM\RM\ArduinoCore\Debug\libArduinoCore.a(main.o)
 .debug_aranges
                0x00000708       0x28 C:\Users\Saba Baig\Documents\Atmel Studio\7.0\RM\RM\ArduinoCore\Debug\libArduinoCore.a(new.o)
 .debug_aranges
                0x00000730       0xf0 C:\Users\Saba Baig\Documents\Atmel Studio\7.0\RM\RM\ArduinoCore\Debug\libArduinoCore.a(Print.o)
 .debug_aranges
                0x00000820       0x48 C:\Users\Saba Baig\Documents\Atmel Studio\7.0\RM\RM\ArduinoCore\Debug\libArduinoCore.a(wiring.o)
 .debug_aranges
                0x00000868       0x30 C:\Users\Saba Baig\Documents\Atmel Studio\7.0\RM\RM\ArduinoCore\Debug\libArduinoCore.a(wiring_analog.o)
 .debug_aranges
                0x00000898       0x38 C:\Users\Saba Baig\Documents\Atmel Studio\7.0\RM\RM\ArduinoCore\Debug\libArduinoCore.a(wiring_digital.o)
 .debug_aranges
                0x000008d0      0x2a8 C:\Users\Saba Baig\Documents\Atmel Studio\7.0\RM\RM\ArduinoCore\Debug\libArduinoCore.a(WString.o)
 .debug_aranges
                0x00000b78       0x98 C:\Users\Saba Baig\Documents\Atmel Studio\7.0\RM\RM\ArduinoCore\Debug\libArduinoCore.a(SoftwareSerial.o)
 .debug_aranges
                0x00000c10       0x20 C:\Users\Saba Baig\Documents\Atmel Studio\7.0\RM\RM\ArduinoCore\Debug\libArduinoCore.a(hooks.o)

.debug_pubnames
 *(.debug_pubnames)

.debug_info     0x00000000    0x1f0d2
 *(.debug_info .gnu.linkonce.wi.*)
 .debug_info    0x00000000      0x5f4 C:/Program Files (x86)/Atmel/Studio/7.0/Packs/atmel/ATmega_DFP/1.2.132/gcc/dev/atmega328p/avr5/crtatmega328p.o
 .debug_info    0x000005f4     0x7557 Adafruit_FONA.o
 .debug_info    0x00007b4b      0x6ee GsmPayload.o
 .debug_info    0x00008239      0xb71 Helpers.o
 .debug_info    0x00008daa     0x2474 Main_SignalLogging.o
 .debug_info    0x0000b21e     0x1c81 RmMemManager.o
 .debug_info    0x0000ce9f      0x6ff SensorManager.o
 .debug_info    0x0000d59e      0x604 src/libraries/Wire/src/utility/twi.o
 .debug_info    0x0000dba2     0x26b3 src/libraries/Wire/src/Wire.o
 .debug_info    0x00010255     0x14ec ExtendedTests.o
 .debug_info    0x00011741     0x1e25 C:\Users\Saba Baig\Documents\Atmel Studio\7.0\RM\RM\ArduinoCore\Debug\libArduinoCore.a(HardwareSerial.o)
 .debug_info    0x00013566     0x1a19 C:\Users\Saba Baig\Documents\Atmel Studio\7.0\RM\RM\ArduinoCore\Debug\libArduinoCore.a(HardwareSerial0.o)
 .debug_info    0x00014f7f      0x237 C:\Users\Saba Baig\Documents\Atmel Studio\7.0\RM\RM\ArduinoCore\Debug\libArduinoCore.a(main.o)
 .debug_info    0x000151b6      0x11c C:\Users\Saba Baig\Documents\Atmel Studio\7.0\RM\RM\ArduinoCore\Debug\libArduinoCore.a(new.o)
 .debug_info    0x000152d2     0x2824 C:\Users\Saba Baig\Documents\Atmel Studio\7.0\RM\RM\ArduinoCore\Debug\libArduinoCore.a(Print.o)
 .debug_info    0x00017af6      0x2cb C:\Users\Saba Baig\Documents\Atmel Studio\7.0\RM\RM\ArduinoCore\Debug\libArduinoCore.a(wiring.o)
 .debug_info    0x00017dc1      0x26d C:\Users\Saba Baig\Documents\Atmel Studio\7.0\RM\RM\ArduinoCore\Debug\libArduinoCore.a(wiring_analog.o)
 .debug_info    0x0001802e      0x5fe C:\Users\Saba Baig\Documents\Atmel Studio\7.0\RM\RM\ArduinoCore\Debug\libArduinoCore.a(wiring_digital.o)
 .debug_info    0x0001862c     0x4273 C:\Users\Saba Baig\Documents\Atmel Studio\7.0\RM\RM\ArduinoCore\Debug\libArduinoCore.a(WString.o)
 .debug_info    0x0001c89f     0x27f5 C:\Users\Saba Baig\Documents\Atmel Studio\7.0\RM\RM\ArduinoCore\Debug\libArduinoCore.a(SoftwareSerial.o)
 .debug_info    0x0001f094       0x3e C:\Users\Saba Baig\Documents\Atmel Studio\7.0\RM\RM\ArduinoCore\Debug\libArduinoCore.a(hooks.o)

.debug_abbrev   0x00000000     0x47ce
 *(.debug_abbrev)
 .debug_abbrev  0x00000000      0x5a2 C:/Program Files (x86)/Atmel/Studio/7.0/Packs/atmel/ATmega_DFP/1.2.132/gcc/dev/atmega328p/avr5/crtatmega328p.o
 .debug_abbrev  0x000005a2      0x6d6 Adafruit_FONA.o
 .debug_abbrev  0x00000c78      0x21c GsmPayload.o
 .debug_abbrev  0x00000e94      0x309 Helpers.o
 .debug_abbrev  0x0000119d      0x5dd Main_SignalLogging.o
 .debug_abbrev  0x0000177a      0x4a0 RmMemManager.o
 .debug_abbrev  0x00001c1a      0x2d8 SensorManager.o
 .debug_abbrev  0x00001ef2      0x260 src/libraries/Wire/src/utility/twi.o
 .debug_abbrev  0x00002152      0x583 src/libraries/Wire/src/Wire.o
 .debug_abbrev  0x000026d5      0x3db ExtendedTests.o
 .debug_abbrev  0x00002ab0      0x432 C:\Users\Saba Baig\Documents\Atmel Studio\7.0\RM\RM\ArduinoCore\Debug\libArduinoCore.a(HardwareSerial.o)
 .debug_abbrev  0x00002ee2      0x3a2 C:\Users\Saba Baig\Documents\Atmel Studio\7.0\RM\RM\ArduinoCore\Debug\libArduinoCore.a(HardwareSerial0.o)
 .debug_abbrev  0x00003284      0x12d C:\Users\Saba Baig\Documents\Atmel Studio\7.0\RM\RM\ArduinoCore\Debug\libArduinoCore.a(main.o)
 .debug_abbrev  0x000033b1       0xce C:\Users\Saba Baig\Documents\Atmel Studio\7.0\RM\RM\ArduinoCore\Debug\libArduinoCore.a(new.o)
 .debug_abbrev  0x0000347f      0x469 C:\Users\Saba Baig\Documents\Atmel Studio\7.0\RM\RM\ArduinoCore\Debug\libArduinoCore.a(Print.o)
 .debug_abbrev  0x000038e8      0x146 C:\Users\Saba Baig\Documents\Atmel Studio\7.0\RM\RM\ArduinoCore\Debug\libArduinoCore.a(wiring.o)
 .debug_abbrev  0x00003a2e      0x16b C:\Users\Saba Baig\Documents\Atmel Studio\7.0\RM\RM\ArduinoCore\Debug\libArduinoCore.a(wiring_analog.o)
 .debug_abbrev  0x00003b99      0x15b C:\Users\Saba Baig\Documents\Atmel Studio\7.0\RM\RM\ArduinoCore\Debug\libArduinoCore.a(wiring_digital.o)
 .debug_abbrev  0x00003cf4      0x4a3 C:\Users\Saba Baig\Documents\Atmel Studio\7.0\RM\RM\ArduinoCore\Debug\libArduinoCore.a(WString.o)
 .debug_abbrev  0x00004197      0x60d C:\Users\Saba Baig\Documents\Atmel Studio\7.0\RM\RM\ArduinoCore\Debug\libArduinoCore.a(SoftwareSerial.o)
 .debug_abbrev  0x000047a4       0x2a C:\Users\Saba Baig\Documents\Atmel Studio\7.0\RM\RM\ArduinoCore\Debug\libArduinoCore.a(hooks.o)

.debug_line     0x00000000     0x6ca9
 *(.debug_line .debug_line.* .debug_line_end)
 .debug_line    0x00000000      0x133 C:/Program Files (x86)/Atmel/Studio/7.0/Packs/atmel/ATmega_DFP/1.2.132/gcc/dev/atmega328p/avr5/crtatmega328p.o
 .debug_line    0x00000133     0x16eb Adafruit_FONA.o
 .debug_line    0x0000181e      0x1c4 GsmPayload.o
 .debug_line    0x000019e2      0x516 Helpers.o
 .debug_line    0x00001ef8      0x43e Main_SignalLogging.o
 .debug_line    0x00002336      0x75e RmMemManager.o
 .debug_line    0x00002a94      0x23f SensorManager.o
 .debug_line    0x00002cd3      0x519 src/libraries/Wire/src/utility/twi.o
 .debug_line    0x000031ec      0x5ad src/libraries/Wire/src/Wire.o
 .debug_line    0x00003799      0x45e ExtendedTests.o
 .debug_line    0x00003bf7      0x426 C:\Users\Saba Baig\Documents\Atmel Studio\7.0\RM\RM\ArduinoCore\Debug\libArduinoCore.a(HardwareSerial.o)
 .debug_line    0x0000401d      0x257 C:\Users\Saba Baig\Documents\Atmel Studio\7.0\RM\RM\ArduinoCore\Debug\libArduinoCore.a(HardwareSerial0.o)
 .debug_line    0x00004274      0x165 C:\Users\Saba Baig\Documents\Atmel Studio\7.0\RM\RM\ArduinoCore\Debug\libArduinoCore.a(main.o)
 .debug_line    0x000043d9      0x12f C:\Users\Saba Baig\Documents\Atmel Studio\7.0\RM\RM\ArduinoCore\Debug\libArduinoCore.a(new.o)
 .debug_line    0x00004508      0x62e C:\Users\Saba Baig\Documents\Atmel Studio\7.0\RM\RM\ArduinoCore\Debug\libArduinoCore.a(Print.o)
 .debug_line    0x00004b36      0x299 C:\Users\Saba Baig\Documents\Atmel Studio\7.0\RM\RM\ArduinoCore\Debug\libArduinoCore.a(wiring.o)
 .debug_line    0x00004dcf      0x20f C:\Users\Saba Baig\Documents\Atmel Studio\7.0\RM\RM\ArduinoCore\Debug\libArduinoCore.a(wiring_analog.o)
 .debug_line    0x00004fde      0x252 C:\Users\Saba Baig\Documents\Atmel Studio\7.0\RM\RM\ArduinoCore\Debug\libArduinoCore.a(wiring_digital.o)
 .debug_line    0x00005230     0x12ae C:\Users\Saba Baig\Documents\Atmel Studio\7.0\RM\RM\ArduinoCore\Debug\libArduinoCore.a(WString.o)
 .debug_line    0x000064de      0x78a C:\Users\Saba Baig\Documents\Atmel Studio\7.0\RM\RM\ArduinoCore\Debug\libArduinoCore.a(SoftwareSerial.o)
 .debug_line    0x00006c68       0x41 C:\Users\Saba Baig\Documents\Atmel Studio\7.0\RM\RM\ArduinoCore\Debug\libArduinoCore.a(hooks.o)

.debug_frame    0x00000000     0x2ce4
 *(.debug_frame)
 .debug_frame   0x00000000      0xe38 Adafruit_FONA.o
 .debug_frame   0x00000e38       0x94 GsmPayload.o
 .debug_frame   0x00000ecc      0x160 Helpers.o
 .debug_frame   0x0000102c       0xe0 Main_SignalLogging.o
 .debug_frame   0x0000110c      0x36c RmMemManager.o
 .debug_frame   0x00001478       0x98 SensorManager.o
 .debug_frame   0x00001510      0x134 src/libraries/Wire/src/utility/twi.o
 .debug_frame   0x00001644      0x260 src/libraries/Wire/src/Wire.o
 .debug_frame   0x000018a4       0x90 ExtendedTests.o
 .debug_frame   0x00001934      0x110 C:\Users\Saba Baig\Documents\Atmel Studio\7.0\RM\RM\ArduinoCore\Debug\libArduinoCore.a(HardwareSerial.o)
 .debug_frame   0x00001a44       0xc0 C:\Users\Saba Baig\Documents\Atmel Studio\7.0\RM\RM\ArduinoCore\Debug\libArduinoCore.a(HardwareSerial0.o)
 .debug_frame   0x00001b04       0x54 C:\Users\Saba Baig\Documents\Atmel Studio\7.0\RM\RM\ArduinoCore\Debug\libArduinoCore.a(main.o)
 .debug_frame   0x00001b58       0x54 C:\Users\Saba Baig\Documents\Atmel Studio\7.0\RM\RM\ArduinoCore\Debug\libArduinoCore.a(new.o)
 .debug_frame   0x00001bac      0x38c C:\Users\Saba Baig\Documents\Atmel Studio\7.0\RM\RM\ArduinoCore\Debug\libArduinoCore.a(Print.o)
 .debug_frame   0x00001f38       0xc4 C:\Users\Saba Baig\Documents\Atmel Studio\7.0\RM\RM\ArduinoCore\Debug\libArduinoCore.a(wiring.o)
 .debug_frame   0x00001ffc       0x54 C:\Users\Saba Baig\Documents\Atmel Studio\7.0\RM\RM\ArduinoCore\Debug\libArduinoCore.a(wiring_analog.o)
 .debug_frame   0x00002050       0x7c C:\Users\Saba Baig\Documents\Atmel Studio\7.0\RM\RM\ArduinoCore\Debug\libArduinoCore.a(wiring_digital.o)
 .debug_frame   0x000020cc      0xa40 C:\Users\Saba Baig\Documents\Atmel Studio\7.0\RM\RM\ArduinoCore\Debug\libArduinoCore.a(WString.o)
 .debug_frame   0x00002b0c      0x1b4 C:\Users\Saba Baig\Documents\Atmel Studio\7.0\RM\RM\ArduinoCore\Debug\libArduinoCore.a(SoftwareSerial.o)
 .debug_frame   0x00002cc0       0x24 C:\Users\Saba Baig\Documents\Atmel Studio\7.0\RM\RM\ArduinoCore\Debug\libArduinoCore.a(hooks.o)

.debug_str      0x00000000     0x56de
 *(.debug_str)
 .debug_str     0x00000000      0x208 C:/Program Files (x86)/Atmel/Studio/7.0/Packs/atmel/ATmega_DFP/1.2.132/gcc/dev/atmega328p/avr5/crtatmega328p.o
 .debug_str     0x00000208     0x26cb Adafruit_FONA.o
                               0x2840 (size before relaxing)
 .debug_str     0x000028d3      0x285 GsmPayload.o
                                0x5e1 (size before relaxing)
 .debug_str     0x00002b58      0x380 Helpers.o
                                0x7bd (size before relaxing)
 .debug_str     0x00002ed8      0xb41 Main_SignalLogging.o
                               0x2018 (size before relaxing)
 .debug_str     0x00003a19      0x312 RmMemManager.o
                                0xf9f (size before relaxing)
 .debug_str     0x00003d2b       0x65 SensorManager.o
                                0x643 (size before relaxing)
 .debug_str     0x00003d90      0x2bb src/libraries/Wire/src/utility/twi.o
                                0x3bc (size before relaxing)
 .debug_str     0x0000404b      0x452 src/libraries/Wire/src/Wire.o
                               0x1819 (size before relaxing)
 .debug_str     0x0000449d       0x82 ExtendedTests.o
                               0x12ac (size before relaxing)
 .debug_str     0x0000451f      0x3de C:\Users\Saba Baig\Documents\Atmel Studio\7.0\RM\RM\ArduinoCore\Debug\libArduinoCore.a(HardwareSerial.o)
                               0x1586 (size before relaxing)
 .debug_str     0x000048fd       0x47 C:\Users\Saba Baig\Documents\Atmel Studio\7.0\RM\RM\ArduinoCore\Debug\libArduinoCore.a(HardwareSerial0.o)
                               0x135f (size before relaxing)
 .debug_str     0x00004944       0x37 C:\Users\Saba Baig\Documents\Atmel Studio\7.0\RM\RM\ArduinoCore\Debug\libArduinoCore.a(main.o)
                                0x2a5 (size before relaxing)
 .debug_str     0x0000497b       0x50 C:\Users\Saba Baig\Documents\Atmel Studio\7.0\RM\RM\ArduinoCore\Debug\libArduinoCore.a(new.o)
                                0x1bb (size before relaxing)
 .debug_str     0x000049cb      0x20b C:\Users\Saba Baig\Documents\Atmel Studio\7.0\RM\RM\ArduinoCore\Debug\libArduinoCore.a(Print.o)
                               0x11a4 (size before relaxing)
 .debug_str     0x00004bd6       0x79 C:\Users\Saba Baig\Documents\Atmel Studio\7.0\RM\RM\ArduinoCore\Debug\libArduinoCore.a(wiring.o)
                                0x23b (size before relaxing)
 .debug_str     0x00004c4f       0x6c C:\Users\Saba Baig\Documents\Atmel Studio\7.0\RM\RM\ArduinoCore\Debug\libArduinoCore.a(wiring_analog.o)
                                0x23f (size before relaxing)
 .debug_str     0x00004cbb       0xa9 C:\Users\Saba Baig\Documents\Atmel Studio\7.0\RM\RM\ArduinoCore\Debug\libArduinoCore.a(wiring_digital.o)
                                0x2a0 (size before relaxing)
 .debug_str     0x00004d64      0x3b0 C:\Users\Saba Baig\Documents\Atmel Studio\7.0\RM\RM\ArduinoCore\Debug\libArduinoCore.a(WString.o)
                               0x1140 (size before relaxing)
 .debug_str     0x00005114      0x5ae C:\Users\Saba Baig\Documents\Atmel Studio\7.0\RM\RM\ArduinoCore\Debug\libArduinoCore.a(SoftwareSerial.o)
                               0x1882 (size before relaxing)
 .debug_str     0x000056c2       0x1c C:\Users\Saba Baig\Documents\Atmel Studio\7.0\RM\RM\ArduinoCore\Debug\libArduinoCore.a(hooks.o)
                                0x130 (size before relaxing)

.debug_loc      0x00000000    0x102c2
 *(.debug_loc)
 .debug_loc     0x00000000     0x55d4 Adafruit_FONA.o
 .debug_loc     0x000055d4       0x97 GsmPayload.o
 .debug_loc     0x0000566b      0x914 Helpers.o
 .debug_loc     0x00005f7f      0x1c1 Main_SignalLogging.o
 .debug_loc     0x00006140     0x1278 RmMemManager.o
 .debug_loc     0x000073b8      0x2d2 SensorManager.o
 .debug_loc     0x0000768a      0x3e6 src/libraries/Wire/src/utility/twi.o
 .debug_loc     0x00007a70      0xbc0 src/libraries/Wire/src/Wire.o
 .debug_loc     0x00008630      0x183 ExtendedTests.o
 .debug_loc     0x000087b3      0x482 C:\Users\Saba Baig\Documents\Atmel Studio\7.0\RM\RM\ArduinoCore\Debug\libArduinoCore.a(HardwareSerial.o)
 .debug_loc     0x00008c35      0x18a C:\Users\Saba Baig\Documents\Atmel Studio\7.0\RM\RM\ArduinoCore\Debug\libArduinoCore.a(HardwareSerial0.o)
 .debug_loc     0x00008dbf       0x4c C:\Users\Saba Baig\Documents\Atmel Studio\7.0\RM\RM\ArduinoCore\Debug\libArduinoCore.a(new.o)
 .debug_loc     0x00008e0b     0x1c79 C:\Users\Saba Baig\Documents\Atmel Studio\7.0\RM\RM\ArduinoCore\Debug\libArduinoCore.a(Print.o)
 .debug_loc     0x0000aa84      0x28d C:\Users\Saba Baig\Documents\Atmel Studio\7.0\RM\RM\ArduinoCore\Debug\libArduinoCore.a(wiring.o)
 .debug_loc     0x0000ad11       0xfe C:\Users\Saba Baig\Documents\Atmel Studio\7.0\RM\RM\ArduinoCore\Debug\libArduinoCore.a(wiring_analog.o)
 .debug_loc     0x0000ae0f      0x5fc C:\Users\Saba Baig\Documents\Atmel Studio\7.0\RM\RM\ArduinoCore\Debug\libArduinoCore.a(wiring_digital.o)
 .debug_loc     0x0000b40b     0x4247 C:\Users\Saba Baig\Documents\Atmel Studio\7.0\RM\RM\ArduinoCore\Debug\libArduinoCore.a(WString.o)
 .debug_loc     0x0000f652      0xc70 C:\Users\Saba Baig\Documents\Atmel Studio\7.0\RM\RM\ArduinoCore\Debug\libArduinoCore.a(SoftwareSerial.o)

.debug_macinfo
 *(.debug_macinfo)

.debug_weaknames
 *(.debug_weaknames)

.debug_funcnames
 *(.debug_funcnames)

.debug_typenames
 *(.debug_typenames)

.debug_varnames
 *(.debug_varnames)

.debug_pubtypes
 *(.debug_pubtypes)

.debug_ranges   0x00000000      0xbe8
 *(.debug_ranges)
 .debug_ranges  0x00000000      0x268 Adafruit_FONA.o
 .debug_ranges  0x00000268       0x38 GsmPayload.o
 .debug_ranges  0x000002a0       0x68 Helpers.o
 .debug_ranges  0x00000308       0x50 Main_SignalLogging.o
 .debug_ranges  0x00000358       0xf8 RmMemManager.o
 .debug_ranges  0x00000450       0x30 SensorManager.o
 .debug_ranges  0x00000480       0x70 src/libraries/Wire/src/utility/twi.o
 .debug_ranges  0x000004f0       0xd8 src/libraries/Wire/src/Wire.o
 .debug_ranges  0x000005c8       0x28 ExtendedTests.o
 .debug_ranges  0x000005f0       0x58 C:\Users\Saba Baig\Documents\Atmel Studio\7.0\RM\RM\ArduinoCore\Debug\libArduinoCore.a(HardwareSerial.o)
 .debug_ranges  0x00000648       0x28 C:\Users\Saba Baig\Documents\Atmel Studio\7.0\RM\RM\ArduinoCore\Debug\libArduinoCore.a(HardwareSerial0.o)
 .debug_ranges  0x00000670       0x20 C:\Users\Saba Baig\Documents\Atmel Studio\7.0\RM\RM\ArduinoCore\Debug\libArduinoCore.a(main.o)
 .debug_ranges  0x00000690       0x18 C:\Users\Saba Baig\Documents\Atmel Studio\7.0\RM\RM\ArduinoCore\Debug\libArduinoCore.a(new.o)
 .debug_ranges  0x000006a8      0x110 C:\Users\Saba Baig\Documents\Atmel Studio\7.0\RM\RM\ArduinoCore\Debug\libArduinoCore.a(Print.o)
 .debug_ranges  0x000007b8       0x38 C:\Users\Saba Baig\Documents\Atmel Studio\7.0\RM\RM\ArduinoCore\Debug\libArduinoCore.a(wiring.o)
 .debug_ranges  0x000007f0       0x20 C:\Users\Saba Baig\Documents\Atmel Studio\7.0\RM\RM\ArduinoCore\Debug\libArduinoCore.a(wiring_analog.o)
 .debug_ranges  0x00000810       0x28 C:\Users\Saba Baig\Documents\Atmel Studio\7.0\RM\RM\ArduinoCore\Debug\libArduinoCore.a(wiring_digital.o)
 .debug_ranges  0x00000838      0x2d0 C:\Users\Saba Baig\Documents\Atmel Studio\7.0\RM\RM\ArduinoCore\Debug\libArduinoCore.a(WString.o)
 .debug_ranges  0x00000b08       0xd0 C:\Users\Saba Baig\Documents\Atmel Studio\7.0\RM\RM\ArduinoCore\Debug\libArduinoCore.a(SoftwareSerial.o)
 .debug_ranges  0x00000bd8       0x10 C:\Users\Saba Baig\Documents\Atmel Studio\7.0\RM\RM\ArduinoCore\Debug\libArduinoCore.a(hooks.o)

.debug_macro
 *(.debug_macro)
OUTPUT(IAAAE_RM.elf elf32-avr)
LOAD linker stubs
