Archive member included to satisfy reference by file (symbol)

c:/program files (x86)/atmel/studio/7.0/toolchain/avr8/avr8-gnu-toolchain/bin/../lib/gcc/avr/5.4.0/../../../../avr/lib/avr5\libm.a(fixsfsi.o)
                              RmMemManager.o (__fixsfsi)
c:/program files (x86)/atmel/studio/7.0/toolchain/avr8/avr8-gnu-toolchain/bin/../lib/gcc/avr/5.4.0/../../../../avr/lib/avr5\libm.a(fixunssfsi.o)
                              c:/program files (x86)/atmel/studio/7.0/toolchain/avr8/avr8-gnu-toolchain/bin/../lib/gcc/avr/5.4.0/../../../../avr/lib/avr5\libm.a(fixsfsi.o) (__fixunssfsi)
c:/program files (x86)/atmel/studio/7.0/toolchain/avr8/avr8-gnu-toolchain/bin/../lib/gcc/avr/5.4.0/../../../../avr/lib/avr5\libm.a(floatsisf.o)
                              RmMemManager.o (__floatsisf)
c:/program files (x86)/atmel/studio/7.0/toolchain/avr8/avr8-gnu-toolchain/bin/../lib/gcc/avr/5.4.0/../../../../avr/lib/avr5\libm.a(fp_split3.o)
                              c:/program files (x86)/atmel/studio/7.0/toolchain/avr8/avr8-gnu-toolchain/bin/../lib/gcc/avr/5.4.0/../../../../avr/lib/avr5\libm.a(fixunssfsi.o) (__fp_splitA)
c:/program files (x86)/atmel/studio/7.0/toolchain/avr8/avr8-gnu-toolchain/bin/../lib/gcc/avr/5.4.0/../../../../avr/lib/avr5\libm.a(fp_zero.o)
                              c:/program files (x86)/atmel/studio/7.0/toolchain/avr8/avr8-gnu-toolchain/bin/../lib/gcc/avr/5.4.0/../../../../avr/lib/avr5\libm.a(fixunssfsi.o) (__fp_zero)
c:/program files (x86)/atmel/studio/7.0/toolchain/avr8/avr8-gnu-toolchain/bin/../lib/gcc/avr/5.4.0/../../../../avr/lib/avr5\libm.a(mulsf3.o)
                              RmMemManager.o (__mulsf3)
c:/program files (x86)/atmel/studio/7.0/toolchain/avr8/avr8-gnu-toolchain/bin/../lib/gcc/avr/5.4.0/../../../../avr/lib/avr5\libm.a(mulsf3x.o)
                              c:/program files (x86)/atmel/studio/7.0/toolchain/avr8/avr8-gnu-toolchain/bin/../lib/gcc/avr/5.4.0/../../../../avr/lib/avr5\libm.a(mulsf3.o) (__mulsf3x)
c:/program files (x86)/atmel/studio/7.0/toolchain/avr8/avr8-gnu-toolchain/bin/../lib/gcc/avr/5.4.0/../../../../avr/lib/avr5\libm.a(fp_inf.o)
                              c:/program files (x86)/atmel/studio/7.0/toolchain/avr8/avr8-gnu-toolchain/bin/../lib/gcc/avr/5.4.0/../../../../avr/lib/avr5\libm.a(mulsf3x.o) (__fp_inf)
c:/program files (x86)/atmel/studio/7.0/toolchain/avr8/avr8-gnu-toolchain/bin/../lib/gcc/avr/5.4.0/../../../../avr/lib/avr5\libm.a(fp_nan.o)
                              c:/program files (x86)/atmel/studio/7.0/toolchain/avr8/avr8-gnu-toolchain/bin/../lib/gcc/avr/5.4.0/../../../../avr/lib/avr5\libm.a(mulsf3x.o) (__fp_nan)
c:/program files (x86)/atmel/studio/7.0/toolchain/avr8/avr8-gnu-toolchain/bin/../lib/gcc/avr/5.4.0/../../../../avr/lib/avr5\libm.a(fp_pscA.o)
                              c:/program files (x86)/atmel/studio/7.0/toolchain/avr8/avr8-gnu-toolchain/bin/../lib/gcc/avr/5.4.0/../../../../avr/lib/avr5\libm.a(mulsf3x.o) (__fp_pscA)
c:/program files (x86)/atmel/studio/7.0/toolchain/avr8/avr8-gnu-toolchain/bin/../lib/gcc/avr/5.4.0/../../../../avr/lib/avr5\libm.a(fp_pscB.o)
                              c:/program files (x86)/atmel/studio/7.0/toolchain/avr8/avr8-gnu-toolchain/bin/../lib/gcc/avr/5.4.0/../../../../avr/lib/avr5\libm.a(mulsf3x.o) (__fp_pscB)
c:/program files (x86)/atmel/studio/7.0/toolchain/avr8/avr8-gnu-toolchain/bin/../lib/gcc/avr/5.4.0/../../../../avr/lib/avr5\libm.a(fp_round.o)
                              c:/program files (x86)/atmel/studio/7.0/toolchain/avr8/avr8-gnu-toolchain/bin/../lib/gcc/avr/5.4.0/../../../../avr/lib/avr5\libm.a(mulsf3.o) (__fp_round)
C:\Users\Numaan\Documents\Atmel Studio\7.0\RM\RM\ArduinoCore\Debug\libArduinoCore.a(abi.o)
                              src/libraries/Wire/src/Wire.o (__cxa_pure_virtual)
C:\Users\Numaan\Documents\Atmel Studio\7.0\RM\RM\ArduinoCore\Debug\libArduinoCore.a(HardwareSerial.o)
                              Main_SignalLogging.o (_ZN14HardwareSerial5beginEmh)
C:\Users\Numaan\Documents\Atmel Studio\7.0\RM\RM\ArduinoCore\Debug\libArduinoCore.a(HardwareSerial0.o)
                              Main_SignalLogging.o (Serial)
C:\Users\Numaan\Documents\Atmel Studio\7.0\RM\RM\ArduinoCore\Debug\libArduinoCore.a(main.o)
                              C:/Program Files (x86)/Atmel/Studio/7.0/Packs/atmel/ATmega_DFP/1.2.132/gcc/dev/atmega328p/avr5/crtatmega328p.o (main)
C:\Users\Numaan\Documents\Atmel Studio\7.0\RM\RM\ArduinoCore\Debug\libArduinoCore.a(new.o)
                              GsmManager.o (_Znwj)
C:\Users\Numaan\Documents\Atmel Studio\7.0\RM\RM\ArduinoCore\Debug\libArduinoCore.a(Print.o)
                              src/libraries/Wire/src/Wire.o (_ZN5Print5writeEPKhj)
C:\Users\Numaan\Documents\Atmel Studio\7.0\RM\RM\ArduinoCore\Debug\libArduinoCore.a(wiring.o)
                              Timing.o (millis)
C:\Users\Numaan\Documents\Atmel Studio\7.0\RM\RM\ArduinoCore\Debug\libArduinoCore.a(wiring_analog.o)
                              RmMemManager.o (analogRead)
[...]
Memory Configuration

Name             Origin             Length             Attributes
text             0x00000000         0x00020000         xr
data             0x00800060         0x0000ffa0         rw !x
eeprom           0x00810000         0x00010000         rw !x
fuse             0x00820000         0x00000003         rw !x
lock             0x00830000         0x00000400         rw !x
signature        0x00840000         0x00000400         rw !x
user_signatures  0x00850000         0x00000400         rw !x
*default*        0x00000000         0xffffffff

Linker script and memory map

Address of section .data set to 0x800100
LOAD C:/Program Files (x86)/Atmel/Studio/7.0/Packs/atmel/ATmega_DFP/1.2.132/gcc/dev/atmega328p/avr5/crtatmega328p.o
LOAD GpsManager.o
LOAD GsmManager.o
LOAD Helpers.o
LOAD Main_SignalLogging.o
LOAD RmMemManager.o
LOAD src/libraries/Wire/src/utility/twi.o
LOAD src/libraries/Wire/src/Wire.o
LOAD Tester.o
LOAD Timing.o
START GROUP
LOAD c:/program files (x86)/atmel/studio/7.0/toolchain/avr8/avr8-gnu-toolchain/bin/../lib/gcc/avr/5.4.0/../../../../avr/lib/avr5\libm.a
LOAD C:\Users\Numaan\Documents\Atmel Studio\7.0\RM\RM\ArduinoCore\Debug\libArduinoCore.a
END GROUP
LOAD c:/program files (x86)/atmel/studio/7.0/toolchain/avr8/avr8-gnu-toolchain/bin/../lib/gcc/avr/5.4.0/avr5\libgcc.a
LOAD c:/program files (x86)/atmel/studio/7.0/toolchain/avr8/avr8-gnu-toolchain/bin/../lib/gcc/avr/5.4.0/../../../../avr/lib/avr5\libm.a
START GROUP
LOAD c:/program files (x86)/atmel/studio/7.0/toolchain/avr8/avr8-gnu-toolchain/bin/../lib/gcc/avr/5.4.0/avr5\libgcc.a
LOAD c:/program files (x86)/atmel/studio/7.0/toolchain/avr8/avr8-gnu-toolchain/bin/../lib/gcc/avr/5.4.0/../../../../avr/lib/avr5\libm.a
LOAD c:/program files (x86)/atmel/studio/7.0/toolchain/avr8/avr8-gnu-toolchain/bin/../lib/gcc/avr/5.4.0/../../../../avr/lib/avr5\libc.a
LOAD C:/Program Files (x86)/Atmel/Studio/7.0/Packs/atmel/ATmega_DFP/1.2.132/gcc/dev/atmega328p/avr5\libatmega328p.a
END GROUP
                0x00020000                __TEXT_REGION_LENGTH__ = DEFINED (__TEXT_REGION_LENGTH__)?__TEXT_REGION_LENGTH__:0x20000
                0x0000ffa0                __DATA_REGION_LENGTH__ = DEFINED (__DATA_REGION_LENGTH__)?__DATA_REGION_LENGTH__:0xffa0
                0x00010000                __EEPROM_REGION_LENGTH__ = DEFINED (__EEPROM_REGION_LENGTH__)?__EEPROM_REGION_LENGTH__:0x10000
                [0x00000003]                __FUSE_REGION_LENGTH__ = DEFINED (__FUSE_REGION_LENGTH__)?__FUSE_REGION_LENGTH__:0x400
                0x00000400                __LOCK_REGION_LENGTH__ = DEFINED (__LOCK_REGION_LENGTH__)?__LOCK_REGION_LENGTH__:0x400
                0x00000400                __SIGNATURE_REGION_LENGTH__ = DEFINED (__SIGNATURE_REGION_LENGTH__)?__SIGNATURE_REGION_LENGTH__:0x400
                0x00000400                __USER_SIGNATURE_REGION_LENGTH__ = DEFINED (__USER_SIGNATURE_REGION_LENGTH__)?__USER_SIGNATURE_REGION_LENGTH__:0x400

.hash
 *(.hash)

.dynsym
 *(.dynsym)

.dynstr
 *(.dynstr)

.gnu.version
 *(.gnu.version)

.gnu.version_d
 *(.gnu.version_d)

.gnu.version_r
 *(.gnu.version_r)

.rel.init
 *(.rel.init)

.rela.init
 *(.rela.init)

.rel.text
 *(.rel.text)
 *(.rel.text.*)
 *(.rel.gnu.linkonce.t*)

.rela.text
 *(.rela.text)
 *(.rela.text.*)
 *(.rela.gnu.linkonce.t*)

.rel.fini
 *(.rel.fini)

.rela.fini
 *(.rela.fini)

.rel.rodata
 *(.rel.rodata)
 *(.rel.rodata.*)
 *(.rel.gnu.linkonce.r*)

.rela.rodata
 *(.rela.rodata)
 *(.rela.rodata.*)
 *(.rela.gnu.linkonce.r*)

.rel.data
 *(.rel.data)
 *(.rel.data.*)
 *(.rel.gnu.linkonce.d*)

.rela.data
 *(.rela.data)
 *(.rela.data.*)
 *(.rela.gnu.linkonce.d*)

.rel.ctors
 *(.rel.ctors)

.rela.ctors
 *(.rela.ctors)

.rel.dtors
 *(.rel.dtors)

.rela.dtors
 *(.rela.dtors)

.rel.got
 *(.rel.got)

.rela.got
 *(.rela.got)

.rel.bss
 *(.rel.bss)

.rela.bss
 *(.rela.bss)

.rel.plt
 *(.rel.plt)

.rela.plt
 *(.rela.plt)

.text           0x00000000     0x539e
 *(.vectors)
 .vectors       0x00000000       0x68 C:/Program Files (x86)/Atmel/Studio/7.0/Packs/atmel/ATmega_DFP/1.2.132/gcc/dev/atmega328p/avr5/crtatmega328p.o
                0x00000000                __vector_default
                0x00000000                __vectors
 *(.vectors)
 *(.progmem.gcc*)
 .progmem.gcc_sw_table
                0x00000068      0x1f2 src/libraries/Wire/src/utility/twi.o
                0x0000025a                . = ALIGN (0x2)
                0x0000025a                __trampolines_start = .
 *(.trampolines)
 .trampolines   0x0000025a        0x0 linker stubs
 *(.trampolines*)
                0x0000025a                __trampolines_end = .
 *libprintf_flt.a:*(.progmem.data)
 *libc.a:*(.progmem.data)
 *(.progmem*)
 .progmem.data  0x0000025a       0x23 GsmManager.o
 .progmem.data  0x0000027d      0x13e Main_SignalLogging.o
 .progmem.data.digital_pin_to_timer_PGM
                0x000003bb       0x14 C:\Users\Numaan\Documents\Atmel Studio\7.0\RM\RM\ArduinoCore\Debug\libArduinoCore.a(wiring_digital.o)
                0x000003bb                digital_pin_to_timer_PGM
 .progmem.data.digital_pin_to_bit_mask_PGM
                0x000003cf       0x14 C:\Users\Numaan\Documents\Atmel Studio\7.0\RM\RM\ArduinoCore\Debug\libArduinoCore.a(wiring_digital.o)
                0x000003cf                digital_pin_to_bit_mask_PGM
 .progmem.data.digital_pin_to_port_PGM
                0x000003e3       0x14 C:\Users\Numaan\Documents\Atmel Studio\7.0\RM\RM\ArduinoCore\Debug\libArduinoCore.a(wiring_digital.o)
                0x000003e3                digital_pin_to_port_PGM
 .progmem.data.port_to_input_PGM
                0x000003f7        0xa C:\Users\Numaan\Documents\Atmel Studio\7.0\RM\RM\ArduinoCore\Debug\libArduinoCore.a(wiring_digital.o)
                0x000003f7                port_to_input_PGM
 .progmem.data.port_to_output_PGM
                0x00000401        0xa C:\Users\Numaan\Documents\Atmel Studio\7.0\RM\RM\ArduinoCore\Debug\libArduinoCore.a(wiring_digital.o)
                0x00000401                port_to_output_PGM
 .progmem.data.port_to_mode_PGM
                0x0000040b        0xa C:\Users\Numaan\Documents\Atmel Studio\7.0\RM\RM\ArduinoCore\Debug\libArduinoCore.a(wiring_digital.o)
                0x0000040b                port_to_mode_PGM
 .progmem.data._ZZN13Adafruit_FONA14getReplyQuotedEPK19__FlashStringHelperS2_jE3__c_0
                0x00000415        0x7 C:\Users\Numaan\Documents\Atmel Studio\7.0\RM\RM\ArduinoCore\Debug\libArduinoCore.a(Adafruit_FONA.o)
 .progmem.data._ZZN13Adafruit_FONA14getReplyQuotedEPK19__FlashStringHelperS2_jE3__c
                0x0000041c        0x7 C:\Users\Numaan\Documents\Atmel Studio\7.0\RM\RM\ArduinoCore\Debug\libArduinoCore.a(Adafruit_FONA.o)
 .progmem.data._ZZN13Adafruit_FONA8getReplyEPK19__FlashStringHelperljE3__c_0
                0x00000423        0x7 C:\Users\Numaan\Documents\Atmel Studio\7.0\RM\RM\ArduinoCore\Debug\libArduinoCore.a(Adafruit_FONA.o)
 .progmem.data._ZZN13Adafruit_FONA8getReplyEPK19__FlashStringHelperljE3__c
                0x0000042a        0x7 C:\Users\Numaan\Documents\Atmel Studio\7.0\RM\RM\ArduinoCore\Debug\libArduinoCore.a(Adafruit_FONA.o)
 .progmem.data._ZZN13Adafruit_FONA8getReplyEPK19__FlashStringHelperjE3__c_0
                0x00000431        0x7 C:\Users\Numaan\Documents\Atmel Studio\7.0\RM\RM\ArduinoCore\Debug\libArduinoCore.a(Adafruit_FONA.o)
 .progmem.data._ZZN13Adafruit_FONA8getReplyEPK19__FlashStringHelperjE3__c
                0x00000438        0x7 C:\Users\Numaan\Documents\Atmel Studio\7.0\RM\RM\ArduinoCore\Debug\libArduinoCore.a(Adafruit_FONA.o)
 .progmem.data._ZZN13Adafruit_FONA8getReplyEPcjE3__c_0
                0x0000043f        0x7 C:\Users\Numaan\Documents\Atmel Studio\7.0\RM\RM\ArduinoCore\Debug\libArduinoCore.a(Adafruit_FONA.o)
 .progmem.data._ZZN13Adafruit_FONA8getReplyEPcjE3__c
                0x00000446        0x7 C:\Users\Numaan\Documents\Atmel Studio\7.0\RM\RM\ArduinoCore\Debug\libArduinoCore.a(Adafruit_FONA.o)
 .progmem.data._ZZN13Adafruit_FONA8readlineEjbE3__c_0
                0x0000044d        0x8 C:\Users\Numaan\Documents\Atmel Studio\7.0\RM\RM\ArduinoCore\Debug\libArduinoCore.a(Adafruit_FONA.o)
 .progmem.data._ZZN13Adafruit_FONA8readlineEjbE3__c
                0x00000455        0x6 C:\Users\Numaan\Documents\Atmel Studio\7.0\RM\RM\ArduinoCore\Debug\libArduinoCore.a(Adafruit_FONA.o)
 .progmem.data._ZZN13Adafruit_FONA11expectReplyEPK19__FlashStringHelperjE3__c
                0x0000045b        0x7 C:\Users\Numaan\Documents\Atmel Studio\7.0\RM\RM\ArduinoCore\Debug\libArduinoCore.a(Adafruit_FONA.o)
 .progmem.data._ZZN13Adafruit_FONA10HTTP_setupEPcE3__c_2
                0x00000462        0x6 C:\Users\Numaan\Documents\Atmel Studio\7.0\RM\RM\ArduinoCore\Debug\libArduinoCore.a(Adafruit_FONA.o)
 .progmem.data._ZZN13Adafruit_FONA10HTTP_setupEPcE3__c_1
                0x00000468        0x4 C:\Users\Numaan\Documents\Atmel Studio\7.0\RM\RM\ArduinoCore\Debug\libArduinoCore.a(Adafruit_FONA.o)
 .progmem.data._ZZN13Adafruit_FONA10HTTP_setupEPcE3__c_0
                0x0000046c        0x3 C:\Users\Numaan\Documents\Atmel Studio\7.0\RM\RM\ArduinoCore\Debug\libArduinoCore.a(Adafruit_FONA.o)
 .progmem.data._ZZN13Adafruit_FONA10HTTP_setupEPcE3__c
                0x0000046f        0x4 C:\Users\Numaan\Documents\Atmel Studio\7.0\RM\RM\ArduinoCore\Debug\libArduinoCore.a(Adafruit_FONA.o)
 .progmem.data._ZZN13Adafruit_FONA15HTTP_POST_startEPcPK19__FlashStringHelperPKhjPjS6_E3__c_1
                0x00000473        0x6 C:\Users\Numaan\Documents\Atmel Studio\7.0\RM\RM\ArduinoCore\Debug\libArduinoCore.a(Adafruit_FONA.o)
 .progmem.data._ZZN13Adafruit_FONA15HTTP_POST_startEPcPK19__FlashStringHelperPKhjPjS6_E3__c_0
                0x00000479        0x9 C:\Users\Numaan\Documents\Atmel Studio\7.0\RM\RM\ArduinoCore\Debug\libArduinoCore.a(Adafruit_FONA.o)
 .progmem.data._ZZN13Adafruit_FONA15HTTP_POST_startEPcPK19__FlashStringHelperPKhjPjS6_E3__c
                0x00000482        0x8 C:\Users\Numaan\Documents\Atmel Studio\7.0\RM\RM\ArduinoCore\Debug\libArduinoCore.a(Adafruit_FONA.o)
 .progmem.data._ZZN13Adafruit_FONA8HTTP_sslEbE3__c
                0x0000048a        0xc C:\Users\Numaan\Documents\Atmel Studio\7.0\RM\RM\ArduinoCore\Debug\libArduinoCore.a(Adafruit_FONA.o)
 .progmem.data._ZZN13Adafruit_FONA12HTTP_readallEPjE3__c_0
                0x00000496        0xb C:\Users\Numaan\Documents\Atmel Studio\7.0\RM\RM\ArduinoCore\Debug\libArduinoCore.a(Adafruit_FONA.o)
 .progmem.data._ZZN13Adafruit_FONA12HTTP_readallEPjE3__c
                0x000004a1        0xc C:\Users\Numaan\Documents\Atmel Studio\7.0\RM\RM\ArduinoCore\Debug\libArduinoCore.a(Adafruit_FONA.o)
 .progmem.data._ZZN13Adafruit_FONA11HTTP_actionEhPjS0_lE3__c_1
                0x000004ad        0xd C:\Users\Numaan\Documents\Atmel Studio\7.0\RM\RM\ArduinoCore\Debug\libArduinoCore.a(Adafruit_FONA.o)
 .progmem.data._ZZN13Adafruit_FONA11HTTP_actionEhPjS0_lE3__c_0
                0x000004ba        0xd C:\Users\Numaan\Documents\Atmel Studio\7.0\RM\RM\ArduinoCore\Debug\libArduinoCore.a(Adafruit_FONA.o)
 .progmem.data._ZZN13Adafruit_FONA11HTTP_actionEhPjS0_lE3__c
                0x000004c7        0xf C:\Users\Numaan\Documents\Atmel Studio\7.0\RM\RM\ArduinoCore\Debug\libArduinoCore.a(Adafruit_FONA.o)
 .progmem.data._ZZN13Adafruit_FONA9HTTP_dataEmmE3__c_2
                0x000004d6        0x9 C:\Users\Numaan\Documents\Atmel Studio\7.0\RM\RM\ArduinoCore\Debug\libArduinoCore.a(Adafruit_FONA.o)
 .progmem.data._ZZN13Adafruit_FONA9HTTP_dataEmmE3__c_1
                0x000004df        0xd C:\Users\Numaan\Documents\Atmel Studio\7.0\RM\RM\ArduinoCore\Debug\libArduinoCore.a(Adafruit_FONA.o)
 .progmem.data._ZZN13Adafruit_FONA9HTTP_dataEmmE3__c_0
                0x000004ec        0xd C:\Users\Numaan\Documents\Atmel Studio\7.0\RM\RM\ArduinoCore\Debug\libArduinoCore.a(Adafruit_FONA.o)
 .progmem.data._ZZN13Adafruit_FONA9HTTP_dataEmmE3__c
                0x000004f9        0x7 C:\Users\Numaan\Documents\Atmel Studio\7.0\RM\RM\ArduinoCore\Debug\libArduinoCore.a(Adafruit_FONA.o)
 .progmem.data._ZZN13Adafruit_FONA15HTTP_para_startEPK19__FlashStringHelperbE3__c_3
                0x00000500        0x3 C:\Users\Numaan\Documents\Atmel Studio\7.0\RM\RM\ArduinoCore\Debug\libArduinoCore.a(Adafruit_FONA.o)
 .progmem.data._ZZN13Adafruit_FONA15HTTP_para_startEPK19__FlashStringHelperbE3__c_2
                0x00000503        0x4 C:\Users\Numaan\Documents\Atmel Studio\7.0\RM\RM\ArduinoCore\Debug\libArduinoCore.a(Adafruit_FONA.o)
 .progmem.data._ZZN13Adafruit_FONA15HTTP_para_startEPK19__FlashStringHelperbE3__c_1
                0x00000507        0xe C:\Users\Numaan\Documents\Atmel Studio\7.0\RM\RM\ArduinoCore\Debug\libArduinoCore.a(Adafruit_FONA.o)
 .progmem.data._ZZN13Adafruit_FONA15HTTP_para_startEPK19__FlashStringHelperbE3__c_0
                0x00000515        0xe C:\Users\Numaan\Documents\Atmel Studio\7.0\RM\RM\ArduinoCore\Debug\libArduinoCore.a(Adafruit_FONA.o)
 .progmem.data._ZZN13Adafruit_FONA15HTTP_para_startEPK19__FlashStringHelperbE3__c
                0x00000523        0x7 C:\Users\Numaan\Documents\Atmel Studio\7.0\RM\RM\ArduinoCore\Debug\libArduinoCore.a(Adafruit_FONA.o)
 .progmem.data._ZZN13Adafruit_FONA9HTTP_termEvE3__c
                0x0000052a        0xc C:\Users\Numaan\Documents\Atmel Studio\7.0\RM\RM\ArduinoCore\Debug\libArduinoCore.a(Adafruit_FONA.o)
 .progmem.data._ZZN13Adafruit_FONA9HTTP_initEvE3__c
                0x00000536        0xc C:\Users\Numaan\Documents\Atmel Studio\7.0\RM\RM\ArduinoCore\Debug\libArduinoCore.a(Adafruit_FONA.o)
 .progmem.data._ZZN13Adafruit_FONA10enableGPRSEbE3__c_14
                0x00000542        0xb C:\Users\Numaan\Documents\Atmel Studio\7.0\RM\RM\ArduinoCore\Debug\libArduinoCore.a(Adafruit_FONA.o)
 .progmem.data._ZZN13Adafruit_FONA10enableGPRSEbE3__c_13
                0x0000054d        0xd C:\Users\Numaan\Documents\Atmel Studio\7.0\RM\RM\ArduinoCore\Debug\libArduinoCore.a(Adafruit_FONA.o)
 .progmem.data._ZZN13Adafruit_FONA10enableGPRSEbE3__c_11
                0x0000055a        0xb C:\Users\Numaan\Documents\Atmel Studio\7.0\RM\RM\ArduinoCore\Debug\libArduinoCore.a(Adafruit_FONA.o)
 .progmem.data._ZZN13Adafruit_FONA10enableGPRSEbE3__c_12
                0x00000565        0x8 C:\Users\Numaan\Documents\Atmel Studio\7.0\RM\RM\ArduinoCore\Debug\libArduinoCore.a(Adafruit_FONA.o)
 .progmem.data._ZZN13Adafruit_FONA10enableGPRSEbE3__c_10
                0x0000056d        0x9 C:\Users\Numaan\Documents\Atmel Studio\7.0\RM\RM\ArduinoCore\Debug\libArduinoCore.a(Adafruit_FONA.o)
 .progmem.data._ZZN13Adafruit_FONA10enableGPRSEbE3__c_9
                0x00000576        0xd C:\Users\Numaan\Documents\Atmel Studio\7.0\RM\RM\ArduinoCore\Debug\libArduinoCore.a(Adafruit_FONA.o)
 .progmem.data._ZZN13Adafruit_FONA10enableGPRSEbE3__c_8
                0x00000583       0x14 C:\Users\Numaan\Documents\Atmel Studio\7.0\RM\RM\ArduinoCore\Debug\libArduinoCore.a(Adafruit_FONA.o)
 .progmem.data._ZZN13Adafruit_FONA10enableGPRSEbE3__c_7
                0x00000597       0x15 C:\Users\Numaan\Documents\Atmel Studio\7.0\RM\RM\ArduinoCore\Debug\libArduinoCore.a(Adafruit_FONA.o)
 .progmem.data._ZZN13Adafruit_FONA10enableGPRSEbE3__c_6
                0x000005ac        0xa C:\Users\Numaan\Documents\Atmel Studio\7.0\RM\RM\ArduinoCore\Debug\libArduinoCore.a(Adafruit_FONA.o)
 .progmem.data._ZZN13Adafruit_FONA10enableGPRSEbE3__c_5
                0x000005b6        0x7 C:\Users\Numaan\Documents\Atmel Studio\7.0\RM\RM\ArduinoCore\Debug\libArduinoCore.a(Adafruit_FONA.o)
 .progmem.data._ZZN13Adafruit_FONA10enableGPRSEbE3__c_4
                0x000005bd        0xa C:\Users\Numaan\Documents\Atmel Studio\7.0\RM\RM\ArduinoCore\Debug\libArduinoCore.a(Adafruit_FONA.o)
 .progmem.data._ZZN13Adafruit_FONA10enableGPRSEbE3__c_3
                0x000005c7       0x14 C:\Users\Numaan\Documents\Atmel Studio\7.0\RM\RM\ArduinoCore\Debug\libArduinoCore.a(Adafruit_FONA.o)
 .progmem.data._ZZN13Adafruit_FONA10enableGPRSEbE3__c_2
                0x000005db       0x1e C:\Users\Numaan\Documents\Atmel Studio\7.0\RM\RM\ArduinoCore\Debug\libArduinoCore.a(Adafruit_FONA.o)
 .progmem.data._ZZN13Adafruit_FONA10enableGPRSEbE3__c_1
                0x000005f9        0xb C:\Users\Numaan\Documents\Atmel Studio\7.0\RM\RM\ArduinoCore\Debug\libArduinoCore.a(Adafruit_FONA.o)
 .progmem.data._ZZN13Adafruit_FONA10enableGPRSEbE3__c
                0x00000604        0xb C:\Users\Numaan\Documents\Atmel Studio\7.0\RM\RM\ArduinoCore\Debug\libArduinoCore.a(Adafruit_FONA.o)
 .progmem.data._ZZN13Adafruit_FONA10enableGPRSEbE3__c_0
                0x0000060f        0x8 C:\Users\Numaan\Documents\Atmel Studio\7.0\RM\RM\ArduinoCore\Debug\libArduinoCore.a(Adafruit_FONA.o)
 .progmem.data._ZZN13Adafruit_FONA7sendSMSEPcS0_E3__c_1
                0x00000617        0x3 C:\Users\Numaan\Documents\Atmel Studio\7.0\RM\RM\ArduinoCore\Debug\libArduinoCore.a(Adafruit_FONA.o)
 .progmem.data._ZZN13Adafruit_FONA7sendSMSEPcS0_E3__c_0
                0x0000061a        0x3 C:\Users\Numaan\Documents\Atmel Studio\7.0\RM\RM\ArduinoCore\Debug\libArduinoCore.a(Adafruit_FONA.o)
 .progmem.data._ZZN13Adafruit_FONA7sendSMSEPcS0_E3__c
                0x0000061d        0xa C:\Users\Numaan\Documents\Atmel Studio\7.0\RM\RM\ArduinoCore\Debug\libArduinoCore.a(Adafruit_FONA.o)
 .progmem.data._ZZN13Adafruit_FONA7getRSSIEvE3__c
                0x00000627        0x7 C:\Users\Numaan\Documents\Atmel Studio\7.0\RM\RM\ArduinoCore\Debug\libArduinoCore.a(Adafruit_FONA.o)
 .progmem.data._ZZN13Adafruit_FONA7getRSSIEvE3__c_0
                0x0000062e        0x7 C:\Users\Numaan\Documents\Atmel Studio\7.0\RM\RM\ArduinoCore\Debug\libArduinoCore.a(Adafruit_FONA.o)
 .progmem.data._ZZN13Adafruit_FONA16getNetworkStatusEvE3__c
                0x00000635        0x9 C:\Users\Numaan\Documents\Atmel Studio\7.0\RM\RM\ArduinoCore\Debug\libArduinoCore.a(Adafruit_FONA.o)
 .progmem.data._ZZN13Adafruit_FONA16getNetworkStatusEvE3__c_0
                0x0000063e        0x8 C:\Users\Numaan\Documents\Atmel Studio\7.0\RM\RM\ArduinoCore\Debug\libArduinoCore.a(Adafruit_FONA.o)
 .progmem.data._ZZN13Adafruit_FONA14getBattPercentEPjE3__c
                0x00000646        0x7 C:\Users\Numaan\Documents\Atmel Studio\7.0\RM\RM\ArduinoCore\Debug\libArduinoCore.a(Adafruit_FONA.o)
 .progmem.data._ZZN13Adafruit_FONA14getBattPercentEPjE3__c_0
                0x0000064d        0x7 C:\Users\Numaan\Documents\Atmel Studio\7.0\RM\RM\ArduinoCore\Debug\libArduinoCore.a(Adafruit_FONA.o)
 .progmem.data._ZZN13Adafruit_FONA5beginER6StreamE3__c_20
                0x00000654        0x8 C:\Users\Numaan\Documents\Atmel Studio\7.0\RM\RM\ArduinoCore\Debug\libArduinoCore.a(Adafruit_FONA.o)
 .progmem.data._ZZN13Adafruit_FONA5beginER6StreamE3__c_19
                0x0000065c        0x7 C:\Users\Numaan\Documents\Atmel Studio\7.0\RM\RM\ArduinoCore\Debug\libArduinoCore.a(Adafruit_FONA.o)
 .progmem.data._ZZN13Adafruit_FONA5beginER6StreamE3__c_18
                0x00000663        0x7 C:\Users\Numaan\Documents\Atmel Studio\7.0\RM\RM\ArduinoCore\Debug\libArduinoCore.a(Adafruit_FONA.o)
 .progmem.data._ZZN13Adafruit_FONA5beginER6StreamE3__c_17
                0x0000066a       0x10 C:\Users\Numaan\Documents\Atmel Studio\7.0\RM\RM\ArduinoCore\Debug\libArduinoCore.a(Adafruit_FONA.o)
 .progmem.data._ZZN13Adafruit_FONA5beginER6StreamE3__c_16
                0x0000067a       0x10 C:\Users\Numaan\Documents\Atmel Studio\7.0\RM\RM\ArduinoCore\Debug\libArduinoCore.a(Adafruit_FONA.o)
 .progmem.data._ZZN13Adafruit_FONA5beginER6StreamE3__c_15
                0x0000068a        0xb C:\Users\Numaan\Documents\Atmel Studio\7.0\RM\RM\ArduinoCore\Debug\libArduinoCore.a(Adafruit_FONA.o)
 .progmem.data._ZZN13Adafruit_FONA5beginER6StreamE3__c_14
                0x00000695        0xb C:\Users\Numaan\Documents\Atmel Studio\7.0\RM\RM\ArduinoCore\Debug\libArduinoCore.a(Adafruit_FONA.o)
 .progmem.data._ZZN13Adafruit_FONA5beginER6StreamE3__c_13
                0x000006a0        0xb C:\Users\Numaan\Documents\Atmel Studio\7.0\RM\RM\ArduinoCore\Debug\libArduinoCore.a(Adafruit_FONA.o)
 .progmem.data._ZZN13Adafruit_FONA5beginER6StreamE3__c_12
                0x000006ab        0x7 C:\Users\Numaan\Documents\Atmel Studio\7.0\RM\RM\ArduinoCore\Debug\libArduinoCore.a(Adafruit_FONA.o)
 .progmem.data._ZZN13Adafruit_FONA5beginER6StreamE3__c_11
                0x000006b2        0x7 C:\Users\Numaan\Documents\Atmel Studio\7.0\RM\RM\ArduinoCore\Debug\libArduinoCore.a(Adafruit_FONA.o)
 .progmem.data._ZZN13Adafruit_FONA5beginER6StreamE3__c_10
                0x000006b9        0xa C:\Users\Numaan\Documents\Atmel Studio\7.0\RM\RM\ArduinoCore\Debug\libArduinoCore.a(Adafruit_FONA.o)
 .progmem.data._ZZN13Adafruit_FONA5beginER6StreamE3__c_9
                0x000006c3        0x5 C:\Users\Numaan\Documents\Atmel Studio\7.0\RM\RM\ArduinoCore\Debug\libArduinoCore.a(Adafruit_FONA.o)
 .progmem.data._ZZN13Adafruit_FONA5beginER6StreamE3__c_8
                0x000006c8        0x5 C:\Users\Numaan\Documents\Atmel Studio\7.0\RM\RM\ArduinoCore\Debug\libArduinoCore.a(Adafruit_FONA.o)
 .progmem.data._ZZN13Adafruit_FONA5beginER6StreamE3__c_7
                0x000006cd        0x3 C:\Users\Numaan\Documents\Atmel Studio\7.0\RM\RM\ArduinoCore\Debug\libArduinoCore.a(Adafruit_FONA.o)
 .progmem.data._ZZN13Adafruit_FONA5beginER6StreamE3__c_6
                0x000006d0        0x3 C:\Users\Numaan\Documents\Atmel Studio\7.0\RM\RM\ArduinoCore\Debug\libArduinoCore.a(Adafruit_FONA.o)
 .progmem.data._ZZN13Adafruit_FONA5beginER6StreamE3__c_5
                0x000006d3        0x3 C:\Users\Numaan\Documents\Atmel Studio\7.0\RM\RM\ArduinoCore\Debug\libArduinoCore.a(Adafruit_FONA.o)
 .progmem.data._ZZN13Adafruit_FONA5beginER6StreamE3__c_4
                0x000006d6       0x32 C:\Users\Numaan\Documents\Atmel Studio\7.0\RM\RM\ArduinoCore\Debug\libArduinoCore.a(Adafruit_FONA.o)
 .progmem.data._ZZN13Adafruit_FONA5beginER6StreamE3__c_2
                0x00000708        0x3 C:\Users\Numaan\Documents\Atmel Studio\7.0\RM\RM\ArduinoCore\Debug\libArduinoCore.a(Adafruit_FONA.o)
 .progmem.data._ZZN13Adafruit_FONA5beginER6StreamE3__c_3
                0x0000070b        0x3 C:\Users\Numaan\Documents\Atmel Studio\7.0\RM\RM\ArduinoCore\Debug\libArduinoCore.a(Adafruit_FONA.o)
 .progmem.data._ZZN13Adafruit_FONA5beginER6StreamE3__c_1
                0x0000070e        0x3 C:\Users\Numaan\Documents\Atmel Studio\7.0\RM\RM\ArduinoCore\Debug\libArduinoCore.a(Adafruit_FONA.o)
 .progmem.data._ZZN13Adafruit_FONA5beginER6StreamE3__c_0
                0x00000711       0x15 C:\Users\Numaan\Documents\Atmel Studio\7.0\RM\RM\ArduinoCore\Debug\libArduinoCore.a(Adafruit_FONA.o)
 .progmem.data._ZZN13Adafruit_FONA5beginER6StreamE3__c
                0x00000726       0x21 C:\Users\Numaan\Documents\Atmel Studio\7.0\RM\RM\ArduinoCore\Debug\libArduinoCore.a(Adafruit_FONA.o)
 .progmem.data._ZZN13Adafruit_FONAC4EaE3__c_1
                0x00000747        0x3 C:\Users\Numaan\Documents\Atmel Studio\7.0\RM\RM\ArduinoCore\Debug\libArduinoCore.a(Adafruit_FONA.o)
 .progmem.data._ZZN13Adafruit_FONAC4EaE3__c_0
                0x0000074a        0x5 C:\Users\Numaan\Documents\Atmel Studio\7.0\RM\RM\ArduinoCore\Debug\libArduinoCore.a(Adafruit_FONA.o)
 .progmem.data._ZZN13Adafruit_FONAC4EaE3__c
                0x0000074f        0x8 C:\Users\Numaan\Documents\Atmel Studio\7.0\RM\RM\ArduinoCore\Debug\libArduinoCore.a(Adafruit_FONA.o)
                0x00000758                . = ALIGN (0x2)
 *fill*         0x00000757        0x1 
 *(.jumptables)
 *(.jumptables*)
 *(.lowtext)
 *(.lowtext*)
                0x00000758                __ctors_start = .
 *(.ctors)
 .ctors         0x00000758        0x2 Main_SignalLogging.o
 .ctors         0x0000075a        0x2 src/libraries/Wire/src/Wire.o
 .ctors         0x0000075c        0x2 C:\Users\Numaan\Documents\Atmel Studio\7.0\RM\RM\ArduinoCore\Debug\libArduinoCore.a(HardwareSerial0.o)
                0x0000075e                __ctors_end = .
                0x0000075e                __dtors_start = .
 *(.dtors)
 .dtors         0x0000075e        0x2 Main_SignalLogging.o
                0x00000760                __dtors_end = .
 SORT(*)(.ctors)
 SORT(*)(.dtors)
 *(.init0)
 .init0         0x00000760        0x0 C:/Program Files (x86)/Atmel/Studio/7.0/Packs/atmel/ATmega_DFP/1.2.132/gcc/dev/atmega328p/avr5/crtatmega328p.o
                0x00000760                __init
 *(.init0)
 *(.init1)
 *(.init1)
 *(.init2)
 .init2         0x00000760        0xc C:/Program Files (x86)/Atmel/Studio/7.0/Packs/atmel/ATmega_DFP/1.2.132/gcc/dev/atmega328p/avr5/crtatmega328p.o
 *(.init2)
 *(.init3)
 *(.init3)
 *(.init4)
 .init4         0x0000076c       0x16 c:/program files (x86)/atmel/studio/7.0/toolchain/avr8/avr8-gnu-toolchain/bin/../lib/gcc/avr/5.4.0/avr5\libgcc.a(_copy_data.o)
                0x0000076c                __do_copy_data
 .init4         0x00000782       0x10 c:/program files (x86)/atmel/studio/7.0/toolchain/avr8/avr8-gnu-toolchain/bin/../lib/gcc/avr/5.4.0/avr5\libgcc.a(_clear_bss.o)
                0x00000782                __do_clear_bss
 *(.init4)
 *(.init5)
 *(.init5)
 *(.init6)
 .init6         0x00000792       0x16 c:/program files (x86)/atmel/studio/7.0/toolchain/avr8/avr8-gnu-toolchain/bin/../lib/gcc/avr/5.4.0/avr5\libgcc.a(_ctors.o)
                0x00000792                __do_global_ctors
 *(.init6)
 *(.init7)
 *(.init7)
 *(.init8)
 *(.init8)
 *(.init9)
 .init9         0x000007a8        0x8 C:/Program Files (x86)/Atmel/Studio/7.0/Packs/atmel/ATmega_DFP/1.2.132/gcc/dev/atmega328p/avr5/crtatmega328p.o
 *(.init9)
 *(.text)
 .text          0x000007b0        0x4 C:/Program Files (x86)/Atmel/Studio/7.0/Packs/atmel/ATmega_DFP/1.2.132/gcc/dev/atmega328p/avr5/crtatmega328p.o
                0x000007b0                __vector_22
                0x000007b0                __vector_12
                0x000007b0                __bad_interrupt
                0x000007b0                __vector_6
                0x000007b0                __vector_23
                0x000007b0                __vector_25
                0x000007b0                __vector_11
                0x000007b0                __vector_13
                0x000007b0                __vector_17
                0x000007b0                __vector_7
                0x000007b0                __vector_9
                0x000007b0                __vector_21
                0x000007b0                __vector_15
                0x000007b0                __vector_8
                0x000007b0                __vector_14
                0x000007b0                __vector_10
                0x000007b0                __vector_20
 .text          0x000007b4      0x102 GpsManager.o
                0x000007b4                _ZN10GpsManagerC2Eh
                0x000007b4                _ZN10GpsManagerC1Eh
                0x000007ec                _ZN10GpsManagerD1Ev
                0x000007ec                _ZN10GpsManagerD2Ev
                0x00000806                _ZN10GpsManager7setFonaER13Adafruit_FONA
                0x00000838                _ZN10GpsManager9toggleGpsEb
                0x00000878                _ZN10GpsManager9gpsStatusEv
                0x00000892                _ZN10GpsManager10getGpsInfoER7GpsInfo
 .text          0x000008b6      0x4a6 GsmManager.o
                0x000008b6                _ZN10GsmManagerC1Eh
                0x000008b6                _ZN10GsmManagerC2Eh
                0x000008ec                _ZN10GsmManagerD1Ev
                0x000008ec                _ZN10GsmManagerD2Ev
                0x00000906                _ZN10GsmManager7setFonaER13Adafruit_FONA
                0x0000093a                _ZN10GsmManager5resetEv
                0x00000968                _ZN10GsmManager5beginEv
                0x000009fa                _ZN10GsmManager14getBattPercentEPj
                0x00000a52                _ZN10GsmManager10sendViaSmsEPKc
                0x00000ae4                _ZN10GsmManager10getGsmInfoER7GsmInfo
                0x00000b2c                _ZN10GsmManager16getNetworkStatusEv
                0x00000b66                _ZN10GsmManager7getRSSIEv
                0x00000ba0                _ZN10GsmManager10enableGPRSEb
                0x00000bca                _ZN10GsmManager11sendViaGprsEPKc
 .text          0x00000d5c      0x66c Main_SignalLogging.o
                0x00000d5c                setup
                0x00000dbe                _Z14initSubsystemsv
                0x00000dec                _Z17getReadingAddressh
                0x00000e14                _Z7readMemiPhh
                0x00000f5a                _Z8writeMemiPhh
                0x00001094                _Z10initModuleh
                0x000010d0                _Z9printDatav
                0x000012ec                loop
 .text          0x000013c8      0x762 src/libraries/Wire/src/utility/twi.o
                0x000013c8                twi_init
                0x0000142e                twi_disable
                0x00001460                twi_setAddress
                0x00001482                twi_setFrequency
                0x000014e0                twi_readFrom
                0x000015ea                twi_writeTo
                0x00001716                twi_transmit
                0x000017a8                twi_attachSlaveRxEvent
                0x000017ce                twi_attachSlaveTxEvent
                0x000017f4                twi_reply
                0x00001826                twi_stop
                0x0000185c                twi_releaseBus
                0x0000187a                __vector_24
 .text          0x00001b2a      0x760 src/libraries/Wire/src/Wire.o
                0x00001b2a                _ZN7TwoWireC2Ev
                0x00001b2a                _ZN7TwoWireC1Ev
                0x00001b5a                _ZN7TwoWire5beginEv
                0x00001b88                _ZN7TwoWire5beginEh
                0x00001bc6                _ZN7TwoWire5beginEi
                0x00001bf6                _ZN7TwoWire3endEv
                0x00001c14                _ZN7TwoWire8setClockEm
                0x00001c52                _ZN7TwoWire11requestFromEhhmhh
                0x00001d42                _ZN7TwoWire11requestFromEhhh
                0x00001d90                _ZN7TwoWire11requestFromEhh
                0x00001dc0                _ZN7TwoWire11requestFromEii
                0x00001dfc                _ZN7TwoWire11requestFromEiii
                0x00001e42                _ZN7TwoWire17beginTransmissionEh
                0x00001e76                _ZN7TwoWire17beginTransmissionEi
                0x00001ea6                _ZN7TwoWire15endTransmissionEh
                0x00001ef0                _ZN7TwoWire15endTransmissionEv
                0x00001f12                _ZN7TwoWire5writeEh
                0x00001f86                _ZN7TwoWire5writeEPKhj
                0x00002018                _ZN7TwoWire9availableEv
                0x00002048                _ZN7TwoWire4readEv
                0x000020a0                _ZN7TwoWire4peekEv
                0x000020ee                _ZN7TwoWire5flushEv
                0x00002108                _ZN7TwoWire16onReceiveServiceEPhi
                0x000021a2                _ZN7TwoWire16onRequestServiceEv
                0x000021d4                _ZN7TwoWire9onReceiveEPFviE
                0x00002204                _ZN7TwoWire9onRequestEPFvvE
                0x0000228a                . = ALIGN (0x2)
 *(.text.*)
 .text._ZN5PrintaSERKS_
                0x0000228a       0x3a GpsManager.o
                0x0000228a                _ZN5PrintaSERKS_
 .text._ZN6StreamaSERKS_
                0x000022c4       0x6c GpsManager.o
                0x000022c4                _ZN6StreamaSERKS_
 .text._ZN13Adafruit_FONAaSERKS_
                0x00002330      0x146 GpsManager.o
                0x00002330                _ZN13Adafruit_FONAaSERKS_
 .text._ZN14HardwareSerial5beginEm
                0x00002476       0x46 Main_SignalLogging.o
                0x00002476                _ZN14HardwareSerial5beginEm
 .text._ZN7TwoWire5writeEi
                0x000024bc       0x3e Main_SignalLogging.o
                0x000024bc                _ZN7TwoWire5writeEi
 .text._ZN10ModuleMetaC2Ev
                0x000024fa       0x22 Main_SignalLogging.o
                0x000024fa                _ZN10ModuleMetaC2Ev
                0x000024fa                _ZN10ModuleMetaC1Ev
 .text._ZN5Print13setWriteErrorEi
                0x0000251c       0x32 src/libraries/Wire/src/Wire.o
                0x0000251c                _ZN5Print13setWriteErrorEi
 .text._ZN5PrintC2Ev
                0x0000254e       0x32 src/libraries/Wire/src/Wire.o
                0x0000254e                _ZN5PrintC2Ev
                0x0000254e                _ZN5PrintC1Ev
 .text._ZN6StreamC2Ev
                0x00002580       0x46 src/libraries/Wire/src/Wire.o
                0x00002580                _ZN6StreamC1Ev
                0x00002580                _ZN6StreamC2Ev
 .text.avr-libc.fplib
                0x000025c6        0xe c:/program files (x86)/atmel/studio/7.0/toolchain/avr8/avr8-gnu-toolchain/bin/../lib/gcc/avr/5.4.0/../../../../avr/lib/avr5\libm.a(fixsfsi.o)
                0x000025c6                __fixsfsi
 .text.avr-libc.fplib
                0x000025d4       0x5e c:/program files (x86)/atmel/studio/7.0/toolchain/avr8/avr8-gnu-toolchain/bin/../lib/gcc/avr/5.4.0/../../../../avr/lib/avr5\libm.a(fixunssfsi.o)
                0x000025d4                __fixunssfsi
 .text.avr-libc.fplib
                0x00002632       0x7a c:/program files (x86)/atmel/studio/7.0/toolchain/avr8/avr8-gnu-toolchain/bin/../lib/gcc/avr/5.4.0/../../../../avr/lib/avr5\libm.a(floatsisf.o)
                0x00002632                __floatunsisf
                0x00002636                __floatsisf
 .text.avr-libc.fplib
                0x000026ac       0x44 c:/program files (x86)/atmel/studio/7.0/toolchain/avr8/avr8-gnu-toolchain/bin/../lib/gcc/avr/5.4.0/../../../../avr/lib/avr5\libm.a(fp_split3.o)
                0x000026ac                __fp_split3
                0x000026bc                __fp_splitA
 .text.avr-libc.fplib
                0x000026f0        0xe c:/program files (x86)/atmel/studio/7.0/toolchain/avr8/avr8-gnu-toolchain/bin/../lib/gcc/avr/5.4.0/../../../../avr/lib/avr5\libm.a(fp_zero.o)
                0x000026f0                __fp_zero
                0x000026f2                __fp_szero
 .text.avr-libc.fplib
                0x000026fe        0x8 c:/program files (x86)/atmel/studio/7.0/toolchain/avr8/avr8-gnu-toolchain/bin/../lib/gcc/avr/5.4.0/../../../../avr/lib/avr5\libm.a(mulsf3.o)
                0x000026fe                __mulsf3
 .text.avr-libc.fplib
                0x00002706       0xd2 c:/program files (x86)/atmel/studio/7.0/toolchain/avr8/avr8-gnu-toolchain/bin/../lib/gcc/avr/5.4.0/../../../../avr/lib/avr5\libm.a(mulsf3x.o)
                0x00002724                __mulsf3x
                0x0000272a                __mulsf3_pse
 .text.avr-libc.fplib
                0x000027d8        0xc c:/program files (x86)/atmel/studio/7.0/toolchain/avr8/avr8-gnu-toolchain/bin/../lib/gcc/avr/5.4.0/../../../../avr/lib/avr5\libm.a(fp_inf.o)
                0x000027d8                __fp_inf
 .text.avr-libc.fplib
                0x000027e4        0x6 c:/program files (x86)/atmel/studio/7.0/toolchain/avr8/avr8-gnu-toolchain/bin/../lib/gcc/avr/5.4.0/../../../../avr/lib/avr5\libm.a(fp_nan.o)
                0x000027e4                __fp_nan
 .text.avr-libc.fplib
                0x000027ea        0xe c:/program files (x86)/atmel/studio/7.0/toolchain/avr8/avr8-gnu-toolchain/bin/../lib/gcc/avr/5.4.0/../../../../avr/lib/avr5\libm.a(fp_pscA.o)
                0x000027ea                __fp_pscA
 .text.avr-libc.fplib
                0x000027f8        0xe c:/program files (x86)/atmel/studio/7.0/toolchain/avr8/avr8-gnu-toolchain/bin/../lib/gcc/avr/5.4.0/../../../../avr/lib/avr5\libm.a(fp_pscB.o)
                0x000027f8                __fp_pscB
 .text.avr-libc.fplib
                0x00002806       0x22 c:/program files (x86)/atmel/studio/7.0/toolchain/avr8/avr8-gnu-toolchain/bin/../lib/gcc/avr/5.4.0/../../../../avr/lib/avr5\libm.a(fp_round.o)
                0x00002806                __fp_round
 .text.__cxa_pure_virtual
                0x00002828        0x4 C:\Users\Numaan\Documents\Atmel Studio\7.0\RM\RM\ArduinoCore\Debug\libArduinoCore.a(abi.o)
                0x00002828                __cxa_pure_virtual
 .text._ZN14HardwareSerial9availableEv
                0x0000282c       0x18 C:\Users\Numaan\Documents\Atmel Studio\7.0\RM\RM\ArduinoCore\Debug\libArduinoCore.a(HardwareSerial.o)
                0x0000282c                _ZN14HardwareSerial9availableEv
 .text._ZN14HardwareSerial4peekEv
                0x00002844       0x1c C:\Users\Numaan\Documents\Atmel Studio\7.0\RM\RM\ArduinoCore\Debug\libArduinoCore.a(HardwareSerial.o)
                0x00002844                _ZN14HardwareSerial4peekEv
 .text._ZN14HardwareSerial4readEv
                0x00002860       0x28 C:\Users\Numaan\Documents\Atmel Studio\7.0\RM\RM\ArduinoCore\Debug\libArduinoCore.a(HardwareSerial.o)
                0x00002860                _ZN14HardwareSerial4readEv
 .text._Z14serialEventRunv
                0x00002888       0x1c C:\Users\Numaan\Documents\Atmel Studio\7.0\RM\RM\ArduinoCore\Debug\libArduinoCore.a(HardwareSerial.o)
                0x00002888                _Z14serialEventRunv
 .text._ZN14HardwareSerial17_tx_udr_empty_irqEv
                0x000028a4       0x42 C:\Users\Numaan\Documents\Atmel Studio\7.0\RM\RM\ArduinoCore\Debug\libArduinoCore.a(HardwareSerial.o)
                0x000028a4                _ZN14HardwareSerial17_tx_udr_empty_irqEv
 .text._ZN14HardwareSerial5writeEh
                0x000028e6       0x8e C:\Users\Numaan\Documents\Atmel Studio\7.0\RM\RM\ArduinoCore\Debug\libArduinoCore.a(HardwareSerial.o)
                0x000028e6                _ZN14HardwareSerial5writeEh
 .text._ZN14HardwareSerial5flushEv
                0x00002974       0x44 C:\Users\Numaan\Documents\Atmel Studio\7.0\RM\RM\ArduinoCore\Debug\libArduinoCore.a(HardwareSerial.o)
                0x00002974                _ZN14HardwareSerial5flushEv
 .text._ZN14HardwareSerial5beginEmh
                0x000029b8       0xca C:\Users\Numaan\Documents\Atmel Studio\7.0\RM\RM\ArduinoCore\Debug\libArduinoCore.a(HardwareSerial.o)
                0x000029b8                _ZN14HardwareSerial5beginEmh
 .text.__vector_18
                0x00002a82       0x64 C:\Users\Numaan\Documents\Atmel Studio\7.0\RM\RM\ArduinoCore\Debug\libArduinoCore.a(HardwareSerial0.o)
                0x00002a82                __vector_18
 .text.__vector_19
                0x00002ae6       0x4c C:\Users\Numaan\Documents\Atmel Studio\7.0\RM\RM\ArduinoCore\Debug\libArduinoCore.a(HardwareSerial0.o)
                0x00002ae6                __vector_19
 .text._Z17Serial0_availablev
                0x00002b32       0x14 C:\Users\Numaan\Documents\Atmel Studio\7.0\RM\RM\ArduinoCore\Debug\libArduinoCore.a(HardwareSerial0.o)
                0x00002b32                _Z17Serial0_availablev
 .text.startup._GLOBAL__sub_I___vector_18
                0x00002b46       0x5a C:\Users\Numaan\Documents\Atmel Studio\7.0\RM\RM\ArduinoCore\Debug\libArduinoCore.a(HardwareSerial0.o)
 .text.initVariant
                0x00002ba0        0x2 C:\Users\Numaan\Documents\Atmel Studio\7.0\RM\RM\ArduinoCore\Debug\libArduinoCore.a(main.o)
                0x00002ba0                initVariant
 .text.startup.main
                0x00002ba2       0x1e C:\Users\Numaan\Documents\Atmel Studio\7.0\RM\RM\ArduinoCore\Debug\libArduinoCore.a(main.o)
                0x00002ba2                main
 .text._Znwj    0x00002bc0        0x4 C:\Users\Numaan\Documents\Atmel Studio\7.0\RM\RM\ArduinoCore\Debug\libArduinoCore.a(new.o)
                0x00002bc0                _Znwj
 .text._ZN5Print5writeEPKhj
                0x00002bc4       0x54 C:\Users\Numaan\Documents\Atmel Studio\7.0\RM\RM\ArduinoCore\Debug\libArduinoCore.a(Print.o)
                0x00002bc4                _ZN5Print5writeEPKhj
 .text._ZN5Print5writeEPKc
                0x00002c18       0x2a C:\Users\Numaan\Documents\Atmel Studio\7.0\RM\RM\ArduinoCore\Debug\libArduinoCore.a(Print.o)
                0x00002c18                _ZN5Print5writeEPKc
 .text._ZN5Print5printEPK19__FlashStringHelper
                0x00002c42       0x48 C:\Users\Numaan\Documents\Atmel Studio\7.0\RM\RM\ArduinoCore\Debug\libArduinoCore.a(Print.o)
                0x00002c42                _ZN5Print5printEPK19__FlashStringHelper
 .text._ZN5Print5printEPKc
                0x00002c8a        0x4 C:\Users\Numaan\Documents\Atmel Studio\7.0\RM\RM\ArduinoCore\Debug\libArduinoCore.a(Print.o)
                0x00002c8a                _ZN5Print5printEPKc
 .text._ZN5Print5printEc
                0x00002c8e        0xe C:\Users\Numaan\Documents\Atmel Studio\7.0\RM\RM\ArduinoCore\Debug\libArduinoCore.a(Print.o)
                0x00002c8e                _ZN5Print5printEc
 .text._ZN5Print7printlnEv
                0x00002c9c        0x8 C:\Users\Numaan\Documents\Atmel Studio\7.0\RM\RM\ArduinoCore\Debug\libArduinoCore.a(Print.o)
                0x00002c9c                _ZN5Print7printlnEv
 .text._ZN5Print7printlnEPK19__FlashStringHelper
                0x00002ca4       0x24 C:\Users\Numaan\Documents\Atmel Studio\7.0\RM\RM\ArduinoCore\Debug\libArduinoCore.a(Print.o)
                0x00002ca4                _ZN5Print7printlnEPK19__FlashStringHelper
 .text._ZN5Print7printlnEPKc
                0x00002cc8       0x24 C:\Users\Numaan\Documents\Atmel Studio\7.0\RM\RM\ArduinoCore\Debug\libArduinoCore.a(Print.o)
                0x00002cc8                _ZN5Print7printlnEPKc
 .text._ZN5Print7printlnEc
                0x00002cec       0x24 C:\Users\Numaan\Documents\Atmel Studio\7.0\RM\RM\ArduinoCore\Debug\libArduinoCore.a(Print.o)
                0x00002cec                _ZN5Print7printlnEc
 .text._ZN5Print11printNumberEmh
                0x00002d10       0x92 C:\Users\Numaan\Documents\Atmel Studio\7.0\RM\RM\ArduinoCore\Debug\libArduinoCore.a(Print.o)
                0x00002d10                _ZN5Print11printNumberEmh
 .text._ZN5Print5printEmi
                0x00002da2       0x1a C:\Users\Numaan\Documents\Atmel Studio\7.0\RM\RM\ArduinoCore\Debug\libArduinoCore.a(Print.o)
                0x00002da2                _ZN5Print5printEmi
 .text._ZN5Print5printEhi
                0x00002dbc        0xe C:\Users\Numaan\Documents\Atmel Studio\7.0\RM\RM\ArduinoCore\Debug\libArduinoCore.a(Print.o)
                0x00002dbc                _ZN5Print5printEhi
 .text._ZN5Print7printlnEhi
                0x00002dca       0x24 C:\Users\Numaan\Documents\Atmel Studio\7.0\RM\RM\ArduinoCore\Debug\libArduinoCore.a(Print.o)
                0x00002dca                _ZN5Print7printlnEhi
 .text._ZN5Print5printEji
                0x00002dee        0xc C:\Users\Numaan\Documents\Atmel Studio\7.0\RM\RM\ArduinoCore\Debug\libArduinoCore.a(Print.o)
                0x00002dee                _ZN5Print5printEji
 .text._ZN5Print7printlnEji
                0x00002dfa       0x24 C:\Users\Numaan\Documents\Atmel Studio\7.0\RM\RM\ArduinoCore\Debug\libArduinoCore.a(Print.o)
                0x00002dfa                _ZN5Print7printlnEji
 .text._ZN5Print7printlnEmi
                0x00002e1e       0x24 C:\Users\Numaan\Documents\Atmel Studio\7.0\RM\RM\ArduinoCore\Debug\libArduinoCore.a(Print.o)
                0x00002e1e                _ZN5Print7printlnEmi
 .text._ZN5Print5printEli
                0x00002e42       0x90 C:\Users\Numaan\Documents\Atmel Studio\7.0\RM\RM\ArduinoCore\Debug\libArduinoCore.a(Print.o)
                0x00002e42                _ZN5Print5printEli
 .text._ZN5Print5printEii
                0x00002ed2        0xe C:\Users\Numaan\Documents\Atmel Studio\7.0\RM\RM\ArduinoCore\Debug\libArduinoCore.a(Print.o)
                0x00002ed2                _ZN5Print5printEii
 .text._ZN5Print7printlnEii
                0x00002ee0       0x24 C:\Users\Numaan\Documents\Atmel Studio\7.0\RM\RM\ArduinoCore\Debug\libArduinoCore.a(Print.o)
                0x00002ee0                _ZN5Print7printlnEii
 .text._ZN5Print7printlnEli
                0x00002f04       0x24 C:\Users\Numaan\Documents\Atmel Studio\7.0\RM\RM\ArduinoCore\Debug\libArduinoCore.a(Print.o)
                0x00002f04                _ZN5Print7printlnEli
 .text._ZN5Print10printFloatEdh
                0x00002f28      0x1ba C:\Users\Numaan\Documents\Atmel Studio\7.0\RM\RM\ArduinoCore\Debug\libArduinoCore.a(Print.o)
                0x00002f28                _ZN5Print10printFloatEdh
 .text._ZN5Print7printlnEdi
                0x000030e2       0x24 C:\Users\Numaan\Documents\Atmel Studio\7.0\RM\RM\ArduinoCore\Debug\libArduinoCore.a(Print.o)
                0x000030e2                _ZN5Print7printlnEdi
 .text.__vector_16
                0x00003106       0x94 C:\Users\Numaan\Documents\Atmel Studio\7.0\RM\RM\ArduinoCore\Debug\libArduinoCore.a(wiring.o)
                0x00003106                __vector_16
 .text.micros   0x0000319a       0x4a C:\Users\Numaan\Documents\Atmel Studio\7.0\RM\RM\ArduinoCore\Debug\libArduinoCore.a(wiring.o)
                0x0000319a                micros
 .text.delay    0x000031e4       0x78 C:\Users\Numaan\Documents\Atmel Studio\7.0\RM\RM\ArduinoCore\Debug\libArduinoCore.a(wiring.o)
                0x000031e4                delay
 .text.init     0x0000325c       0x76 C:\Users\Numaan\Documents\Atmel Studio\7.0\RM\RM\ArduinoCore\Debug\libArduinoCore.a(wiring.o)
                0x0000325c                init
 .text.turnOffPWM
                0x000032d2       0x52 C:\Users\Numaan\Documents\Atmel Studio\7.0\RM\RM\ArduinoCore\Debug\libArduinoCore.a(wiring_digital.o)
 .text.pinMode  0x00003324       0x78 C:\Users\Numaan\Documents\Atmel Studio\7.0\RM\RM\ArduinoCore\Debug\libArduinoCore.a(wiring_digital.o)
                0x00003324                pinMode
 .text.digitalWrite
                0x0000339c       0x5e C:\Users\Numaan\Documents\Atmel Studio\7.0\RM\RM\ArduinoCore\Debug\libArduinoCore.a(wiring_digital.o)
                0x0000339c                digitalWrite
 .text._ZN13Adafruit_FONA9availableEv
                0x000033fa       0x18 C:\Users\Numaan\Documents\Atmel Studio\7.0\RM\RM\ArduinoCore\Debug\libArduinoCore.a(Adafruit_FONA.o)
                0x000033fa                _ZN13Adafruit_FONA9availableEv
 .text._ZN13Adafruit_FONA5writeEh
                0x00003412       0x18 C:\Users\Numaan\Documents\Atmel Studio\7.0\RM\RM\ArduinoCore\Debug\libArduinoCore.a(Adafruit_FONA.o)
                0x00003412                _ZN13Adafruit_FONA5writeEh
 .text._ZN13Adafruit_FONA4readEv
                0x0000342a       0x18 C:\Users\Numaan\Documents\Atmel Studio\7.0\RM\RM\ArduinoCore\Debug\libArduinoCore.a(Adafruit_FONA.o)
                0x0000342a                _ZN13Adafruit_FONA4readEv
 .text._ZN13Adafruit_FONA4peekEv
                0x00003442       0x18 C:\Users\Numaan\Documents\Atmel Studio\7.0\RM\RM\ArduinoCore\Debug\libArduinoCore.a(Adafruit_FONA.o)
                0x00003442                _ZN13Adafruit_FONA4peekEv
 .text._ZN13Adafruit_FONA5flushEv
                0x0000345a       0x18 C:\Users\Numaan\Documents\Atmel Studio\7.0\RM\RM\ArduinoCore\Debug\libArduinoCore.a(Adafruit_FONA.o)
                0x0000345a                _ZN13Adafruit_FONA5flushEv
 .text._ZN13Adafruit_FONAC2Ea
                0x00003472       0x64 C:\Users\Numaan\Documents\Atmel Studio\7.0\RM\RM\ArduinoCore\Debug\libArduinoCore.a(Adafruit_FONA.o)
                0x00003472                _ZN13Adafruit_FONAC1Ea
                0x00003472                _ZN13Adafruit_FONAC2Ea
 .text._ZN13Adafruit_FONA22setGPRSNetworkSettingsEPK19__FlashStringHelperS2_S2_
                0x000034d6       0x18 C:\Users\Numaan\Documents\Atmel Studio\7.0\RM\RM\ArduinoCore\Debug\libArduinoCore.a(Adafruit_FONA.o)
                0x000034d6                _ZN13Adafruit_FONA22setGPRSNetworkSettingsEPK19__FlashStringHelperS2_S2_
 .text._ZN13Adafruit_FONA10flushInputEv
                0x000034ee       0x58 C:\Users\Numaan\Documents\Atmel Studio\7.0\RM\RM\ArduinoCore\Debug\libArduinoCore.a(Adafruit_FONA.o)
                0x000034ee                _ZN13Adafruit_FONA10flushInputEv
 .text._ZN13Adafruit_FONA15HTTP_para_startEPK19__FlashStringHelperb
                0x00003546       0x7a C:\Users\Numaan\Documents\Atmel Studio\7.0\RM\RM\ArduinoCore\Debug\libArduinoCore.a(Adafruit_FONA.o)
                0x00003546                _ZN13Adafruit_FONA15HTTP_para_startEPK19__FlashStringHelperb
 .text._ZN13Adafruit_FONA8readlineEjb
                0x000035c0       0xfc C:\Users\Numaan\Documents\Atmel Studio\7.0\RM\RM\ArduinoCore\Debug\libArduinoCore.a(Adafruit_FONA.o)
                0x000035c0                _ZN13Adafruit_FONA8readlineEjb
 .text._ZN13Adafruit_FONA11expectReplyEPK19__FlashStringHelperj
                0x000036bc       0x48 C:\Users\Numaan\Documents\Atmel Studio\7.0\RM\RM\ArduinoCore\Debug\libArduinoCore.a(Adafruit_FONA.o)
                0x000036bc                _ZN13Adafruit_FONA11expectReplyEPK19__FlashStringHelperj
 .text._ZN13Adafruit_FONA13HTTP_para_endEb
                0x00003704       0x3c C:\Users\Numaan\Documents\Atmel Studio\7.0\RM\RM\ArduinoCore\Debug\libArduinoCore.a(Adafruit_FONA.o)
                0x00003704                _ZN13Adafruit_FONA13HTTP_para_endEb
 .text._ZN13Adafruit_FONA9HTTP_paraEPK19__FlashStringHelperPKc
                0x00003740       0x32 C:\Users\Numaan\Documents\Atmel Studio\7.0\RM\RM\ArduinoCore\Debug\libArduinoCore.a(Adafruit_FONA.o)
                0x00003740                _ZN13Adafruit_FONA9HTTP_paraEPK19__FlashStringHelperPKc
 .text._ZN13Adafruit_FONA9HTTP_paraEPK19__FlashStringHelperS2_
                0x00003772       0x32 C:\Users\Numaan\Documents\Atmel Studio\7.0\RM\RM\ArduinoCore\Debug\libArduinoCore.a(Adafruit_FONA.o)
                0x00003772                _ZN13Adafruit_FONA9HTTP_paraEPK19__FlashStringHelperS2_
 .text._ZN13Adafruit_FONA9HTTP_paraEPK19__FlashStringHelperl
                0x000037a4       0x42 C:\Users\Numaan\Documents\Atmel Studio\7.0\RM\RM\ArduinoCore\Debug\libArduinoCore.a(Adafruit_FONA.o)
                0x000037a4                _ZN13Adafruit_FONA9HTTP_paraEPK19__FlashStringHelperl
 .text._ZN13Adafruit_FONA9HTTP_dataEmm
                0x000037e6       0xd4 C:\Users\Numaan\Documents\Atmel Studio\7.0\RM\RM\ArduinoCore\Debug\libArduinoCore.a(Adafruit_FONA.o)
                0x000037e6                _ZN13Adafruit_FONA9HTTP_dataEmm
 .text._ZN13Adafruit_FONA8getReplyEPcj
                0x000038ba       0x72 C:\Users\Numaan\Documents\Atmel Studio\7.0\RM\RM\ArduinoCore\Debug\libArduinoCore.a(Adafruit_FONA.o)
                0x000038ba                _ZN13Adafruit_FONA8getReplyEPcj
 .text._ZN13Adafruit_FONA8getReplyEPK19__FlashStringHelperj
                0x0000392c       0x72 C:\Users\Numaan\Documents\Atmel Studio\7.0\RM\RM\ArduinoCore\Debug\libArduinoCore.a(Adafruit_FONA.o)
                0x0000392c                _ZN13Adafruit_FONA8getReplyEPK19__FlashStringHelperj
 .text._ZN13Adafruit_FONA8getReplyEPK19__FlashStringHelperlj
                0x0000399e       0xb4 C:\Users\Numaan\Documents\Atmel Studio\7.0\RM\RM\ArduinoCore\Debug\libArduinoCore.a(Adafruit_FONA.o)
                0x0000399e                _ZN13Adafruit_FONA8getReplyEPK19__FlashStringHelperlj
 .text._ZN13Adafruit_FONA14getReplyQuotedEPK19__FlashStringHelperS2_j
                0x00003a52       0xc8 C:\Users\Numaan\Documents\Atmel Studio\7.0\RM\RM\ArduinoCore\Debug\libArduinoCore.a(Adafruit_FONA.o)
                0x00003a52                _ZN13Adafruit_FONA14getReplyQuotedEPK19__FlashStringHelperS2_j
 .text._ZN13Adafruit_FONA14sendCheckReplyEPK19__FlashStringHelperS2_j
                0x00003b1a       0x34 C:\Users\Numaan\Documents\Atmel Studio\7.0\RM\RM\ArduinoCore\Debug\libArduinoCore.a(Adafruit_FONA.o)
                0x00003b1a                _ZN13Adafruit_FONA14sendCheckReplyEPK19__FlashStringHelperS2_j
 .text._ZN13Adafruit_FONA5beginER6Stream
                0x00003b4e      0x308 C:\Users\Numaan\Documents\Atmel Studio\7.0\RM\RM\ArduinoCore\Debug\libArduinoCore.a(Adafruit_FONA.o)
                0x00003b4e                _ZN13Adafruit_FONA5beginER6Stream
 .text._ZN13Adafruit_FONA9HTTP_initEv
                0x00003e56       0x16 C:\Users\Numaan\Documents\Atmel Studio\7.0\RM\RM\ArduinoCore\Debug\libArduinoCore.a(Adafruit_FONA.o)
                0x00003e56                _ZN13Adafruit_FONA9HTTP_initEv
 .text._ZN13Adafruit_FONA9HTTP_termEv
                0x00003e6c       0x16 C:\Users\Numaan\Documents\Atmel Studio\7.0\RM\RM\ArduinoCore\Debug\libArduinoCore.a(Adafruit_FONA.o)
                0x00003e6c                _ZN13Adafruit_FONA9HTTP_termEv
 .text._ZN13Adafruit_FONA13HTTP_POST_endEv
                0x00003e82        0x4 C:\Users\Numaan\Documents\Atmel Studio\7.0\RM\RM\ArduinoCore\Debug\libArduinoCore.a(Adafruit_FONA.o)
                0x00003e82                _ZN13Adafruit_FONA13HTTP_POST_endEv
 .text._ZN13Adafruit_FONA14sendCheckReplyEPcPK19__FlashStringHelperj
                0x00003e86       0x34 C:\Users\Numaan\Documents\Atmel Studio\7.0\RM\RM\ArduinoCore\Debug\libArduinoCore.a(Adafruit_FONA.o)
                0x00003e86                _ZN13Adafruit_FONA14sendCheckReplyEPcPK19__FlashStringHelperj
 .text._ZN13Adafruit_FONA7sendSMSEPcS0_
                0x00003eba      0x17c C:\Users\Numaan\Documents\Atmel Studio\7.0\RM\RM\ArduinoCore\Debug\libArduinoCore.a(Adafruit_FONA.o)
                0x00003eba                _ZN13Adafruit_FONA7sendSMSEPcS0_
 .text._ZN13Adafruit_FONA14sendCheckReplyEPK19__FlashStringHelperlS2_j
                0x00004036       0x40 C:\Users\Numaan\Documents\Atmel Studio\7.0\RM\RM\ArduinoCore\Debug\libArduinoCore.a(Adafruit_FONA.o)
                0x00004036                _ZN13Adafruit_FONA14sendCheckReplyEPK19__FlashStringHelperlS2_j
 .text._ZN13Adafruit_FONA8HTTP_sslEb
                0x00004076       0x34 C:\Users\Numaan\Documents\Atmel Studio\7.0\RM\RM\ArduinoCore\Debug\libArduinoCore.a(Adafruit_FONA.o)
                0x00004076                _ZN13Adafruit_FONA8HTTP_sslEb
 .text._ZN13Adafruit_FONA10HTTP_setupEPc
                0x000040aa       0x98 C:\Users\Numaan\Documents\Atmel Studio\7.0\RM\RM\ArduinoCore\Debug\libArduinoCore.a(Adafruit_FONA.o)
                0x000040aa                _ZN13Adafruit_FONA10HTTP_setupEPc
 .text._ZN13Adafruit_FONA20sendCheckReplyQuotedEPK19__FlashStringHelperS2_S2_j
                0x00004142       0x38 C:\Users\Numaan\Documents\Atmel Studio\7.0\RM\RM\ArduinoCore\Debug\libArduinoCore.a(Adafruit_FONA.o)
                0x00004142                _ZN13Adafruit_FONA20sendCheckReplyQuotedEPK19__FlashStringHelperS2_S2_j
 .text._ZN13Adafruit_FONA10enableGPRSEb
                0x0000417a      0x2b8 C:\Users\Numaan\Documents\Atmel Studio\7.0\RM\RM\ArduinoCore\Debug\libArduinoCore.a(Adafruit_FONA.o)
                0x0000417a                _ZN13Adafruit_FONA10enableGPRSEb
 .text._ZN13Adafruit_FONA10parseReplyEPK19__FlashStringHelperPjch
                0x00004432       0x6a C:\Users\Numaan\Documents\Atmel Studio\7.0\RM\RM\ArduinoCore\Debug\libArduinoCore.a(Adafruit_FONA.o)
                0x00004432                _ZN13Adafruit_FONA10parseReplyEPK19__FlashStringHelperPjch
 .text._ZN13Adafruit_FONA12HTTP_readallEPj
                0x0000449c       0x36 C:\Users\Numaan\Documents\Atmel Studio\7.0\RM\RM\ArduinoCore\Debug\libArduinoCore.a(Adafruit_FONA.o)
                0x0000449c                _ZN13Adafruit_FONA12HTTP_readallEPj
 .text._ZN13Adafruit_FONA11HTTP_actionEhPjS0_l
                0x000044d2       0x9e C:\Users\Numaan\Documents\Atmel Studio\7.0\RM\RM\ArduinoCore\Debug\libArduinoCore.a(Adafruit_FONA.o)
                0x000044d2                _ZN13Adafruit_FONA11HTTP_actionEhPjS0_l
 .text._ZN13Adafruit_FONA15HTTP_POST_startEPcPK19__FlashStringHelperPKhjPjS6_
                0x00004570      0x13a C:\Users\Numaan\Documents\Atmel Studio\7.0\RM\RM\ArduinoCore\Debug\libArduinoCore.a(Adafruit_FONA.o)
                0x00004570                _ZN13Adafruit_FONA15HTTP_POST_startEPcPK19__FlashStringHelperPKhjPjS6_
 .text._ZN13Adafruit_FONA14sendParseReplyEPK19__FlashStringHelperS2_Pjch
                0x000046aa       0x58 C:\Users\Numaan\Documents\Atmel Studio\7.0\RM\RM\ArduinoCore\Debug\libArduinoCore.a(Adafruit_FONA.o)
                0x000046aa                _ZN13Adafruit_FONA14sendParseReplyEPK19__FlashStringHelperS2_Pjch
 .text._ZN13Adafruit_FONA14getBattPercentEPj
                0x00004702       0x1e C:\Users\Numaan\Documents\Atmel Studio\7.0\RM\RM\ArduinoCore\Debug\libArduinoCore.a(Adafruit_FONA.o)
                0x00004702                _ZN13Adafruit_FONA14getBattPercentEPj
 .text._ZN13Adafruit_FONA16getNetworkStatusEv
                0x00004720       0x3e C:\Users\Numaan\Documents\Atmel Studio\7.0\RM\RM\ArduinoCore\Debug\libArduinoCore.a(Adafruit_FONA.o)
                0x00004720                _ZN13Adafruit_FONA16getNetworkStatusEv
 .text._ZN13Adafruit_FONA7getRSSIEv
                0x0000475e       0x3c C:\Users\Numaan\Documents\Atmel Studio\7.0\RM\RM\ArduinoCore\Debug\libArduinoCore.a(Adafruit_FONA.o)
                0x0000475e                _ZN13Adafruit_FONA7getRSSIEv
 .text._ZN14SoftwareSerial4readEv
                0x0000479a       0x42 C:\Users\Numaan\Documents\Atmel Studio\7.0\RM\RM\ArduinoCore\Debug\libArduinoCore.a(SoftwareSerial.o)
                0x0000479a                _ZN14SoftwareSerial4readEv
 .text._ZN14SoftwareSerial5writeEh
                0x000047dc       0xa0 C:\Users\Numaan\Documents\Atmel Studio\7.0\RM\RM\ArduinoCore\Debug\libArduinoCore.a(SoftwareSerial.o)
                0x000047dc                _ZN14SoftwareSerial5writeEh
 .text._ZN14SoftwareSerial5flushEv
                0x0000487c        0x2 C:\Users\Numaan\Documents\Atmel Studio\7.0\RM\RM\ArduinoCore\Debug\libArduinoCore.a(SoftwareSerial.o)
                0x0000487c                _ZN14SoftwareSerial5flushEv
 .text._ZN14SoftwareSerial4peekEv
                0x0000487e       0x30 C:\Users\Numaan\Documents\Atmel Studio\7.0\RM\RM\ArduinoCore\Debug\libArduinoCore.a(SoftwareSerial.o)
                0x0000487e                _ZN14SoftwareSerial4peekEv
 .text._ZN14SoftwareSerial9availableEv
                0x000048ae       0x30 C:\Users\Numaan\Documents\Atmel Studio\7.0\RM\RM\ArduinoCore\Debug\libArduinoCore.a(SoftwareSerial.o)
                0x000048ae                _ZN14SoftwareSerial9availableEv
 .text._ZN14SoftwareSerial13stopListeningEv
                0x000048de       0x2c C:\Users\Numaan\Documents\Atmel Studio\7.0\RM\RM\ArduinoCore\Debug\libArduinoCore.a(SoftwareSerial.o)
                0x000048de                _ZN14SoftwareSerial13stopListeningEv
 .text._ZN14SoftwareSerial6listenEv
                0x0000490a       0x52 C:\Users\Numaan\Documents\Atmel Studio\7.0\RM\RM\ArduinoCore\Debug\libArduinoCore.a(SoftwareSerial.o)
                0x0000490a                _ZN14SoftwareSerial6listenEv
 .text.__vector_3
                0x0000495c       0xf4 C:\Users\Numaan\Documents\Atmel Studio\7.0\RM\RM\ArduinoCore\Debug\libArduinoCore.a(SoftwareSerial.o)
                0x0000495c                __vector_5
                0x0000495c                __vector_4
                0x0000495c                __vector_3
 .text._ZN14SoftwareSerial5setTXEh
                0x00004a50       0x52 C:\Users\Numaan\Documents\Atmel Studio\7.0\RM\RM\ArduinoCore\Debug\libArduinoCore.a(SoftwareSerial.o)
                0x00004a50                _ZN14SoftwareSerial5setTXEh
 .text._ZN14SoftwareSerial5setRXEh
                0x00004aa2       0x52 C:\Users\Numaan\Documents\Atmel Studio\7.0\RM\RM\ArduinoCore\Debug\libArduinoCore.a(SoftwareSerial.o)
                0x00004aa2                _ZN14SoftwareSerial5setRXEh
 .text._ZN14SoftwareSerialC2Ehhb
                0x00004af4       0x56 C:\Users\Numaan\Documents\Atmel Studio\7.0\RM\RM\ArduinoCore\Debug\libArduinoCore.a(SoftwareSerial.o)
                0x00004af4                _ZN14SoftwareSerialC1Ehhb
                0x00004af4                _ZN14SoftwareSerialC2Ehhb
 .text._ZN14SoftwareSerial5beginEl
                0x00004b4a      0x11c C:\Users\Numaan\Documents\Atmel Studio\7.0\RM\RM\ArduinoCore\Debug\libArduinoCore.a(SoftwareSerial.o)
                0x00004b4a                _ZN14SoftwareSerial5beginEl
 .text.__empty  0x00004c66        0x2 C:\Users\Numaan\Documents\Atmel Studio\7.0\RM\RM\ArduinoCore\Debug\libArduinoCore.a(hooks.o)
                0x00004c66                yield
 .text.nothing  0x00004c68        0x2 C:\Users\Numaan\Documents\Atmel Studio\7.0\RM\RM\ArduinoCore\Debug\libArduinoCore.a(WInterrupts.o)
 .text.__vector_1
                0x00004c6a       0x4e C:\Users\Numaan\Documents\Atmel Studio\7.0\RM\RM\ArduinoCore\Debug\libArduinoCore.a(WInterrupts.o)
                0x00004c6a                __vector_1
 .text.__vector_2
                0x00004cb8       0x4e C:\Users\Numaan\Documents\Atmel Studio\7.0\RM\RM\ArduinoCore\Debug\libArduinoCore.a(WInterrupts.o)
                0x00004cb8                __vector_2
 .text.avr-libc.fplib
                0x00004d06        0xe c:/program files (x86)/atmel/studio/7.0/toolchain/avr8/avr8-gnu-toolchain/bin/../lib/gcc/avr/5.4.0/../../../../avr/lib/avr5\libm.a(addsf3.o)
                0x00004d06                __subsf3
                0x00004d08                __addsf3
 .text.avr-libc.fplib
                0x00004d14       0xcc c:/program files (x86)/atmel/studio/7.0/toolchain/avr8/avr8-gnu-toolchain/bin/../lib/gcc/avr/5.4.0/../../../../avr/lib/avr5\libm.a(addsf3x.o)
                0x00004d36                __addsf3x
 .text.avr-libc.fplib
                0x00004de0        0xa c:/program files (x86)/atmel/studio/7.0/toolchain/avr8/avr8-gnu-toolchain/bin/../lib/gcc/avr/5.4.0/../../../../avr/lib/avr5\libm.a(cmpsf2.o)
                0x00004de0                __nesf2
                0x00004de0                __eqsf2
                0x00004de0                __cmpsf2
                0x00004de0                __ltsf2
                0x00004de0                __lesf2
 .text.avr-libc.fplib
                0x00004dea        0x8 c:/program files (x86)/atmel/studio/7.0/toolchain/avr8/avr8-gnu-toolchain/bin/../lib/gcc/avr/5.4.0/../../../../avr/lib/avr5\libm.a(divsf3.o)
                0x00004dea                __divsf3
 .text.avr-libc.fplib
                0x00004df2       0xdc c:/program files (x86)/atmel/studio/7.0/toolchain/avr8/avr8-gnu-toolchain/bin/../lib/gcc/avr/5.4.0/../../../../avr/lib/avr5\libm.a(divsf3x.o)
                0x00004e12                __divsf3x
                0x00004e18                __divsf3_pse
 .text.avr-libc.fplib
                0x00004ece       0x48 c:/program files (x86)/atmel/studio/7.0/toolchain/avr8/avr8-gnu-toolchain/bin/../lib/gcc/avr/5.4.0/../../../../avr/lib/avr5\libm.a(fp_cmp.o)
                0x00004ece                __fp_cmp
 .text.avr-libc.fplib
                0x00004f16        0xa c:/program files (x86)/atmel/studio/7.0/toolchain/avr8/avr8-gnu-toolchain/bin/../lib/gcc/avr/5.4.0/../../../../avr/lib/avr5\libm.a(gesf2.o)
                0x00004f16                __gesf2
                0x00004f16                __gtsf2
 .text.avr-libc.fplib
                0x00004f20        0xa c:/program files (x86)/atmel/studio/7.0/toolchain/avr8/avr8-gnu-toolchain/bin/../lib/gcc/avr/5.4.0/../../../../avr/lib/avr5\libm.a(unordsf2.o)
                0x00004f20                __unordsf2
 .text.libgcc.div
                0x00004f2a       0x28 c:/program files (x86)/atmel/studio/7.0/toolchain/avr8/avr8-gnu-toolchain/bin/../lib/gcc/avr/5.4.0/avr5\libgcc.a(_divmodhi4.o)
                0x00004f2a                _div
                0x00004f2a                __divmodhi4
 .text.libgcc.div
                0x00004f52       0x44 c:/program files (x86)/atmel/studio/7.0/toolchain/avr8/avr8-gnu-toolchain/bin/../lib/gcc/avr/5.4.0/avr5\libgcc.a(_udivmodsi4.o)
                0x00004f52                __udivmodsi4
 .text.libgcc.div
                0x00004f96       0x2e c:/program files (x86)/atmel/studio/7.0/toolchain/avr8/avr8-gnu-toolchain/bin/../lib/gcc/avr/5.4.0/avr5\libgcc.a(_divmodsi4.o)
                0x00004f96                __divmodsi4
 .text.libgcc.div
                0x00004fc4       0x10 c:/program files (x86)/atmel/studio/7.0/toolchain/avr8/avr8-gnu-toolchain/bin/../lib/gcc/avr/5.4.0/avr5\libgcc.a(_negsi2.o)
                0x00004fc4                __negsi2
 .text.libgcc   0x00004fd4        0xc c:/program files (x86)/atmel/studio/7.0/toolchain/avr8/avr8-gnu-toolchain/bin/../lib/gcc/avr/5.4.0/avr5\libgcc.a(_tablejump2.o)
                0x00004fd4                __tablejump2__
 .text.libgcc.div
                0x00004fe0       0x28 c:/program files (x86)/atmel/studio/7.0/toolchain/avr8/avr8-gnu-toolchain/bin/../lib/gcc/avr/5.4.0/avr5\libgcc.a(_udivmodhi4.o)
                0x00004fe0                __udivmodhi4
 .text.avr-libc
                0x00005008      0x242 c:/program files (x86)/atmel/studio/7.0/toolchain/avr8/avr8-gnu-toolchain/bin/../lib/gcc/avr/5.4.0/../../../../avr/lib/avr5\libc.a(malloc.o)
                0x00005008                malloc
                0x00005138                free
 .text.avr-libc
                0x0000524a        0xa c:/program files (x86)/atmel/studio/7.0/toolchain/avr8/avr8-gnu-toolchain/bin/../lib/gcc/avr/5.4.0/../../../../avr/lib/avr5\libc.a(abort.o)
                0x0000524a                abort
 .text.avr-libc
                0x00005254       0x3c c:/program files (x86)/atmel/studio/7.0/toolchain/avr8/avr8-gnu-toolchain/bin/../lib/gcc/avr/5.4.0/../../../../avr/lib/avr5\libc.a(atoi.o)
                0x00005254                atoi
 .text.avr-libc
                0x00005290       0x12 c:/program files (x86)/atmel/studio/7.0/toolchain/avr8/avr8-gnu-toolchain/bin/../lib/gcc/avr/5.4.0/../../../../avr/lib/avr5\libc.a(strcmp_P.o)
                0x00005290                strcmp_P
 .text.avr-libc
                0x000052a2       0x12 c:/program files (x86)/atmel/studio/7.0/toolchain/avr8/avr8-gnu-toolchain/bin/../lib/gcc/avr/5.4.0/../../../../avr/lib/avr5\libc.a(strlen_P.o)
                0x000052a2                __strlen_P
 .text.avr-libc
                0x000052b4       0x34 c:/program files (x86)/atmel/studio/7.0/toolchain/avr8/avr8-gnu-toolchain/bin/../lib/gcc/avr/5.4.0/../../../../avr/lib/avr5\libc.a(strstr_P.o)
                0x000052b4                strstr_P
 .text.avr-libc
                0x000052e8       0x16 c:/program files (x86)/atmel/studio/7.0/toolchain/avr8/avr8-gnu-toolchain/bin/../lib/gcc/avr/5.4.0/../../../../avr/lib/avr5\libc.a(strchr.o)
                0x000052e8                strchr
 .text.avr-libc
                0x000052fe       0x12 c:/program files (x86)/atmel/studio/7.0/toolchain/avr8/avr8-gnu-toolchain/bin/../lib/gcc/avr/5.4.0/../../../../avr/lib/avr5\libc.a(strcmp.o)
                0x000052fe                strcmp
 .text.avr-libc
                0x00005310       0x12 c:/program files (x86)/atmel/studio/7.0/toolchain/avr8/avr8-gnu-toolchain/bin/../lib/gcc/avr/5.4.0/../../../../avr/lib/avr5\libc.a(strlen.o)
                0x00005310                strlen
 .text.avr-libc
                0x00005322       0x1e c:/program files (x86)/atmel/studio/7.0/toolchain/avr8/avr8-gnu-toolchain/bin/../lib/gcc/avr/5.4.0/../../../../avr/lib/avr5\libc.a(strncpy.o)
                0x00005322                strncpy
 .text.avr-libc
                0x00005340       0x34 c:/program files (x86)/atmel/studio/7.0/toolchain/avr8/avr8-gnu-toolchain/bin/../lib/gcc/avr/5.4.0/../../../../avr/lib/avr5\libc.a(strstr.o)
                0x00005340                strstr
 .text.avr-libc
                0x00005374       0x10 c:/program files (x86)/atmel/studio/7.0/toolchain/avr8/avr8-gnu-toolchain/bin/../lib/gcc/avr/5.4.0/../../../../avr/lib/avr5\libc.a(mul10.o)
                0x00005374                __mulhi_const_10
                0x00005384                . = ALIGN (0x2)
 *(.fini9)
 .fini9         0x00005384        0x0 c:/program files (x86)/atmel/studio/7.0/toolchain/avr8/avr8-gnu-toolchain/bin/../lib/gcc/avr/5.4.0/avr5\libgcc.a(_exit.o)
                0x00005384                _exit
                0x00005384                exit
 *(.fini9)
 *(.fini8)
 *(.fini8)
 *(.fini7)
 *(.fini7)
 *(.fini6)
 .fini6         0x00005384       0x16 c:/program files (x86)/atmel/studio/7.0/toolchain/avr8/avr8-gnu-toolchain/bin/../lib/gcc/avr/5.4.0/avr5\libgcc.a(_dtors.o)
                0x00005384                __do_global_dtors
 *(.fini6)
 *(.fini5)
 *(.fini5)
 *(.fini4)
 *(.fini4)
 *(.fini3)
 *(.fini3)
 *(.fini2)
 *(.fini2)
 *(.fini1)
 *(.fini1)
 *(.fini0)
 .fini0         0x0000539a        0x4 c:/program files (x86)/atmel/studio/7.0/toolchain/avr8/avr8-gnu-toolchain/bin/../lib/gcc/avr/5.4.0/avr5\libgcc.a(_exit.o)
 *(.fini0)
                0x0000539e                _etext = .

.data           0x00800100      0x1fe load address 0x0000539e
                0x00800100                PROVIDE (__data_start, .)
 *(.data)
 .data          0x00800100        0x6 c:/program files (x86)/atmel/studio/7.0/toolchain/avr8/avr8-gnu-toolchain/bin/../lib/gcc/avr/5.4.0/../../../../avr/lib/avr5\libc.a(malloc.o)
                0x00800100                __malloc_heap_end
                0x00800102                __malloc_heap_start
                0x00800104                __malloc_margin
 *(.data*)
 .data.intFunc  0x00800106        0x4 C:\Users\Numaan\Documents\Atmel Studio\7.0\RM\RM\ArduinoCore\Debug\libArduinoCore.a(WInterrupts.o)
 *(.rodata)
 .rodata        0x0080010a       0x48 GsmManager.o
 .rodata        0x00800152       0x19 Main_SignalLogging.o
 .rodata        0x0080016b       0xd1 C:\Users\Numaan\Documents\Atmel Studio\7.0\RM\RM\ArduinoCore\Debug\libArduinoCore.a(Adafruit_FONA.o)
 *(.rodata*)
 .rodata._ZTV7TwoWire
                0x0080023c       0x10 src/libraries/Wire/src/Wire.o
                0x0080023c                _ZTV7TwoWire
 .rodata._ZTV6Stream
                0x0080024c       0x10 src/libraries/Wire/src/Wire.o
                0x0080024c                _ZTV6Stream
 .rodata._ZTV14HardwareSerial
                0x0080025c       0x10 C:\Users\Numaan\Documents\Atmel Studio\7.0\RM\RM\ArduinoCore\Debug\libArduinoCore.a(HardwareSerial.o)
                0x0080025c                _ZTV14HardwareSerial
 .rodata.str1.1
                0x0080026c       0x11 C:\Users\Numaan\Documents\Atmel Studio\7.0\RM\RM\ArduinoCore\Debug\libArduinoCore.a(Print.o)
 .rodata._ZTV5Print
                0x0080027d        0x8 C:\Users\Numaan\Documents\Atmel Studio\7.0\RM\RM\ArduinoCore\Debug\libArduinoCore.a(Print.o)
                0x0080027d                _ZTV5Print
 .rodata.str1.1
                0x00800285       0x59 C:\Users\Numaan\Documents\Atmel Studio\7.0\RM\RM\ArduinoCore\Debug\libArduinoCore.a(Adafruit_FONA.o)
                                 0x5e (size before relaxing)
 .rodata._ZTV13Adafruit_FONA
                0x008002de       0x10 C:\Users\Numaan\Documents\Atmel Studio\7.0\RM\RM\ArduinoCore\Debug\libArduinoCore.a(Adafruit_FONA.o)
                0x008002de                _ZTV13Adafruit_FONA
 .rodata._ZTV14SoftwareSerial
                0x008002ee       0x10 C:\Users\Numaan\Documents\Atmel Studio\7.0\RM\RM\ArduinoCore\Debug\libArduinoCore.a(SoftwareSerial.o)
                0x008002ee                _ZTV14SoftwareSerial
 *(.gnu.linkonce.d*)
                0x008002fe                . = ALIGN (0x2)
                0x008002fe                _edata = .
                0x008002fe                PROVIDE (__data_end, .)

.bss            0x008002fe      0x50a
                0x008002fe                PROVIDE (__bss_start, .)
 *(.bss)
 .bss           0x008002fe      0x358 Main_SignalLogging.o
                0x008002fe                fona
                0x00800418                gps
                0x00800533                gsm
                0x00800654                _timerCounter
 .bss           0x00800656       0x6e src/libraries/Wire/src/utility/twi.o
 .bss           0x008006c4       0x56 src/libraries/Wire/src/Wire.o
                0x008006c4                _ZN7TwoWire8rxBufferE
                0x008006e4                _ZN7TwoWire13rxBufferIndexE
                0x008006e5                _ZN7TwoWire14rxBufferLengthE
                0x008006e6                _ZN7TwoWire9txAddressE
                0x008006e7                _ZN7TwoWire8txBufferE
                0x00800707                _ZN7TwoWire13txBufferIndexE
                0x00800708                _ZN7TwoWire14txBufferLengthE
                0x00800709                _ZN7TwoWire12transmittingE
                0x0080070a                _ZN7TwoWire14user_onRequestE
                0x0080070c                _ZN7TwoWire14user_onReceiveE
                0x0080070e                Wire
 *(.bss*)
 .bss.Serial    0x0080071a       0x9d C:\Users\Numaan\Documents\Atmel Studio\7.0\RM\RM\ArduinoCore\Debug\libArduinoCore.a(HardwareSerial0.o)
                0x0080071a                Serial
 .bss.timer0_fract
                0x008007b7        0x1 C:\Users\Numaan\Documents\Atmel Studio\7.0\RM\RM\ArduinoCore\Debug\libArduinoCore.a(wiring.o)
 .bss.timer0_millis
                0x008007b8        0x4 C:\Users\Numaan\Documents\Atmel Studio\7.0\RM\RM\ArduinoCore\Debug\libArduinoCore.a(wiring.o)
                0x008007b8                timer0_millis
 .bss.timer0_overflow_count
                0x008007bc        0x4 C:\Users\Numaan\Documents\Atmel Studio\7.0\RM\RM\ArduinoCore\Debug\libArduinoCore.a(wiring.o)
                0x008007bc                timer0_overflow_count
 .bss._ZN14SoftwareSerial20_receive_buffer_headE
                0x008007c0        0x1 C:\Users\Numaan\Documents\Atmel Studio\7.0\RM\RM\ArduinoCore\Debug\libArduinoCore.a(SoftwareSerial.o)
                0x008007c0                _ZN14SoftwareSerial20_receive_buffer_headE
 .bss._ZN14SoftwareSerial20_receive_buffer_tailE
                0x008007c1        0x1 C:\Users\Numaan\Documents\Atmel Studio\7.0\RM\RM\ArduinoCore\Debug\libArduinoCore.a(SoftwareSerial.o)
                0x008007c1                _ZN14SoftwareSerial20_receive_buffer_tailE
 .bss._ZN14SoftwareSerial15_receive_bufferE
                0x008007c2       0x40 C:\Users\Numaan\Documents\Atmel Studio\7.0\RM\RM\ArduinoCore\Debug\libArduinoCore.a(SoftwareSerial.o)
                0x008007c2                _ZN14SoftwareSerial15_receive_bufferE
 .bss._ZN14SoftwareSerial13active_objectE
                0x00800802        0x2 C:\Users\Numaan\Documents\Atmel Studio\7.0\RM\RM\ArduinoCore\Debug\libArduinoCore.a(SoftwareSerial.o)
                0x00800802                _ZN14SoftwareSerial13active_objectE
 *(COMMON)
 COMMON         0x00800804        0x4 c:/program files (x86)/atmel/studio/7.0/toolchain/avr8/avr8-gnu-toolchain/bin/../lib/gcc/avr/5.4.0/../../../../avr/lib/avr5\libc.a(malloc.o)
                0x00800804                __brkval
                0x00800806                __flp
                0x00800808                PROVIDE (__bss_end, .)
                0x0000539e                __data_load_start = LOADADDR (.data)
                0x0000559c                __data_load_end = (__data_load_start + SIZEOF (.data))

.noinit         0x00800808        0x0
                [!provide]                PROVIDE (__noinit_start, .)
 *(.noinit*)
                [!provide]                PROVIDE (__noinit_end, .)
                0x00800808                _end = .
                0x00800808                PROVIDE (__heap_start, .)

.eeprom         0x00810000        0x0
 *(.eeprom*)
                0x00810000                __eeprom_end = .

.fuse
 *(.fuse)
 *(.lfuse)
 *(.hfuse)
 *(.efuse)

.lock
 *(.lock*)

.signature
 *(.signature*)

.user_signatures
 *(.user_signatures*)

.stab
 *(.stab)

.stabstr
 *(.stabstr)

.stab.excl
 *(.stab.excl)

.stab.exclstr
 *(.stab.exclstr)

.stab.index
 *(.stab.index)

.stab.indexstr
 *(.stab.indexstr)

.comment        0x00000000       0x30
 *(.comment)
 .comment       0x00000000       0x30 GpsManager.o
                                 0x31 (size before relaxing)
 .comment       0x00000030       0x31 GsmManager.o
 .comment       0x00000030       0x31 Main_SignalLogging.o
 .comment       0x00000030       0x31 src/libraries/Wire/src/utility/twi.o
 .comment       0x00000030       0x31 src/libraries/Wire/src/Wire.o
 .comment       0x00000030       0x31 C:\Users\Numaan\Documents\Atmel Studio\7.0\RM\RM\ArduinoCore\Debug\libArduinoCore.a(abi.o)
 .comment       0x00000030       0x31 C:\Users\Numaan\Documents\Atmel Studio\7.0\RM\RM\ArduinoCore\Debug\libArduinoCore.a(HardwareSerial.o)
 .comment       0x00000030       0x31 C:\Users\Numaan\Documents\Atmel Studio\7.0\RM\RM\ArduinoCore\Debug\libArduinoCore.a(HardwareSerial0.o)
 .comment       0x00000030       0x31 C:\Users\Numaan\Documents\Atmel Studio\7.0\RM\RM\ArduinoCore\Debug\libArduinoCore.a(main.o)
 .comment       0x00000030       0x31 C:\Users\Numaan\Documents\Atmel Studio\7.0\RM\RM\ArduinoCore\Debug\libArduinoCore.a(new.o)
 .comment       0x00000030       0x31 C:\Users\Numaan\Documents\Atmel Studio\7.0\RM\RM\ArduinoCore\Debug\libArduinoCore.a(Print.o)
 .comment       0x00000030       0x31 C:\Users\Numaan\Documents\Atmel Studio\7.0\RM\RM\ArduinoCore\Debug\libArduinoCore.a(wiring.o)
 .comment       0x00000030       0x31 C:\Users\Numaan\Documents\Atmel Studio\7.0\RM\RM\ArduinoCore\Debug\libArduinoCore.a(wiring_digital.o)
 .comment       0x00000030       0x31 C:\Users\Numaan\Documents\Atmel Studio\7.0\RM\RM\ArduinoCore\Debug\libArduinoCore.a(Adafruit_FONA.o)
 .comment       0x00000030       0x31 C:\Users\Numaan\Documents\Atmel Studio\7.0\RM\RM\ArduinoCore\Debug\libArduinoCore.a(SoftwareSerial.o)
 .comment       0x00000030       0x31 C:\Users\Numaan\Documents\Atmel Studio\7.0\RM\RM\ArduinoCore\Debug\libArduinoCore.a(hooks.o)
 .comment       0x00000030       0x31 C:\Users\Numaan\Documents\Atmel Studio\7.0\RM\RM\ArduinoCore\Debug\libArduinoCore.a(WInterrupts.o)
 .comment       0x00000030       0x31 c:/program files (x86)/atmel/studio/7.0/toolchain/avr8/avr8-gnu-toolchain/bin/../lib/gcc/avr/5.4.0/../../../../avr/lib/avr5\libc.a(malloc.o)

.note.gnu.avr.deviceinfo
                0x00000000       0x40
 .note.gnu.avr.deviceinfo
                0x00000000       0x40 C:/Program Files (x86)/Atmel/Studio/7.0/Packs/atmel/ATmega_DFP/1.2.132/gcc/dev/atmega328p/avr5/crtatmega328p.o

.note.gnu.build-id
 *(.note.gnu.build-id)

.debug
 *(.debug)

.line
 *(.line)

.debug_srcinfo
 *(.debug_srcinfo)

.debug_sfnames
 *(.debug_sfnames)

.debug_aranges  0x00000000      0x820
 *(.debug_aranges)
 .debug_aranges
                0x00000000       0x38 GpsManager.o
 .debug_aranges
                0x00000038       0x38 GsmManager.o
 .debug_aranges
                0x00000070       0x38 Main_SignalLogging.o
 .debug_aranges
                0x000000a8       0x20 src/libraries/Wire/src/utility/twi.o
 .debug_aranges
                0x000000c8       0x38 src/libraries/Wire/src/Wire.o
 .debug_aranges
                0x00000100       0x20 C:\Users\Numaan\Documents\Atmel Studio\7.0\RM\RM\ArduinoCore\Debug\libArduinoCore.a(abi.o)
 .debug_aranges
                0x00000120       0x68 C:\Users\Numaan\Documents\Atmel Studio\7.0\RM\RM\ArduinoCore\Debug\libArduinoCore.a(HardwareSerial.o)
 .debug_aranges
                0x00000188       0x38 C:\Users\Numaan\Documents\Atmel Studio\7.0\RM\RM\ArduinoCore\Debug\libArduinoCore.a(HardwareSerial0.o)
 .debug_aranges
                0x000001c0       0x30 C:\Users\Numaan\Documents\Atmel Studio\7.0\RM\RM\ArduinoCore\Debug\libArduinoCore.a(main.o)
 .debug_aranges
                0x000001f0       0x28 C:\Users\Numaan\Documents\Atmel Studio\7.0\RM\RM\ArduinoCore\Debug\libArduinoCore.a(new.o)
 .debug_aranges
                0x00000218       0xf0 C:\Users\Numaan\Documents\Atmel Studio\7.0\RM\RM\ArduinoCore\Debug\libArduinoCore.a(Print.o)
 .debug_aranges
                0x00000308       0x48 C:\Users\Numaan\Documents\Atmel Studio\7.0\RM\RM\ArduinoCore\Debug\libArduinoCore.a(wiring.o)
 .debug_aranges
                0x00000350       0x38 C:\Users\Numaan\Documents\Atmel Studio\7.0\RM\RM\ArduinoCore\Debug\libArduinoCore.a(wiring_digital.o)
 .debug_aranges
                0x00000388      0x3a0 C:\Users\Numaan\Documents\Atmel Studio\7.0\RM\RM\ArduinoCore\Debug\libArduinoCore.a(Adafruit_FONA.o)
 .debug_aranges
                0x00000728       0x98 C:\Users\Numaan\Documents\Atmel Studio\7.0\RM\RM\ArduinoCore\Debug\libArduinoCore.a(SoftwareSerial.o)
 .debug_aranges
                0x000007c0       0x20 C:\Users\Numaan\Documents\Atmel Studio\7.0\RM\RM\ArduinoCore\Debug\libArduinoCore.a(hooks.o)
 .debug_aranges
                0x000007e0       0x40 C:\Users\Numaan\Documents\Atmel Studio\7.0\RM\RM\ArduinoCore\Debug\libArduinoCore.a(WInterrupts.o)

.debug_pubnames
 *(.debug_pubnames)

.debug_info     0x00000000    0x1aa07
 *(.debug_info .gnu.linkonce.wi.*)
 .debug_info    0x00000000      0x5f4 C:/Program Files (x86)/Atmel/Studio/7.0/Packs/atmel/ATmega_DFP/1.2.132/gcc/dev/atmega328p/avr5/crtatmega328p.o
 .debug_info    0x000005f4     0x1c29 GpsManager.o
 .debug_info    0x0000221d     0x1f67 GsmManager.o
 .debug_info    0x00004184      0xea4 Main_SignalLogging.o
 .debug_info    0x00005028      0x51d src/libraries/Wire/src/utility/twi.o
 .debug_info    0x00005545     0x2383 src/libraries/Wire/src/Wire.o
 .debug_info    0x000078c8       0x76 C:\Users\Numaan\Documents\Atmel Studio\7.0\RM\RM\ArduinoCore\Debug\libArduinoCore.a(abi.o)
 .debug_info    0x0000793e     0x1e25 C:\Users\Numaan\Documents\Atmel Studio\7.0\RM\RM\ArduinoCore\Debug\libArduinoCore.a(HardwareSerial.o)
 .debug_info    0x00009763     0x1a19 C:\Users\Numaan\Documents\Atmel Studio\7.0\RM\RM\ArduinoCore\Debug\libArduinoCore.a(HardwareSerial0.o)
 .debug_info    0x0000b17c      0x237 C:\Users\Numaan\Documents\Atmel Studio\7.0\RM\RM\ArduinoCore\Debug\libArduinoCore.a(main.o)
 .debug_info    0x0000b3b3      0x11c C:\Users\Numaan\Documents\Atmel Studio\7.0\RM\RM\ArduinoCore\Debug\libArduinoCore.a(new.o)
 .debug_info    0x0000b4cf     0x2824 C:\Users\Numaan\Documents\Atmel Studio\7.0\RM\RM\ArduinoCore\Debug\libArduinoCore.a(Print.o)
 .debug_info    0x0000dcf3      0x2cb C:\Users\Numaan\Documents\Atmel Studio\7.0\RM\RM\ArduinoCore\Debug\libArduinoCore.a(wiring.o)
 .debug_info    0x0000dfbe      0x5fe C:\Users\Numaan\Documents\Atmel Studio\7.0\RM\RM\ArduinoCore\Debug\libArduinoCore.a(wiring_digital.o)
 .debug_info    0x0000e5bc     0x99fc C:\Users\Numaan\Documents\Atmel Studio\7.0\RM\RM\ArduinoCore\Debug\libArduinoCore.a(Adafruit_FONA.o)
 .debug_info    0x00017fb8     0x27f5 C:\Users\Numaan\Documents\Atmel Studio\7.0\RM\RM\ArduinoCore\Debug\libArduinoCore.a(SoftwareSerial.o)
 .debug_info    0x0001a7ad       0x3e C:\Users\Numaan\Documents\Atmel Studio\7.0\RM\RM\ArduinoCore\Debug\libArduinoCore.a(hooks.o)
 .debug_info    0x0001a7eb      0x21c C:\Users\Numaan\Documents\Atmel Studio\7.0\RM\RM\ArduinoCore\Debug\libArduinoCore.a(WInterrupts.o)

.debug_abbrev   0x00000000     0x35c1
 *(.debug_abbrev)
 .debug_abbrev  0x00000000      0x5a2 C:/Program Files (x86)/Atmel/Studio/7.0/Packs/atmel/ATmega_DFP/1.2.132/gcc/dev/atmega328p/avr5/crtatmega328p.o
 .debug_abbrev  0x000005a2      0x39e GpsManager.o
 .debug_abbrev  0x00000940      0x3bf GsmManager.o
 .debug_abbrev  0x00000cff      0x347 Main_SignalLogging.o
 .debug_abbrev  0x00001046      0x188 src/libraries/Wire/src/utility/twi.o
 .debug_abbrev  0x000011ce      0x491 src/libraries/Wire/src/Wire.o
 .debug_abbrev  0x0000165f       0x6d C:\Users\Numaan\Documents\Atmel Studio\7.0\RM\RM\ArduinoCore\Debug\libArduinoCore.a(abi.o)
 .debug_abbrev  0x000016cc      0x432 C:\Users\Numaan\Documents\Atmel Studio\7.0\RM\RM\ArduinoCore\Debug\libArduinoCore.a(HardwareSerial.o)
 .debug_abbrev  0x00001afe      0x3a2 C:\Users\Numaan\Documents\Atmel Studio\7.0\RM\RM\ArduinoCore\Debug\libArduinoCore.a(HardwareSerial0.o)
 .debug_abbrev  0x00001ea0      0x12d C:\Users\Numaan\Documents\Atmel Studio\7.0\RM\RM\ArduinoCore\Debug\libArduinoCore.a(main.o)
 .debug_abbrev  0x00001fcd       0xce C:\Users\Numaan\Documents\Atmel Studio\7.0\RM\RM\ArduinoCore\Debug\libArduinoCore.a(new.o)
 .debug_abbrev  0x0000209b      0x469 C:\Users\Numaan\Documents\Atmel Studio\7.0\RM\RM\ArduinoCore\Debug\libArduinoCore.a(Print.o)
 .debug_abbrev  0x00002504      0x146 C:\Users\Numaan\Documents\Atmel Studio\7.0\RM\RM\ArduinoCore\Debug\libArduinoCore.a(wiring.o)
 .debug_abbrev  0x0000264a      0x15b C:\Users\Numaan\Documents\Atmel Studio\7.0\RM\RM\ArduinoCore\Debug\libArduinoCore.a(wiring_digital.o)
 .debug_abbrev  0x000027a5      0x6e9 C:\Users\Numaan\Documents\Atmel Studio\7.0\RM\RM\ArduinoCore\Debug\libArduinoCore.a(Adafruit_FONA.o)
 .debug_abbrev  0x00002e8e      0x60d C:\Users\Numaan\Documents\Atmel Studio\7.0\RM\RM\ArduinoCore\Debug\libArduinoCore.a(SoftwareSerial.o)
 .debug_abbrev  0x0000349b       0x2a C:\Users\Numaan\Documents\Atmel Studio\7.0\RM\RM\ArduinoCore\Debug\libArduinoCore.a(hooks.o)
 .debug_abbrev  0x000034c5       0xfc C:\Users\Numaan\Documents\Atmel Studio\7.0\RM\RM\ArduinoCore\Debug\libArduinoCore.a(WInterrupts.o)

.debug_line     0x00000000     0x68ab
 *(.debug_line .debug_line.* .debug_line_end)
 .debug_line    0x00000000      0x133 C:/Program Files (x86)/Atmel/Studio/7.0/Packs/atmel/ATmega_DFP/1.2.132/gcc/dev/atmega328p/avr5/crtatmega328p.o
 .debug_line    0x00000133      0x697 GpsManager.o
 .debug_line    0x000007ca      0x863 GsmManager.o
 .debug_line    0x0000102d      0xa36 Main_SignalLogging.o
 .debug_line    0x00001a63      0x8f4 src/libraries/Wire/src/utility/twi.o
 .debug_line    0x00002357      0x707 src/libraries/Wire/src/Wire.o
 .debug_line    0x00002a5e       0xa9 C:\Users\Numaan\Documents\Atmel Studio\7.0\RM\RM\ArduinoCore\Debug\libArduinoCore.a(abi.o)
 .debug_line    0x00002b07      0x426 C:\Users\Numaan\Documents\Atmel Studio\7.0\RM\RM\ArduinoCore\Debug\libArduinoCore.a(HardwareSerial.o)
 .debug_line    0x00002f2d      0x257 C:\Users\Numaan\Documents\Atmel Studio\7.0\RM\RM\ArduinoCore\Debug\libArduinoCore.a(HardwareSerial0.o)
 .debug_line    0x00003184      0x165 C:\Users\Numaan\Documents\Atmel Studio\7.0\RM\RM\ArduinoCore\Debug\libArduinoCore.a(main.o)
 .debug_line    0x000032e9      0x12f C:\Users\Numaan\Documents\Atmel Studio\7.0\RM\RM\ArduinoCore\Debug\libArduinoCore.a(new.o)
 .debug_line    0x00003418      0x62e C:\Users\Numaan\Documents\Atmel Studio\7.0\RM\RM\ArduinoCore\Debug\libArduinoCore.a(Print.o)
 .debug_line    0x00003a46      0x299 C:\Users\Numaan\Documents\Atmel Studio\7.0\RM\RM\ArduinoCore\Debug\libArduinoCore.a(wiring.o)
 .debug_line    0x00003cdf      0x252 C:\Users\Numaan\Documents\Atmel Studio\7.0\RM\RM\ArduinoCore\Debug\libArduinoCore.a(wiring_digital.o)
 .debug_line    0x00003f31     0x200f C:\Users\Numaan\Documents\Atmel Studio\7.0\RM\RM\ArduinoCore\Debug\libArduinoCore.a(Adafruit_FONA.o)
 .debug_line    0x00005f40      0x78a C:\Users\Numaan\Documents\Atmel Studio\7.0\RM\RM\ArduinoCore\Debug\libArduinoCore.a(SoftwareSerial.o)
 .debug_line    0x000066ca       0x41 C:\Users\Numaan\Documents\Atmel Studio\7.0\RM\RM\ArduinoCore\Debug\libArduinoCore.a(hooks.o)
 .debug_line    0x0000670b      0x1a0 C:\Users\Numaan\Documents\Atmel Studio\7.0\RM\RM\ArduinoCore\Debug\libArduinoCore.a(WInterrupts.o)

.debug_frame    0x00000000     0x2a90
 *(.debug_frame)
 .debug_frame   0x00000000      0x134 GpsManager.o
 .debug_frame   0x00000134      0x220 GsmManager.o
 .debug_frame   0x00000354      0x1d4 Main_SignalLogging.o
 .debug_frame   0x00000528      0x20c src/libraries/Wire/src/utility/twi.o
 .debug_frame   0x00000734      0x404 src/libraries/Wire/src/Wire.o
 .debug_frame   0x00000b38       0x34 C:\Users\Numaan\Documents\Atmel Studio\7.0\RM\RM\ArduinoCore\Debug\libArduinoCore.a(abi.o)
 .debug_frame   0x00000b6c      0x110 C:\Users\Numaan\Documents\Atmel Studio\7.0\RM\RM\ArduinoCore\Debug\libArduinoCore.a(HardwareSerial.o)
 .debug_frame   0x00000c7c       0xc0 C:\Users\Numaan\Documents\Atmel Studio\7.0\RM\RM\ArduinoCore\Debug\libArduinoCore.a(HardwareSerial0.o)
 .debug_frame   0x00000d3c       0x54 C:\Users\Numaan\Documents\Atmel Studio\7.0\RM\RM\ArduinoCore\Debug\libArduinoCore.a(main.o)
 .debug_frame   0x00000d90       0x54 C:\Users\Numaan\Documents\Atmel Studio\7.0\RM\RM\ArduinoCore\Debug\libArduinoCore.a(new.o)
 .debug_frame   0x00000de4      0x38c C:\Users\Numaan\Documents\Atmel Studio\7.0\RM\RM\ArduinoCore\Debug\libArduinoCore.a(Print.o)
 .debug_frame   0x00001170       0xc4 C:\Users\Numaan\Documents\Atmel Studio\7.0\RM\RM\ArduinoCore\Debug\libArduinoCore.a(wiring.o)
 .debug_frame   0x00001234       0x7c C:\Users\Numaan\Documents\Atmel Studio\7.0\RM\RM\ArduinoCore\Debug\libArduinoCore.a(wiring_digital.o)
 .debug_frame   0x000012b0     0x1514 C:\Users\Numaan\Documents\Atmel Studio\7.0\RM\RM\ArduinoCore\Debug\libArduinoCore.a(Adafruit_FONA.o)
 .debug_frame   0x000027c4      0x1b4 C:\Users\Numaan\Documents\Atmel Studio\7.0\RM\RM\ArduinoCore\Debug\libArduinoCore.a(SoftwareSerial.o)
 .debug_frame   0x00002978       0x24 C:\Users\Numaan\Documents\Atmel Studio\7.0\RM\RM\ArduinoCore\Debug\libArduinoCore.a(hooks.o)
 .debug_frame   0x0000299c       0xf4 C:\Users\Numaan\Documents\Atmel Studio\7.0\RM\RM\ArduinoCore\Debug\libArduinoCore.a(WInterrupts.o)

.debug_str      0x00000000    0x10fb6
 *(.debug_str)
 .debug_str     0x00000000      0x208 C:/Program Files (x86)/Atmel/Studio/7.0/Packs/atmel/ATmega_DFP/1.2.132/gcc/dev/atmega328p/avr5/crtatmega328p.o
 .debug_str     0x00000208     0xcd17 GpsManager.o
                               0xcfc0 (size before relaxing)
 .debug_str     0x0000cf1f      0x313 GsmManager.o
                               0xd1a0 (size before relaxing)
 .debug_str     0x0000d232      0x314 Main_SignalLogging.o
                               0xc62b (size before relaxing)
 .debug_str     0x0000d546      0x90c src/libraries/Wire/src/utility/twi.o
                               0xaf20 (size before relaxing)
 .debug_str     0x0000de52      0x55a src/libraries/Wire/src/Wire.o
                               0x9e13 (size before relaxing)
 .debug_str     0x0000e3ac      0x176 C:\Users\Numaan\Documents\Atmel Studio\7.0\RM\RM\ArduinoCore\Debug\libArduinoCore.a(abi.o)
                                0x18c (size before relaxing)
 .debug_str     0x0000e522      0x3b0 C:\Users\Numaan\Documents\Atmel Studio\7.0\RM\RM\ArduinoCore\Debug\libArduinoCore.a(HardwareSerial.o)
                               0x1583 (size before relaxing)
 .debug_str     0x0000e8d2       0x47 C:\Users\Numaan\Documents\Atmel Studio\7.0\RM\RM\ArduinoCore\Debug\libArduinoCore.a(HardwareSerial0.o)
                               0x135c (size before relaxing)
 .debug_str     0x0000e919       0x37 C:\Users\Numaan\Documents\Atmel Studio\7.0\RM\RM\ArduinoCore\Debug\libArduinoCore.a(main.o)
                                0x2a2 (size before relaxing)
 .debug_str     0x0000e950       0x50 C:\Users\Numaan\Documents\Atmel Studio\7.0\RM\RM\ArduinoCore\Debug\libArduinoCore.a(new.o)
                                0x1b8 (size before relaxing)
 .debug_str     0x0000e9a0      0x3c3 C:\Users\Numaan\Documents\Atmel Studio\7.0\RM\RM\ArduinoCore\Debug\libArduinoCore.a(Print.o)
                               0x11a1 (size before relaxing)
 .debug_str     0x0000ed63      0x147 C:\Users\Numaan\Documents\Atmel Studio\7.0\RM\RM\ArduinoCore\Debug\libArduinoCore.a(wiring.o)
                                0x238 (size before relaxing)
 .debug_str     0x0000eeaa       0xdc C:\Users\Numaan\Documents\Atmel Studio\7.0\RM\RM\ArduinoCore\Debug\libArduinoCore.a(wiring_digital.o)
                                0x29d (size before relaxing)
 .debug_str     0x0000ef86     0x19ef C:\Users\Numaan\Documents\Atmel Studio\7.0\RM\RM\ArduinoCore\Debug\libArduinoCore.a(Adafruit_FONA.o)
                               0x2e49 (size before relaxing)
 .debug_str     0x00010975      0x5c3 C:\Users\Numaan\Documents\Atmel Studio\7.0\RM\RM\ArduinoCore\Debug\libArduinoCore.a(SoftwareSerial.o)
                               0x187f (size before relaxing)
 .debug_str     0x00010f38       0x1c C:\Users\Numaan\Documents\Atmel Studio\7.0\RM\RM\ArduinoCore\Debug\libArduinoCore.a(hooks.o)
                                0x12d (size before relaxing)
 .debug_str     0x00010f54       0x62 C:\Users\Numaan\Documents\Atmel Studio\7.0\RM\RM\ArduinoCore\Debug\libArduinoCore.a(WInterrupts.o)
                                0x225 (size before relaxing)

.debug_loc      0x00000000     0xc94e
 *(.debug_loc)
 .debug_loc     0x00000000      0x288 GpsManager.o
 .debug_loc     0x00000288      0x49e GsmManager.o
 .debug_loc     0x00000726      0x3ac Main_SignalLogging.o
 .debug_loc     0x00000ad2      0x443 src/libraries/Wire/src/utility/twi.o
 .debug_loc     0x00000f15      0x8c8 src/libraries/Wire/src/Wire.o
 .debug_loc     0x000017dd      0x482 C:\Users\Numaan\Documents\Atmel Studio\7.0\RM\RM\ArduinoCore\Debug\libArduinoCore.a(HardwareSerial.o)
 .debug_loc     0x00001c5f      0x18a C:\Users\Numaan\Documents\Atmel Studio\7.0\RM\RM\ArduinoCore\Debug\libArduinoCore.a(HardwareSerial0.o)
 .debug_loc     0x00001de9       0x4c C:\Users\Numaan\Documents\Atmel Studio\7.0\RM\RM\ArduinoCore\Debug\libArduinoCore.a(new.o)
 .debug_loc     0x00001e35     0x1c79 C:\Users\Numaan\Documents\Atmel Studio\7.0\RM\RM\ArduinoCore\Debug\libArduinoCore.a(Print.o)
 .debug_loc     0x00003aae      0x28d C:\Users\Numaan\Documents\Atmel Studio\7.0\RM\RM\ArduinoCore\Debug\libArduinoCore.a(wiring.o)
 .debug_loc     0x00003d3b      0x5fc C:\Users\Numaan\Documents\Atmel Studio\7.0\RM\RM\ArduinoCore\Debug\libArduinoCore.a(wiring_digital.o)
 .debug_loc     0x00004337     0x7772 C:\Users\Numaan\Documents\Atmel Studio\7.0\RM\RM\ArduinoCore\Debug\libArduinoCore.a(Adafruit_FONA.o)
 .debug_loc     0x0000baa9      0xc70 C:\Users\Numaan\Documents\Atmel Studio\7.0\RM\RM\ArduinoCore\Debug\libArduinoCore.a(SoftwareSerial.o)
 .debug_loc     0x0000c719      0x235 C:\Users\Numaan\Documents\Atmel Studio\7.0\RM\RM\ArduinoCore\Debug\libArduinoCore.a(WInterrupts.o)

.debug_macinfo
 *(.debug_macinfo)

.debug_weaknames
 *(.debug_weaknames)

.debug_funcnames
 *(.debug_funcnames)

.debug_typenames
 *(.debug_typenames)

.debug_varnames
 *(.debug_varnames)

.debug_pubtypes
 *(.debug_pubtypes)

.debug_ranges   0x00000000      0x7e0
 *(.debug_ranges)
 .debug_ranges  0x00000000       0x28 GpsManager.o
 .debug_ranges  0x00000028       0x40 GsmManager.o
 .debug_ranges  0x00000068       0x28 Main_SignalLogging.o
 .debug_ranges  0x00000090       0x28 src/libraries/Wire/src/Wire.o
 .debug_ranges  0x000000b8       0x10 C:\Users\Numaan\Documents\Atmel Studio\7.0\RM\RM\ArduinoCore\Debug\libArduinoCore.a(abi.o)
 .debug_ranges  0x000000c8       0x58 C:\Users\Numaan\Documents\Atmel Studio\7.0\RM\RM\ArduinoCore\Debug\libArduinoCore.a(HardwareSerial.o)
 .debug_ranges  0x00000120       0x28 C:\Users\Numaan\Documents\Atmel Studio\7.0\RM\RM\ArduinoCore\Debug\libArduinoCore.a(HardwareSerial0.o)
 .debug_ranges  0x00000148       0x20 C:\Users\Numaan\Documents\Atmel Studio\7.0\RM\RM\ArduinoCore\Debug\libArduinoCore.a(main.o)
 .debug_ranges  0x00000168       0x18 C:\Users\Numaan\Documents\Atmel Studio\7.0\RM\RM\ArduinoCore\Debug\libArduinoCore.a(new.o)