Archive member included to satisfy reference by file (symbol)

c:/program files (x86)/atmel/studio/7.0/toolchain/avr8/avr8-gnu-toolchain/bin/../lib/gcc/avr/5.4.0/../../../../avr/lib/avr5\libm.a(floatsisf.o)
                              SensorManager.o (__floatsisf)
C:\Users\Saba Baig\Documents\Atmel Studio\7.0\RM\RM\ArduinoCore\Debug\libArduinoCore.a(HardwareSerial.o)
                              Main_SignalLogging.o (_ZN14HardwareSerial5beginEmh)
C:\Users\Saba Baig\Documents\Atmel Studio\7.0\RM\RM\ArduinoCore\Debug\libArduinoCore.a(HardwareSerial0.o)
                              GsmManager.o (Serial)
C:\Users\Saba Baig\Documents\Atmel Studio\7.0\RM\RM\ArduinoCore\Debug\libArduinoCore.a(main.o)
                              C:/Program Files (x86)/Atmel/Studio/7.0/Packs/atmel/ATmega_DFP/1.2.132/gcc/dev/atmega328p/avr5/crtatmega328p.o (main)
C:\Users\Saba Baig\Documents\Atmel Studio\7.0\RM\RM\ArduinoCore\Debug\libArduinoCore.a(new.o)
                              GsmManager.o (_Znwj)
C:\Users\Saba Baig\Documents\Atmel Studio\7.0\RM\RM\ArduinoCore\Debug\libArduinoCore.a(Print.o)
                              src/libraries/Adafruit_Fona_RMonV3/src/Adafruit_FONA.o (_ZN5Print5writeEPKhj)
C:\Users\Saba Baig\Documents\Atmel Studio\7.0\RM\RM\ArduinoCore\Debug\libArduinoCore.a(wiring.o)
                              Main_SignalLogging.o (delay)
C:\Users\Saba Baig\Documents\Atmel Studio\7.0\RM\RM\ArduinoCore\Debug\libArduinoCore.a(wiring_analog.o)
                              SensorManager.o (analogRead)
C:\Users\Saba Baig\Documents\Atmel Studio\7.0\RM\RM\ArduinoCore\Debug\libArduinoCore.a(wiring_digital.o)
                              Main_SignalLogging.o (pinMode)
C:\Users\Saba Baig\Documents\Atmel Studio\7.0\RM\RM\ArduinoCore\Debug\libArduinoCore.a(SoftwareSerial.o)
                              GsmManager.o (_ZN14SoftwareSerialC1Ehhb)
C:\Users\Saba Baig\Documents\Atmel Studio\7.0\RM\RM\ArduinoCore\Debug\libArduinoCore.a(abi.o)
                              C:\Users\Saba Baig\Documents\Atmel Studio\7.0\RM\RM\ArduinoCore\Debug\libArduinoCore.a(Print.o) (__cxa_pure_virtual)
C:\Users\Saba Baig\Documents\Atmel Studio\7.0\RM\RM\ArduinoCore\Debug\libArduinoCore.a(hooks.o)
                              C:\Users\Saba Baig\Documents\Atmel Studio\7.0\RM\RM\ArduinoCore\Debug\libArduinoCore.a(wiring.o) (yield)
c:/program files (x86)/atmel/studio/7.0/toolchain/avr8/avr8-gnu-toolchain/bin/../lib/gcc/avr/5.4.0/../../../../avr/lib/avr5\libm.a(addsf3.o)
                              C:\Users\Saba Baig\Documents\Atmel Studio\7.0\RM\RM\ArduinoCore\Debug\libArduinoCore.a(Print.o) (__subsf3)
c:/program files (x86)/atmel/studio/7.0/toolchain/avr8/avr8-gnu-toolchain/bin/../lib/gcc/avr/5.4.0/../../../../avr/lib/avr5\libm.a(addsf3x.o)
                              c:/program files (x86)/atmel/studio/7.0/toolchain/avr8/avr8-gnu-toolchain/bin/../lib/gcc/avr/5.4.0/../../../../avr/lib/avr5\libm.a(addsf3.o) (__addsf3x)
c:/program files (x86)/atmel/studio/7.0/toolchain/avr8/avr8-gnu-toolchain/bin/../lib/gcc/avr/5.4.0/../../../../avr/lib/avr5\libm.a(cmpsf2.o)
                              C:\Users\Saba Baig\Documents\Atmel Studio\7.0\RM\RM\ArduinoCore\Debug\libArduinoCore.a(Print.o) (__ltsf2)
c:/program files (x86)/atmel/studio/7.0/toolchain/avr8/avr8-gnu-toolchain/bin/../lib/gcc/avr/5.4.0/../../../../avr/lib/avr5\libm.a(divsf3.o)
                              C:\Users\Saba Baig\Documents\Atmel Studio\7.0\RM\RM\ArduinoCore\Debug\libArduinoCore.a(Print.o) (__divsf3)
c:/program files (x86)/atmel/studio/7.0/toolchain/avr8/avr8-gnu-toolchain/bin/../lib/gcc/avr/5.4.0/../../../../avr/lib/avr5\libm.a(divsf3x.o)
                              c:/program files (x86)/atmel/studio/7.0/toolchain/avr8/avr8-gnu-toolchain/bin/../lib/gcc/avr/5.4.0/../../../../avr/lib/avr5\libm.a(divsf3.o) (__divsf3x)
c:/program files (x86)/atmel/studio/7.0/toolchain/avr8/avr8-gnu-toolchain/bin/../lib/gcc/avr/5.4.0/../../../../avr/lib/avr5\libm.a(fixsfsi.o)
                              C:\Users\Saba Baig\Documents\Atmel Studio\7.0\RM\RM\ArduinoCore\Debug\libArduinoCore.a(Print.o) (__fixsfsi)
c:/program files (x86)/atmel/studio/7.0/toolchain/avr8/avr8-gnu-toolchain/bin/../lib/gcc/avr/5.4.0/../../../../avr/lib/avr5\libm.a(fixunssfsi.o)
                              C:\Users\Saba Baig\Documents\Atmel Studio\7.0\RM\RM\ArduinoCore\Debug\libArduinoCore.a(Print.o) (__fixunssfsi)
c:/program files (x86)/atmel/studio/7.0/toolchain/avr8/avr8-gnu-toolchain/bin/../lib/gcc/avr/5.4.0/../../../../avr/lib/avr5\libm.a(fp_cmp.o)
                              c:/program files (x86)/atmel/studio/7.0/toolchain/avr8/avr8-gnu-toolchain/bin/../lib/gcc/avr/5.4.0/../../../../avr/lib/avr5\libm.a(cmpsf2.o) (__fp_cmp)
c:/program files (x86)/atmel/studio/7.0/toolchain/avr8/avr8-gnu-toolchain/bin/../lib/gcc/avr/5.4.0/../../../../avr/lib/avr5\libm.a(fp_inf.o)
[...]
Memory Configuration

Name             Origin             Length             Attributes
text             0x00000000         0x00020000         xr
data             0x00800060         0x0000ffa0         rw !x
eeprom           0x00810000         0x00010000         rw !x
fuse             0x00820000         0x00000003         rw !x
lock             0x00830000         0x00000400         rw !x
signature        0x00840000         0x00000400         rw !x
user_signatures  0x00850000         0x00000400         rw !x
*default*        0x00000000         0xffffffff

Linker script and memory map

Address of section .data set to 0x800100
LOAD C:/Program Files (x86)/Atmel/Studio/7.0/Packs/atmel/ATmega_DFP/1.2.132/gcc/dev/atmega328p/avr5/crtatmega328p.o
LOAD GpsManager.o
LOAD GsmManager.o
LOAD Helpers.o
LOAD Main_SignalLogging.o
LOAD RmMemManager.o
LOAD SensorManager.o
LOAD src/libraries/Adafruit_Fona_RMonV3/src/Adafruit_FONA.o
LOAD src/libraries/Wire/src/utility/twi.o
LOAD src/libraries/Wire/src/Wire.o
LOAD ExtendedTests.o
LOAD Timing.o
START GROUP
LOAD c:/program files (x86)/atmel/studio/7.0/toolchain/avr8/avr8-gnu-toolchain/bin/../lib/gcc/avr/5.4.0/../../../../avr/lib/avr5\libm.a
LOAD C:\Users\Saba Baig\Documents\Atmel Studio\7.0\RM\RM\ArduinoCore\Debug\libArduinoCore.a
END GROUP
LOAD c:/program files (x86)/atmel/studio/7.0/toolchain/avr8/avr8-gnu-toolchain/bin/../lib/gcc/avr/5.4.0/avr5\libgcc.a
LOAD c:/program files (x86)/atmel/studio/7.0/toolchain/avr8/avr8-gnu-toolchain/bin/../lib/gcc/avr/5.4.0/../../../../avr/lib/avr5\libm.a
START GROUP
LOAD c:/program files (x86)/atmel/studio/7.0/toolchain/avr8/avr8-gnu-toolchain/bin/../lib/gcc/avr/5.4.0/avr5\libgcc.a
LOAD c:/program files (x86)/atmel/studio/7.0/toolchain/avr8/avr8-gnu-toolchain/bin/../lib/gcc/avr/5.4.0/../../../../avr/lib/avr5\libm.a
LOAD c:/program files (x86)/atmel/studio/7.0/toolchain/avr8/avr8-gnu-toolchain/bin/../lib/gcc/avr/5.4.0/../../../../avr/lib/avr5\libc.a
LOAD C:/Program Files (x86)/Atmel/Studio/7.0/Packs/atmel/ATmega_DFP/1.2.132/gcc/dev/atmega328p/avr5\libatmega328p.a
END GROUP
                0x00000000                __TEXT_REGION_ORIGIN__ = DEFINED (__TEXT_REGION_ORIGIN__)?__TEXT_REGION_ORIGIN__:0x0
                0x00800060                __DATA_REGION_ORIGIN__ = DEFINED (__DATA_REGION_ORIGIN__)?__DATA_REGION_ORIGIN__:0x800060
                0x00020000                __TEXT_REGION_LENGTH__ = DEFINED (__TEXT_REGION_LENGTH__)?__TEXT_REGION_LENGTH__:0x20000
                0x0000ffa0                __DATA_REGION_LENGTH__ = DEFINED (__DATA_REGION_LENGTH__)?__DATA_REGION_LENGTH__:0xffa0
                0x00010000                __EEPROM_REGION_LENGTH__ = DEFINED (__EEPROM_REGION_LENGTH__)?__EEPROM_REGION_LENGTH__:0x10000
                [0x00000003]                __FUSE_REGION_LENGTH__ = DEFINED (__FUSE_REGION_LENGTH__)?__FUSE_REGION_LENGTH__:0x400
                0x00000400                __LOCK_REGION_LENGTH__ = DEFINED (__LOCK_REGION_LENGTH__)?__LOCK_REGION_LENGTH__:0x400
                0x00000400                __SIGNATURE_REGION_LENGTH__ = DEFINED (__SIGNATURE_REGION_LENGTH__)?__SIGNATURE_REGION_LENGTH__:0x400
                0x00000400                __USER_SIGNATURE_REGION_LENGTH__ = DEFINED (__USER_SIGNATURE_REGION_LENGTH__)?__USER_SIGNATURE_REGION_LENGTH__:0x400

.hash
 *(.hash)

.dynsym
 *(.dynsym)

.dynstr
 *(.dynstr)

.gnu.version
 *(.gnu.version)

.gnu.version_d
 *(.gnu.version_d)

.gnu.version_r
 *(.gnu.version_r)

.rel.init
 *(.rel.init)

.rela.init
 *(.rela.init)

.rel.text
 *(.rel.text)
 *(.rel.text.*)
 *(.rel.gnu.linkonce.t*)

.rela.text
 *(.rela.text)
 *(.rela.text.*)
 *(.rela.gnu.linkonce.t*)

.rel.fini
 *(.rel.fini)

.rela.fini
 *(.rela.fini)

.rel.rodata
 *(.rel.rodata)
 *(.rel.rodata.*)
 *(.rel.gnu.linkonce.r*)

.rela.rodata
 *(.rela.rodata)
 *(.rela.rodata.*)
 *(.rela.gnu.linkonce.r*)

.rel.data
 *(.rel.data)
 *(.rel.data.*)
 *(.rel.gnu.linkonce.d*)

.rela.data
 *(.rela.data)
 *(.rela.data.*)
 *(.rela.gnu.linkonce.d*)

.rel.ctors
 *(.rel.ctors)

.rela.ctors
 *(.rela.ctors)

.rel.dtors
 *(.rel.dtors)

.rela.dtors
 *(.rela.dtors)

.rel.got
 *(.rel.got)

.rela.got
 *(.rela.got)

.rel.bss
 *(.rel.bss)

.rela.bss
 *(.rela.bss)

.rel.plt
 *(.rel.plt)

.rela.plt
 *(.rela.plt)

.text           0x00000000     0x2a04
 *(.vectors)
 .vectors       0x00000000       0x68 C:/Program Files (x86)/Atmel/Studio/7.0/Packs/atmel/ATmega_DFP/1.2.132/gcc/dev/atmega328p/avr5/crtatmega328p.o
                0x00000000                __vector_default
                0x00000000                __vectors
 *(.vectors)
 *(.progmem.gcc*)
                0x00000068                . = ALIGN (0x2)
                0x00000068                __trampolines_start = .
 *(.trampolines)
 .trampolines   0x00000068        0x0 linker stubs
 *(.trampolines*)
                0x00000068                __trampolines_end = .
 *libprintf_flt.a:*(.progmem.data)
 *libc.a:*(.progmem.data)
 *(.progmem*)
 .progmem.data._ZZN7Helpers15printSensorDataEP10SensorDataE3__c_5
                0x00000068        0x6 Helpers.o
 .progmem.data._ZZN7Helpers15printSensorDataEP10SensorDataE3__c_4
                0x0000006e        0x4 Helpers.o
 .progmem.data._ZZN7Helpers15printSensorDataEP10SensorDataE3__c_3
                0x00000072        0x9 Helpers.o
 .progmem.data._ZZN7Helpers15printSensorDataEP10SensorDataE3__c_2
                0x0000007b        0x4 Helpers.o
 .progmem.data._ZZN7Helpers15printSensorDataEP10SensorDataE3__c_1
                0x0000007f        0x6 Helpers.o
 .progmem.data._ZZN7Helpers15printSensorDataEP10SensorDataE3__c_0
                0x00000085        0x4 Helpers.o
 .progmem.data._ZZN7Helpers15printSensorDataEP10SensorDataE3__c
                0x00000089        0x8 Helpers.o
 .progmem.data._ZZ4loopE3__c
                0x00000091        0xa Main_SignalLogging.o
 .progmem.data._ZZ8sendDatavE3__c
                0x0000009b       0x10 Main_SignalLogging.o
 .progmem.data._ZZ5setupE3__c
                0x000000ab        0xc Main_SignalLogging.o
 .progmem.data._ZZN12RmMemManager17verifyBasicEepRomEvE3__c_7
                0x000000b7        0x8 RmMemManager.o
 .progmem.data._ZZN12RmMemManager17verifyBasicEepRomEvE3__c_6
                0x000000bf        0x9 RmMemManager.o
 .progmem.data._ZZN12RmMemManager17verifyBasicEepRomEvE3__c_5
                0x000000c8        0x7 RmMemManager.o
 .progmem.data._ZZN12RmMemManager17verifyBasicEepRomEvE3__c_4
                0x000000cf       0x13 RmMemManager.o
 .progmem.data._ZZN12RmMemManager17verifyBasicEepRomEvE3__c_3
                0x000000e2        0xc RmMemManager.o
 .progmem.data._ZZN12RmMemManager17verifyBasicEepRomEvE3__c_2
                0x000000ee        0xd RmMemManager.o
 .progmem.data._ZZN12RmMemManager17verifyBasicEepRomEvE3__c_1
                0x000000fb        0xb RmMemManager.o
 .progmem.data._ZZN12RmMemManager17verifyBasicEepRomEvE3__c_0
                0x00000106        0xc RmMemManager.o
 .progmem.data._ZZN12RmMemManager17verifyBasicEepRomEvE3__c
                0x00000112       0x12 RmMemManager.o
 .progmem.data._ZZN13SensorManager8readDataEP10SensorDataE3__c
                0x00000124       0x13 SensorManager.o
 .progmem.data._ZZN13Adafruit_FONA5beginER6StreamE3__c_13
                0x00000137        0x8 src/libraries/Adafruit_Fona_RMonV3/src/Adafruit_FONA.o
 .progmem.data._ZZN13Adafruit_FONA5beginER6StreamE3__c_12
                0x0000013f       0x10 src/libraries/Adafruit_Fona_RMonV3/src/Adafruit_FONA.o
 .progmem.data._ZZN13Adafruit_FONA5beginER6StreamE3__c_11
                0x0000014f       0x10 src/libraries/Adafruit_Fona_RMonV3/src/Adafruit_FONA.o
 .progmem.data._ZZN13Adafruit_FONA5beginER6StreamE3__c_10
                0x0000015f        0xb src/libraries/Adafruit_Fona_RMonV3/src/Adafruit_FONA.o
 .progmem.data._ZZN13Adafruit_FONA5beginER6StreamE3__c_9
                0x0000016a        0xb src/libraries/Adafruit_Fona_RMonV3/src/Adafruit_FONA.o
 .progmem.data._ZZN13Adafruit_FONA5beginER6StreamE3__c_8
                0x00000175        0xb src/libraries/Adafruit_Fona_RMonV3/src/Adafruit_FONA.o
 .progmem.data._ZZN13Adafruit_FONA5beginER6StreamE3__c_7
                0x00000180        0xa src/libraries/Adafruit_Fona_RMonV3/src/Adafruit_FONA.o
 .progmem.data._ZZN13Adafruit_FONA5beginER6StreamE3__c_6
                0x0000018a        0x5 src/libraries/Adafruit_Fona_RMonV3/src/Adafruit_FONA.o
 .progmem.data._ZZN13Adafruit_FONA5beginER6StreamE3__c_5
                0x0000018f        0x5 src/libraries/Adafruit_Fona_RMonV3/src/Adafruit_FONA.o
 .progmem.data._ZZN13Adafruit_FONA5beginER6StreamE3__c_4
                0x00000194        0x3 src/libraries/Adafruit_Fona_RMonV3/src/Adafruit_FONA.o
 .progmem.data._ZZN13Adafruit_FONA5beginER6StreamE3__c_3
                0x00000197        0x3 src/libraries/Adafruit_Fona_RMonV3/src/Adafruit_FONA.o
 .progmem.data._ZZN13Adafruit_FONA5beginER6StreamE3__c_2
                0x0000019a        0x3 src/libraries/Adafruit_Fona_RMonV3/src/Adafruit_FONA.o
 .progmem.data._ZZN13Adafruit_FONA5beginER6StreamE3__c_0
                0x0000019d        0x3 src/libraries/Adafruit_Fona_RMonV3/src/Adafruit_FONA.o
 .progmem.data._ZZN13Adafruit_FONA5beginER6StreamE3__c_1
                0x000001a0        0x3 src/libraries/Adafruit_Fona_RMonV3/src/Adafruit_FONA.o
 .progmem.data._ZZN13Adafruit_FONA5beginER6StreamE3__c
                0x000001a3        0x3 src/libraries/Adafruit_Fona_RMonV3/src/Adafruit_FONA.o
 .progmem.data._ZZN13Adafruit_FONAC4EaE3__c_1
                0x000001a6        0x3 src/libraries/Adafruit_Fona_RMonV3/src/Adafruit_FONA.o
 .progmem.data._ZZN13Adafruit_FONAC4EaE3__c_0
                0x000001a9        0x5 src/libraries/Adafruit_Fona_RMonV3/src/Adafruit_FONA.o
 .progmem.data._ZZN13Adafruit_FONAC4EaE3__c
                0x000001ae        0x8 src/libraries/Adafruit_Fona_RMonV3/src/Adafruit_FONA.o
 .progmem.data.digital_pin_to_timer_PGM
                0x000001b6       0x14 C:\Users\Saba Baig\Documents\Atmel Studio\7.0\RM\RM\ArduinoCore\Debug\libArduinoCore.a(wiring_digital.o)
                0x000001b6                digital_pin_to_timer_PGM
 .progmem.data.digital_pin_to_bit_mask_PGM
                0x000001ca       0x14 C:\Users\Saba Baig\Documents\Atmel Studio\7.0\RM\RM\ArduinoCore\Debug\libArduinoCore.a(wiring_digital.o)
                0x000001ca                digital_pin_to_bit_mask_PGM
 .progmem.data.digital_pin_to_port_PGM
                0x000001de       0x14 C:\Users\Saba Baig\Documents\Atmel Studio\7.0\RM\RM\ArduinoCore\Debug\libArduinoCore.a(wiring_digital.o)
                0x000001de                digital_pin_to_port_PGM
 .progmem.data.port_to_input_PGM
                0x000001f2        0xa C:\Users\Saba Baig\Documents\Atmel Studio\7.0\RM\RM\ArduinoCore\Debug\libArduinoCore.a(wiring_digital.o)
                0x000001f2                port_to_input_PGM
 .progmem.data.port_to_output_PGM
                0x000001fc        0xa C:\Users\Saba Baig\Documents\Atmel Studio\7.0\RM\RM\ArduinoCore\Debug\libArduinoCore.a(wiring_digital.o)
                0x000001fc                port_to_output_PGM
 .progmem.data.port_to_mode_PGM
                0x00000206        0xa C:\Users\Saba Baig\Documents\Atmel Studio\7.0\RM\RM\ArduinoCore\Debug\libArduinoCore.a(wiring_digital.o)
                0x00000206                port_to_mode_PGM
                0x00000210                . = ALIGN (0x2)
 *(.jumptables)
 *(.jumptables*)
 *(.lowtext)
 *(.lowtext*)
                0x00000210                __ctors_start = .
 *(.ctors)
 .ctors         0x00000210        0x2 Main_SignalLogging.o
 .ctors         0x00000212        0x2 src/libraries/Wire/src/Wire.o
 .ctors         0x00000214        0x2 C:\Users\Saba Baig\Documents\Atmel Studio\7.0\RM\RM\ArduinoCore\Debug\libArduinoCore.a(HardwareSerial0.o)
                0x00000216                __ctors_end = .
                0x00000216                __dtors_start = .
 *(.dtors)
 .dtors         0x00000216        0x2 Main_SignalLogging.o
                0x00000218                __dtors_end = .
 SORT(*)(.ctors)
 SORT(*)(.dtors)
 *(.init0)
 .init0         0x00000218        0x0 C:/Program Files (x86)/Atmel/Studio/7.0/Packs/atmel/ATmega_DFP/1.2.132/gcc/dev/atmega328p/avr5/crtatmega328p.o
                0x00000218                __init
 *(.init0)
 *(.init1)
 *(.init1)
 *(.init2)
 .init2         0x00000218        0xc C:/Program Files (x86)/Atmel/Studio/7.0/Packs/atmel/ATmega_DFP/1.2.132/gcc/dev/atmega328p/avr5/crtatmega328p.o
 *(.init2)
 *(.init3)
 *(.init3)
 *(.init4)
 .init4         0x00000224       0x16 c:/program files (x86)/atmel/studio/7.0/toolchain/avr8/avr8-gnu-toolchain/bin/../lib/gcc/avr/5.4.0/avr5\libgcc.a(_copy_data.o)
                0x00000224                __do_copy_data
 .init4         0x0000023a       0x10 c:/program files (x86)/atmel/studio/7.0/toolchain/avr8/avr8-gnu-toolchain/bin/../lib/gcc/avr/5.4.0/avr5\libgcc.a(_clear_bss.o)
                0x0000023a                __do_clear_bss
 *(.init4)
 *(.init5)
 *(.init5)
 *(.init6)
 .init6         0x0000024a       0x16 c:/program files (x86)/atmel/studio/7.0/toolchain/avr8/avr8-gnu-toolchain/bin/../lib/gcc/avr/5.4.0/avr5\libgcc.a(_ctors.o)
                0x0000024a                __do_global_ctors
 *(.init6)
 *(.init7)
 *(.init7)
 *(.init8)
 *(.init8)
 *(.init9)
 .init9         0x00000260        0x8 C:/Program Files (x86)/Atmel/Studio/7.0/Packs/atmel/ATmega_DFP/1.2.132/gcc/dev/atmega328p/avr5/crtatmega328p.o
 *(.init9)
 *(.text)
 .text          0x00000268        0x4 C:/Program Files (x86)/Atmel/Studio/7.0/Packs/atmel/ATmega_DFP/1.2.132/gcc/dev/atmega328p/avr5/crtatmega328p.o
                0x00000268                __vector_22
                0x00000268                __vector_1
                0x00000268                __vector_12
                0x00000268                __bad_interrupt
                0x00000268                __vector_6
                0x00000268                __vector_23
                0x00000268                __vector_25
                0x00000268                __vector_11
                0x00000268                __vector_13
                0x00000268                __vector_17
                0x00000268                __vector_7
                0x00000268                __vector_9
                0x00000268                __vector_2
                0x00000268                __vector_21
                0x00000268                __vector_15
                0x00000268                __vector_8
                0x00000268                __vector_14
                0x00000268                __vector_10
                0x00000268                __vector_20
                0x0000026c                . = ALIGN (0x2)
 *(.text.*)
 .text._ZN10GpsManagerC2Eh
                0x0000026c       0x1e GpsManager.o
                0x0000026c                _ZN10GpsManagerC2Eh
                0x0000026c                _ZN10GpsManagerC1Eh
 .text._ZN10GpsManagerD2Ev
                0x0000028a        0x2 GpsManager.o
                0x0000028a                _ZN10GpsManagerD2Ev
                0x0000028a                _ZN10GpsManagerD1Ev
 .text._ZN10GpsManager7setFonaER13Adafruit_FONA
                0x0000028c       0xf6 GpsManager.o
                0x0000028c                _ZN10GpsManager7setFonaER13Adafruit_FONA
 .text._ZN10GpsManager9toggleGpsEb
                0x00000382       0x12 GpsManager.o
                0x00000382                _ZN10GpsManager9toggleGpsEb
 .text._ZN10GsmManagerC2Eh
                0x00000394        0xc GsmManager.o
                0x00000394                _ZN10GsmManagerC1Eh
                0x00000394                _ZN10GsmManagerC2Eh
 .text._ZN10GsmManagerD2Ev
                0x000003a0        0x2 GsmManager.o
                0x000003a0                _ZN10GsmManagerD2Ev
                0x000003a0                _ZN10GsmManagerD1Ev
 .text._ZN10GsmManager7setFonaER13Adafruit_FONA
                0x000003a2       0xf6 GsmManager.o
                0x000003a2                _ZN10GsmManager7setFonaER13Adafruit_FONA
 .text._ZN10GsmManager5beginEv
                0x00000498       0x72 GsmManager.o
                0x00000498                _ZN10GsmManager5beginEv
 .text._ZN7Helpers15printSensorDataEP10SensorData
                0x0000050a       0x9e Helpers.o
                0x0000050a                _ZN7Helpers15printSensorDataEP10SensorData
 .text._Z14initSubsystemsv
                0x000005a8       0x30 Main_SignalLogging.o
                0x000005a8                _Z14initSubsystemsv
 .text._Z15switchOffSystemv
                0x000005d8       0x20 Main_SignalLogging.o
                0x000005d8                _Z15switchOffSystemv
 .text.setup    0x000005f8       0x52 Main_SignalLogging.o
                0x000005f8                setup
 .text._Z12takeReadingsv
                0x0000064a       0x3a Main_SignalLogging.o
                0x0000064a                _Z12takeReadingsv
 .text._Z8sendDatav
                0x00000684       0x10 Main_SignalLogging.o
                0x00000684                _Z8sendDatav
 .text.loop     0x00000694       0x88 Main_SignalLogging.o
                0x00000694                loop
 .text.startup._GLOBAL__sub_I_fona
                0x0000071c       0x32 Main_SignalLogging.o
 .text.exit._GLOBAL__sub_D_fona
                0x0000074e       0x10 Main_SignalLogging.o
 .text._ZN7TwoWire5writeEi
                0x0000075e        0xe RmMemManager.o
                0x0000075e                _ZN7TwoWire5writeEi
 .text._ZN12RmMemManagerC2Eb
                0x0000076c       0x12 RmMemManager.o
                0x0000076c                _ZN12RmMemManagerC1Eb
                0x0000076c                _ZN12RmMemManagerC2Eb
 .text._Z13internalWritejPhh
                0x0000077e       0x72 RmMemManager.o
                0x0000077e                _Z13internalWritejPhh
 .text._Z12internalReadjPhh
                0x000007f0       0x86 RmMemManager.o
                0x000007f0                _Z12internalReadjPhh
 .text._ZN12RmMemManager18getUCharFromMemoryEj
                0x00000876       0x22 RmMemManager.o
                0x00000876                _ZN12RmMemManager18getUCharFromMemoryEj
 .text._ZN12RmMemManager19getUShortFromMemoryEj
                0x00000898       0x26 RmMemManager.o
                0x00000898                _ZN12RmMemManager19getUShortFromMemoryEj
 .text._ZN12RmMemManager17getUIntFromMemoryEj
                0x000008be       0x30 RmMemManager.o
                0x000008be                _ZN12RmMemManager17getUIntFromMemoryEj
 .text._ZN12RmMemManager18getULongFromMemoryEj
                0x000008ee       0x44 RmMemManager.o
                0x000008ee                _ZN12RmMemManager18getULongFromMemoryEj
 .text._ZN12RmMemManager17verifyBasicEepRomEv
                0x00000932      0x254 RmMemManager.o
                0x00000932                _ZN12RmMemManager17verifyBasicEepRomEv
 .text._ZN13SensorManagerC2Eb
                0x00000b86        0x6 SensorManager.o
                0x00000b86                _ZN13SensorManagerC1Eb
                0x00000b86                _ZN13SensorManagerC2Eb
 .text._ZN13SensorManager16takeSampleAnalogEh
                0x00000b8c       0x14 SensorManager.o
                0x00000b8c                _ZN13SensorManager16takeSampleAnalogEh
 .text._Z11getMockDataP10SensorData
                0x00000ba0       0x40 SensorManager.o
                0x00000ba0                _Z11getMockDataP10SensorData
 .text._ZN13SensorManager8readDataEP10SensorData
                0x00000be0       0x84 SensorManager.o
                0x00000be0                _ZN13SensorManager8readDataEP10SensorData
 .text._ZN13Adafruit_FONA9availableEv
                0x00000c64       0x18 src/libraries/Adafruit_Fona_RMonV3/src/Adafruit_FONA.o
                0x00000c64                _ZN13Adafruit_FONA9availableEv
 .text._ZN13Adafruit_FONA5writeEh
                0x00000c7c       0x18 src/libraries/Adafruit_Fona_RMonV3/src/Adafruit_FONA.o
                0x00000c7c                _ZN13Adafruit_FONA5writeEh
 .text._ZN13Adafruit_FONA4readEv
                0x00000c94       0x18 src/libraries/Adafruit_Fona_RMonV3/src/Adafruit_FONA.o
                0x00000c94                _ZN13Adafruit_FONA4readEv
 .text._ZN13Adafruit_FONA4peekEv
                0x00000cac       0x18 src/libraries/Adafruit_Fona_RMonV3/src/Adafruit_FONA.o
                0x00000cac                _ZN13Adafruit_FONA4peekEv
 .text._ZN13Adafruit_FONA5flushEv
                0x00000cc4       0x18 src/libraries/Adafruit_Fona_RMonV3/src/Adafruit_FONA.o
                0x00000cc4                _ZN13Adafruit_FONA5flushEv
 .text._ZN13Adafruit_FONAC2Ea
                0x00000cdc       0x64 src/libraries/Adafruit_Fona_RMonV3/src/Adafruit_FONA.o
                0x00000cdc                _ZN13Adafruit_FONAC1Ea
                0x00000cdc                _ZN13Adafruit_FONAC2Ea
 .text._ZN13Adafruit_FONA10flushInputEv
                0x00000d40       0x58 src/libraries/Adafruit_Fona_RMonV3/src/Adafruit_FONA.o
                0x00000d40                _ZN13Adafruit_FONA10flushInputEv
 .text._ZN13Adafruit_FONA8readlineEjb
                0x00000d98       0xb4 src/libraries/Adafruit_Fona_RMonV3/src/Adafruit_FONA.o
                0x00000d98                _ZN13Adafruit_FONA8readlineEjb
 .text._ZN13Adafruit_FONA8getReplyEPK19__FlashStringHelperj
                0x00000e4c       0x3c src/libraries/Adafruit_Fona_RMonV3/src/Adafruit_FONA.o
                0x00000e4c                _ZN13Adafruit_FONA8getReplyEPK19__FlashStringHelperj
 .text._ZN13Adafruit_FONA14sendCheckReplyEPK19__FlashStringHelperS2_j
                0x00000e88       0x34 src/libraries/Adafruit_Fona_RMonV3/src/Adafruit_FONA.o
                0x00000e88                _ZN13Adafruit_FONA14sendCheckReplyEPK19__FlashStringHelperS2_j
 .text._ZN13Adafruit_FONA5beginER6Stream
                0x00000ebc      0x288 src/libraries/Adafruit_Fona_RMonV3/src/Adafruit_FONA.o
                0x00000ebc                _ZN13Adafruit_FONA5beginER6Stream
 .text.twi_init
                0x00001144       0x3c src/libraries/Wire/src/utility/twi.o
                0x00001144                twi_init
 .text.twi_readFrom
                0x00001180       0x90 src/libraries/Wire/src/utility/twi.o
                0x00001180                twi_readFrom
 .text.twi_writeTo
                0x00001210       0xac src/libraries/Wire/src/utility/twi.o
                0x00001210                twi_writeTo
 .text.twi_transmit
                0x000012bc       0x50 src/libraries/Wire/src/utility/twi.o
                0x000012bc                twi_transmit
 .text.twi_attachSlaveRxEvent
                0x0000130c        0xa src/libraries/Wire/src/utility/twi.o
                0x0000130c                twi_attachSlaveRxEvent
 .text.twi_attachSlaveTxEvent
                0x00001316        0xa src/libraries/Wire/src/utility/twi.o
                0x00001316                twi_attachSlaveTxEvent
 .text.twi_stop
                0x00001320       0x14 src/libraries/Wire/src/utility/twi.o
                0x00001320                twi_stop
 .text.twi_releaseBus
                0x00001334        0xc src/libraries/Wire/src/utility/twi.o
                0x00001334                twi_releaseBus
 .text.__vector_24
                0x00001340      0x25a src/libraries/Wire/src/utility/twi.o
                0x00001340                __vector_24
 .text._ZN7TwoWire9availableEv
                0x0000159a       0x10 src/libraries/Wire/src/Wire.o
                0x0000159a                _ZN7TwoWire9availableEv
 .text._ZN7TwoWire4readEv
                0x000015aa       0x28 src/libraries/Wire/src/Wire.o
                0x000015aa                _ZN7TwoWire4readEv
 .text._ZN7TwoWire4peekEv
                0x000015d2       0x1e src/libraries/Wire/src/Wire.o
                0x000015d2                _ZN7TwoWire4peekEv
 .text._ZN7TwoWire5flushEv
                0x000015f0        0x2 src/libraries/Wire/src/Wire.o
                0x000015f0                _ZN7TwoWire5flushEv
 .text._ZN7TwoWire16onReceiveServiceEPhi
                0x000015f2       0x54 src/libraries/Wire/src/Wire.o
                0x000015f2                _ZN7TwoWire16onReceiveServiceEPhi
 .text._ZN7TwoWire16onRequestServiceEv
                0x00001646       0x18 src/libraries/Wire/src/Wire.o
                0x00001646                _ZN7TwoWire16onRequestServiceEv
 .text._ZN7TwoWire5writeEPKhj
                0x0000165e       0x5a src/libraries/Wire/src/Wire.o
                0x0000165e                _ZN7TwoWire5writeEPKhj
 .text._ZN7TwoWire5writeEh
                0x000016b8       0x5e src/libraries/Wire/src/Wire.o
                0x000016b8                _ZN7TwoWire5writeEh
 .text._ZN7TwoWireC2Ev
                0x00001716       0x20 src/libraries/Wire/src/Wire.o
                0x00001716                _ZN7TwoWireC1Ev
                0x00001716                _ZN7TwoWireC2Ev
 .text._ZN7TwoWire5beginEv
                0x00001736       0x24 src/libraries/Wire/src/Wire.o
                0x00001736                _ZN7TwoWire5beginEv
 .text._ZN7TwoWire17beginTransmissionEh
                0x0000175a       0x14 src/libraries/Wire/src/Wire.o
                0x0000175a                _ZN7TwoWire17beginTransmissionEh
 .text._ZN7TwoWire17beginTransmissionEi
                0x0000176e        0x4 src/libraries/Wire/src/Wire.o
                0x0000176e                _ZN7TwoWire17beginTransmissionEi
 .text._ZN7TwoWire15endTransmissionEh
                0x00001772       0x26 src/libraries/Wire/src/Wire.o
                0x00001772                _ZN7TwoWire15endTransmissionEh
 .text._ZN7TwoWire11requestFromEhhmhh
                0x00001798       0xa8 src/libraries/Wire/src/Wire.o
                0x00001798                _ZN7TwoWire11requestFromEhhmhh
 .text._ZN7TwoWire11requestFromEhhh
                0x00001840       0x20 src/libraries/Wire/src/Wire.o
                0x00001840                _ZN7TwoWire11requestFromEhhh
 .text._ZN7TwoWire11requestFromEii
                0x00001860        0x6 src/libraries/Wire/src/Wire.o
                0x00001860                _ZN7TwoWire11requestFromEii
 .text._ZN7TwoWire15endTransmissionEv
                0x00001866        0x6 src/libraries/Wire/src/Wire.o
                0x00001866                _ZN7TwoWire15endTransmissionEv
 .text.startup._GLOBAL__sub_I__ZN7TwoWire8rxBufferE
                0x0000186c        0x8 src/libraries/Wire/src/Wire.o
 .text._ZN14HardwareSerial9availableEv
                0x00001874       0x18 C:\Users\Saba Baig\Documents\Atmel Studio\7.0\RM\RM\ArduinoCore\Debug\libArduinoCore.a(HardwareSerial.o)
                0x00001874                _ZN14HardwareSerial9availableEv
 .text._ZN14HardwareSerial4peekEv
                0x0000188c       0x1c C:\Users\Saba Baig\Documents\Atmel Studio\7.0\RM\RM\ArduinoCore\Debug\libArduinoCore.a(HardwareSerial.o)
                0x0000188c                _ZN14HardwareSerial4peekEv
 .text._ZN14HardwareSerial4readEv
                0x000018a8       0x28 C:\Users\Saba Baig\Documents\Atmel Studio\7.0\RM\RM\ArduinoCore\Debug\libArduinoCore.a(HardwareSerial.o)
                0x000018a8                _ZN14HardwareSerial4readEv
 .text._Z14serialEventRunv
                0x000018d0       0x1c C:\Users\Saba Baig\Documents\Atmel Studio\7.0\RM\RM\ArduinoCore\Debug\libArduinoCore.a(HardwareSerial.o)
                0x000018d0                _Z14serialEventRunv
 .text._ZN14HardwareSerial17_tx_udr_empty_irqEv
                0x000018ec       0x42 C:\Users\Saba Baig\Documents\Atmel Studio\7.0\RM\RM\ArduinoCore\Debug\libArduinoCore.a(HardwareSerial.o)
                0x000018ec                _ZN14HardwareSerial17_tx_udr_empty_irqEv
 .text._ZN14HardwareSerial5writeEh
                0x0000192e       0x8e C:\Users\Saba Baig\Documents\Atmel Studio\7.0\RM\RM\ArduinoCore\Debug\libArduinoCore.a(HardwareSerial.o)
                0x0000192e                _ZN14HardwareSerial5writeEh
 .text._ZN14HardwareSerial5flushEv
                0x000019bc       0x44 C:\Users\Saba Baig\Documents\Atmel Studio\7.0\RM\RM\ArduinoCore\Debug\libArduinoCore.a(HardwareSerial.o)
                0x000019bc                _ZN14HardwareSerial5flushEv
 .text._ZN14HardwareSerial5beginEmh
                0x00001a00       0xca C:\Users\Saba Baig\Documents\Atmel Studio\7.0\RM\RM\ArduinoCore\Debug\libArduinoCore.a(HardwareSerial.o)
                0x00001a00                _ZN14HardwareSerial5beginEmh
 .text.__vector_18
                0x00001aca       0x64 C:\Users\Saba Baig\Documents\Atmel Studio\7.0\RM\RM\ArduinoCore\Debug\libArduinoCore.a(HardwareSerial0.o)
                0x00001aca                __vector_18
 .text.__vector_19
                0x00001b2e       0x4c C:\Users\Saba Baig\Documents\Atmel Studio\7.0\RM\RM\ArduinoCore\Debug\libArduinoCore.a(HardwareSerial0.o)
                0x00001b2e                __vector_19
 .text._Z17Serial0_availablev
                0x00001b7a       0x14 C:\Users\Saba Baig\Documents\Atmel Studio\7.0\RM\RM\ArduinoCore\Debug\libArduinoCore.a(HardwareSerial0.o)
                0x00001b7a                _Z17Serial0_availablev
 .text.startup._GLOBAL__sub_I___vector_18
                0x00001b8e       0x5a C:\Users\Saba Baig\Documents\Atmel Studio\7.0\RM\RM\ArduinoCore\Debug\libArduinoCore.a(HardwareSerial0.o)
 .text.initVariant
                0x00001be8        0x2 C:\Users\Saba Baig\Documents\Atmel Studio\7.0\RM\RM\ArduinoCore\Debug\libArduinoCore.a(main.o)
                0x00001be8                initVariant
 .text.startup.main
                0x00001bea       0x1e C:\Users\Saba Baig\Documents\Atmel Studio\7.0\RM\RM\ArduinoCore\Debug\libArduinoCore.a(main.o)
                0x00001bea                main
 .text._Znwj    0x00001c08        0x4 C:\Users\Saba Baig\Documents\Atmel Studio\7.0\RM\RM\ArduinoCore\Debug\libArduinoCore.a(new.o)
                0x00001c08                _Znwj
 .text._ZN5Print5writeEPKhj
                0x00001c0c       0x54 C:\Users\Saba Baig\Documents\Atmel Studio\7.0\RM\RM\ArduinoCore\Debug\libArduinoCore.a(Print.o)
                0x00001c0c                _ZN5Print5writeEPKhj
 .text._ZN5Print5writeEPKc
                0x00001c60       0x2a C:\Users\Saba Baig\Documents\Atmel Studio\7.0\RM\RM\ArduinoCore\Debug\libArduinoCore.a(Print.o)
                0x00001c60                _ZN5Print5writeEPKc
 .text._ZN5Print5printEPK19__FlashStringHelper
                0x00001c8a       0x48 C:\Users\Saba Baig\Documents\Atmel Studio\7.0\RM\RM\ArduinoCore\Debug\libArduinoCore.a(Print.o)
                0x00001c8a                _ZN5Print5printEPK19__FlashStringHelper
 .text._ZN5Print5printEPKc
                0x00001cd2        0x4 C:\Users\Saba Baig\Documents\Atmel Studio\7.0\RM\RM\ArduinoCore\Debug\libArduinoCore.a(Print.o)
                0x00001cd2                _ZN5Print5printEPKc
 .text._ZN5Print7printlnEv
                0x00001cd6        0x8 C:\Users\Saba Baig\Documents\Atmel Studio\7.0\RM\RM\ArduinoCore\Debug\libArduinoCore.a(Print.o)
                0x00001cd6                _ZN5Print7printlnEv
 .text._ZN5Print7printlnEPK19__FlashStringHelper
                0x00001cde       0x24 C:\Users\Saba Baig\Documents\Atmel Studio\7.0\RM\RM\ArduinoCore\Debug\libArduinoCore.a(Print.o)
                0x00001cde                _ZN5Print7printlnEPK19__FlashStringHelper
 .text._ZN5Print7printlnEPKc
                0x00001d02       0x24 C:\Users\Saba Baig\Documents\Atmel Studio\7.0\RM\RM\ArduinoCore\Debug\libArduinoCore.a(Print.o)
                0x00001d02                _ZN5Print7printlnEPKc
 .text._ZN5Print11printNumberEmh
                0x00001d26       0x92 C:\Users\Saba Baig\Documents\Atmel Studio\7.0\RM\RM\ArduinoCore\Debug\libArduinoCore.a(Print.o)
                0x00001d26                _ZN5Print11printNumberEmh
 .text._ZN5Print5printEmi
                0x00001db8       0x1a C:\Users\Saba Baig\Documents\Atmel Studio\7.0\RM\RM\ArduinoCore\Debug\libArduinoCore.a(Print.o)
                0x00001db8                _ZN5Print5printEmi
 .text._ZN5Print5printEhi
                0x00001dd2        0xe C:\Users\Saba Baig\Documents\Atmel Studio\7.0\RM\RM\ArduinoCore\Debug\libArduinoCore.a(Print.o)
                0x00001dd2                _ZN5Print5printEhi
 .text._ZN5Print7printlnEhi
                0x00001de0       0x24 C:\Users\Saba Baig\Documents\Atmel Studio\7.0\RM\RM\ArduinoCore\Debug\libArduinoCore.a(Print.o)
                0x00001de0                _ZN5Print7printlnEhi
 .text._ZN5Print5printEji
                0x00001e04        0xc C:\Users\Saba Baig\Documents\Atmel Studio\7.0\RM\RM\ArduinoCore\Debug\libArduinoCore.a(Print.o)
                0x00001e04                _ZN5Print5printEji
 .text._ZN5Print7printlnEji
                0x00001e10       0x24 C:\Users\Saba Baig\Documents\Atmel Studio\7.0\RM\RM\ArduinoCore\Debug\libArduinoCore.a(Print.o)
                0x00001e10                _ZN5Print7printlnEji
 .text.__vector_16
                0x00001e34       0x94 C:\Users\Saba Baig\Documents\Atmel Studio\7.0\RM\RM\ArduinoCore\Debug\libArduinoCore.a(wiring.o)
                0x00001e34                __vector_16
 .text.micros   0x00001ec8       0x4a C:\Users\Saba Baig\Documents\Atmel Studio\7.0\RM\RM\ArduinoCore\Debug\libArduinoCore.a(wiring.o)
                0x00001ec8                micros
 .text.delay    0x00001f12       0x78 C:\Users\Saba Baig\Documents\Atmel Studio\7.0\RM\RM\ArduinoCore\Debug\libArduinoCore.a(wiring.o)
                0x00001f12                delay
 .text.init     0x00001f8a       0x76 C:\Users\Saba Baig\Documents\Atmel Studio\7.0\RM\RM\ArduinoCore\Debug\libArduinoCore.a(wiring.o)
                0x00001f8a                init
 .text.analogRead
                0x00002000       0x3a C:\Users\Saba Baig\Documents\Atmel Studio\7.0\RM\RM\ArduinoCore\Debug\libArduinoCore.a(wiring_analog.o)
                0x00002000                analogRead
 .text.turnOffPWM
                0x0000203a       0x52 C:\Users\Saba Baig\Documents\Atmel Studio\7.0\RM\RM\ArduinoCore\Debug\libArduinoCore.a(wiring_digital.o)
 .text.pinMode  0x0000208c       0x78 C:\Users\Saba Baig\Documents\Atmel Studio\7.0\RM\RM\ArduinoCore\Debug\libArduinoCore.a(wiring_digital.o)
                0x0000208c                pinMode
 .text.digitalWrite
                0x00002104       0x5e C:\Users\Saba Baig\Documents\Atmel Studio\7.0\RM\RM\ArduinoCore\Debug\libArduinoCore.a(wiring_digital.o)
                0x00002104                digitalWrite
 .text._ZN14SoftwareSerial4readEv
                0x00002162       0x42 C:\Users\Saba Baig\Documents\Atmel Studio\7.0\RM\RM\ArduinoCore\Debug\libArduinoCore.a(SoftwareSerial.o)
                0x00002162                _ZN14SoftwareSerial4readEv
 .text._ZN14SoftwareSerial5writeEh
                0x000021a4       0xa0 C:\Users\Saba Baig\Documents\Atmel Studio\7.0\RM\RM\ArduinoCore\Debug\libArduinoCore.a(SoftwareSerial.o)
                0x000021a4                _ZN14SoftwareSerial5writeEh
 .text._ZN14SoftwareSerial5flushEv
                0x00002244        0x2 C:\Users\Saba Baig\Documents\Atmel Studio\7.0\RM\RM\ArduinoCore\Debug\libArduinoCore.a(SoftwareSerial.o)
                0x00002244                _ZN14SoftwareSerial5flushEv
 .text._ZN14SoftwareSerial4peekEv
                0x00002246       0x30 C:\Users\Saba Baig\Documents\Atmel Studio\7.0\RM\RM\ArduinoCore\Debug\libArduinoCore.a(SoftwareSerial.o)
                0x00002246                _ZN14SoftwareSerial4peekEv
 .text._ZN14SoftwareSerial9availableEv
                0x00002276       0x30 C:\Users\Saba Baig\Documents\Atmel Studio\7.0\RM\RM\ArduinoCore\Debug\libArduinoCore.a(SoftwareSerial.o)
                0x00002276                _ZN14SoftwareSerial9availableEv
 .text._ZN14SoftwareSerial13stopListeningEv
                0x000022a6       0x2c C:\Users\Saba Baig\Documents\Atmel Studio\7.0\RM\RM\ArduinoCore\Debug\libArduinoCore.a(SoftwareSerial.o)
                0x000022a6                _ZN14SoftwareSerial13stopListeningEv
 .text._ZN14SoftwareSerial6listenEv
                0x000022d2       0x52 C:\Users\Saba Baig\Documents\Atmel Studio\7.0\RM\RM\ArduinoCore\Debug\libArduinoCore.a(SoftwareSerial.o)
                0x000022d2                _ZN14SoftwareSerial6listenEv
 .text.__vector_3
                0x00002324       0xf4 C:\Users\Saba Baig\Documents\Atmel Studio\7.0\RM\RM\ArduinoCore\Debug\libArduinoCore.a(SoftwareSerial.o)
                0x00002324                __vector_5
                0x00002324                __vector_4
                0x00002324                __vector_3
 .text._ZN14SoftwareSerial5setTXEh
                0x00002418       0x52 C:\Users\Saba Baig\Documents\Atmel Studio\7.0\RM\RM\ArduinoCore\Debug\libArduinoCore.a(SoftwareSerial.o)
                0x00002418                _ZN14SoftwareSerial5setTXEh
 .text._ZN14SoftwareSerial5setRXEh
                0x0000246a       0x52 C:\Users\Saba Baig\Documents\Atmel Studio\7.0\RM\RM\ArduinoCore\Debug\libArduinoCore.a(SoftwareSerial.o)
                0x0000246a                _ZN14SoftwareSerial5setRXEh
 .text._ZN14SoftwareSerialC2Ehhb
                0x000024bc       0x56 C:\Users\Saba Baig\Documents\Atmel Studio\7.0\RM\RM\ArduinoCore\Debug\libArduinoCore.a(SoftwareSerial.o)
                0x000024bc                _ZN14SoftwareSerialC1Ehhb
                0x000024bc                _ZN14SoftwareSerialC2Ehhb
 .text._ZN14SoftwareSerial5beginEl
                0x00002512      0x11c C:\Users\Saba Baig\Documents\Atmel Studio\7.0\RM\RM\ArduinoCore\Debug\libArduinoCore.a(SoftwareSerial.o)
                0x00002512                _ZN14SoftwareSerial5beginEl
 .text.__empty  0x0000262e        0x2 C:\Users\Saba Baig\Documents\Atmel Studio\7.0\RM\RM\ArduinoCore\Debug\libArduinoCore.a(hooks.o)
                0x0000262e                yield
 .text.libgcc.div
                0x00002630       0x18 c:/program files (x86)/atmel/studio/7.0/toolchain/avr8/avr8-gnu-toolchain/bin/../lib/gcc/avr/5.4.0/avr5\libgcc.a(_udivmodqi4.o)
                0x00002630                __udivmodqi4
 .text.libgcc.div
                0x00002648       0x28 c:/program files (x86)/atmel/studio/7.0/toolchain/avr8/avr8-gnu-toolchain/bin/../lib/gcc/avr/5.4.0/avr5\libgcc.a(_divmodhi4.o)
                0x00002648                _div
                0x00002648                __divmodhi4
 .text.libgcc.div
                0x00002670       0x44 c:/program files (x86)/atmel/studio/7.0/toolchain/avr8/avr8-gnu-toolchain/bin/../lib/gcc/avr/5.4.0/avr5\libgcc.a(_udivmodsi4.o)
                0x00002670                __udivmodsi4
 .text.libgcc.div
                0x000026b4       0x2e c:/program files (x86)/atmel/studio/7.0/toolchain/avr8/avr8-gnu-toolchain/bin/../lib/gcc/avr/5.4.0/avr5\libgcc.a(_divmodsi4.o)
                0x000026b4                __divmodsi4
 .text.libgcc.div
                0x000026e2       0x10 c:/program files (x86)/atmel/studio/7.0/toolchain/avr8/avr8-gnu-toolchain/bin/../lib/gcc/avr/5.4.0/avr5\libgcc.a(_negsi2.o)
                0x000026e2                __negsi2
 .text.libgcc.builtins
                0x000026f2       0x3c c:/program files (x86)/atmel/studio/7.0/toolchain/avr8/avr8-gnu-toolchain/bin/../lib/gcc/avr/5.4.0/avr5\libgcc.a(_ashrdi3.o)
                0x000026f2                __ashrdi3
                0x000026f6                __lshrdi3
 .text.libgcc.div
                0x0000272e       0x28 c:/program files (x86)/atmel/studio/7.0/toolchain/avr8/avr8-gnu-toolchain/bin/../lib/gcc/avr/5.4.0/avr5\libgcc.a(_udivmodhi4.o)
                0x0000272e                __udivmodhi4
 .text.libgcc   0x00002756        0xc c:/program files (x86)/atmel/studio/7.0/toolchain/avr8/avr8-gnu-toolchain/bin/../lib/gcc/avr/5.4.0/avr5\libgcc.a(_tablejump2.o)
                0x00002756                __tablejump2__
 .text.avr-libc
                0x00002762      0x242 c:/program files (x86)/atmel/studio/7.0/toolchain/avr8/avr8-gnu-toolchain/bin/../lib/gcc/avr/5.4.0/../../../../avr/lib/avr5\libc.a(malloc.o)
                0x00002762                malloc
                0x00002892                free
 .text.avr-libc
                0x000029a4       0x12 c:/program files (x86)/atmel/studio/7.0/toolchain/avr8/avr8-gnu-toolchain/bin/../lib/gcc/avr/5.4.0/../../../../avr/lib/avr5\libc.a(strcmp_P.o)
                0x000029a4                strcmp_P
 .text.avr-libc
                0x000029b6       0x34 c:/program files (x86)/atmel/studio/7.0/toolchain/avr8/avr8-gnu-toolchain/bin/../lib/gcc/avr/5.4.0/../../../../avr/lib/avr5\libc.a(strstr_P.o)
                0x000029b6                strstr_P
                0x000029ea                . = ALIGN (0x2)
 *(.fini9)
 .fini9         0x000029ea        0x0 c:/program files (x86)/atmel/studio/7.0/toolchain/avr8/avr8-gnu-toolchain/bin/../lib/gcc/avr/5.4.0/avr5\libgcc.a(_exit.o)
                0x000029ea                _exit
                0x000029ea                exit
 *(.fini9)
 *(.fini8)
 *(.fini8)
 *(.fini7)
 *(.fini7)
 *(.fini6)
 .fini6         0x000029ea       0x16 c:/program files (x86)/atmel/studio/7.0/toolchain/avr8/avr8-gnu-toolchain/bin/../lib/gcc/avr/5.4.0/avr5\libgcc.a(_dtors.o)
                0x000029ea                __do_global_dtors
 *(.fini6)
 *(.fini5)
 *(.fini5)
 *(.fini4)
 *(.fini4)
 *(.fini3)
 *(.fini3)
 *(.fini2)
 *(.fini2)
 *(.fini1)
 *(.fini1)
 *(.fini0)
 .fini0         0x00002a00        0x4 c:/program files (x86)/atmel/studio/7.0/toolchain/avr8/avr8-gnu-toolchain/bin/../lib/gcc/avr/5.4.0/avr5\libgcc.a(_exit.o)
 *(.fini0)
                0x00002a04                _etext = .

.data           0x00800100       0xb6 load address 0x00002a04
                0x00800100                PROVIDE (__data_start, .)
 *(.data)
 .data          0x00800100        0x6 c:/program files (x86)/atmel/studio/7.0/toolchain/avr8/avr8-gnu-toolchain/bin/../lib/gcc/avr/5.4.0/../../../../avr/lib/avr5\libc.a(malloc.o)
                0x00800100                __malloc_heap_end
                0x00800102                __malloc_heap_start
                0x00800104                __malloc_margin
 *(.data*)
 .data.analog_reference
                0x00800106        0x1 C:\Users\Saba Baig\Documents\Atmel Studio\7.0\RM\RM\ArduinoCore\Debug\libArduinoCore.a(wiring_analog.o)
                0x00800106                analog_reference
 *(.gnu.linkonce.d*)
 *(.rodata)
 *(.rodata*)
 .rodata.str1.1
                0x00800107       0x13 Main_SignalLogging.o
 .rodata.str1.1
                0x0080011a       0x4c src/libraries/Adafruit_Fona_RMonV3/src/Adafruit_FONA.o
                                 0x51 (size before relaxing)
 .rodata._ZTV13Adafruit_FONA
                0x00800166       0x10 src/libraries/Adafruit_Fona_RMonV3/src/Adafruit_FONA.o
                0x00800166                _ZTV13Adafruit_FONA
 .rodata._ZTV7TwoWire
                0x00800176       0x10 src/libraries/Wire/src/Wire.o
                0x00800176                _ZTV7TwoWire
 .rodata._ZTV14HardwareSerial
                0x00800186       0x10 C:\Users\Saba Baig\Documents\Atmel Studio\7.0\RM\RM\ArduinoCore\Debug\libArduinoCore.a(HardwareSerial.o)
                0x00800186                _ZTV14HardwareSerial
 .rodata.str1.1
                0x00800196        0xf C:\Users\Saba Baig\Documents\Atmel Studio\7.0\RM\RM\ArduinoCore\Debug\libArduinoCore.a(Print.o)
                                 0x11 (size before relaxing)
 .rodata._ZTV14SoftwareSerial
                0x008001a5       0x10 C:\Users\Saba Baig\Documents\Atmel Studio\7.0\RM\RM\ArduinoCore\Debug\libArduinoCore.a(SoftwareSerial.o)
                0x008001a5                _ZTV14SoftwareSerial
 *(.gnu.linkonce.r*)
                0x008001b6                . = ALIGN (0x2)
 *fill*         0x008001b5        0x1 
                0x008001b6                _edata = .
                0x008001b6                PROVIDE (__data_end, .)

.bss            0x008001b6      0x50e
                0x008001b6                PROVIDE (__bss_start, .)
 *(.bss)
 *(.bss*)
 .bss._timerCounter
                0x008001b6        0x2 Main_SignalLogging.o
                0x008001b6                _timerCounter
 .bss._behaviour
                0x008001b8        0x1 Main_SignalLogging.o
                0x008001b8                _behaviour
 .bss.sensorMgr
                0x008001b9        0x1 Main_SignalLogging.o
                0x008001b9                sensorMgr
 .bss.gsm       0x008001ba      0x121 Main_SignalLogging.o
                0x008001ba                gsm
 .bss.gps       0x008002db      0x11b Main_SignalLogging.o
                0x008002db                gps
 .bss.mem       0x008003f6        0x1 Main_SignalLogging.o
                0x008003f6                mem
 .bss.fona      0x008003f7      0x11a Main_SignalLogging.o
                0x008003f7                fona
 .bss.__mockDataCounter
                0x00800511        0x1 SensorManager.o
                0x00800511                __mockDataCounter
 .bss.twi_error
                0x00800512        0x1 src/libraries/Wire/src/utility/twi.o
 .bss.twi_rxBufferIndex
                0x00800513        0x1 src/libraries/Wire/src/utility/twi.o
 .bss.twi_rxBuffer
                0x00800514       0x20 src/libraries/Wire/src/utility/twi.o
 .bss.twi_txBufferLength
                0x00800534        0x1 src/libraries/Wire/src/utility/twi.o
 .bss.twi_txBufferIndex
                0x00800535        0x1 src/libraries/Wire/src/utility/twi.o
 .bss.twi_txBuffer
                0x00800536       0x20 src/libraries/Wire/src/utility/twi.o
 .bss.twi_masterBufferLength
                0x00800556        0x1 src/libraries/Wire/src/utility/twi.o
 .bss.twi_masterBufferIndex
                0x00800557        0x1 src/libraries/Wire/src/utility/twi.o
 .bss.twi_masterBuffer
                0x00800558       0x20 src/libraries/Wire/src/utility/twi.o
 .bss.twi_onSlaveReceive
                0x00800578        0x2 src/libraries/Wire/src/utility/twi.o
 .bss.twi_onSlaveTransmit
                0x0080057a        0x2 src/libraries/Wire/src/utility/twi.o
 .bss.twi_inRepStart
                0x0080057c        0x1 src/libraries/Wire/src/utility/twi.o
 .bss.twi_sendStop
                0x0080057d        0x1 src/libraries/Wire/src/utility/twi.o
 .bss.twi_slarw
                0x0080057e        0x1 src/libraries/Wire/src/utility/twi.o
 .bss.twi_state
                0x0080057f        0x1 src/libraries/Wire/src/utility/twi.o
 .bss.Wire      0x00800580        0xc src/libraries/Wire/src/Wire.o
                0x00800580                Wire
 .bss._ZN7TwoWire14user_onReceiveE
                0x0080058c        0x2 src/libraries/Wire/src/Wire.o
                0x0080058c                _ZN7TwoWire14user_onReceiveE
 .bss._ZN7TwoWire14user_onRequestE
                0x0080058e        0x2 src/libraries/Wire/src/Wire.o
                0x0080058e                _ZN7TwoWire14user_onRequestE
 .bss._ZN7TwoWire12transmittingE
                0x00800590        0x1 src/libraries/Wire/src/Wire.o
                0x00800590                _ZN7TwoWire12transmittingE
 .bss._ZN7TwoWire14txBufferLengthE
                0x00800591        0x1 src/libraries/Wire/src/Wire.o
                0x00800591                _ZN7TwoWire14txBufferLengthE
 .bss._ZN7TwoWire13txBufferIndexE
                0x00800592        0x1 src/libraries/Wire/src/Wire.o
                0x00800592                _ZN7TwoWire13txBufferIndexE
 .bss._ZN7TwoWire8txBufferE
                0x00800593       0x20 src/libraries/Wire/src/Wire.o
                0x00800593                _ZN7TwoWire8txBufferE
 .bss._ZN7TwoWire9txAddressE
                0x008005b3        0x1 src/libraries/Wire/src/Wire.o
                0x008005b3                _ZN7TwoWire9txAddressE
 .bss._ZN7TwoWire14rxBufferLengthE
                0x008005b4        0x1 src/libraries/Wire/src/Wire.o
                0x008005b4                _ZN7TwoWire14rxBufferLengthE
 .bss._ZN7TwoWire13rxBufferIndexE
                0x008005b5        0x1 src/libraries/Wire/src/Wire.o
                0x008005b5                _ZN7TwoWire13rxBufferIndexE
 .bss._ZN7TwoWire8rxBufferE
                0x008005b6       0x20 src/libraries/Wire/src/Wire.o
                0x008005b6                _ZN7TwoWire8rxBufferE
 .bss.Serial    0x008005d6       0x9d C:\Users\Saba Baig\Documents\Atmel Studio\7.0\RM\RM\ArduinoCore\Debug\libArduinoCore.a(HardwareSerial0.o)
                0x008005d6                Serial
 .bss.timer0_fract
                0x00800673        0x1 C:\Users\Saba Baig\Documents\Atmel Studio\7.0\RM\RM\ArduinoCore\Debug\libArduinoCore.a(wiring.o)
 .bss.timer0_millis
                0x00800674        0x4 C:\Users\Saba Baig\Documents\Atmel Studio\7.0\RM\RM\ArduinoCore\Debug\libArduinoCore.a(wiring.o)
                0x00800674                timer0_millis
 .bss.timer0_overflow_count
                0x00800678        0x4 C:\Users\Saba Baig\Documents\Atmel Studio\7.0\RM\RM\ArduinoCore\Debug\libArduinoCore.a(wiring.o)
                0x00800678                timer0_overflow_count
 .bss._ZN14SoftwareSerial20_receive_buffer_headE
                0x0080067c        0x1 C:\Users\Saba Baig\Documents\Atmel Studio\7.0\RM\RM\ArduinoCore\Debug\libArduinoCore.a(SoftwareSerial.o)
                0x0080067c                _ZN14SoftwareSerial20_receive_buffer_headE
 .bss._ZN14SoftwareSerial20_receive_buffer_tailE
                0x0080067d        0x1 C:\Users\Saba Baig\Documents\Atmel Studio\7.0\RM\RM\ArduinoCore\Debug\libArduinoCore.a(SoftwareSerial.o)
                0x0080067d                _ZN14SoftwareSerial20_receive_buffer_tailE
 .bss._ZN14SoftwareSerial15_receive_bufferE
                0x0080067e       0x40 C:\Users\Saba Baig\Documents\Atmel Studio\7.0\RM\RM\ArduinoCore\Debug\libArduinoCore.a(SoftwareSerial.o)
                0x0080067e                _ZN14SoftwareSerial15_receive_bufferE
 .bss._ZN14SoftwareSerial13active_objectE
                0x008006be        0x2 C:\Users\Saba Baig\Documents\Atmel Studio\7.0\RM\RM\ArduinoCore\Debug\libArduinoCore.a(SoftwareSerial.o)
                0x008006be                _ZN14SoftwareSerial13active_objectE
 *(COMMON)
 COMMON         0x008006c0        0x4 c:/program files (x86)/atmel/studio/7.0/toolchain/avr8/avr8-gnu-toolchain/bin/../lib/gcc/avr/5.4.0/../../../../avr/lib/avr5\libc.a(malloc.o)
                0x008006c0                __brkval
                0x008006c2                __flp
                0x008006c4                PROVIDE (__bss_end, .)
                0x00002a04                __data_load_start = LOADADDR (.data)
                0x00002aba                __data_load_end = (__data_load_start + SIZEOF (.data))

.noinit         0x008006c4        0x0
                [!provide]                PROVIDE (__noinit_start, .)
 *(.noinit*)
                [!provide]                PROVIDE (__noinit_end, .)
                0x008006c4                _end = .
                0x008006c4                PROVIDE (__heap_start, .)

.eeprom         0x00810000        0x0
 *(.eeprom*)
                0x00810000                __eeprom_end = .

.fuse
 *(.fuse)
 *(.lfuse)
 *(.hfuse)
 *(.efuse)

.lock
 *(.lock*)

.signature
 *(.signature*)

.user_signatures
 *(.user_signatures*)

.stab
 *(.stab)

.stabstr
 *(.stabstr)

.stab.excl
 *(.stab.excl)

.stab.exclstr
 *(.stab.exclstr)

.stab.index
 *(.stab.index)

.stab.indexstr
 *(.stab.indexstr)

.comment        0x00000000       0x30
 *(.comment)
 .comment       0x00000000       0x30 GpsManager.o
                                 0x31 (size before relaxing)
 .comment       0x00000030       0x31 GsmManager.o
 .comment       0x00000030       0x31 Helpers.o
 .comment       0x00000030       0x31 Main_SignalLogging.o
 .comment       0x00000030       0x31 RmMemManager.o
 .comment       0x00000030       0x31 SensorManager.o
 .comment       0x00000030       0x31 src/libraries/Adafruit_Fona_RMonV3/src/Adafruit_FONA.o
 .comment       0x00000030       0x31 src/libraries/Wire/src/utility/twi.o
 .comment       0x00000030       0x31 src/libraries/Wire/src/Wire.o
 .comment       0x00000030       0x31 C:\Users\Saba Baig\Documents\Atmel Studio\7.0\RM\RM\ArduinoCore\Debug\libArduinoCore.a(HardwareSerial.o)
 .comment       0x00000030       0x31 C:\Users\Saba Baig\Documents\Atmel Studio\7.0\RM\RM\ArduinoCore\Debug\libArduinoCore.a(HardwareSerial0.o)
 .comment       0x00000030       0x31 C:\Users\Saba Baig\Documents\Atmel Studio\7.0\RM\RM\ArduinoCore\Debug\libArduinoCore.a(main.o)
 .comment       0x00000030       0x31 C:\Users\Saba Baig\Documents\Atmel Studio\7.0\RM\RM\ArduinoCore\Debug\libArduinoCore.a(new.o)
 .comment       0x00000030       0x31 C:\Users\Saba Baig\Documents\Atmel Studio\7.0\RM\RM\ArduinoCore\Debug\libArduinoCore.a(Print.o)
 .comment       0x00000030       0x31 C:\Users\Saba Baig\Documents\Atmel Studio\7.0\RM\RM\ArduinoCore\Debug\libArduinoCore.a(wiring.o)
 .comment       0x00000030       0x31 C:\Users\Saba Baig\Documents\Atmel Studio\7.0\RM\RM\ArduinoCore\Debug\libArduinoCore.a(wiring_analog.o)
 .comment       0x00000030       0x31 C:\Users\Saba Baig\Documents\Atmel Studio\7.0\RM\RM\ArduinoCore\Debug\libArduinoCore.a(wiring_digital.o)
 .comment       0x00000030       0x31 C:\Users\Saba Baig\Documents\Atmel Studio\7.0\RM\RM\ArduinoCore\Debug\libArduinoCore.a(SoftwareSerial.o)
 .comment       0x00000030       0x31 C:\Users\Saba Baig\Documents\Atmel Studio\7.0\RM\RM\ArduinoCore\Debug\libArduinoCore.a(hooks.o)
 .comment       0x00000030       0x31 c:/program files (x86)/atmel/studio/7.0/toolchain/avr8/avr8-gnu-toolchain/bin/../lib/gcc/avr/5.4.0/../../../../avr/lib/avr5\libc.a(malloc.o)

.note.gnu.avr.deviceinfo
                0x00000000       0x40
 .note.gnu.avr.deviceinfo
                0x00000000       0x40 C:/Program Files (x86)/Atmel/Studio/7.0/Packs/atmel/ATmega_DFP/1.2.132/gcc/dev/atmega328p/avr5/crtatmega328p.o

.note.gnu.build-id
 *(.note.gnu.build-id)

.debug
 *(.debug)

.line
 *(.line)

.debug_srcinfo
 *(.debug_srcinfo)

.debug_sfnames
 *(.debug_sfnames)

.debug_aranges  0x00000000      0x9b0
 *(.debug_aranges)
 .debug_aranges
                0x00000000       0x48 GpsManager.o
 .debug_aranges
                0x00000048       0x78 GsmManager.o
 .debug_aranges
                0x000000c0       0x20 Helpers.o
 .debug_aranges
                0x000000e0       0x60 Main_SignalLogging.o
 .debug_aranges
                0x00000140       0xe8 RmMemManager.o
 .debug_aranges
                0x00000228       0x40 SensorManager.o
 .debug_aranges
                0x00000268      0x290 src/libraries/Adafruit_Fona_RMonV3/src/Adafruit_FONA.o
 .debug_aranges
                0x000004f8       0x80 src/libraries/Wire/src/utility/twi.o
 .debug_aranges
                0x00000578       0xe8 src/libraries/Wire/src/Wire.o
 .debug_aranges
                0x00000660       0x68 C:\Users\Saba Baig\Documents\Atmel Studio\7.0\RM\RM\ArduinoCore\Debug\libArduinoCore.a(HardwareSerial.o)
 .debug_aranges
                0x000006c8       0x38 C:\Users\Saba Baig\Documents\Atmel Studio\7.0\RM\RM\ArduinoCore\Debug\libArduinoCore.a(HardwareSerial0.o)
 .debug_aranges
                0x00000700       0x30 C:\Users\Saba Baig\Documents\Atmel Studio\7.0\RM\RM\ArduinoCore\Debug\libArduinoCore.a(main.o)
 .debug_aranges
                0x00000730       0x28 C:\Users\Saba Baig\Documents\Atmel Studio\7.0\RM\RM\ArduinoCore\Debug\libArduinoCore.a(new.o)
 .debug_aranges
                0x00000758       0xf0 C:\Users\Saba Baig\Documents\Atmel Studio\7.0\RM\RM\ArduinoCore\Debug\libArduinoCore.a(Print.o)
 .debug_aranges
                0x00000848       0x48 C:\Users\Saba Baig\Documents\Atmel Studio\7.0\RM\RM\ArduinoCore\Debug\libArduinoCore.a(wiring.o)
 .debug_aranges
                0x00000890       0x30 C:\Users\Saba Baig\Documents\Atmel Studio\7.0\RM\RM\ArduinoCore\Debug\libArduinoCore.a(wiring_analog.o)
 .debug_aranges
                0x000008c0       0x38 C:\Users\Saba Baig\Documents\Atmel Studio\7.0\RM\RM\ArduinoCore\Debug\libArduinoCore.a(wiring_digital.o)
 .debug_aranges
                0x000008f8       0x98 C:\Users\Saba Baig\Documents\Atmel Studio\7.0\RM\RM\ArduinoCore\Debug\libArduinoCore.a(SoftwareSerial.o)
 .debug_aranges
                0x00000990       0x20 C:\Users\Saba Baig\Documents\Atmel Studio\7.0\RM\RM\ArduinoCore\Debug\libArduinoCore.a(hooks.o)

.debug_pubnames
 *(.debug_pubnames)

.debug_info     0x00000000    0x1b3e4
 *(.debug_info .gnu.linkonce.wi.*)
 .debug_info    0x00000000      0x5f4 C:/Program Files (x86)/Atmel/Studio/7.0/Packs/atmel/ATmega_DFP/1.2.132/gcc/dev/atmega328p/avr5/crtatmega328p.o
 .debug_info    0x000005f4     0x1cd6 GpsManager.o
 .debug_info    0x000022ca     0x2345 GsmManager.o
 .debug_info    0x0000460f      0x427 Helpers.o
 .debug_info    0x00004a36     0x12d9 Main_SignalLogging.o
 .debug_info    0x00005d0f     0x1bf2 RmMemManager.o
 .debug_info    0x00007901      0x685 SensorManager.o
 .debug_info    0x00007f86     0x7089 src/libraries/Adafruit_Fona_RMonV3/src/Adafruit_FONA.o
 .debug_info    0x0000f00f      0x604 src/libraries/Wire/src/utility/twi.o
 .debug_info    0x0000f613     0x26b3 src/libraries/Wire/src/Wire.o
 .debug_info    0x00011cc6     0x1e25 C:\Users\Saba Baig\Documents\Atmel Studio\7.0\RM\RM\ArduinoCore\Debug\libArduinoCore.a(HardwareSerial.o)
 .debug_info    0x00013aeb     0x1a19 C:\Users\Saba Baig\Documents\Atmel Studio\7.0\RM\RM\ArduinoCore\Debug\libArduinoCore.a(HardwareSerial0.o)
 .debug_info    0x00015504      0x237 C:\Users\Saba Baig\Documents\Atmel Studio\7.0\RM\RM\ArduinoCore\Debug\libArduinoCore.a(main.o)
 .debug_info    0x0001573b      0x11c C:\Users\Saba Baig\Documents\Atmel Studio\7.0\RM\RM\ArduinoCore\Debug\libArduinoCore.a(new.o)
 .debug_info    0x00015857     0x2824 C:\Users\Saba Baig\Documents\Atmel Studio\7.0\RM\RM\ArduinoCore\Debug\libArduinoCore.a(Print.o)
 .debug_info    0x0001807b      0x2cb C:\Users\Saba Baig\Documents\Atmel Studio\7.0\RM\RM\ArduinoCore\Debug\libArduinoCore.a(wiring.o)
 .debug_info    0x00018346      0x26d C:\Users\Saba Baig\Documents\Atmel Studio\7.0\RM\RM\ArduinoCore\Debug\libArduinoCore.a(wiring_analog.o)
 .debug_info    0x000185b3      0x5fe C:\Users\Saba Baig\Documents\Atmel Studio\7.0\RM\RM\ArduinoCore\Debug\libArduinoCore.a(wiring_digital.o)
 .debug_info    0x00018bb1     0x27f5 C:\Users\Saba Baig\Documents\Atmel Studio\7.0\RM\RM\ArduinoCore\Debug\libArduinoCore.a(SoftwareSerial.o)
 .debug_info    0x0001b3a6       0x3e C:\Users\Saba Baig\Documents\Atmel Studio\7.0\RM\RM\ArduinoCore\Debug\libArduinoCore.a(hooks.o)

.debug_abbrev   0x00000000     0x423a
 *(.debug_abbrev)
 .debug_abbrev  0x00000000      0x5a2 C:/Program Files (x86)/Atmel/Studio/7.0/Packs/atmel/ATmega_DFP/1.2.132/gcc/dev/atmega328p/avr5/crtatmega328p.o
 .debug_abbrev  0x000005a2      0x42b GpsManager.o
 .debug_abbrev  0x000009cd      0x460 GsmManager.o
 .debug_abbrev  0x00000e2d      0x192 Helpers.o
 .debug_abbrev  0x00000fbf      0x417 Main_SignalLogging.o
 .debug_abbrev  0x000013d6      0x4a4 RmMemManager.o
 .debug_abbrev  0x0000187a      0x2f9 SensorManager.o
 .debug_abbrev  0x00001b73      0x669 src/libraries/Adafruit_Fona_RMonV3/src/Adafruit_FONA.o
 .debug_abbrev  0x000021dc      0x260 src/libraries/Wire/src/utility/twi.o
 .debug_abbrev  0x0000243c      0x583 src/libraries/Wire/src/Wire.o
 .debug_abbrev  0x000029bf      0x432 C:\Users\Saba Baig\Documents\Atmel Studio\7.0\RM\RM\ArduinoCore\Debug\libArduinoCore.a(HardwareSerial.o)
 .debug_abbrev  0x00002df1      0x3a2 C:\Users\Saba Baig\Documents\Atmel Studio\7.0\RM\RM\ArduinoCore\Debug\libArduinoCore.a(HardwareSerial0.o)
 .debug_abbrev  0x00003193      0x12d C:\Users\Saba Baig\Documents\Atmel Studio\7.0\RM\RM\ArduinoCore\Debug\libArduinoCore.a(main.o)
 .debug_abbrev  0x000032c0       0xce C:\Users\Saba Baig\Documents\Atmel Studio\7.0\RM\RM\ArduinoCore\Debug\libArduinoCore.a(new.o)
 .debug_abbrev  0x0000338e      0x469 C:\Users\Saba Baig\Documents\Atmel Studio\7.0\RM\RM\ArduinoCore\Debug\libArduinoCore.a(Print.o)
 .debug_abbrev  0x000037f7      0x146 C:\Users\Saba Baig\Documents\Atmel Studio\7.0\RM\RM\ArduinoCore\Debug\libArduinoCore.a(wiring.o)
 .debug_abbrev  0x0000393d      0x16b C:\Users\Saba Baig\Documents\Atmel Studio\7.0\RM\RM\ArduinoCore\Debug\libArduinoCore.a(wiring_analog.o)
 .debug_abbrev  0x00003aa8      0x15b C:\Users\Saba Baig\Documents\Atmel Studio\7.0\RM\RM\ArduinoCore\Debug\libArduinoCore.a(wiring_digital.o)
 .debug_abbrev  0x00003c03      0x60d C:\Users\Saba Baig\Documents\Atmel Studio\7.0\RM\RM\ArduinoCore\Debug\libArduinoCore.a(SoftwareSerial.o)
 .debug_abbrev  0x00004210       0x2a C:\Users\Saba Baig\Documents\Atmel Studio\7.0\RM\RM\ArduinoCore\Debug\libArduinoCore.a(hooks.o)

.debug_line     0x00000000     0x5851
 *(.debug_line .debug_line.* .debug_line_end)
 .debug_line    0x00000000      0x133 C:/Program Files (x86)/Atmel/Studio/7.0/Packs/atmel/ATmega_DFP/1.2.132/gcc/dev/atmega328p/avr5/crtatmega328p.o
 .debug_line    0x00000133      0x31b GpsManager.o
 .debug_line    0x0000044e      0x46b GsmManager.o
 .debug_line    0x000008b9      0x202 Helpers.o
 .debug_line    0x00000abb      0x3d0 Main_SignalLogging.o
 .debug_line    0x00000e8b      0x727 RmMemManager.o
 .debug_line    0x000015b2      0x2d4 SensorManager.o
 .debug_line    0x00001886     0x1701 src/libraries/Adafruit_Fona_RMonV3/src/Adafruit_FONA.o
 .debug_line    0x00002f87      0x519 src/libraries/Wire/src/utility/twi.o
 .debug_line    0x000034a0      0x5ad src/libraries/Wire/src/Wire.o
 .debug_line    0x00003a4d      0x426 C:\Users\Saba Baig\Documents\Atmel Studio\7.0\RM\RM\ArduinoCore\Debug\libArduinoCore.a(HardwareSerial.o)
 .debug_line    0x00003e73      0x257 C:\Users\Saba Baig\Documents\Atmel Studio\7.0\RM\RM\ArduinoCore\Debug\libArduinoCore.a(HardwareSerial0.o)
 .debug_line    0x000040ca      0x165 C:\Users\Saba Baig\Documents\Atmel Studio\7.0\RM\RM\ArduinoCore\Debug\libArduinoCore.a(main.o)
 .debug_line    0x0000422f      0x12f C:\Users\Saba Baig\Documents\Atmel Studio\7.0\RM\RM\ArduinoCore\Debug\libArduinoCore.a(new.o)
 .debug_line    0x0000435e      0x62e C:\Users\Saba Baig\Documents\Atmel Studio\7.0\RM\RM\ArduinoCore\Debug\libArduinoCore.a(Print.o)
 .debug_line    0x0000498c      0x299 C:\Users\Saba Baig\Documents\Atmel Studio\7.0\RM\RM\ArduinoCore\Debug\libArduinoCore.a(wiring.o)
 .debug_line    0x00004c25      0x20f C:\Users\Saba Baig\Documents\Atmel Studio\7.0\RM\RM\ArduinoCore\Debug\libArduinoCore.a(wiring_analog.o)
 .debug_line    0x00004e34      0x252 C:\Users\Saba Baig\Documents\Atmel Studio\7.0\RM\RM\ArduinoCore\Debug\libArduinoCore.a(wiring_digital.o)
 .debug_line    0x00005086      0x78a C:\Users\Saba Baig\Documents\Atmel Studio\7.0\RM\RM\ArduinoCore\Debug\libArduinoCore.a(SoftwareSerial.o)
 .debug_line    0x00005810       0x41 C:\Users\Saba Baig\Documents\Atmel Studio\7.0\RM\RM\ArduinoCore\Debug\libArduinoCore.a(hooks.o)

.debug_frame    0x00000000     0x22f0
 *(.debug_frame)
 .debug_frame   0x00000000       0xc4 GpsManager.o
 .debug_frame   0x000000c4      0x168 GsmManager.o
 .debug_frame   0x0000022c       0x30 Helpers.o
 .debug_frame   0x0000025c       0xb4 Main_SignalLogging.o
 .debug_frame   0x00000310      0x350 RmMemManager.o
 .debug_frame   0x00000660       0x98 SensorManager.o
 .debug_frame   0x000006f8      0xef4 src/libraries/Adafruit_Fona_RMonV3/src/Adafruit_FONA.o
 .debug_frame   0x000015ec      0x134 src/libraries/Wire/src/utility/twi.o
 .debug_frame   0x00001720      0x260 src/libraries/Wire/src/Wire.o
 .debug_frame   0x00001980      0x110 C:\Users\Saba Baig\Documents\Atmel Studio\7.0\RM\RM\ArduinoCore\Debug\libArduinoCore.a(HardwareSerial.o)
 .debug_frame   0x00001a90       0xc0 C:\Users\Saba Baig\Documents\Atmel Studio\7.0\RM\RM\ArduinoCore\Debug\libArduinoCore.a(HardwareSerial0.o)
 .debug_frame   0x00001b50       0x54 C:\Users\Saba Baig\Documents\Atmel Studio\7.0\RM\RM\ArduinoCore\Debug\libArduinoCore.a(main.o)
 .debug_frame   0x00001ba4       0x54 C:\Users\Saba Baig\Documents\Atmel Studio\7.0\RM\RM\ArduinoCore\Debug\libArduinoCore.a(new.o)
 .debug_frame   0x00001bf8      0x38c C:\Users\Saba Baig\Documents\Atmel Studio\7.0\RM\RM\ArduinoCore\Debug\libArduinoCore.a(Print.o)
 .debug_frame   0x00001f84       0xc4 C:\Users\Saba Baig\Documents\Atmel Studio\7.0\RM\RM\ArduinoCore\Debug\libArduinoCore.a(wiring.o)
 .debug_frame   0x00002048       0x54 C:\Users\Saba Baig\Documents\Atmel Studio\7.0\RM\RM\ArduinoCore\Debug\libArduinoCore.a(wiring_analog.o)
 .debug_frame   0x0000209c       0x7c C:\Users\Saba Baig\Documents\Atmel Studio\7.0\RM\RM\ArduinoCore\Debug\libArduinoCore.a(wiring_digital.o)
 .debug_frame   0x00002118      0x1b4 C:\Users\Saba Baig\Documents\Atmel Studio\7.0\RM\RM\ArduinoCore\Debug\libArduinoCore.a(SoftwareSerial.o)
 .debug_frame   0x000022cc       0x24 C:\Users\Saba Baig\Documents\Atmel Studio\7.0\RM\RM\ArduinoCore\Debug\libArduinoCore.a(hooks.o)

.debug_str      0x00000000     0x500c
 *(.debug_str)
 .debug_str     0x00000000      0x208 C:/Program Files (x86)/Atmel/Studio/7.0/Packs/atmel/ATmega_DFP/1.2.132/gcc/dev/atmega328p/avr5/crtatmega328p.o
 .debug_str     0x00000208     0x1303 GpsManager.o
                               0x13f1 (size before relaxing)
 .debug_str     0x0000150b      0x536 GsmManager.o
                               0x179d (size before relaxing)
 .debug_str     0x00001a41       0xde Helpers.o
                                0x3d0 (size before relaxing)
 .debug_str     0x00001b1f      0xa27 Main_SignalLogging.o
                               0x1186 (size before relaxing)
 .debug_str     0x00002546      0x38f RmMemManager.o
                                0xf5e (size before relaxing)
 .debug_str     0x000028d5       0xa0 SensorManager.o
                                0x67f (size before relaxing)
 .debug_str     0x00002975     0x1119 src/libraries/Adafruit_Fona_RMonV3/src/Adafruit_FONA.o
                               0x26d9 (size before relaxing)
 .debug_str     0x00003a8e      0x2bb src/libraries/Wire/src/utility/twi.o
                                0x3bc (size before relaxing)
 .debug_str     0x00003d49      0x452 src/libraries/Wire/src/Wire.o
                               0x1819 (size before relaxing)
 .debug_str     0x0000419b      0x3de C:\Users\Saba Baig\Documents\Atmel Studio\7.0\RM\RM\ArduinoCore\Debug\libArduinoCore.a(HardwareSerial.o)
                               0x1586 (size before relaxing)
 .debug_str     0x00004579       0x47 C:\Users\Saba Baig\Documents\Atmel Studio\7.0\RM\RM\ArduinoCore\Debug\libArduinoCore.a(HardwareSerial0.o)
                               0x135f (size before relaxing)
 .debug_str     0x000045c0       0x37 C:\Users\Saba Baig\Documents\Atmel Studio\7.0\RM\RM\ArduinoCore\Debug\libArduinoCore.a(main.o)
                                0x2a5 (size before relaxing)
 .debug_str     0x000045f7       0x50 C:\Users\Saba Baig\Documents\Atmel Studio\7.0\RM\RM\ArduinoCore\Debug\libArduinoCore.a(new.o)
                                0x1bb (size before relaxing)
 .debug_str     0x00004647      0x272 C:\Users\Saba Baig\Documents\Atmel Studio\7.0\RM\RM\ArduinoCore\Debug\libArduinoCore.a(Print.o)
                               0x11a4 (size before relaxing)
 .debug_str     0x000048b9       0x79 C:\Users\Saba Baig\Documents\Atmel Studio\7.0\RM\RM\ArduinoCore\Debug\libArduinoCore.a(wiring.o)
                                0x23b (size before relaxing)
 .debug_str     0x00004932       0x6c C:\Users\Saba Baig\Documents\Atmel Studio\7.0\RM\RM\ArduinoCore\Debug\libArduinoCore.a(wiring_analog.o)
                                0x23f (size before relaxing)
 .debug_str     0x0000499e       0xa4 C:\Users\Saba Baig\Documents\Atmel Studio\7.0\RM\RM\ArduinoCore\Debug\libArduinoCore.a(wiring_digital.o)
                                0x2a0 (size before relaxing)
 .debug_str     0x00004a42      0x5ae C:\Users\Saba Baig\Documents\Atmel Studio\7.0\RM\RM\ArduinoCore\Debug\libArduinoCore.a(SoftwareSerial.o)
                               0x1882 (size before relaxing)
 .debug_str     0x00004ff0       0x1c C:\Users\Saba Baig\Documents\Atmel Studio\7.0\RM\RM\ArduinoCore\Debug\libArduinoCore.a(hooks.o)
                                0x130 (size before relaxing)

.debug_loc      0x00000000     0xc006
 *(.debug_loc)
 .debug_loc     0x00000000      0x409 GpsManager.o
 .debug_loc     0x00000409      0x795 GsmManager.o
 .debug_loc     0x00000b9e       0x65 Helpers.o
 .debug_loc     0x00000c03       0x72 Main_SignalLogging.o
 .debug_loc     0x00000c75     0x120d RmMemManager.o
 .debug_loc     0x00001e82      0x28a SensorManager.o
 .debug_loc     0x0000210c     0x568c src/libraries/Adafruit_Fona_RMonV3/src/Adafruit_FONA.o
 .debug_loc     0x00007798      0x3e6 src/libraries/Wire/src/utility/twi.o
 .debug_loc     0x00007b7e      0xbc0 src/libraries/Wire/src/Wire.o
 .debug_loc     0x0000873e      0x482 C:\Users\Saba Baig\Documents\Atmel Studio\7.0\RM\RM\ArduinoCore\Debug\libArduinoCore.a(HardwareSerial.o)
 .debug_loc     0x00008bc0      0x18a C:\Users\Saba Baig\Documents\Atmel Studio\7.0\RM\RM\ArduinoCore\Debug\libArduinoCore.a(HardwareSerial0.o)
 .debug_loc     0x00008d4a       0x4c C:\Users\Saba Baig\Documents\Atmel Studio\7.0\RM\RM\ArduinoCore\Debug\libArduinoCore.a(new.o)
 .debug_loc     0x00008d96     0x1c79 C:\Users\Saba Baig\Documents\Atmel Studio\7.0\RM\RM\ArduinoCore\Debug\libArduinoCore.a(Print.o)
 .debug_loc     0x0000aa0f      0x28d C:\Users\Saba Baig\Documents\Atmel Studio\7.0\RM\RM\ArduinoCore\Debug\libArduinoCore.a(wiring.o)
 .debug_loc     0x0000ac9c       0xfe C:\Users\Saba Baig\Documents\Atmel Studio\7.0\RM\RM\ArduinoCore\Debug\libArduinoCore.a(wiring_analog.o)
 .debug_loc     0x0000ad9a      0x5fc C:\Users\Saba Baig\Documents\Atmel Studio\7.0\RM\RM\ArduinoCore\Debug\libArduinoCore.a(wiring_digital.o)
 .debug_loc     0x0000b396      0xc70 C:\Users\Saba Baig\Documents\Atmel Studio\7.0\RM\RM\ArduinoCore\Debug\libArduinoCore.a(SoftwareSerial.o)

.debug_macinfo
 *(.debug_macinfo)

.debug_weaknames
 *(.debug_weaknames)

.debug_funcnames
 *(.debug_funcnames)

.debug_typenames
 *(.debug_typenames)

.debug_varnames
 *(.debug_varnames)

.debug_pubtypes
 *(.debug_pubtypes)

.debug_ranges   0x00000000      0x928
 *(.debug_ranges)
 .debug_ranges  0x00000000       0x38 GpsManager.o
 .debug_ranges  0x00000038       0x68 GsmManager.o
 .debug_ranges  0x000000a0       0x10 Helpers.o
 .debug_ranges  0x000000b0       0x50 Main_SignalLogging.o
 .debug_ranges  0x00000100       0xf0 RmMemManager.o
 .debug_ranges  0x000001f0       0x30 SensorManager.o
 .debug_ranges  0x00000220      0x298 src/libraries/Adafruit_Fona_RMonV3/src/Adafruit_FONA.o
 .debug_ranges  0x000004b8       0x70 src/libraries/Wire/src/utility/twi.o
 .debug_ranges  0x00000528       0xd8 src/libraries/Wire/src/Wire.o
 .debug_ranges  0x00000600       0x58 C:\Users\Saba Baig\Documents\Atmel Studio\7.0\RM\RM\ArduinoCore\Debug\libArduinoCore.a(HardwareSerial.o)
 .debug_ranges  0x00000658       0x28 C:\Users\Saba Baig\Documents\Atmel Studio\7.0\RM\RM\ArduinoCore\Debug\libArduinoCore.a(HardwareSerial0.o)
 .debug_ranges  0x00000680       0x20 C:\Users\Saba Baig\Documents\Atmel Studio\7.0\RM\RM\ArduinoCore\Debug\libArduinoCore.a(main.o)
 .debug_ranges  0x000006a0       0x18 C:\Users\Saba Baig\Documents\Atmel Studio\7.0\RM\RM\ArduinoCore\Debug\libArduinoCore.a(new.o)
 .debug_ranges  0x000006b8      0x110 C:\Users\Saba Baig\Documents\Atmel Studio\7.0\RM\RM\ArduinoCore\Debug\libArduinoCore.a(Print.o)
 .debug_ranges  0x000007c8       0x38 C:\Users\Saba Baig\Documents\Atmel Studio\7.0\RM\RM\ArduinoCore\Debug\libArduinoCore.a(wiring.o)
 .debug_ranges  0x00000800       0x20 C:\Users\Saba Baig\Documents\Atmel Studio\7.0\RM\RM\ArduinoCore\Debug\libArduinoCore.a(wiring_analog.o)
 .debug_ranges  0x00000820       0x28 C:\Users\Saba Baig\Documents\Atmel Studio\7.0\RM\RM\ArduinoCore\Debug\libArduinoCore.a(wiring_digital.o)
 .debug_ranges  0x00000848       0xd0 C:\Users\Saba Baig\Documents\Atmel Studio\7.0\RM\RM\ArduinoCore\Debug\libArduinoCore.a(SoftwareSerial.o)
 .debug_ranges  0x00000918       0x10 C:\Users\Saba Baig\Documents\Atmel Studio\7.0\RM\RM\ArduinoCore\Debug\libArduinoCore.a(hooks.o)

.debug_macro
 *(.debug_macro)
OUTPUT(IAAAE_RM.elf elf32-avr)
LOAD linker stubs
