Archive member included to satisfy reference by file (symbol)

c:/program files (x86)/atmel/studio/7.0/toolchain/avr8/avr8-gnu-toolchain/bin/../lib/gcc/avr/5.4.0/../../../../avr/lib/avr5\libm.a(floatsisf.o)
                              SensorManager.o (__floatsisf)
C:\Users\Saba Baig\Documents\Atmel Studio\7.0\RM\RM\ArduinoCore\Debug\libArduinoCore.a(HardwareSerial.o)
                              Main_SignalLogging.o (_ZN14HardwareSerial5beginEmh)
C:\Users\Saba Baig\Documents\Atmel Studio\7.0\RM\RM\ArduinoCore\Debug\libArduinoCore.a(HardwareSerial0.o)
                              Adafruit_FONA.o (Serial)
C:\Users\Saba Baig\Documents\Atmel Studio\7.0\RM\RM\ArduinoCore\Debug\libArduinoCore.a(main.o)
                              C:/Program Files (x86)/Atmel/Studio/7.0/Packs/atmel/ATmega_DFP/1.2.132/gcc/dev/atmega328p/avr5/crtatmega328p.o (main)
C:\Users\Saba Baig\Documents\Atmel Studio\7.0\RM\RM\ArduinoCore\Debug\libArduinoCore.a(new.o)
                              Adafruit_FONA.o (_Znwj)
C:\Users\Saba Baig\Documents\Atmel Studio\7.0\RM\RM\ArduinoCore\Debug\libArduinoCore.a(Print.o)
                              Adafruit_FONA.o (_ZN5Print5writeEPKhj)
C:\Users\Saba Baig\Documents\Atmel Studio\7.0\RM\RM\ArduinoCore\Debug\libArduinoCore.a(wiring.o)
                              Adafruit_FONA.o (delay)
C:\Users\Saba Baig\Documents\Atmel Studio\7.0\RM\RM\ArduinoCore\Debug\libArduinoCore.a(wiring_analog.o)
                              SensorManager.o (analogRead)
C:\Users\Saba Baig\Documents\Atmel Studio\7.0\RM\RM\ArduinoCore\Debug\libArduinoCore.a(wiring_digital.o)
                              Adafruit_FONA.o (pinMode)
C:\Users\Saba Baig\Documents\Atmel Studio\7.0\RM\RM\ArduinoCore\Debug\libArduinoCore.a(WString.o)
                              Adafruit_FONA.o (_ZN6StringD1Ev)
C:\Users\Saba Baig\Documents\Atmel Studio\7.0\RM\RM\ArduinoCore\Debug\libArduinoCore.a(SoftwareSerial.o)
                              Adafruit_FONA.o (_ZN14SoftwareSerialC1Ehhb)
C:\Users\Saba Baig\Documents\Atmel Studio\7.0\RM\RM\ArduinoCore\Debug\libArduinoCore.a(abi.o)
                              C:\Users\Saba Baig\Documents\Atmel Studio\7.0\RM\RM\ArduinoCore\Debug\libArduinoCore.a(Print.o) (__cxa_pure_virtual)
C:\Users\Saba Baig\Documents\Atmel Studio\7.0\RM\RM\ArduinoCore\Debug\libArduinoCore.a(hooks.o)
                              C:\Users\Saba Baig\Documents\Atmel Studio\7.0\RM\RM\ArduinoCore\Debug\libArduinoCore.a(wiring.o) (yield)
c:/program files (x86)/atmel/studio/7.0/toolchain/avr8/avr8-gnu-toolchain/bin/../lib/gcc/avr/5.4.0/../../../../avr/lib/avr5\libm.a(addsf3.o)
                              C:\Users\Saba Baig\Documents\Atmel Studio\7.0\RM\RM\ArduinoCore\Debug\libArduinoCore.a(Print.o) (__subsf3)
c:/program files (x86)/atmel/studio/7.0/toolchain/avr8/avr8-gnu-toolchain/bin/../lib/gcc/avr/5.4.0/../../../../avr/lib/avr5\libm.a(addsf3x.o)
                              c:/program files (x86)/atmel/studio/7.0/toolchain/avr8/avr8-gnu-toolchain/bin/../lib/gcc/avr/5.4.0/../../../../avr/lib/avr5\libm.a(addsf3.o) (__addsf3x)
c:/program files (x86)/atmel/studio/7.0/toolchain/avr8/avr8-gnu-toolchain/bin/../lib/gcc/avr/5.4.0/../../../../avr/lib/avr5\libm.a(cmpsf2.o)
                              C:\Users\Saba Baig\Documents\Atmel Studio\7.0\RM\RM\ArduinoCore\Debug\libArduinoCore.a(Print.o) (__ltsf2)
c:/program files (x86)/atmel/studio/7.0/toolchain/avr8/avr8-gnu-toolchain/bin/../lib/gcc/avr/5.4.0/../../../../avr/lib/avr5\libm.a(divsf3.o)
                              C:\Users\Saba Baig\Documents\Atmel Studio\7.0\RM\RM\ArduinoCore\Debug\libArduinoCore.a(Print.o) (__divsf3)
c:/program files (x86)/atmel/studio/7.0/toolchain/avr8/avr8-gnu-toolchain/bin/../lib/gcc/avr/5.4.0/../../../../avr/lib/avr5\libm.a(divsf3x.o)
                              c:/program files (x86)/atmel/studio/7.0/toolchain/avr8/avr8-gnu-toolchain/bin/../lib/gcc/avr/5.4.0/../../../../avr/lib/avr5\libm.a(divsf3.o) (__divsf3x)
c:/program files (x86)/atmel/studio/7.0/toolchain/avr8/avr8-gnu-toolchain/bin/../lib/gcc/avr/5.4.0/../../../../avr/lib/avr5\libm.a(fixsfsi.o)
                              C:\Users\Saba Baig\Documents\Atmel Studio\7.0\RM\RM\ArduinoCore\Debug\libArduinoCore.a(Print.o) (__fixsfsi)
c:/program files (x86)/atmel/studio/7.0/toolchain/avr8/avr8-gnu-toolchain/bin/../lib/gcc/avr/5.4.0/../../../../avr/lib/avr5\libm.a(fixunssfsi.o)
                              C:\Users\Saba Baig\Documents\Atmel Studio\7.0\RM\RM\ArduinoCore\Debug\libArduinoCore.a(Print.o) (__fixunssfsi)
c:/program files (x86)/atmel/studio/7.0/toolchain/avr8/avr8-gnu-toolchain/bin/../lib/gcc/avr/5.4.0/../../../../avr/lib/avr5\libm.a(fp_cmp.o)
                              c:/program files (x86)/atmel/studio/7.0/toolchain/avr8/avr8-gnu-toolchain/bin/../lib/gcc/avr/5.4.0/../../../../avr/lib/avr5\libm.a(cmpsf2.o) (__fp_cmp)
c:/program files (x86)/atmel/studio/7.0/toolchain/avr8/avr8-gnu-toolchain/bin/../lib/gcc/avr/5.4.0/../../../../avr/lib/avr5\libm.a(fp_inf.o)
[...]
Memory Configuration

Name             Origin             Length             Attributes
text             0x00000000         0x00020000         xr
data             0x00800060         0x0000ffa0         rw !x
eeprom           0x00810000         0x00010000         rw !x
fuse             0x00820000         0x00000003         rw !x
lock             0x00830000         0x00000400         rw !x
signature        0x00840000         0x00000400         rw !x
user_signatures  0x00850000         0x00000400         rw !x
*default*        0x00000000         0xffffffff

Linker script and memory map

Address of section .data set to 0x800100
LOAD C:/Program Files (x86)/Atmel/Studio/7.0/Packs/atmel/ATmega_DFP/1.2.132/gcc/dev/atmega328p/avr5/crtatmega328p.o
LOAD Adafruit_FONA.o
LOAD GpsManager.o
LOAD GsmManager.o
LOAD GsmPayload.o
LOAD Helpers.o
LOAD Main_SignalLogging.o
LOAD RmMemManager.o
LOAD SensorManager.o
LOAD src/libraries/Wire/src/utility/twi.o
LOAD src/libraries/Wire/src/Wire.o
LOAD ExtendedTests.o
LOAD Timing.o
START GROUP
LOAD c:/program files (x86)/atmel/studio/7.0/toolchain/avr8/avr8-gnu-toolchain/bin/../lib/gcc/avr/5.4.0/../../../../avr/lib/avr5\libm.a
LOAD C:\Users\Saba Baig\Documents\Atmel Studio\7.0\RM\RM\ArduinoCore\Debug\libArduinoCore.a
END GROUP
LOAD c:/program files (x86)/atmel/studio/7.0/toolchain/avr8/avr8-gnu-toolchain/bin/../lib/gcc/avr/5.4.0/avr5\libgcc.a
LOAD c:/program files (x86)/atmel/studio/7.0/toolchain/avr8/avr8-gnu-toolchain/bin/../lib/gcc/avr/5.4.0/../../../../avr/lib/avr5\libm.a
START GROUP
LOAD c:/program files (x86)/atmel/studio/7.0/toolchain/avr8/avr8-gnu-toolchain/bin/../lib/gcc/avr/5.4.0/avr5\libgcc.a
LOAD c:/program files (x86)/atmel/studio/7.0/toolchain/avr8/avr8-gnu-toolchain/bin/../lib/gcc/avr/5.4.0/../../../../avr/lib/avr5\libm.a
LOAD c:/program files (x86)/atmel/studio/7.0/toolchain/avr8/avr8-gnu-toolchain/bin/../lib/gcc/avr/5.4.0/../../../../avr/lib/avr5\libc.a
LOAD C:/Program Files (x86)/Atmel/Studio/7.0/Packs/atmel/ATmega_DFP/1.2.132/gcc/dev/atmega328p/avr5\libatmega328p.a
END GROUP
                0x00000000                __TEXT_REGION_ORIGIN__ = DEFINED (__TEXT_REGION_ORIGIN__)?__TEXT_REGION_ORIGIN__:0x0
                0x00800060                __DATA_REGION_ORIGIN__ = DEFINED (__DATA_REGION_ORIGIN__)?__DATA_REGION_ORIGIN__:0x800060
                0x00020000                __TEXT_REGION_LENGTH__ = DEFINED (__TEXT_REGION_LENGTH__)?__TEXT_REGION_LENGTH__:0x20000
                0x0000ffa0                __DATA_REGION_LENGTH__ = DEFINED (__DATA_REGION_LENGTH__)?__DATA_REGION_LENGTH__:0xffa0
                0x00010000                __EEPROM_REGION_LENGTH__ = DEFINED (__EEPROM_REGION_LENGTH__)?__EEPROM_REGION_LENGTH__:0x10000
                [0x00000003]                __FUSE_REGION_LENGTH__ = DEFINED (__FUSE_REGION_LENGTH__)?__FUSE_REGION_LENGTH__:0x400
                0x00000400                __LOCK_REGION_LENGTH__ = DEFINED (__LOCK_REGION_LENGTH__)?__LOCK_REGION_LENGTH__:0x400
                0x00000400                __SIGNATURE_REGION_LENGTH__ = DEFINED (__SIGNATURE_REGION_LENGTH__)?__SIGNATURE_REGION_LENGTH__:0x400
                0x00000400                __USER_SIGNATURE_REGION_LENGTH__ = DEFINED (__USER_SIGNATURE_REGION_LENGTH__)?__USER_SIGNATURE_REGION_LENGTH__:0x400

.hash
 *(.hash)

.dynsym
 *(.dynsym)

.dynstr
 *(.dynstr)

.gnu.version
 *(.gnu.version)

.gnu.version_d
 *(.gnu.version_d)

.gnu.version_r
 *(.gnu.version_r)

.rel.init
 *(.rel.init)

.rela.init
 *(.rela.init)

.rel.text
 *(.rel.text)
 *(.rel.text.*)
 *(.rel.gnu.linkonce.t*)

.rela.text
 *(.rela.text)
 *(.rela.text.*)
 *(.rela.gnu.linkonce.t*)

.rel.fini
 *(.rel.fini)

.rela.fini
 *(.rela.fini)

.rel.rodata
 *(.rel.rodata)
 *(.rel.rodata.*)
 *(.rel.gnu.linkonce.r*)

.rela.rodata
 *(.rela.rodata)
 *(.rela.rodata.*)
 *(.rela.gnu.linkonce.r*)

.rel.data
 *(.rel.data)
 *(.rel.data.*)
 *(.rel.gnu.linkonce.d*)

.rela.data
 *(.rela.data)
 *(.rela.data.*)
 *(.rela.gnu.linkonce.d*)

.rel.ctors
 *(.rel.ctors)

.rela.ctors
 *(.rela.ctors)

.rel.dtors
 *(.rel.dtors)

.rela.dtors
 *(.rela.dtors)

.rel.got
 *(.rel.got)

.rela.got
 *(.rela.got)

.rel.bss
 *(.rel.bss)

.rela.bss
 *(.rela.bss)

.rel.plt
 *(.rel.plt)

.rela.plt
 *(.rela.plt)

.text           0x00000000     0x4850
 *(.vectors)
 .vectors       0x00000000       0x68 C:/Program Files (x86)/Atmel/Studio/7.0/Packs/atmel/ATmega_DFP/1.2.132/gcc/dev/atmega328p/avr5/crtatmega328p.o
                0x00000000                __vector_default
                0x00000000                __vectors
 *(.vectors)
 *(.progmem.gcc*)
                0x00000068                . = ALIGN (0x2)
                0x00000068                __trampolines_start = .
 *(.trampolines)
 .trampolines   0x00000068        0x0 linker stubs
 *(.trampolines*)
                0x00000068                __trampolines_end = .
 *libprintf_flt.a:*(.progmem.data)
 *libc.a:*(.progmem.data)
 *(.progmem*)
 .progmem.data._ZZN13Adafruit_FONA14getReplyQuotedEPK19__FlashStringHelperS2_jE3__c_0
                0x00000068        0x7 Adafruit_FONA.o
 .progmem.data._ZZN13Adafruit_FONA14getReplyQuotedEPK19__FlashStringHelperS2_jE3__c
                0x0000006f        0x7 Adafruit_FONA.o
 .progmem.data._ZZN13Adafruit_FONA8getReplyEPK19__FlashStringHelperjE3__c_0
                0x00000076        0x7 Adafruit_FONA.o
 .progmem.data._ZZN13Adafruit_FONA8getReplyEPK19__FlashStringHelperjE3__c
                0x0000007d        0x7 Adafruit_FONA.o
 .progmem.data._ZZN13Adafruit_FONA8readlineEjbE3__c
                0x00000084        0x6 Adafruit_FONA.o
 .progmem.data._ZZN13Adafruit_FONA11expectReplyEPK19__FlashStringHelperjE3__c
                0x0000008a        0x7 Adafruit_FONA.o
 .progmem.data._ZZN13Adafruit_FONA10enableGPRSEbE3__c_14
                0x00000091        0xb Adafruit_FONA.o
 .progmem.data._ZZN13Adafruit_FONA10enableGPRSEbE3__c_13
                0x0000009c        0xd Adafruit_FONA.o
 .progmem.data._ZZN13Adafruit_FONA10enableGPRSEbE3__c_11
                0x000000a9        0xb Adafruit_FONA.o
 .progmem.data._ZZN13Adafruit_FONA10enableGPRSEbE3__c_12
                0x000000b4        0x8 Adafruit_FONA.o
 .progmem.data._ZZN13Adafruit_FONA10enableGPRSEbE3__c_10
                0x000000bc        0x9 Adafruit_FONA.o
 .progmem.data._ZZN13Adafruit_FONA10enableGPRSEbE3__c_9
                0x000000c5        0xd Adafruit_FONA.o
 .progmem.data._ZZN13Adafruit_FONA10enableGPRSEbE3__c_8
                0x000000d2       0x14 Adafruit_FONA.o
 .progmem.data._ZZN13Adafruit_FONA10enableGPRSEbE3__c_7
                0x000000e6       0x15 Adafruit_FONA.o
 .progmem.data._ZZN13Adafruit_FONA10enableGPRSEbE3__c_6
                0x000000fb        0xa Adafruit_FONA.o
 .progmem.data._ZZN13Adafruit_FONA10enableGPRSEbE3__c_5
                0x00000105        0x7 Adafruit_FONA.o
 .progmem.data._ZZN13Adafruit_FONA10enableGPRSEbE3__c_4
                0x0000010c        0xa Adafruit_FONA.o
 .progmem.data._ZZN13Adafruit_FONA10enableGPRSEbE3__c_3
                0x00000116       0x14 Adafruit_FONA.o
 .progmem.data._ZZN13Adafruit_FONA10enableGPRSEbE3__c_2
                0x0000012a       0x1e Adafruit_FONA.o
 .progmem.data._ZZN13Adafruit_FONA10enableGPRSEbE3__c_1
                0x00000148        0xb Adafruit_FONA.o
 .progmem.data._ZZN13Adafruit_FONA10enableGPRSEbE3__c
                0x00000153        0xb Adafruit_FONA.o
 .progmem.data._ZZN13Adafruit_FONA10enableGPRSEbE3__c_0
                0x0000015e        0x8 Adafruit_FONA.o
 .progmem.data._ZZN13Adafruit_FONA7getRSSIEvE3__c_5
                0x00000166        0x9 Adafruit_FONA.o
 .progmem.data._ZZN13Adafruit_FONA7getRSSIEvE3__c_6
                0x0000016f        0x8 Adafruit_FONA.o
 .progmem.data._ZZN13Adafruit_FONA7getRSSIEvE3__c_3
                0x00000177        0x9 Adafruit_FONA.o
 .progmem.data._ZZN13Adafruit_FONA7getRSSIEvE3__c_4
                0x00000180        0x8 Adafruit_FONA.o
 .progmem.data._ZZN13Adafruit_FONA7getRSSIEvE3__c_1
                0x00000188        0x7 Adafruit_FONA.o
 .progmem.data._ZZN13Adafruit_FONA7getRSSIEvE3__c_2
                0x0000018f        0x7 Adafruit_FONA.o
 .progmem.data._ZZN13Adafruit_FONA7getRSSIEvE3__c
                0x00000196        0x7 Adafruit_FONA.o
 .progmem.data._ZZN13Adafruit_FONA7getRSSIEvE3__c_0
                0x0000019d        0x7 Adafruit_FONA.o
 .progmem.data._ZZN13Adafruit_FONA5beginEhhE3__c_11
                0x000001a4        0xb Adafruit_FONA.o
 .progmem.data._ZZN13Adafruit_FONA5beginEhhE3__c_10
                0x000001af        0x7 Adafruit_FONA.o
 .progmem.data._ZZN13Adafruit_FONA5beginEhhE3__c_9
                0x000001b6        0x7 Adafruit_FONA.o
 .progmem.data._ZZN13Adafruit_FONA5beginEhhE3__c_8
                0x000001bd        0x5 Adafruit_FONA.o
 .progmem.data._ZZN13Adafruit_FONA5beginEhhE3__c_7
                0x000001c2        0x5 Adafruit_FONA.o
 .progmem.data._ZZN13Adafruit_FONA5beginEhhE3__c_6
                0x000001c7       0x1f Adafruit_FONA.o
 .progmem.data._ZZN13Adafruit_FONA5beginEhhE3__c_5
                0x000001e6        0x3 Adafruit_FONA.o
 .progmem.data._ZZN13Adafruit_FONA5beginEhhE3__c_4
                0x000001e9        0x3 Adafruit_FONA.o
 .progmem.data._ZZN13Adafruit_FONA5beginEhhE3__c_3
                0x000001ec        0x3 Adafruit_FONA.o
 .progmem.data._ZZN13Adafruit_FONA5beginEhhE3__c_1
                0x000001ef        0x3 Adafruit_FONA.o
 .progmem.data._ZZN13Adafruit_FONA5beginEhhE3__c_2
                0x000001f2        0x3 Adafruit_FONA.o
 .progmem.data._ZZN13Adafruit_FONA5beginEhhE3__c_0
                0x000001f5        0x3 Adafruit_FONA.o
 .progmem.data._ZZN13Adafruit_FONA5beginEhhE3__c
                0x000001f8       0x21 Adafruit_FONA.o
 .progmem.data._ZZN13Adafruit_FONAC4EabE3__c_0
                0x00000219        0x3 Adafruit_FONA.o
 .progmem.data._ZZN13Adafruit_FONAC4EabE3__c
                0x0000021c        0x8 Adafruit_FONA.o
 .progmem.data._ZZN7Helpers15printSensorDataEP10SensorDataE3__c_7
                0x00000224        0x7 Helpers.o
 .progmem.data._ZZN7Helpers15printSensorDataEP10SensorDataE3__c_6
                0x0000022b        0x4 Helpers.o
 .progmem.data._ZZN7Helpers15printSensorDataEP10SensorDataE3__c_5
                0x0000022f        0x6 Helpers.o
 .progmem.data._ZZN7Helpers15printSensorDataEP10SensorDataE3__c_4
                0x00000235        0x4 Helpers.o
 .progmem.data._ZZN7Helpers15printSensorDataEP10SensorDataE3__c_3
                0x00000239        0x9 Helpers.o
 .progmem.data._ZZN7Helpers15printSensorDataEP10SensorDataE3__c_2
                0x00000242        0x4 Helpers.o
 .progmem.data._ZZN7Helpers15printSensorDataEP10SensorDataE3__c_1
                0x00000246        0x6 Helpers.o
 .progmem.data._ZZN7Helpers15printSensorDataEP10SensorDataE3__c_0
                0x0000024c        0x4 Helpers.o
 .progmem.data._ZZN7Helpers15printSensorDataEP10SensorDataE3__c
                0x00000250        0x8 Helpers.o
 .progmem.data._ZZN7Helpers9printRSSIEP13FONA_GET_RSSIE3__c_7
                0x00000258        0xd Helpers.o
 .progmem.data._ZZN7Helpers9printRSSIEP13FONA_GET_RSSIE3__c_6
                0x00000265        0x4 Helpers.o
 .progmem.data._ZZN7Helpers9printRSSIEP13FONA_GET_RSSIE3__c_5
                0x00000269        0x9 Helpers.o
 .progmem.data._ZZN7Helpers9printRSSIEP13FONA_GET_RSSIE3__c_4
                0x00000272        0xa Helpers.o
 .progmem.data._ZZN7Helpers9printRSSIEP13FONA_GET_RSSIE3__c_3
                0x0000027c       0x15 Helpers.o
 .progmem.data._ZZN7Helpers9printRSSIEP13FONA_GET_RSSIE3__c_2
                0x00000291        0x4 Helpers.o
 .progmem.data._ZZN7Helpers9printRSSIEP13FONA_GET_RSSIE3__c_1
                0x00000295        0x5 Helpers.o
 .progmem.data._ZZN7Helpers9printRSSIEP13FONA_GET_RSSIE3__c_0
                0x0000029a        0x4 Helpers.o
 .progmem.data._ZZN7Helpers9printRSSIEP13FONA_GET_RSSIE3__c
                0x0000029e        0x6 Helpers.o
 .progmem.data._ZL12b64_alphabet
                0x000002a4       0x41 Helpers.o
 .progmem.data._ZZ4loopE3__c
                0x000002e5        0xa Main_SignalLogging.o
 .progmem.data._ZZ8sendDatavE3__c_0
                0x000002ef       0x2f Main_SignalLogging.o
 .progmem.data._ZZ8sendDatavE3__c
                0x0000031e       0x21 Main_SignalLogging.o
 .progmem.data._ZZ12takeReadingsvE3__c
                0x0000033f       0x13 Main_SignalLogging.o
 .progmem.data._ZZ21ensureFonaInitialisedbE3__c_2
                0x00000352       0x1b Main_SignalLogging.o
 .progmem.data._ZZ21ensureFonaInitialisedbE3__c_1
                0x0000036d       0x15 Main_SignalLogging.o
 .progmem.data._ZZ21ensureFonaInitialisedbE3__c_0
                0x00000382       0x1b Main_SignalLogging.o
 .progmem.data._ZZ21ensureFonaInitialisedbE3__c
                0x0000039d       0x15 Main_SignalLogging.o
 .progmem.data._ZZ5setupE3__c
                0x000003b2        0xc Main_SignalLogging.o
 .progmem.data._ZZN13ExtendedTests20runExtendedTypesTestEvE3__c_21
                0x000003be       0x3d ExtendedTests.o
 .progmem.data._ZZN13ExtendedTests20runExtendedTypesTestEvE3__c_20
                0x000003fb       0x12 ExtendedTests.o
 .progmem.data._ZZN13ExtendedTests20runExtendedTypesTestEvE3__c_19
                0x0000040d       0x10 ExtendedTests.o
 .progmem.data._ZZN13ExtendedTests20runExtendedTypesTestEvE3__c_18
                0x0000041d       0x11 ExtendedTests.o
 .progmem.data._ZZN13ExtendedTests20runExtendedTypesTestEvE3__c_17
                0x0000042e       0x10 ExtendedTests.o
 .progmem.data._ZZN13ExtendedTests20runExtendedTypesTestEvE3__c_16
                0x0000043e       0x12 ExtendedTests.o
 .progmem.data._ZZN13ExtendedTests20runExtendedTypesTestEvE3__c_15
                0x00000450       0x12 ExtendedTests.o
 .progmem.data._ZZN13ExtendedTests20runExtendedTypesTestEvE3__c_14
                0x00000462       0x16 ExtendedTests.o
 .progmem.data._ZZN13ExtendedTests20runExtendedTypesTestEvE3__c_13
                0x00000478       0x16 ExtendedTests.o
 .progmem.data._ZZN13ExtendedTests20runExtendedTypesTestEvE3__c_12
                0x0000048e       0x21 ExtendedTests.o
 .progmem.data._ZZN13ExtendedTests20runExtendedTypesTestEvE3__c_11
                0x000004af       0x17 ExtendedTests.o
 .progmem.data._ZZN13ExtendedTests20runExtendedTypesTestEvE3__c_10
                0x000004c6       0x18 ExtendedTests.o
 .progmem.data._ZZN13ExtendedTests20runExtendedTypesTestEvE3__c_9
                0x000004de       0x17 ExtendedTests.o
 .progmem.data._ZZN13ExtendedTests20runExtendedTypesTestEvE3__c_8
                0x000004f5       0x17 ExtendedTests.o
 .progmem.data._ZZN13ExtendedTests20runExtendedTypesTestEvE3__c_7
                0x0000050c       0x17 ExtendedTests.o
 .progmem.data._ZZN13ExtendedTests20runExtendedTypesTestEvE3__c_6
                0x00000523       0x17 ExtendedTests.o
 .progmem.data._ZZN13ExtendedTests20runExtendedTypesTestEvE3__c_5
                0x0000053a       0x17 ExtendedTests.o
 .progmem.data._ZZN13ExtendedTests20runExtendedTypesTestEvE3__c_4
                0x00000551       0x17 ExtendedTests.o
 .progmem.data._ZZN13ExtendedTests20runExtendedTypesTestEvE3__c_3
                0x00000568       0x17 ExtendedTests.o
 .progmem.data._ZZN13ExtendedTests20runExtendedTypesTestEvE3__c_2
                0x0000057f       0x17 ExtendedTests.o
 .progmem.data._ZZN13ExtendedTests20runExtendedTypesTestEvE3__c_1
                0x00000596       0x17 ExtendedTests.o
 .progmem.data._ZZN13ExtendedTests20runExtendedTypesTestEvE3__c_0
                0x000005ad       0x21 ExtendedTests.o
 .progmem.data._ZZN13ExtendedTests20runExtendedTypesTestEvE3__c
                0x000005ce       0x24 ExtendedTests.o
 .progmem.data._ZZ22encodeSingleSensorTestvE3__c_8
                0x000005f2       0x19 ExtendedTests.o
 .progmem.data._ZZ22encodeSingleSensorTestvE3__c_7
                0x0000060b       0x19 ExtendedTests.o
 .progmem.data._ZZ22encodeSingleSensorTestvE3__c_6
                0x00000624       0x19 ExtendedTests.o
 .progmem.data._ZZ22encodeSingleSensorTestvE3__c_5
                0x0000063d       0x19 ExtendedTests.o
 .progmem.data._ZZ22encodeSingleSensorTestvE3__c_4
                0x00000656       0x19 ExtendedTests.o
 .progmem.data._ZZ22encodeSingleSensorTestvE3__c_3
                0x0000066f       0x19 ExtendedTests.o
 .progmem.data._ZZ22encodeSingleSensorTestvE3__c_2
                0x00000688       0x18 ExtendedTests.o
 .progmem.data._ZZ22encodeSingleSensorTestvE3__c_1
                0x000006a0       0x18 ExtendedTests.o
 .progmem.data._ZZ22encodeSingleSensorTestvE3__c_0
                0x000006b8       0x18 ExtendedTests.o
 .progmem.data._ZZ22encodeSingleSensorTestvE3__c
                0x000006d0       0x18 ExtendedTests.o
 .progmem.data._ZZ13encodeStrTestPcS_E3__c_7
                0x000006e8       0x18 ExtendedTests.o
 .progmem.data._ZZ13encodeStrTestPcS_E3__c_6
                0x00000700       0x18 ExtendedTests.o
 .progmem.data._ZZ13encodeStrTestPcS_E3__c_5
                0x00000718       0x18 ExtendedTests.o
 .progmem.data._ZZ13encodeStrTestPcS_E3__c_4
                0x00000730       0x18 ExtendedTests.o
 .progmem.data._ZZ13encodeStrTestPcS_E3__c_3
                0x00000748       0x18 ExtendedTests.o
 .progmem.data._ZZ13encodeStrTestPcS_E3__c_2
                0x00000760       0x18 ExtendedTests.o
 .progmem.data._ZZ13encodeStrTestPcS_E3__c_1
                0x00000778       0x18 ExtendedTests.o
 .progmem.data._ZZ13encodeStrTestPcS_E3__c_0
                0x00000790       0x18 ExtendedTests.o
 .progmem.data._ZZ13encodeStrTestPcS_E3__c
                0x000007a8       0x18 ExtendedTests.o
 .progmem.data._ZZ13encodeIntTesthE3__c_0
                0x000007c0       0x18 ExtendedTests.o
 .progmem.data._ZZ13encodeIntTesthE3__c
                0x000007d8       0x18 ExtendedTests.o
 .progmem.data.digital_pin_to_timer_PGM
                0x000007f0       0x14 C:\Users\Saba Baig\Documents\Atmel Studio\7.0\RM\RM\ArduinoCore\Debug\libArduinoCore.a(wiring_digital.o)
                0x000007f0                digital_pin_to_timer_PGM
 .progmem.data.digital_pin_to_bit_mask_PGM
                0x00000804       0x14 C:\Users\Saba Baig\Documents\Atmel Studio\7.0\RM\RM\ArduinoCore\Debug\libArduinoCore.a(wiring_digital.o)
                0x00000804                digital_pin_to_bit_mask_PGM
 .progmem.data.digital_pin_to_port_PGM
                0x00000818       0x14 C:\Users\Saba Baig\Documents\Atmel Studio\7.0\RM\RM\ArduinoCore\Debug\libArduinoCore.a(wiring_digital.o)
                0x00000818                digital_pin_to_port_PGM
 .progmem.data.port_to_input_PGM
                0x0000082c        0xa C:\Users\Saba Baig\Documents\Atmel Studio\7.0\RM\RM\ArduinoCore\Debug\libArduinoCore.a(wiring_digital.o)
                0x0000082c                port_to_input_PGM
 .progmem.data.port_to_output_PGM
                0x00000836        0xa C:\Users\Saba Baig\Documents\Atmel Studio\7.0\RM\RM\ArduinoCore\Debug\libArduinoCore.a(wiring_digital.o)
                0x00000836                port_to_output_PGM
 .progmem.data.port_to_mode_PGM
                0x00000840        0xa C:\Users\Saba Baig\Documents\Atmel Studio\7.0\RM\RM\ArduinoCore\Debug\libArduinoCore.a(wiring_digital.o)
                0x00000840                port_to_mode_PGM
                0x0000084a                . = ALIGN (0x2)
 *(.jumptables)
 *(.jumptables*)
 *(.lowtext)
 *(.lowtext*)
                0x0000084a                __ctors_start = .
 *(.ctors)
 .ctors         0x0000084a        0x2 Main_SignalLogging.o
 .ctors         0x0000084c        0x2 src/libraries/Wire/src/Wire.o
 .ctors         0x0000084e        0x2 C:\Users\Saba Baig\Documents\Atmel Studio\7.0\RM\RM\ArduinoCore\Debug\libArduinoCore.a(HardwareSerial0.o)
                0x00000850                __ctors_end = .
                0x00000850                __dtors_start = .
 *(.dtors)
 .dtors         0x00000850        0x2 Main_SignalLogging.o
                0x00000852                __dtors_end = .
 SORT(*)(.ctors)
 SORT(*)(.dtors)
 *(.init0)
 .init0         0x00000852        0x0 C:/Program Files (x86)/Atmel/Studio/7.0/Packs/atmel/ATmega_DFP/1.2.132/gcc/dev/atmega328p/avr5/crtatmega328p.o
                0x00000852                __init
 *(.init0)
 *(.init1)
 *(.init1)
 *(.init2)
 .init2         0x00000852        0xc C:/Program Files (x86)/Atmel/Studio/7.0/Packs/atmel/ATmega_DFP/1.2.132/gcc/dev/atmega328p/avr5/crtatmega328p.o
 *(.init2)
 *(.init3)
 *(.init3)
 *(.init4)
 .init4         0x0000085e       0x16 c:/program files (x86)/atmel/studio/7.0/toolchain/avr8/avr8-gnu-toolchain/bin/../lib/gcc/avr/5.4.0/avr5\libgcc.a(_copy_data.o)
                0x0000085e                __do_copy_data
 .init4         0x00000874       0x10 c:/program files (x86)/atmel/studio/7.0/toolchain/avr8/avr8-gnu-toolchain/bin/../lib/gcc/avr/5.4.0/avr5\libgcc.a(_clear_bss.o)
                0x00000874                __do_clear_bss
 *(.init4)
 *(.init5)
 *(.init5)
 *(.init6)
 .init6         0x00000884       0x16 c:/program files (x86)/atmel/studio/7.0/toolchain/avr8/avr8-gnu-toolchain/bin/../lib/gcc/avr/5.4.0/avr5\libgcc.a(_ctors.o)
                0x00000884                __do_global_ctors
 *(.init6)
 *(.init7)
 *(.init7)
 *(.init8)
 *(.init8)
 *(.init9)
 .init9         0x0000089a        0x8 C:/Program Files (x86)/Atmel/Studio/7.0/Packs/atmel/ATmega_DFP/1.2.132/gcc/dev/atmega328p/avr5/crtatmega328p.o
 *(.init9)
 *(.text)
 .text          0x000008a2        0x4 C:/Program Files (x86)/Atmel/Studio/7.0/Packs/atmel/ATmega_DFP/1.2.132/gcc/dev/atmega328p/avr5/crtatmega328p.o
                0x000008a2                __vector_22
                0x000008a2                __vector_1
                0x000008a2                __vector_12
                0x000008a2                __bad_interrupt
                0x000008a2                __vector_6
                0x000008a2                __vector_23
                0x000008a2                __vector_25
                0x000008a2                __vector_11
                0x000008a2                __vector_13
                0x000008a2                __vector_17
                0x000008a2                __vector_7
                0x000008a2                __vector_9
                0x000008a2                __vector_2
                0x000008a2                __vector_21
                0x000008a2                __vector_15
                0x000008a2                __vector_8
                0x000008a2                __vector_14
                0x000008a2                __vector_10
                0x000008a2                __vector_20
                0x000008a6                . = ALIGN (0x2)
 *(.text.*)
 .text._ZN13Adafruit_FONA9availableEv
                0x000008a6       0x18 Adafruit_FONA.o
                0x000008a6                _ZN13Adafruit_FONA9availableEv
 .text._ZN13Adafruit_FONA5writeEh
                0x000008be       0x18 Adafruit_FONA.o
                0x000008be                _ZN13Adafruit_FONA5writeEh
 .text._ZN13Adafruit_FONA4readEv
                0x000008d6       0x18 Adafruit_FONA.o
                0x000008d6                _ZN13Adafruit_FONA4readEv
 .text._ZN13Adafruit_FONA4peekEv
                0x000008ee       0x18 Adafruit_FONA.o
                0x000008ee                _ZN13Adafruit_FONA4peekEv
 .text._ZN13Adafruit_FONA5flushEv
                0x00000906       0x18 Adafruit_FONA.o
                0x00000906                _ZN13Adafruit_FONA5flushEv
 .text._ZN13Adafruit_FONAC2Eab
                0x0000091e       0xcc Adafruit_FONA.o
                0x0000091e                _ZN13Adafruit_FONAC2Eab
                0x0000091e                _ZN13Adafruit_FONAC1Eab
 .text._ZN13Adafruit_FONA12setUserAgentE6String
                0x000009ea        0x8 Adafruit_FONA.o
                0x000009ea                _ZN13Adafruit_FONA12setUserAgentE6String
 .text._ZN13Adafruit_FONA10flushInputEv
                0x000009f2       0x58 Adafruit_FONA.o
                0x000009f2                _ZN13Adafruit_FONA10flushInputEv
 .text._ZN13Adafruit_FONA8readlineEjb
                0x00000a4a       0xc4 Adafruit_FONA.o
                0x00000a4a                _ZN13Adafruit_FONA8readlineEjb
 .text._ZN13Adafruit_FONA11expectReplyEPK19__FlashStringHelperj
                0x00000b0e       0x48 Adafruit_FONA.o
                0x00000b0e                _ZN13Adafruit_FONA11expectReplyEPK19__FlashStringHelperj
 .text._ZN13Adafruit_FONA8getReplyEPK19__FlashStringHelperj
                0x00000b56       0x72 Adafruit_FONA.o
                0x00000b56                _ZN13Adafruit_FONA8getReplyEPK19__FlashStringHelperj
 .text._ZN13Adafruit_FONA14getReplyQuotedEPK19__FlashStringHelperS2_j
                0x00000bc8       0xc8 Adafruit_FONA.o
                0x00000bc8                _ZN13Adafruit_FONA14getReplyQuotedEPK19__FlashStringHelperS2_j
 .text._ZN13Adafruit_FONA14sendCheckReplyEPK19__FlashStringHelperS2_j
                0x00000c90       0x34 Adafruit_FONA.o
                0x00000c90                _ZN13Adafruit_FONA14sendCheckReplyEPK19__FlashStringHelperS2_j
 .text._ZN13Adafruit_FONA5beginEhh
                0x00000cc4      0x26e Adafruit_FONA.o
                0x00000cc4                _ZN13Adafruit_FONA5beginEhh
 .text._ZN13Adafruit_FONA20sendCheckReplyQuotedEPK19__FlashStringHelperS2_S2_j
                0x00000f32       0x38 Adafruit_FONA.o
                0x00000f32                _ZN13Adafruit_FONA20sendCheckReplyQuotedEPK19__FlashStringHelperS2_S2_j
 .text._ZN13Adafruit_FONA10enableGPRSEb
                0x00000f6a      0x2e8 Adafruit_FONA.o
                0x00000f6a                _ZN13Adafruit_FONA10enableGPRSEb
 .text._ZN13Adafruit_FONA10parseReplyEPK19__FlashStringHelperPjch
                0x00001252       0x6a Adafruit_FONA.o
                0x00001252                _ZN13Adafruit_FONA10parseReplyEPK19__FlashStringHelperPjch
 .text._ZN13Adafruit_FONA14sendParseReplyEPK19__FlashStringHelperS2_Pjch
                0x000012bc       0x58 Adafruit_FONA.o
                0x000012bc                _ZN13Adafruit_FONA14sendParseReplyEPK19__FlashStringHelperS2_Pjch
 .text._ZN13Adafruit_FONA7getRSSIEv
                0x00001314       0xde Adafruit_FONA.o
                0x00001314                _ZN13Adafruit_FONA7getRSSIEv
 .text._ZN10GsmPayloadC2Ev
                0x000013f2       0x1c GsmPayload.o
                0x000013f2                _ZN10GsmPayloadC1Ev
                0x000013f2                _ZN10GsmPayloadC2Ev
 .text._ZN10GsmPayload23getEncodedPayloadSize_SEh
                0x0000140e        0xe GsmPayload.o
                0x0000140e                _ZN10GsmPayload23getEncodedPayloadSize_SEh
 .text._ZN10GsmPayload16readNumSReadingsEPcj
                0x0000141c       0x12 GsmPayload.o
                0x0000141c                _ZN10GsmPayload16readNumSReadingsEPcj
 .text._ZN10GsmPayload16createRawPayloadEPh
                0x0000142e       0x2e GsmPayload.o
                0x0000142e                _ZN10GsmPayload16createRawPayloadEPh
 .text._ZN10GsmPayload20createEncodedPayloadEPc
                0x0000145c       0x78 GsmPayload.o
                0x0000145c                _ZN10GsmPayload20createEncodedPayloadEPc
 .text._ZN10GsmPayload14readRawPayloadEPhP10SensorData
                0x000014d4       0x3c GsmPayload.o
                0x000014d4                _ZN10GsmPayload14readRawPayloadEPhP10SensorData
 .text._ZN10GsmPayload18readEncodedPayloadEPcjP10SensorData
                0x00001510       0x8a GsmPayload.o
                0x00001510                _ZN10GsmPayload18readEncodedPayloadEPcjP10SensorData
 .text._ZN10GsmPayload13setSensorDataEP10SensorDatah
                0x0000159a        0xa GsmPayload.o
                0x0000159a                _ZN10GsmPayload13setSensorDataEP10SensorDatah
 .text._ZN10GsmPayload13getSensorDataEv
                0x000015a4        0x8 GsmPayload.o
                0x000015a4                _ZN10GsmPayload13getSensorDataEv
 .text._ZN10GsmPayload11setModuleIdEh
                0x000015ac        0x6 GsmPayload.o
                0x000015ac                _ZN10GsmPayload11setModuleIdEh
 .text._ZN10GsmPayload13setBootNumberEj
                0x000015b2        0x8 GsmPayload.o
                0x000015b2                _ZN10GsmPayload13setBootNumberEj
 .text._ZN10GsmPayload7setRSSIE13FONA_GET_RSSI
                0x000015ba        0xc GsmPayload.o
                0x000015ba                _ZN10GsmPayload7setRSSIE13FONA_GET_RSSI
 .text._ZN7Helpers9printRSSIEP13FONA_GET_RSSI
                0x000015c6       0xe2 Helpers.o
                0x000015c6                _ZN7Helpers9printRSSIEP13FONA_GET_RSSI
 .text._ZN7Helpers15printSensorDataEP10SensorData
                0x000016a8       0xc4 Helpers.o
                0x000016a8                _ZN7Helpers15printSensorDataEP10SensorData
 .text._ZN7Helpers9fillArrayEPhjh
                0x0000176c       0x14 Helpers.o
                0x0000176c                _ZN7Helpers9fillArrayEPhjh
 .text._ZN7Helpers14base64_enc_lenEi
                0x00001780       0x2e Helpers.o
                0x00001780                _ZN7Helpers14base64_enc_lenEi
 .text._ZN7Helpers14base64_dec_lenEPci
                0x000017ae       0x3a Helpers.o
                0x000017ae                _ZN7Helpers14base64_dec_lenEPci
 .text._Z8a3_to_a4PhS_
                0x000017e8       0x48 Helpers.o
                0x000017e8                _Z8a3_to_a4PhS_
 .text._ZN7Helpers13base64_encodeEPcPhi
                0x00001830      0x154 Helpers.o
                0x00001830                _ZN7Helpers13base64_encodeEPcPhi
 .text._Z8a4_to_a3PhS_
                0x00001984       0x40 Helpers.o
                0x00001984                _Z8a4_to_a3PhS_
 .text._Z10b64_lookupc
                0x000019c4       0x38 Helpers.o
                0x000019c4                _Z10b64_lookupc
 .text._ZN7Helpers13base64_decodeEPhPci
                0x000019fc      0x15e Helpers.o
                0x000019fc                _ZN7Helpers13base64_decodeEPhPci
 .text._Z21ensureFonaInitialisedb
                0x00001b5a      0x11c Main_SignalLogging.o
                0x00001b5a                _Z21ensureFonaInitialisedb
 .text._Z15switchOffSystemv
                0x00001c76       0x20 Main_SignalLogging.o
                0x00001c76                _Z15switchOffSystemv
 .text.setup    0x00001c96       0x4a Main_SignalLogging.o
                0x00001c96                setup
 .text._Z12takeReadingsv
                0x00001ce0       0x58 Main_SignalLogging.o
                0x00001ce0                _Z12takeReadingsv
 .text._Z8sendDatav
                0x00001d38       0x8c Main_SignalLogging.o
                0x00001d38                _Z8sendDatav
 .text.loop     0x00001dc4       0x88 Main_SignalLogging.o
                0x00001dc4                loop
 .text.startup._GLOBAL__sub_I___fona
                0x00001e4c       0x20 Main_SignalLogging.o
 .text.exit._GLOBAL__sub_D___fona
                0x00001e6c       0x14 Main_SignalLogging.o
 .text._ZN7TwoWire5writeEi
                0x00001e80        0xe RmMemManager.o
                0x00001e80                _ZN7TwoWire5writeEi
 .text._ZN12RmMemManagerC2Eb
                0x00001e8e       0x22 RmMemManager.o
                0x00001e8e                _ZN12RmMemManagerC1Eb
                0x00001e8e                _ZN12RmMemManagerC2Eb
 .text._Z12internalReadjPhh
                0x00001eb0       0x86 RmMemManager.o
                0x00001eb0                _Z12internalReadjPhh
 .text._ZN12RmMemManager18getUCharFromMemoryEj
                0x00001f36       0x22 RmMemManager.o
                0x00001f36                _ZN12RmMemManager18getUCharFromMemoryEj
 .text._ZN12RmMemManager11getModuleIdEv
                0x00001f58        0x8 RmMemManager.o
                0x00001f58                _ZN12RmMemManager11getModuleIdEv
 .text._ZN13SensorManagerC2Eb
                0x00001f60        0x6 SensorManager.o
                0x00001f60                _ZN13SensorManagerC1Eb
                0x00001f60                _ZN13SensorManagerC2Eb
 .text._ZN13SensorManager16takeSampleAnalogEh
                0x00001f66       0x14 SensorManager.o
                0x00001f66                _ZN13SensorManager16takeSampleAnalogEh
 .text._ZN13SensorManager11getMockDataEP10SensorData
                0x00001f7a       0x4e SensorManager.o
                0x00001f7a                _ZN13SensorManager11getMockDataEP10SensorData
 .text._ZN13SensorManager8readDataEP10SensorData
                0x00001fc8       0x78 SensorManager.o
                0x00001fc8                _ZN13SensorManager8readDataEP10SensorData
 .text.twi_init
                0x00002040       0x3c src/libraries/Wire/src/utility/twi.o
                0x00002040                twi_init
 .text.twi_readFrom
                0x0000207c       0x90 src/libraries/Wire/src/utility/twi.o
                0x0000207c                twi_readFrom
 .text.twi_writeTo
                0x0000210c       0xac src/libraries/Wire/src/utility/twi.o
                0x0000210c                twi_writeTo
 .text.twi_transmit
                0x000021b8       0x50 src/libraries/Wire/src/utility/twi.o
                0x000021b8                twi_transmit
 .text.twi_attachSlaveRxEvent
                0x00002208        0xa src/libraries/Wire/src/utility/twi.o
                0x00002208                twi_attachSlaveRxEvent
 .text.twi_attachSlaveTxEvent
                0x00002212        0xa src/libraries/Wire/src/utility/twi.o
                0x00002212                twi_attachSlaveTxEvent
 .text.twi_stop
                0x0000221c       0x14 src/libraries/Wire/src/utility/twi.o
                0x0000221c                twi_stop
 .text.twi_releaseBus
                0x00002230        0xc src/libraries/Wire/src/utility/twi.o
                0x00002230                twi_releaseBus
 .text.__vector_24
                0x0000223c      0x25a src/libraries/Wire/src/utility/twi.o
                0x0000223c                __vector_24
 .text._ZN7TwoWire9availableEv
                0x00002496       0x10 src/libraries/Wire/src/Wire.o
                0x00002496                _ZN7TwoWire9availableEv
 .text._ZN7TwoWire4readEv
                0x000024a6       0x28 src/libraries/Wire/src/Wire.o
                0x000024a6                _ZN7TwoWire4readEv
 .text._ZN7TwoWire4peekEv
                0x000024ce       0x1e src/libraries/Wire/src/Wire.o
                0x000024ce                _ZN7TwoWire4peekEv
 .text._ZN7TwoWire5flushEv
                0x000024ec        0x2 src/libraries/Wire/src/Wire.o
                0x000024ec                _ZN7TwoWire5flushEv
 .text._ZN7TwoWire16onReceiveServiceEPhi
                0x000024ee       0x54 src/libraries/Wire/src/Wire.o
                0x000024ee                _ZN7TwoWire16onReceiveServiceEPhi
 .text._ZN7TwoWire16onRequestServiceEv
                0x00002542       0x18 src/libraries/Wire/src/Wire.o
                0x00002542                _ZN7TwoWire16onRequestServiceEv
 .text._ZN7TwoWire5writeEPKhj
                0x0000255a       0x5a src/libraries/Wire/src/Wire.o
                0x0000255a                _ZN7TwoWire5writeEPKhj
 .text._ZN7TwoWire5writeEh
                0x000025b4       0x5e src/libraries/Wire/src/Wire.o
                0x000025b4                _ZN7TwoWire5writeEh
 .text._ZN7TwoWireC2Ev
                0x00002612       0x20 src/libraries/Wire/src/Wire.o
                0x00002612                _ZN7TwoWireC1Ev
                0x00002612                _ZN7TwoWireC2Ev
 .text._ZN7TwoWire5beginEv
                0x00002632       0x24 src/libraries/Wire/src/Wire.o
                0x00002632                _ZN7TwoWire5beginEv
 .text._ZN7TwoWire17beginTransmissionEh
                0x00002656       0x14 src/libraries/Wire/src/Wire.o
                0x00002656                _ZN7TwoWire17beginTransmissionEh
 .text._ZN7TwoWire17beginTransmissionEi
                0x0000266a        0x4 src/libraries/Wire/src/Wire.o
                0x0000266a                _ZN7TwoWire17beginTransmissionEi
 .text._ZN7TwoWire15endTransmissionEh
                0x0000266e       0x26 src/libraries/Wire/src/Wire.o
                0x0000266e                _ZN7TwoWire15endTransmissionEh
 .text._ZN7TwoWire11requestFromEhhmhh
                0x00002694       0xa8 src/libraries/Wire/src/Wire.o
                0x00002694                _ZN7TwoWire11requestFromEhhmhh
 .text._ZN7TwoWire11requestFromEhhh
                0x0000273c       0x20 src/libraries/Wire/src/Wire.o
                0x0000273c                _ZN7TwoWire11requestFromEhhh
 .text._ZN7TwoWire11requestFromEii
                0x0000275c        0x6 src/libraries/Wire/src/Wire.o
                0x0000275c                _ZN7TwoWire11requestFromEii
 .text._ZN7TwoWire15endTransmissionEv
                0x00002762        0x6 src/libraries/Wire/src/Wire.o
                0x00002762                _ZN7TwoWire15endTransmissionEv
 .text.startup._GLOBAL__sub_I__ZN7TwoWire8rxBufferE
                0x00002768        0x8 src/libraries/Wire/src/Wire.o
 .text._Z13encodeIntTesth
                0x00002770       0x98 ExtendedTests.o
                0x00002770                _Z13encodeIntTesth
 .text._Z13encodeStrTestPcS_
                0x00002808      0x1f2 ExtendedTests.o
                0x00002808                _Z13encodeStrTestPcS_
 .text._Z22encodeSingleSensorTestv
                0x000029fa      0x2b6 ExtendedTests.o
                0x000029fa                _Z22encodeSingleSensorTestv
 .text._Z11writeMockSDP10SensorDatah
                0x00002cb0       0x4e ExtendedTests.o
                0x00002cb0                _Z11writeMockSDP10SensorDatah
 .text._Z21encodeBulkSignalsTestPch
                0x00002cfe      0x100 ExtendedTests.o
                0x00002cfe                _Z21encodeBulkSignalsTestPch
 .text._ZN13ExtendedTests20runExtendedTypesTestEv
                0x00002dfe      0x3d6 ExtendedTests.o
                0x00002dfe                _ZN13ExtendedTests20runExtendedTypesTestEv
 .text._ZN14HardwareSerial9availableEv
                0x000031d4       0x18 C:\Users\Saba Baig\Documents\Atmel Studio\7.0\RM\RM\ArduinoCore\Debug\libArduinoCore.a(HardwareSerial.o)
                0x000031d4                _ZN14HardwareSerial9availableEv
 .text._ZN14HardwareSerial4peekEv
                0x000031ec       0x1c C:\Users\Saba Baig\Documents\Atmel Studio\7.0\RM\RM\ArduinoCore\Debug\libArduinoCore.a(HardwareSerial.o)
                0x000031ec                _ZN14HardwareSerial4peekEv
 .text._ZN14HardwareSerial4readEv
                0x00003208       0x28 C:\Users\Saba Baig\Documents\Atmel Studio\7.0\RM\RM\ArduinoCore\Debug\libArduinoCore.a(HardwareSerial.o)
                0x00003208                _ZN14HardwareSerial4readEv
 .text._Z14serialEventRunv
                0x00003230       0x1c C:\Users\Saba Baig\Documents\Atmel Studio\7.0\RM\RM\ArduinoCore\Debug\libArduinoCore.a(HardwareSerial.o)
                0x00003230                _Z14serialEventRunv
 .text._ZN14HardwareSerial17_tx_udr_empty_irqEv
                0x0000324c       0x42 C:\Users\Saba Baig\Documents\Atmel Studio\7.0\RM\RM\ArduinoCore\Debug\libArduinoCore.a(HardwareSerial.o)
                0x0000324c                _ZN14HardwareSerial17_tx_udr_empty_irqEv
 .text._ZN14HardwareSerial5writeEh
                0x0000328e       0x8e C:\Users\Saba Baig\Documents\Atmel Studio\7.0\RM\RM\ArduinoCore\Debug\libArduinoCore.a(HardwareSerial.o)
                0x0000328e                _ZN14HardwareSerial5writeEh
 .text._ZN14HardwareSerial5flushEv
                0x0000331c       0x44 C:\Users\Saba Baig\Documents\Atmel Studio\7.0\RM\RM\ArduinoCore\Debug\libArduinoCore.a(HardwareSerial.o)
                0x0000331c                _ZN14HardwareSerial5flushEv
 .text._ZN14HardwareSerial5beginEmh
                0x00003360       0xca C:\Users\Saba Baig\Documents\Atmel Studio\7.0\RM\RM\ArduinoCore\Debug\libArduinoCore.a(HardwareSerial.o)
                0x00003360                _ZN14HardwareSerial5beginEmh
 .text.__vector_18
                0x0000342a       0x64 C:\Users\Saba Baig\Documents\Atmel Studio\7.0\RM\RM\ArduinoCore\Debug\libArduinoCore.a(HardwareSerial0.o)
                0x0000342a                __vector_18
 .text.__vector_19
                0x0000348e       0x4c C:\Users\Saba Baig\Documents\Atmel Studio\7.0\RM\RM\ArduinoCore\Debug\libArduinoCore.a(HardwareSerial0.o)
                0x0000348e                __vector_19
 .text._Z17Serial0_availablev
                0x000034da       0x14 C:\Users\Saba Baig\Documents\Atmel Studio\7.0\RM\RM\ArduinoCore\Debug\libArduinoCore.a(HardwareSerial0.o)
                0x000034da                _Z17Serial0_availablev
 .text.startup._GLOBAL__sub_I___vector_18
                0x000034ee       0x5a C:\Users\Saba Baig\Documents\Atmel Studio\7.0\RM\RM\ArduinoCore\Debug\libArduinoCore.a(HardwareSerial0.o)
 .text.initVariant
                0x00003548        0x2 C:\Users\Saba Baig\Documents\Atmel Studio\7.0\RM\RM\ArduinoCore\Debug\libArduinoCore.a(main.o)
                0x00003548                initVariant
 .text.startup.main
                0x0000354a       0x1e C:\Users\Saba Baig\Documents\Atmel Studio\7.0\RM\RM\ArduinoCore\Debug\libArduinoCore.a(main.o)
                0x0000354a                main
 .text._Znwj    0x00003568        0x4 C:\Users\Saba Baig\Documents\Atmel Studio\7.0\RM\RM\ArduinoCore\Debug\libArduinoCore.a(new.o)
                0x00003568                _Znwj
 .text._ZN5Print5writeEPKhj
                0x0000356c       0x54 C:\Users\Saba Baig\Documents\Atmel Studio\7.0\RM\RM\ArduinoCore\Debug\libArduinoCore.a(Print.o)
                0x0000356c                _ZN5Print5writeEPKhj
 .text._ZN5Print5writeEPKc
                0x000035c0       0x2a C:\Users\Saba Baig\Documents\Atmel Studio\7.0\RM\RM\ArduinoCore\Debug\libArduinoCore.a(Print.o)
                0x000035c0                _ZN5Print5writeEPKc
 .text._ZN5Print5printEPK19__FlashStringHelper
                0x000035ea       0x48 C:\Users\Saba Baig\Documents\Atmel Studio\7.0\RM\RM\ArduinoCore\Debug\libArduinoCore.a(Print.o)
                0x000035ea                _ZN5Print5printEPK19__FlashStringHelper
 .text._ZN5Print5printEPKc
                0x00003632        0x4 C:\Users\Saba Baig\Documents\Atmel Studio\7.0\RM\RM\ArduinoCore\Debug\libArduinoCore.a(Print.o)
                0x00003632                _ZN5Print5printEPKc
 .text._ZN5Print5printEc
                0x00003636        0xe C:\Users\Saba Baig\Documents\Atmel Studio\7.0\RM\RM\ArduinoCore\Debug\libArduinoCore.a(Print.o)
                0x00003636                _ZN5Print5printEc
 .text._ZN5Print7printlnEv
                0x00003644        0x8 C:\Users\Saba Baig\Documents\Atmel Studio\7.0\RM\RM\ArduinoCore\Debug\libArduinoCore.a(Print.o)
                0x00003644                _ZN5Print7printlnEv
 .text._ZN5Print7printlnEPK19__FlashStringHelper
                0x0000364c       0x24 C:\Users\Saba Baig\Documents\Atmel Studio\7.0\RM\RM\ArduinoCore\Debug\libArduinoCore.a(Print.o)
                0x0000364c                _ZN5Print7printlnEPK19__FlashStringHelper
 .text._ZN5Print7printlnEPKc
                0x00003670       0x24 C:\Users\Saba Baig\Documents\Atmel Studio\7.0\RM\RM\ArduinoCore\Debug\libArduinoCore.a(Print.o)
                0x00003670                _ZN5Print7printlnEPKc
 .text._ZN5Print7printlnEc
                0x00003694       0x24 C:\Users\Saba Baig\Documents\Atmel Studio\7.0\RM\RM\ArduinoCore\Debug\libArduinoCore.a(Print.o)
                0x00003694                _ZN5Print7printlnEc
 .text._ZN5Print11printNumberEmh
                0x000036b8       0x92 C:\Users\Saba Baig\Documents\Atmel Studio\7.0\RM\RM\ArduinoCore\Debug\libArduinoCore.a(Print.o)
                0x000036b8                _ZN5Print11printNumberEmh
 .text._ZN5Print5printEmi
                0x0000374a       0x1a C:\Users\Saba Baig\Documents\Atmel Studio\7.0\RM\RM\ArduinoCore\Debug\libArduinoCore.a(Print.o)
                0x0000374a                _ZN5Print5printEmi
 .text._ZN5Print5printEhi
                0x00003764        0xe C:\Users\Saba Baig\Documents\Atmel Studio\7.0\RM\RM\ArduinoCore\Debug\libArduinoCore.a(Print.o)
                0x00003764                _ZN5Print5printEhi
 .text._ZN5Print7printlnEhi
                0x00003772       0x24 C:\Users\Saba Baig\Documents\Atmel Studio\7.0\RM\RM\ArduinoCore\Debug\libArduinoCore.a(Print.o)
                0x00003772                _ZN5Print7printlnEhi
 .text._ZN5Print5printEji
                0x00003796        0xc C:\Users\Saba Baig\Documents\Atmel Studio\7.0\RM\RM\ArduinoCore\Debug\libArduinoCore.a(Print.o)
                0x00003796                _ZN5Print5printEji
 .text._ZN5Print5printEli
                0x000037a2       0x90 C:\Users\Saba Baig\Documents\Atmel Studio\7.0\RM\RM\ArduinoCore\Debug\libArduinoCore.a(Print.o)
                0x000037a2                _ZN5Print5printEli
 .text._ZN5Print5printEii
                0x00003832        0xe C:\Users\Saba Baig\Documents\Atmel Studio\7.0\RM\RM\ArduinoCore\Debug\libArduinoCore.a(Print.o)
                0x00003832                _ZN5Print5printEii
 .text._ZN5Print7printlnEii
                0x00003840       0x24 C:\Users\Saba Baig\Documents\Atmel Studio\7.0\RM\RM\ArduinoCore\Debug\libArduinoCore.a(Print.o)
                0x00003840                _ZN5Print7printlnEii
 .text.__vector_16
                0x00003864       0x94 C:\Users\Saba Baig\Documents\Atmel Studio\7.0\RM\RM\ArduinoCore\Debug\libArduinoCore.a(wiring.o)
                0x00003864                __vector_16
 .text.micros   0x000038f8       0x4a C:\Users\Saba Baig\Documents\Atmel Studio\7.0\RM\RM\ArduinoCore\Debug\libArduinoCore.a(wiring.o)
                0x000038f8                micros
 .text.delay    0x00003942       0x78 C:\Users\Saba Baig\Documents\Atmel Studio\7.0\RM\RM\ArduinoCore\Debug\libArduinoCore.a(wiring.o)
                0x00003942                delay
 .text.init     0x000039ba       0x76 C:\Users\Saba Baig\Documents\Atmel Studio\7.0\RM\RM\ArduinoCore\Debug\libArduinoCore.a(wiring.o)
                0x000039ba                init
 .text.analogRead
                0x00003a30       0x3a C:\Users\Saba Baig\Documents\Atmel Studio\7.0\RM\RM\ArduinoCore\Debug\libArduinoCore.a(wiring_analog.o)
                0x00003a30                analogRead
 .text.turnOffPWM
                0x00003a6a       0x52 C:\Users\Saba Baig\Documents\Atmel Studio\7.0\RM\RM\ArduinoCore\Debug\libArduinoCore.a(wiring_digital.o)
 .text.pinMode  0x00003abc       0x78 C:\Users\Saba Baig\Documents\Atmel Studio\7.0\RM\RM\ArduinoCore\Debug\libArduinoCore.a(wiring_digital.o)
                0x00003abc                pinMode
 .text.digitalWrite
                0x00003b34       0x5e C:\Users\Saba Baig\Documents\Atmel Studio\7.0\RM\RM\ArduinoCore\Debug\libArduinoCore.a(wiring_digital.o)
                0x00003b34                digitalWrite
 .text._ZN6StringD2Ev
                0x00003b92        0xa C:\Users\Saba Baig\Documents\Atmel Studio\7.0\RM\RM\ArduinoCore\Debug\libArduinoCore.a(WString.o)
                0x00003b92                _ZN6StringD2Ev
                0x00003b92                _ZN6StringD1Ev
 .text._ZN6String10invalidateEv
                0x00003b9c       0x24 C:\Users\Saba Baig\Documents\Atmel Studio\7.0\RM\RM\ArduinoCore\Debug\libArduinoCore.a(WString.o)
                0x00003b9c                _ZN6String10invalidateEv
 .text._ZN6String12changeBufferEj
                0x00003bc0       0x34 C:\Users\Saba Baig\Documents\Atmel Studio\7.0\RM\RM\ArduinoCore\Debug\libArduinoCore.a(WString.o)
                0x00003bc0                _ZN6String12changeBufferEj
 .text._ZN6String7reserveEj
                0x00003bf4       0x38 C:\Users\Saba Baig\Documents\Atmel Studio\7.0\RM\RM\ArduinoCore\Debug\libArduinoCore.a(WString.o)
                0x00003bf4                _ZN6String7reserveEj
 .text._ZN6String4copyEPKcj
                0x00003c2c       0x42 C:\Users\Saba Baig\Documents\Atmel Studio\7.0\RM\RM\ArduinoCore\Debug\libArduinoCore.a(WString.o)
                0x00003c2c                _ZN6String4copyEPKcj
 .text._ZN6StringC2EPKc
                0x00003c6e       0x2a C:\Users\Saba Baig\Documents\Atmel Studio\7.0\RM\RM\ArduinoCore\Debug\libArduinoCore.a(WString.o)
                0x00003c6e                _ZN6StringC2EPKc
                0x00003c6e                _ZN6StringC1EPKc
 .text._ZN6String4moveERS_
                0x00003c98       0x6c C:\Users\Saba Baig\Documents\Atmel Studio\7.0\RM\RM\ArduinoCore\Debug\libArduinoCore.a(WString.o)
                0x00003c98                _ZN6String4moveERS_
 .text._ZN6StringaSERKS_
                0x00003d04       0x2e C:\Users\Saba Baig\Documents\Atmel Studio\7.0\RM\RM\ArduinoCore\Debug\libArduinoCore.a(WString.o)
                0x00003d04                _ZN6StringaSERKS_
 .text._ZN6StringC2ERKS_
                0x00003d32       0x12 C:\Users\Saba Baig\Documents\Atmel Studio\7.0\RM\RM\ArduinoCore\Debug\libArduinoCore.a(WString.o)
                0x00003d32                _ZN6StringC2ERKS_
                0x00003d32                _ZN6StringC1ERKS_
 .text._ZN6StringaSEOS_
                0x00003d44       0x18 C:\Users\Saba Baig\Documents\Atmel Studio\7.0\RM\RM\ArduinoCore\Debug\libArduinoCore.a(WString.o)
                0x00003d44                _ZN6StringaSEOS_
 .text._ZN14SoftwareSerial4readEv
                0x00003d5c       0x42 C:\Users\Saba Baig\Documents\Atmel Studio\7.0\RM\RM\ArduinoCore\Debug\libArduinoCore.a(SoftwareSerial.o)
                0x00003d5c                _ZN14SoftwareSerial4readEv
 .text._ZN14SoftwareSerial5writeEh
                0x00003d9e       0xa0 C:\Users\Saba Baig\Documents\Atmel Studio\7.0\RM\RM\ArduinoCore\Debug\libArduinoCore.a(SoftwareSerial.o)
                0x00003d9e                _ZN14SoftwareSerial5writeEh
 .text._ZN14SoftwareSerial5flushEv
                0x00003e3e        0x2 C:\Users\Saba Baig\Documents\Atmel Studio\7.0\RM\RM\ArduinoCore\Debug\libArduinoCore.a(SoftwareSerial.o)
                0x00003e3e                _ZN14SoftwareSerial5flushEv
 .text._ZN14SoftwareSerial4peekEv
                0x00003e40       0x30 C:\Users\Saba Baig\Documents\Atmel Studio\7.0\RM\RM\ArduinoCore\Debug\libArduinoCore.a(SoftwareSerial.o)
                0x00003e40                _ZN14SoftwareSerial4peekEv
 .text._ZN14SoftwareSerial9availableEv
                0x00003e70       0x30 C:\Users\Saba Baig\Documents\Atmel Studio\7.0\RM\RM\ArduinoCore\Debug\libArduinoCore.a(SoftwareSerial.o)
                0x00003e70                _ZN14SoftwareSerial9availableEv
 .text._ZN14SoftwareSerial13stopListeningEv
                0x00003ea0       0x2c C:\Users\Saba Baig\Documents\Atmel Studio\7.0\RM\RM\ArduinoCore\Debug\libArduinoCore.a(SoftwareSerial.o)
                0x00003ea0                _ZN14SoftwareSerial13stopListeningEv
 .text._ZN14SoftwareSerial6listenEv
                0x00003ecc       0x52 C:\Users\Saba Baig\Documents\Atmel Studio\7.0\RM\RM\ArduinoCore\Debug\libArduinoCore.a(SoftwareSerial.o)
                0x00003ecc                _ZN14SoftwareSerial6listenEv
 .text.__vector_3
                0x00003f1e       0xf4 C:\Users\Saba Baig\Documents\Atmel Studio\7.0\RM\RM\ArduinoCore\Debug\libArduinoCore.a(SoftwareSerial.o)
                0x00003f1e                __vector_5
                0x00003f1e                __vector_4
                0x00003f1e                __vector_3
 .text._ZN14SoftwareSerial5setTXEh
                0x00004012       0x52 C:\Users\Saba Baig\Documents\Atmel Studio\7.0\RM\RM\ArduinoCore\Debug\libArduinoCore.a(SoftwareSerial.o)
                0x00004012                _ZN14SoftwareSerial5setTXEh
 .text._ZN14SoftwareSerial5setRXEh
                0x00004064       0x52 C:\Users\Saba Baig\Documents\Atmel Studio\7.0\RM\RM\ArduinoCore\Debug\libArduinoCore.a(SoftwareSerial.o)
                0x00004064                _ZN14SoftwareSerial5setRXEh
 .text._ZN14SoftwareSerialC2Ehhb
                0x000040b6       0x56 C:\Users\Saba Baig\Documents\Atmel Studio\7.0\RM\RM\ArduinoCore\Debug\libArduinoCore.a(SoftwareSerial.o)
                0x000040b6                _ZN14SoftwareSerialC1Ehhb
                0x000040b6                _ZN14SoftwareSerialC2Ehhb
 .text._ZN14SoftwareSerial5beginEl
                0x0000410c      0x11c C:\Users\Saba Baig\Documents\Atmel Studio\7.0\RM\RM\ArduinoCore\Debug\libArduinoCore.a(SoftwareSerial.o)
                0x0000410c                _ZN14SoftwareSerial5beginEl
 .text.__empty  0x00004228        0x2 C:\Users\Saba Baig\Documents\Atmel Studio\7.0\RM\RM\ArduinoCore\Debug\libArduinoCore.a(hooks.o)
                0x00004228                yield
 .text.libgcc.div
                0x0000422a       0x18 c:/program files (x86)/atmel/studio/7.0/toolchain/avr8/avr8-gnu-toolchain/bin/../lib/gcc/avr/5.4.0/avr5\libgcc.a(_udivmodqi4.o)
                0x0000422a                __udivmodqi4
 .text.libgcc.div
                0x00004242       0x28 c:/program files (x86)/atmel/studio/7.0/toolchain/avr8/avr8-gnu-toolchain/bin/../lib/gcc/avr/5.4.0/avr5\libgcc.a(_udivmodhi4.o)
                0x00004242                __udivmodhi4
 .text.libgcc.div
                0x0000426a       0x28 c:/program files (x86)/atmel/studio/7.0/toolchain/avr8/avr8-gnu-toolchain/bin/../lib/gcc/avr/5.4.0/avr5\libgcc.a(_divmodhi4.o)
                0x0000426a                _div
                0x0000426a                __divmodhi4
 .text.libgcc.div
                0x00004292       0x44 c:/program files (x86)/atmel/studio/7.0/toolchain/avr8/avr8-gnu-toolchain/bin/../lib/gcc/avr/5.4.0/avr5\libgcc.a(_udivmodsi4.o)
                0x00004292                __udivmodsi4
 .text.libgcc.div
                0x000042d6       0x2e c:/program files (x86)/atmel/studio/7.0/toolchain/avr8/avr8-gnu-toolchain/bin/../lib/gcc/avr/5.4.0/avr5\libgcc.a(_divmodsi4.o)
                0x000042d6                __divmodsi4
 .text.libgcc.div
                0x00004304       0x10 c:/program files (x86)/atmel/studio/7.0/toolchain/avr8/avr8-gnu-toolchain/bin/../lib/gcc/avr/5.4.0/avr5\libgcc.a(_negsi2.o)
                0x00004304                __negsi2
 .text.libgcc   0x00004314        0xc c:/program files (x86)/atmel/studio/7.0/toolchain/avr8/avr8-gnu-toolchain/bin/../lib/gcc/avr/5.4.0/avr5\libgcc.a(_tablejump2.o)
                0x00004314                __tablejump2__
 .text.avr-libc
                0x00004320      0x242 c:/program files (x86)/atmel/studio/7.0/toolchain/avr8/avr8-gnu-toolchain/bin/../lib/gcc/avr/5.4.0/../../../../avr/lib/avr5\libc.a(malloc.o)
                0x00004320                malloc
                0x00004450                free
 .text.avr-libc
                0x00004562      0x18c c:/program files (x86)/atmel/studio/7.0/toolchain/avr8/avr8-gnu-toolchain/bin/../lib/gcc/avr/5.4.0/../../../../avr/lib/avr5\libc.a(realloc.o)
                0x00004562                realloc
 .text.avr-libc
                0x000046ee       0x3c c:/program files (x86)/atmel/studio/7.0/toolchain/avr8/avr8-gnu-toolchain/bin/../lib/gcc/avr/5.4.0/../../../../avr/lib/avr5\libc.a(atoi.o)
                0x000046ee                atoi
 .text.avr-libc
                0x0000472a       0x12 c:/program files (x86)/atmel/studio/7.0/toolchain/avr8/avr8-gnu-toolchain/bin/../lib/gcc/avr/5.4.0/../../../../avr/lib/avr5\libc.a(strcmp_P.o)
                0x0000472a                strcmp_P
 .text.avr-libc
                0x0000473c       0x12 c:/program files (x86)/atmel/studio/7.0/toolchain/avr8/avr8-gnu-toolchain/bin/../lib/gcc/avr/5.4.0/../../../../avr/lib/avr5\libc.a(strlen_P.o)
                0x0000473c                __strlen_P
 .text.avr-libc
                0x0000474e       0x34 c:/program files (x86)/atmel/studio/7.0/toolchain/avr8/avr8-gnu-toolchain/bin/../lib/gcc/avr/5.4.0/../../../../avr/lib/avr5\libc.a(strstr_P.o)
                0x0000474e                strstr_P
 .text.avr-libc
                0x00004782       0x12 c:/program files (x86)/atmel/studio/7.0/toolchain/avr8/avr8-gnu-toolchain/bin/../lib/gcc/avr/5.4.0/../../../../avr/lib/avr5\libc.a(memcpy.o)
                0x00004782                memcpy
 .text.avr-libc
                0x00004794       0x16 c:/program files (x86)/atmel/studio/7.0/toolchain/avr8/avr8-gnu-toolchain/bin/../lib/gcc/avr/5.4.0/../../../../avr/lib/avr5\libc.a(strchr.o)
                0x00004794                strchr
 .text.avr-libc
                0x000047aa        0xe c:/program files (x86)/atmel/studio/7.0/toolchain/avr8/avr8-gnu-toolchain/bin/../lib/gcc/avr/5.4.0/../../../../avr/lib/avr5\libc.a(strcpy.o)
                0x000047aa                strcpy
 .text.avr-libc
                0x000047b8       0x10 c:/program files (x86)/atmel/studio/7.0/toolchain/avr8/avr8-gnu-toolchain/bin/../lib/gcc/avr/5.4.0/../../../../avr/lib/avr5\libc.a(mul10.o)
                0x000047b8                __mulhi_const_10
 .text.libgcc.prologue
                0x000047c8       0x38 c:/program files (x86)/atmel/studio/7.0/toolchain/avr8/avr8-gnu-toolchain/bin/../lib/gcc/avr/5.4.0/avr5\libgcc.a(_prologue.o)
                0x000047c8                __prologue_saves__
 .text.libgcc.prologue
                0x00004800       0x36 c:/program files (x86)/atmel/studio/7.0/toolchain/avr8/avr8-gnu-toolchain/bin/../lib/gcc/avr/5.4.0/avr5\libgcc.a(_epilogue.o)
                0x00004800                __epilogue_restores__
                0x00004836                . = ALIGN (0x2)
 *(.fini9)
 .fini9         0x00004836        0x0 c:/program files (x86)/atmel/studio/7.0/toolchain/avr8/avr8-gnu-toolchain/bin/../lib/gcc/avr/5.4.0/avr5\libgcc.a(_exit.o)
                0x00004836                _exit
                0x00004836                exit
 *(.fini9)
 *(.fini8)
 *(.fini8)
 *(.fini7)
 *(.fini7)
 *(.fini6)
 .fini6         0x00004836       0x16 c:/program files (x86)/atmel/studio/7.0/toolchain/avr8/avr8-gnu-toolchain/bin/../lib/gcc/avr/5.4.0/avr5\libgcc.a(_dtors.o)
                0x00004836                __do_global_dtors
 *(.fini6)
 *(.fini5)
 *(.fini5)
 *(.fini4)
 *(.fini4)
 *(.fini3)
 *(.fini3)
 *(.fini2)
 *(.fini2)
 *(.fini1)
 *(.fini1)
 *(.fini0)
 .fini0         0x0000484c        0x4 c:/program files (x86)/atmel/studio/7.0/toolchain/avr8/avr8-gnu-toolchain/bin/../lib/gcc/avr/5.4.0/avr5\libgcc.a(_exit.o)
 *(.fini0)
                0x00004850                _etext = .

.data           0x00800100      0x18e load address 0x00004850
                0x00800100                PROVIDE (__data_start, .)
 *(.data)
 .data          0x00800100        0x6 c:/program files (x86)/atmel/studio/7.0/toolchain/avr8/avr8-gnu-toolchain/bin/../lib/gcc/avr/5.4.0/../../../../avr/lib/avr5\libc.a(malloc.o)
                0x00800100                __malloc_heap_end
                0x00800102                __malloc_heap_start
                0x00800104                __malloc_margin
 *(.data*)
 .data.analog_reference
                0x00800106        0x1 C:\Users\Saba Baig\Documents\Atmel Studio\7.0\RM\RM\ArduinoCore\Debug\libArduinoCore.a(wiring_analog.o)
                0x00800106                analog_reference
 *(.gnu.linkonce.d*)
 *(.rodata)
 *(.rodata*)
 .rodata.str1.1
                0x00800107       0x2f Adafruit_FONA.o
                                 0x32 (size before relaxing)
 .rodata._ZTV13Adafruit_FONA
                0x00800136       0x10 Adafruit_FONA.o
                0x00800136                _ZTV13Adafruit_FONA
 .rodata.str1.1
                0x00800146       0x21 Main_SignalLogging.o
 .rodata._ZTV7TwoWire
                0x00800167       0x10 src/libraries/Wire/src/Wire.o
                0x00800167                _ZTV7TwoWire
 .rodata.str1.1
                0x00800177       0xe7 ExtendedTests.o
                                 0xe9 (size before relaxing)
 .rodata._ZTV14HardwareSerial
                0x0080025e       0x10 C:\Users\Saba Baig\Documents\Atmel Studio\7.0\RM\RM\ArduinoCore\Debug\libArduinoCore.a(HardwareSerial.o)
                0x0080025e                _ZTV14HardwareSerial
 .rodata.str1.1
                0x0080026e        0xf C:\Users\Saba Baig\Documents\Atmel Studio\7.0\RM\RM\ArduinoCore\Debug\libArduinoCore.a(Print.o)
                                 0x11 (size before relaxing)
 .rodata._ZTV14SoftwareSerial
                0x0080027d       0x10 C:\Users\Saba Baig\Documents\Atmel Studio\7.0\RM\RM\ArduinoCore\Debug\libArduinoCore.a(SoftwareSerial.o)
                0x0080027d                _ZTV14SoftwareSerial
 *(.gnu.linkonce.r*)
                0x0080028e                . = ALIGN (0x2)
 *fill*         0x0080028d        0x1 
                0x0080028e                _edata = .
                0x0080028e                PROVIDE (__data_end, .)

.bss            0x0080028e      0x2e1
                0x0080028e                PROVIDE (__bss_start, .)
 *(.bss)
 *(.bss*)
 .bss._timerCounter
                0x0080028e        0x2 Main_SignalLogging.o
                0x0080028e                _timerCounter
 .bss._sendDataLoopCount
                0x00800290        0x1 Main_SignalLogging.o
                0x00800290                _sendDataLoopCount
 .bss._sendDataFona
                0x00800291        0x2 Main_SignalLogging.o
                0x00800291                _sendDataFona
 .bss._behaviour
                0x00800293        0x1 Main_SignalLogging.o
                0x00800293                _behaviour
 .bss.sensorMgr
                0x00800294        0x2 Main_SignalLogging.o
                0x00800294                sensorMgr
 .bss.mem       0x00800296        0x8 Main_SignalLogging.o
                0x00800296                mem
 .bss.__fona    0x0080029e      0x11f Main_SignalLogging.o
                0x0080029e                __fona
 .bss.twi_error
                0x008003bd        0x1 src/libraries/Wire/src/utility/twi.o
 .bss.twi_rxBufferIndex
                0x008003be        0x1 src/libraries/Wire/src/utility/twi.o
 .bss.twi_rxBuffer
                0x008003bf       0x20 src/libraries/Wire/src/utility/twi.o
 .bss.twi_txBufferLength
                0x008003df        0x1 src/libraries/Wire/src/utility/twi.o
 .bss.twi_txBufferIndex
                0x008003e0        0x1 src/libraries/Wire/src/utility/twi.o
 .bss.twi_txBuffer
                0x008003e1       0x20 src/libraries/Wire/src/utility/twi.o
 .bss.twi_masterBufferLength
                0x00800401        0x1 src/libraries/Wire/src/utility/twi.o
 .bss.twi_masterBufferIndex
                0x00800402        0x1 src/libraries/Wire/src/utility/twi.o
 .bss.twi_masterBuffer
                0x00800403       0x20 src/libraries/Wire/src/utility/twi.o
 .bss.twi_onSlaveReceive
                0x00800423        0x2 src/libraries/Wire/src/utility/twi.o
 .bss.twi_onSlaveTransmit
                0x00800425        0x2 src/libraries/Wire/src/utility/twi.o
 .bss.twi_inRepStart
                0x00800427        0x1 src/libraries/Wire/src/utility/twi.o
 .bss.twi_sendStop
                0x00800428        0x1 src/libraries/Wire/src/utility/twi.o
 .bss.twi_slarw
                0x00800429        0x1 src/libraries/Wire/src/utility/twi.o
 .bss.twi_state
                0x0080042a        0x1 src/libraries/Wire/src/utility/twi.o
 .bss.Wire      0x0080042b        0xc src/libraries/Wire/src/Wire.o
                0x0080042b                Wire
 .bss._ZN7TwoWire14user_onReceiveE
                0x00800437        0x2 src/libraries/Wire/src/Wire.o
                0x00800437                _ZN7TwoWire14user_onReceiveE
 .bss._ZN7TwoWire14user_onRequestE
                0x00800439        0x2 src/libraries/Wire/src/Wire.o
                0x00800439                _ZN7TwoWire14user_onRequestE
 .bss._ZN7TwoWire12transmittingE
                0x0080043b        0x1 src/libraries/Wire/src/Wire.o
                0x0080043b                _ZN7TwoWire12transmittingE
 .bss._ZN7TwoWire14txBufferLengthE
                0x0080043c        0x1 src/libraries/Wire/src/Wire.o
                0x0080043c                _ZN7TwoWire14txBufferLengthE
 .bss._ZN7TwoWire13txBufferIndexE
                0x0080043d        0x1 src/libraries/Wire/src/Wire.o
                0x0080043d                _ZN7TwoWire13txBufferIndexE
 .bss._ZN7TwoWire8txBufferE
                0x0080043e       0x20 src/libraries/Wire/src/Wire.o
                0x0080043e                _ZN7TwoWire8txBufferE
 .bss._ZN7TwoWire9txAddressE
                0x0080045e        0x1 src/libraries/Wire/src/Wire.o
                0x0080045e                _ZN7TwoWire9txAddressE
 .bss._ZN7TwoWire14rxBufferLengthE
                0x0080045f        0x1 src/libraries/Wire/src/Wire.o
                0x0080045f                _ZN7TwoWire14rxBufferLengthE
 .bss._ZN7TwoWire13rxBufferIndexE
                0x00800460        0x1 src/libraries/Wire/src/Wire.o
                0x00800460                _ZN7TwoWire13rxBufferIndexE
 .bss._ZN7TwoWire8rxBufferE
                0x00800461       0x20 src/libraries/Wire/src/Wire.o
                0x00800461                _ZN7TwoWire8rxBufferE
 .bss.Serial    0x00800481       0x9d C:\Users\Saba Baig\Documents\Atmel Studio\7.0\RM\RM\ArduinoCore\Debug\libArduinoCore.a(HardwareSerial0.o)
                0x00800481                Serial
 .bss.timer0_fract
                0x0080051e        0x1 C:\Users\Saba Baig\Documents\Atmel Studio\7.0\RM\RM\ArduinoCore\Debug\libArduinoCore.a(wiring.o)
 .bss.timer0_millis
                0x0080051f        0x4 C:\Users\Saba Baig\Documents\Atmel Studio\7.0\RM\RM\ArduinoCore\Debug\libArduinoCore.a(wiring.o)
                0x0080051f                timer0_millis
 .bss.timer0_overflow_count
                0x00800523        0x4 C:\Users\Saba Baig\Documents\Atmel Studio\7.0\RM\RM\ArduinoCore\Debug\libArduinoCore.a(wiring.o)
                0x00800523                timer0_overflow_count
 .bss._ZN14SoftwareSerial20_receive_buffer_headE
                0x00800527        0x1 C:\Users\Saba Baig\Documents\Atmel Studio\7.0\RM\RM\ArduinoCore\Debug\libArduinoCore.a(SoftwareSerial.o)
                0x00800527                _ZN14SoftwareSerial20_receive_buffer_headE
 .bss._ZN14SoftwareSerial20_receive_buffer_tailE
                0x00800528        0x1 C:\Users\Saba Baig\Documents\Atmel Studio\7.0\RM\RM\ArduinoCore\Debug\libArduinoCore.a(SoftwareSerial.o)
                0x00800528                _ZN14SoftwareSerial20_receive_buffer_tailE
 .bss._ZN14SoftwareSerial15_receive_bufferE
                0x00800529       0x40 C:\Users\Saba Baig\Documents\Atmel Studio\7.0\RM\RM\ArduinoCore\Debug\libArduinoCore.a(SoftwareSerial.o)
                0x00800529                _ZN14SoftwareSerial15_receive_bufferE
 .bss._ZN14SoftwareSerial13active_objectE
                0x00800569        0x2 C:\Users\Saba Baig\Documents\Atmel Studio\7.0\RM\RM\ArduinoCore\Debug\libArduinoCore.a(SoftwareSerial.o)
                0x00800569                _ZN14SoftwareSerial13active_objectE
 *(COMMON)
 COMMON         0x0080056b        0x4 c:/program files (x86)/atmel/studio/7.0/toolchain/avr8/avr8-gnu-toolchain/bin/../lib/gcc/avr/5.4.0/../../../../avr/lib/avr5\libc.a(malloc.o)
                0x0080056b                __brkval
                0x0080056d                __flp
                0x0080056f                PROVIDE (__bss_end, .)
                0x00004850                __data_load_start = LOADADDR (.data)
                0x000049de                __data_load_end = (__data_load_start + SIZEOF (.data))

.noinit         0x0080056f        0x0
                [!provide]                PROVIDE (__noinit_start, .)
 *(.noinit*)
                [!provide]                PROVIDE (__noinit_end, .)
                0x0080056f                _end = .
                0x0080056f                PROVIDE (__heap_start, .)

.eeprom         0x00810000        0x0
 *(.eeprom*)
                0x00810000                __eeprom_end = .

.fuse
 *(.fuse)
 *(.lfuse)
 *(.hfuse)
 *(.efuse)

.lock
 *(.lock*)

.signature
 *(.signature*)

.user_signatures
 *(.user_signatures*)

.stab
 *(.stab)

.stabstr
 *(.stabstr)

.stab.excl
 *(.stab.excl)

.stab.exclstr
 *(.stab.exclstr)

.stab.index
 *(.stab.index)

.stab.indexstr
 *(.stab.indexstr)

.comment        0x00000000       0x30
 *(.comment)
 .comment       0x00000000       0x30 Adafruit_FONA.o
                                 0x31 (size before relaxing)
 .comment       0x00000030       0x31 GsmPayload.o
 .comment       0x00000030       0x31 Helpers.o
 .comment       0x00000030       0x31 Main_SignalLogging.o
 .comment       0x00000030       0x31 RmMemManager.o
 .comment       0x00000030       0x31 SensorManager.o
 .comment       0x00000030       0x31 src/libraries/Wire/src/utility/twi.o
 .comment       0x00000030       0x31 src/libraries/Wire/src/Wire.o
 .comment       0x00000030       0x31 ExtendedTests.o
 .comment       0x00000030       0x31 C:\Users\Saba Baig\Documents\Atmel Studio\7.0\RM\RM\ArduinoCore\Debug\libArduinoCore.a(HardwareSerial.o)
 .comment       0x00000030       0x31 C:\Users\Saba Baig\Documents\Atmel Studio\7.0\RM\RM\ArduinoCore\Debug\libArduinoCore.a(HardwareSerial0.o)
 .comment       0x00000030       0x31 C:\Users\Saba Baig\Documents\Atmel Studio\7.0\RM\RM\ArduinoCore\Debug\libArduinoCore.a(main.o)
 .comment       0x00000030       0x31 C:\Users\Saba Baig\Documents\Atmel Studio\7.0\RM\RM\ArduinoCore\Debug\libArduinoCore.a(new.o)
 .comment       0x00000030       0x31 C:\Users\Saba Baig\Documents\Atmel Studio\7.0\RM\RM\ArduinoCore\Debug\libArduinoCore.a(Print.o)
 .comment       0x00000030       0x31 C:\Users\Saba Baig\Documents\Atmel Studio\7.0\RM\RM\ArduinoCore\Debug\libArduinoCore.a(wiring.o)
 .comment       0x00000030       0x31 C:\Users\Saba Baig\Documents\Atmel Studio\7.0\RM\RM\ArduinoCore\Debug\libArduinoCore.a(wiring_analog.o)
 .comment       0x00000030       0x31 C:\Users\Saba Baig\Documents\Atmel Studio\7.0\RM\RM\ArduinoCore\Debug\libArduinoCore.a(wiring_digital.o)
 .comment       0x00000030       0x31 C:\Users\Saba Baig\Documents\Atmel Studio\7.0\RM\RM\ArduinoCore\Debug\libArduinoCore.a(WString.o)
 .comment       0x00000030       0x31 C:\Users\Saba Baig\Documents\Atmel Studio\7.0\RM\RM\ArduinoCore\Debug\libArduinoCore.a(SoftwareSerial.o)
 .comment       0x00000030       0x31 C:\Users\Saba Baig\Documents\Atmel Studio\7.0\RM\RM\ArduinoCore\Debug\libArduinoCore.a(hooks.o)
 .comment       0x00000030       0x31 c:/program files (x86)/atmel/studio/7.0/toolchain/avr8/avr8-gnu-toolchain/bin/../lib/gcc/avr/5.4.0/../../../../avr/lib/avr5\libc.a(malloc.o)
 .comment       0x00000030       0x31 c:/program files (x86)/atmel/studio/7.0/toolchain/avr8/avr8-gnu-toolchain/bin/../lib/gcc/avr/5.4.0/../../../../avr/lib/avr5\libc.a(realloc.o)

.note.gnu.avr.deviceinfo
                0x00000000       0x40
 .note.gnu.avr.deviceinfo
                0x00000000       0x40 C:/Program Files (x86)/Atmel/Studio/7.0/Packs/atmel/ATmega_DFP/1.2.132/gcc/dev/atmega328p/avr5/crtatmega328p.o

.note.gnu.build-id
 *(.note.gnu.build-id)

.debug
 *(.debug)

.line
 *(.line)

.debug_srcinfo
 *(.debug_srcinfo)

.debug_sfnames
 *(.debug_sfnames)

.debug_aranges  0x00000000      0xce8
 *(.debug_aranges)
 .debug_aranges
                0x00000000      0x260 Adafruit_FONA.o
 .debug_aranges
                0x00000260       0xc8 GsmPayload.o
 .debug_aranges
                0x00000328       0x70 Helpers.o
 .debug_aranges
                0x00000398       0x60 Main_SignalLogging.o
 .debug_aranges
                0x000003f8       0xf0 RmMemManager.o
 .debug_aranges
                0x000004e8       0x40 SensorManager.o
 .debug_aranges
                0x00000528       0x80 src/libraries/Wire/src/utility/twi.o
 .debug_aranges
                0x000005a8       0xe8 src/libraries/Wire/src/Wire.o
 .debug_aranges
                0x00000690       0x60 ExtendedTests.o
 .debug_aranges
                0x000006f0       0x68 C:\Users\Saba Baig\Documents\Atmel Studio\7.0\RM\RM\ArduinoCore\Debug\libArduinoCore.a(HardwareSerial.o)
 .debug_aranges
                0x00000758       0x38 C:\Users\Saba Baig\Documents\Atmel Studio\7.0\RM\RM\ArduinoCore\Debug\libArduinoCore.a(HardwareSerial0.o)
 .debug_aranges
                0x00000790       0x30 C:\Users\Saba Baig\Documents\Atmel Studio\7.0\RM\RM\ArduinoCore\Debug\libArduinoCore.a(main.o)
 .debug_aranges
                0x000007c0       0x28 C:\Users\Saba Baig\Documents\Atmel Studio\7.0\RM\RM\ArduinoCore\Debug\libArduinoCore.a(new.o)
 .debug_aranges
                0x000007e8       0xf0 C:\Users\Saba Baig\Documents\Atmel Studio\7.0\RM\RM\ArduinoCore\Debug\libArduinoCore.a(Print.o)
 .debug_aranges
                0x000008d8       0x48 C:\Users\Saba Baig\Documents\Atmel Studio\7.0\RM\RM\ArduinoCore\Debug\libArduinoCore.a(wiring.o)
 .debug_aranges
                0x00000920       0x30 C:\Users\Saba Baig\Documents\Atmel Studio\7.0\RM\RM\ArduinoCore\Debug\libArduinoCore.a(wiring_analog.o)
 .debug_aranges
                0x00000950       0x38 C:\Users\Saba Baig\Documents\Atmel Studio\7.0\RM\RM\ArduinoCore\Debug\libArduinoCore.a(wiring_digital.o)
 .debug_aranges
                0x00000988      0x2a8 C:\Users\Saba Baig\Documents\Atmel Studio\7.0\RM\RM\ArduinoCore\Debug\libArduinoCore.a(WString.o)
 .debug_aranges
                0x00000c30       0x98 C:\Users\Saba Baig\Documents\Atmel Studio\7.0\RM\RM\ArduinoCore\Debug\libArduinoCore.a(SoftwareSerial.o)
 .debug_aranges
                0x00000cc8       0x20 C:\Users\Saba Baig\Documents\Atmel Studio\7.0\RM\RM\ArduinoCore\Debug\libArduinoCore.a(hooks.o)

.debug_pubnames
 *(.debug_pubnames)

.debug_info     0x00000000    0x2094f
 *(.debug_info .gnu.linkonce.wi.*)
 .debug_info    0x00000000      0x5f4 C:/Program Files (x86)/Atmel/Studio/7.0/Packs/atmel/ATmega_DFP/1.2.132/gcc/dev/atmega328p/avr5/crtatmega328p.o
 .debug_info    0x000005f4     0x7557 Adafruit_FONA.o
 .debug_info    0x00007b4b      0xfdb GsmPayload.o
 .debug_info    0x00008b26      0xd23 Helpers.o
 .debug_info    0x00009849     0x24c2 Main_SignalLogging.o
 .debug_info    0x0000bd0b     0x1c81 RmMemManager.o
 .debug_info    0x0000d98c      0x74d SensorManager.o
 .debug_info    0x0000e0d9      0x604 src/libraries/Wire/src/utility/twi.o
 .debug_info    0x0000e6dd     0x26b3 src/libraries/Wire/src/Wire.o
 .debug_info    0x00010d90     0x222e ExtendedTests.o
 .debug_info    0x00012fbe     0x1e25 C:\Users\Saba Baig\Documents\Atmel Studio\7.0\RM\RM\ArduinoCore\Debug\libArduinoCore.a(HardwareSerial.o)
 .debug_info    0x00014de3     0x1a19 C:\Users\Saba Baig\Documents\Atmel Studio\7.0\RM\RM\ArduinoCore\Debug\libArduinoCore.a(HardwareSerial0.o)
 .debug_info    0x000167fc      0x237 C:\Users\Saba Baig\Documents\Atmel Studio\7.0\RM\RM\ArduinoCore\Debug\libArduinoCore.a(main.o)
 .debug_info    0x00016a33      0x11c C:\Users\Saba Baig\Documents\Atmel Studio\7.0\RM\RM\ArduinoCore\Debug\libArduinoCore.a(new.o)
 .debug_info    0x00016b4f     0x2824 C:\Users\Saba Baig\Documents\Atmel Studio\7.0\RM\RM\ArduinoCore\Debug\libArduinoCore.a(Print.o)
 .debug_info    0x00019373      0x2cb C:\Users\Saba Baig\Documents\Atmel Studio\7.0\RM\RM\ArduinoCore\Debug\libArduinoCore.a(wiring.o)
 .debug_info    0x0001963e      0x26d C:\Users\Saba Baig\Documents\Atmel Studio\7.0\RM\RM\ArduinoCore\Debug\libArduinoCore.a(wiring_analog.o)
 .debug_info    0x000198ab      0x5fe C:\Users\Saba Baig\Documents\Atmel Studio\7.0\RM\RM\ArduinoCore\Debug\libArduinoCore.a(wiring_digital.o)
 .debug_info    0x00019ea9     0x4273 C:\Users\Saba Baig\Documents\Atmel Studio\7.0\RM\RM\ArduinoCore\Debug\libArduinoCore.a(WString.o)
 .debug_info    0x0001e11c     0x27f5 C:\Users\Saba Baig\Documents\Atmel Studio\7.0\RM\RM\ArduinoCore\Debug\libArduinoCore.a(SoftwareSerial.o)
 .debug_info    0x00020911       0x3e C:\Users\Saba Baig\Documents\Atmel Studio\7.0\RM\RM\ArduinoCore\Debug\libArduinoCore.a(hooks.o)

.debug_abbrev   0x00000000     0x49ef
 *(.debug_abbrev)
 .debug_abbrev  0x00000000      0x5a2 C:/Program Files (x86)/Atmel/Studio/7.0/Packs/atmel/ATmega_DFP/1.2.132/gcc/dev/atmega328p/avr5/crtatmega328p.o
 .debug_abbrev  0x000005a2      0x6d6 Adafruit_FONA.o
 .debug_abbrev  0x00000c78      0x36f GsmPayload.o
 .debug_abbrev  0x00000fe7      0x303 Helpers.o
 .debug_abbrev  0x000012ea      0x5dd Main_SignalLogging.o
 .debug_abbrev  0x000018c7      0x4a0 RmMemManager.o
 .debug_abbrev  0x00001d67      0x2d8 SensorManager.o
 .debug_abbrev  0x0000203f      0x260 src/libraries/Wire/src/utility/twi.o
 .debug_abbrev  0x0000229f      0x583 src/libraries/Wire/src/Wire.o
 .debug_abbrev  0x00002822      0x4af ExtendedTests.o
 .debug_abbrev  0x00002cd1      0x432 C:\Users\Saba Baig\Documents\Atmel Studio\7.0\RM\RM\ArduinoCore\Debug\libArduinoCore.a(HardwareSerial.o)
 .debug_abbrev  0x00003103      0x3a2 C:\Users\Saba Baig\Documents\Atmel Studio\7.0\RM\RM\ArduinoCore\Debug\libArduinoCore.a(HardwareSerial0.o)
 .debug_abbrev  0x000034a5      0x12d C:\Users\Saba Baig\Documents\Atmel Studio\7.0\RM\RM\ArduinoCore\Debug\libArduinoCore.a(main.o)
 .debug_abbrev  0x000035d2       0xce C:\Users\Saba Baig\Documents\Atmel Studio\7.0\RM\RM\ArduinoCore\Debug\libArduinoCore.a(new.o)
 .debug_abbrev  0x000036a0      0x469 C:\Users\Saba Baig\Documents\Atmel Studio\7.0\RM\RM\ArduinoCore\Debug\libArduinoCore.a(Print.o)
 .debug_abbrev  0x00003b09      0x146 C:\Users\Saba Baig\Documents\Atmel Studio\7.0\RM\RM\ArduinoCore\Debug\libArduinoCore.a(wiring.o)
 .debug_abbrev  0x00003c4f      0x16b C:\Users\Saba Baig\Documents\Atmel Studio\7.0\RM\RM\ArduinoCore\Debug\libArduinoCore.a(wiring_analog.o)
 .debug_abbrev  0x00003dba      0x15b C:\Users\Saba Baig\Documents\Atmel Studio\7.0\RM\RM\ArduinoCore\Debug\libArduinoCore.a(wiring_digital.o)
 .debug_abbrev  0x00003f15      0x4a3 C:\Users\Saba Baig\Documents\Atmel Studio\7.0\RM\RM\ArduinoCore\Debug\libArduinoCore.a(WString.o)
 .debug_abbrev  0x000043b8      0x60d C:\Users\Saba Baig\Documents\Atmel Studio\7.0\RM\RM\ArduinoCore\Debug\libArduinoCore.a(SoftwareSerial.o)
 .debug_abbrev  0x000049c5       0x2a C:\Users\Saba Baig\Documents\Atmel Studio\7.0\RM\RM\ArduinoCore\Debug\libArduinoCore.a(hooks.o)

.debug_line     0x00000000     0x72b8
 *(.debug_line .debug_line.* .debug_line_end)
 .debug_line    0x00000000      0x133 C:/Program Files (x86)/Atmel/Studio/7.0/Packs/atmel/ATmega_DFP/1.2.132/gcc/dev/atmega328p/avr5/crtatmega328p.o
 .debug_line    0x00000133     0x16eb Adafruit_FONA.o
 .debug_line    0x0000181e      0x3b1 GsmPayload.o
 .debug_line    0x00001bcf      0x5c1 Helpers.o
 .debug_line    0x00002190      0x43e Main_SignalLogging.o
 .debug_line    0x000025ce      0x75e RmMemManager.o
 .debug_line    0x00002d2c      0x23f SensorManager.o
 .debug_line    0x00002f6b      0x519 src/libraries/Wire/src/utility/twi.o
 .debug_line    0x00003484      0x5ad src/libraries/Wire/src/Wire.o
 .debug_line    0x00003a31      0x7d5 ExtendedTests.o
 .debug_line    0x00004206      0x426 C:\Users\Saba Baig\Documents\Atmel Studio\7.0\RM\RM\ArduinoCore\Debug\libArduinoCore.a(HardwareSerial.o)
 .debug_line    0x0000462c      0x257 C:\Users\Saba Baig\Documents\Atmel Studio\7.0\RM\RM\ArduinoCore\Debug\libArduinoCore.a(HardwareSerial0.o)
 .debug_line    0x00004883      0x165 C:\Users\Saba Baig\Documents\Atmel Studio\7.0\RM\RM\ArduinoCore\Debug\libArduinoCore.a(main.o)
 .debug_line    0x000049e8      0x12f C:\Users\Saba Baig\Documents\Atmel Studio\7.0\RM\RM\ArduinoCore\Debug\libArduinoCore.a(new.o)
 .debug_line    0x00004b17      0x62e C:\Users\Saba Baig\Documents\Atmel Studio\7.0\RM\RM\ArduinoCore\Debug\libArduinoCore.a(Print.o)
 .debug_line    0x00005145      0x299 C:\Users\Saba Baig\Documents\Atmel Studio\7.0\RM\RM\ArduinoCore\Debug\libArduinoCore.a(wiring.o)
 .debug_line    0x000053de      0x20f C:\Users\Saba Baig\Documents\Atmel Studio\7.0\RM\RM\ArduinoCore\Debug\libArduinoCore.a(wiring_analog.o)
 .debug_line    0x000055ed      0x252 C:\Users\Saba Baig\Documents\Atmel Studio\7.0\RM\RM\ArduinoCore\Debug\libArduinoCore.a(wiring_digital.o)
 .debug_line    0x0000583f     0x12ae C:\Users\Saba Baig\Documents\Atmel Studio\7.0\RM\RM\ArduinoCore\Debug\libArduinoCore.a(WString.o)
 .debug_line    0x00006aed      0x78a C:\Users\Saba Baig\Documents\Atmel Studio\7.0\RM\RM\ArduinoCore\Debug\libArduinoCore.a(SoftwareSerial.o)
 .debug_line    0x00007277       0x41 C:\Users\Saba Baig\Documents\Atmel Studio\7.0\RM\RM\ArduinoCore\Debug\libArduinoCore.a(hooks.o)

.debug_frame    0x00000000     0x2fdc
 *(.debug_frame)
 .debug_frame   0x00000000      0xe38 Adafruit_FONA.o
 .debug_frame   0x00000e38      0x218 GsmPayload.o
 .debug_frame   0x00001050      0x1a8 Helpers.o
 .debug_frame   0x000011f8       0xe0 Main_SignalLogging.o
 .debug_frame   0x000012d8      0x36c RmMemManager.o
 .debug_frame   0x00001644       0x98 SensorManager.o
 .debug_frame   0x000016dc      0x134 src/libraries/Wire/src/utility/twi.o
 .debug_frame   0x00001810      0x260 src/libraries/Wire/src/Wire.o
 .debug_frame   0x00001a70      0x1bc ExtendedTests.o
 .debug_frame   0x00001c2c      0x110 C:\Users\Saba Baig\Documents\Atmel Studio\7.0\RM\RM\ArduinoCore\Debug\libArduinoCore.a(HardwareSerial.o)
 .debug_frame   0x00001d3c       0xc0 C:\Users\Saba Baig\Documents\Atmel Studio\7.0\RM\RM\ArduinoCore\Debug\libArduinoCore.a(HardwareSerial0.o)
 .debug_frame   0x00001dfc       0x54 C:\Users\Saba Baig\Documents\Atmel Studio\7.0\RM\RM\ArduinoCore\Debug\libArduinoCore.a(main.o)
 .debug_frame   0x00001e50       0x54 C:\Users\Saba Baig\Documents\Atmel Studio\7.0\RM\RM\ArduinoCore\Debug\libArduinoCore.a(new.o)
 .debug_frame   0x00001ea4      0x38c C:\Users\Saba Baig\Documents\Atmel Studio\7.0\RM\RM\ArduinoCore\Debug\libArduinoCore.a(Print.o)
 .debug_frame   0x00002230       0xc4 C:\Users\Saba Baig\Documents\Atmel Studio\7.0\RM\RM\ArduinoCore\Debug\libArduinoCore.a(wiring.o)
 .debug_frame   0x000022f4       0x54 C:\Users\Saba Baig\Documents\Atmel Studio\7.0\RM\RM\ArduinoCore\Debug\libArduinoCore.a(wiring_analog.o)
 .debug_frame   0x00002348       0x7c C:\Users\Saba Baig\Documents\Atmel Studio\7.0\RM\RM\ArduinoCore\Debug\libArduinoCore.a(wiring_digital.o)
 .debug_frame   0x000023c4      0xa40 C:\Users\Saba Baig\Documents\Atmel Studio\7.0\RM\RM\ArduinoCore\Debug\libArduinoCore.a(WString.o)
 .debug_frame   0x00002e04      0x1b4 C:\Users\Saba Baig\Documents\Atmel Studio\7.0\RM\RM\ArduinoCore\Debug\libArduinoCore.a(SoftwareSerial.o)
 .debug_frame   0x00002fb8       0x24 C:\Users\Saba Baig\Documents\Atmel Studio\7.0\RM\RM\ArduinoCore\Debug\libArduinoCore.a(hooks.o)

.debug_str      0x00000000     0x5cdb
 *(.debug_str)
 .debug_str     0x00000000      0x208 C:/Program Files (x86)/Atmel/Studio/7.0/Packs/atmel/ATmega_DFP/1.2.132/gcc/dev/atmega328p/avr5/crtatmega328p.o
 .debug_str     0x00000208     0x26cb Adafruit_FONA.o
                               0x2840 (size before relaxing)
 .debug_str     0x000028d3      0x7ee GsmPayload.o
                                0xb56 (size before relaxing)
 .debug_str     0x000030c1      0x24a Helpers.o
                                0x833 (size before relaxing)
 .debug_str     0x0000330b      0xb35 Main_SignalLogging.o
                               0x2072 (size before relaxing)
 .debug_str     0x00003e40      0x312 RmMemManager.o
                                0xf9f (size before relaxing)
 .debug_str     0x00004152       0x65 SensorManager.o
                                0x69d (size before relaxing)
 .debug_str     0x000041b7      0x2bb src/libraries/Wire/src/utility/twi.o
                                0x3bc (size before relaxing)
 .debug_str     0x00004472      0x452 src/libraries/Wire/src/Wire.o
                               0x1819 (size before relaxing)
 .debug_str     0x000048c4      0x25f ExtendedTests.o
                               0x1840 (size before relaxing)
 .debug_str     0x00004b23      0x3de C:\Users\Saba Baig\Documents\Atmel Studio\7.0\RM\RM\ArduinoCore\Debug\libArduinoCore.a(HardwareSerial.o)
                               0x1586 (size before relaxing)
 .debug_str     0x00004f01       0x47 C:\Users\Saba Baig\Documents\Atmel Studio\7.0\RM\RM\ArduinoCore\Debug\libArduinoCore.a(HardwareSerial0.o)
                               0x135f (size before relaxing)
 .debug_str     0x00004f48       0x37 C:\Users\Saba Baig\Documents\Atmel Studio\7.0\RM\RM\ArduinoCore\Debug\libArduinoCore.a(main.o)
                                0x2a5 (size before relaxing)
 .debug_str     0x00004f7f       0x50 C:\Users\Saba Baig\Documents\Atmel Studio\7.0\RM\RM\ArduinoCore\Debug\libArduinoCore.a(new.o)
                                0x1bb (size before relaxing)
 .debug_str     0x00004fcf      0x20b C:\Users\Saba Baig\Documents\Atmel Studio\7.0\RM\RM\ArduinoCore\Debug\libArduinoCore.a(Print.o)
                               0x11a4 (size before relaxing)
 .debug_str     0x000051da       0x79 C:\Users\Saba Baig\Documents\Atmel Studio\7.0\RM\RM\ArduinoCore\Debug\libArduinoCore.a(wiring.o)
                                0x23b (size before relaxing)
 .debug_str     0x00005253       0x6c C:\Users\Saba Baig\Documents\Atmel Studio\7.0\RM\RM\ArduinoCore\Debug\libArduinoCore.a(wiring_analog.o)
                                0x23f (size before relaxing)
 .debug_str     0x000052bf       0xa9 C:\Users\Saba Baig\Documents\Atmel Studio\7.0\RM\RM\ArduinoCore\Debug\libArduinoCore.a(wiring_digital.o)
                                0x2a0 (size before relaxing)
 .debug_str     0x00005368      0x3a9 C:\Users\Saba Baig\Documents\Atmel Studio\7.0\RM\RM\ArduinoCore\Debug\libArduinoCore.a(WString.o)
                               0x1140 (size before relaxing)
 .debug_str     0x00005711      0x5ae C:\Users\Saba Baig\Documents\Atmel Studio\7.0\RM\RM\ArduinoCore\Debug\libArduinoCore.a(SoftwareSerial.o)
                               0x1882 (size before relaxing)
 .debug_str     0x00005cbf       0x1c C:\Users\Saba Baig\Documents\Atmel Studio\7.0\RM\RM\ArduinoCore\Debug\libArduinoCore.a(hooks.o)
                                0x130 (size before relaxing)

.debug_loc      0x00000000    0x11239
 *(.debug_loc)
 .debug_loc     0x00000000     0x55d4 Adafruit_FONA.o
 .debug_loc     0x000055d4      0x796 GsmPayload.o
 .debug_loc     0x00005d6a      0xab3 Helpers.o
 .debug_loc     0x0000681d      0x1c1 Main_SignalLogging.o
 .debug_loc     0x000069de     0x1278 RmMemManager.o
 .debug_loc     0x00007c56      0x2d2 SensorManager.o
 .debug_loc     0x00007f28      0x3e6 src/libraries/Wire/src/utility/twi.o
 .debug_loc     0x0000830e      0xbc0 src/libraries/Wire/src/Wire.o
 .debug_loc     0x00008ece      0x85c ExtendedTests.o
 .debug_loc     0x0000972a      0x482 C:\Users\Saba Baig\Documents\Atmel Studio\7.0\RM\RM\ArduinoCore\Debug\libArduinoCore.a(HardwareSerial.o)
 .debug_loc     0x00009bac      0x18a C:\Users\Saba Baig\Documents\Atmel Studio\7.0\RM\RM\ArduinoCore\Debug\libArduinoCore.a(HardwareSerial0.o)
 .debug_loc     0x00009d36       0x4c C:\Users\Saba Baig\Documents\Atmel Studio\7.0\RM\RM\ArduinoCore\Debug\libArduinoCore.a(new.o)
 .debug_loc     0x00009d82     0x1c79 C:\Users\Saba Baig\Documents\Atmel Studio\7.0\RM\RM\ArduinoCore\Debug\libArduinoCore.a(Print.o)
 .debug_loc     0x0000b9fb      0x28d C:\Users\Saba Baig\Documents\Atmel Studio\7.0\RM\RM\ArduinoCore\Debug\libArduinoCore.a(wiring.o)
 .debug_loc     0x0000bc88       0xfe C:\Users\Saba Baig\Documents\Atmel Studio\7.0\RM\RM\ArduinoCore\Debug\libArduinoCore.a(wiring_analog.o)
 .debug_loc     0x0000bd86      0x5fc C:\Users\Saba Baig\Documents\Atmel Studio\7.0\RM\RM\ArduinoCore\Debug\libArduinoCore.a(wiring_digital.o)
 .debug_loc     0x0000c382     0x4247 C:\Users\Saba Baig\Documents\Atmel Studio\7.0\RM\RM\ArduinoCore\Debug\libArduinoCore.a(WString.o)
 .debug_loc     0x000105c9      0xc70 C:\Users\Saba Baig\Documents\Atmel Studio\7.0\RM\RM\ArduinoCore\Debug\libArduinoCore.a(SoftwareSerial.o)

.debug_macinfo
 *(.debug_macinfo)

.debug_weaknames
 *(.debug_weaknames)

.debug_funcnames
 *(.debug_funcnames)

.debug_typenames
 *(.debug_typenames)

.debug_varnames
 *(.debug_varnames)

.debug_pubtypes
 *(.debug_pubtypes)

.debug_ranges   0x00000000      0xce8
 *(.debug_ranges)
 .debug_ranges  0x00000000      0x268 Adafruit_FONA.o
 .debug_ranges  0x00000268       0xb8 GsmPayload.o
 .debug_ranges  0x00000320       0x78 Helpers.o
 .debug_ranges  0x00000398       0x50 Main_SignalLogging.o
 .debug_ranges  0x000003e8       0xf8 RmMemManager.o
 .debug_ranges  0x000004e0       0x30 SensorManager.o
 .debug_ranges  0x00000510       0x70 src/libraries/Wire/src/utility/twi.o
 .debug_ranges  0x00000580       0xd8 src/libraries/Wire/src/Wire.o
 .debug_ranges  0x00000658       0x98 ExtendedTests.o
 .debug_ranges  0x000006f0       0x58 C:\Users\Saba Baig\Documents\Atmel Studio\7.0\RM\RM\ArduinoCore\Debug\libArduinoCore.a(HardwareSerial.o)
 .debug_ranges  0x00000748       0x28 C:\Users\Saba Baig\Documents\Atmel Studio\7.0\RM\RM\ArduinoCore\Debug\libArduinoCore.a(HardwareSerial0.o)
 .debug_ranges  0x00000770       0x20 C:\Users\Saba Baig\Documents\Atmel Studio\7.0\RM\RM\ArduinoCore\Debug\libArduinoCore.a(main.o)
 .debug_ranges  0x00000790       0x18 C:\Users\Saba Baig\Documents\Atmel Studio\7.0\RM\RM\ArduinoCore\Debug\libArduinoCore.a(new.o)
 .debug_ranges  0x000007a8      0x110 C:\Users\Saba Baig\Documents\Atmel Studio\7.0\RM\RM\ArduinoCore\Debug\libArduinoCore.a(Print.o)
 .debug_ranges  0x000008b8       0x38 C:\Users\Saba Baig\Documents\Atmel Studio\7.0\RM\RM\ArduinoCore\Debug\libArduinoCore.a(wiring.o)
 .debug_ranges  0x000008f0       0x20 C:\Users\Saba Baig\Documents\Atmel Studio\7.0\RM\RM\ArduinoCore\Debug\libArduinoCore.a(wiring_analog.o)
 .debug_ranges  0x00000910       0x28 C:\Users\Saba Baig\Documents\Atmel Studio\7.0\RM\RM\ArduinoCore\Debug\libArduinoCore.a(wiring_digital.o)
 .debug_ranges  0x00000938      0x2d0 C:\Users\Saba Baig\Documents\Atmel Studio\7.0\RM\RM\ArduinoCore\Debug\libArduinoCore.a(WString.o)
 .debug_ranges  0x00000c08       0xd0 C:\Users\Saba Baig\Documents\Atmel Studio\7.0\RM\RM\ArduinoCore\Debug\libArduinoCore.a(SoftwareSerial.o)
 .debug_ranges  0x00000cd8       0x10 C:\Users\Saba Baig\Documents\Atmel Studio\7.0\RM\RM\ArduinoCore\Debug\libArduinoCore.a(hooks.o)

.debug_macro
 *(.debug_macro)
OUTPUT(IAAAE_RM.elf elf32-avr)
LOAD linker stubs
