Archive member included to satisfy reference by file (symbol)

c:/program files (x86)/atmel/studio/7.0/toolchain/avr8/avr8-gnu-toolchain/bin/../lib/gcc/avr/5.4.0/../../../../avr/lib/avr5\libm.a(floatsisf.o)
                              SensorManager.o (__floatsisf)
C:\Users\Saba Baig\Documents\Atmel Studio\7.0\RM\RM\ArduinoCore\Debug\libArduinoCore.a(abi.o)
                              src/libraries/Wire/src/Wire.o (__cxa_pure_virtual)
C:\Users\Saba Baig\Documents\Atmel Studio\7.0\RM\RM\ArduinoCore\Debug\libArduinoCore.a(HardwareSerial.o)
                              Main_SignalLogging.o (_ZN14HardwareSerial5beginEmh)
C:\Users\Saba Baig\Documents\Atmel Studio\7.0\RM\RM\ArduinoCore\Debug\libArduinoCore.a(HardwareSerial0.o)
                              GsmManager.o (Serial)
C:\Users\Saba Baig\Documents\Atmel Studio\7.0\RM\RM\ArduinoCore\Debug\libArduinoCore.a(main.o)
                              C:/Program Files (x86)/Atmel/Studio/7.0/Packs/atmel/ATmega_DFP/1.2.132/gcc/dev/atmega328p/avr5/crtatmega328p.o (main)
C:\Users\Saba Baig\Documents\Atmel Studio\7.0\RM\RM\ArduinoCore\Debug\libArduinoCore.a(new.o)
                              GsmManager.o (_Znwj)
C:\Users\Saba Baig\Documents\Atmel Studio\7.0\RM\RM\ArduinoCore\Debug\libArduinoCore.a(Print.o)
                              src/libraries/Wire/src/Wire.o (_ZN5Print5writeEPKhj)
C:\Users\Saba Baig\Documents\Atmel Studio\7.0\RM\RM\ArduinoCore\Debug\libArduinoCore.a(wiring.o)
                              Main_SignalLogging.o (delay)
C:\Users\Saba Baig\Documents\Atmel Studio\7.0\RM\RM\ArduinoCore\Debug\libArduinoCore.a(wiring_analog.o)
                              SensorManager.o (analogRead)
C:\Users\Saba Baig\Documents\Atmel Studio\7.0\RM\RM\ArduinoCore\Debug\libArduinoCore.a(wiring_digital.o)
                              Main_SignalLogging.o (pinMode)
C:\Users\Saba Baig\Documents\Atmel Studio\7.0\RM\RM\ArduinoCore\Debug\libArduinoCore.a(Adafruit_FONA.o)
                              GsmManager.o (_ZN13Adafruit_FONA9availableEv)
C:\Users\Saba Baig\Documents\Atmel Studio\7.0\RM\RM\ArduinoCore\Debug\libArduinoCore.a(SoftwareSerial.o)
                              GsmManager.o (_ZN14SoftwareSerialC1Ehhb)
C:\Users\Saba Baig\Documents\Atmel Studio\7.0\RM\RM\ArduinoCore\Debug\libArduinoCore.a(hooks.o)
                              C:\Users\Saba Baig\Documents\Atmel Studio\7.0\RM\RM\ArduinoCore\Debug\libArduinoCore.a(wiring.o) (yield)
c:/program files (x86)/atmel/studio/7.0/toolchain/avr8/avr8-gnu-toolchain/bin/../lib/gcc/avr/5.4.0/../../../../avr/lib/avr5\libm.a(addsf3.o)
                              C:\Users\Saba Baig\Documents\Atmel Studio\7.0\RM\RM\ArduinoCore\Debug\libArduinoCore.a(Print.o) (__subsf3)
c:/program files (x86)/atmel/studio/7.0/toolchain/avr8/avr8-gnu-toolchain/bin/../lib/gcc/avr/5.4.0/../../../../avr/lib/avr5\libm.a(addsf3x.o)
                              c:/program files (x86)/atmel/studio/7.0/toolchain/avr8/avr8-gnu-toolchain/bin/../lib/gcc/avr/5.4.0/../../../../avr/lib/avr5\libm.a(addsf3.o) (__addsf3x)
c:/program files (x86)/atmel/studio/7.0/toolchain/avr8/avr8-gnu-toolchain/bin/../lib/gcc/avr/5.4.0/../../../../avr/lib/avr5\libm.a(cmpsf2.o)
                              C:\Users\Saba Baig\Documents\Atmel Studio\7.0\RM\RM\ArduinoCore\Debug\libArduinoCore.a(Print.o) (__ltsf2)
c:/program files (x86)/atmel/studio/7.0/toolchain/avr8/avr8-gnu-toolchain/bin/../lib/gcc/avr/5.4.0/../../../../avr/lib/avr5\libm.a(divsf3.o)
                              C:\Users\Saba Baig\Documents\Atmel Studio\7.0\RM\RM\ArduinoCore\Debug\libArduinoCore.a(Print.o) (__divsf3)
c:/program files (x86)/atmel/studio/7.0/toolchain/avr8/avr8-gnu-toolchain/bin/../lib/gcc/avr/5.4.0/../../../../avr/lib/avr5\libm.a(divsf3x.o)
                              c:/program files (x86)/atmel/studio/7.0/toolchain/avr8/avr8-gnu-toolchain/bin/../lib/gcc/avr/5.4.0/../../../../avr/lib/avr5\libm.a(divsf3.o) (__divsf3x)
c:/program files (x86)/atmel/studio/7.0/toolchain/avr8/avr8-gnu-toolchain/bin/../lib/gcc/avr/5.4.0/../../../../avr/lib/avr5\libm.a(fixsfsi.o)
                              C:\Users\Saba Baig\Documents\Atmel Studio\7.0\RM\RM\ArduinoCore\Debug\libArduinoCore.a(Print.o) (__fixsfsi)
c:/program files (x86)/atmel/studio/7.0/toolchain/avr8/avr8-gnu-toolchain/bin/../lib/gcc/avr/5.4.0/../../../../avr/lib/avr5\libm.a(fixunssfsi.o)
                              C:\Users\Saba Baig\Documents\Atmel Studio\7.0\RM\RM\ArduinoCore\Debug\libArduinoCore.a(Print.o) (__fixunssfsi)
c:/program files (x86)/atmel/studio/7.0/toolchain/avr8/avr8-gnu-toolchain/bin/../lib/gcc/avr/5.4.0/../../../../avr/lib/avr5\libm.a(fp_cmp.o)
                              c:/program files (x86)/atmel/studio/7.0/toolchain/avr8/avr8-gnu-toolchain/bin/../lib/gcc/avr/5.4.0/../../../../avr/lib/avr5\libm.a(cmpsf2.o) (__fp_cmp)
c:/program files (x86)/atmel/studio/7.0/toolchain/avr8/avr8-gnu-toolchain/bin/../lib/gcc/avr/5.4.0/../../../../avr/lib/avr5\libm.a(fp_inf.o)
[...]
Memory Configuration

Name             Origin             Length             Attributes
text             0x00000000         0x00020000         xr
data             0x00800060         0x0000ffa0         rw !x
eeprom           0x00810000         0x00010000         rw !x
fuse             0x00820000         0x00000003         rw !x
lock             0x00830000         0x00000400         rw !x
signature        0x00840000         0x00000400         rw !x
user_signatures  0x00850000         0x00000400         rw !x
*default*        0x00000000         0xffffffff

Linker script and memory map

Address of section .data set to 0x800100
LOAD C:/Program Files (x86)/Atmel/Studio/7.0/Packs/atmel/ATmega_DFP/1.2.132/gcc/dev/atmega328p/avr5/crtatmega328p.o
LOAD GpsManager.o
LOAD GsmManager.o
LOAD Helpers.o
LOAD Main_SignalLogging.o
LOAD RmMemManager.o
LOAD SensorManager.o
LOAD src/libraries/Wire/src/utility/twi.o
LOAD src/libraries/Wire/src/Wire.o
LOAD ExtendedTests.o
LOAD Timing.o
START GROUP
LOAD c:/program files (x86)/atmel/studio/7.0/toolchain/avr8/avr8-gnu-toolchain/bin/../lib/gcc/avr/5.4.0/../../../../avr/lib/avr5\libm.a
LOAD C:\Users\Saba Baig\Documents\Atmel Studio\7.0\RM\RM\ArduinoCore\Debug\libArduinoCore.a
END GROUP
LOAD c:/program files (x86)/atmel/studio/7.0/toolchain/avr8/avr8-gnu-toolchain/bin/../lib/gcc/avr/5.4.0/avr5\libgcc.a
LOAD c:/program files (x86)/atmel/studio/7.0/toolchain/avr8/avr8-gnu-toolchain/bin/../lib/gcc/avr/5.4.0/../../../../avr/lib/avr5\libm.a
START GROUP
LOAD c:/program files (x86)/atmel/studio/7.0/toolchain/avr8/avr8-gnu-toolchain/bin/../lib/gcc/avr/5.4.0/avr5\libgcc.a
LOAD c:/program files (x86)/atmel/studio/7.0/toolchain/avr8/avr8-gnu-toolchain/bin/../lib/gcc/avr/5.4.0/../../../../avr/lib/avr5\libm.a
LOAD c:/program files (x86)/atmel/studio/7.0/toolchain/avr8/avr8-gnu-toolchain/bin/../lib/gcc/avr/5.4.0/../../../../avr/lib/avr5\libc.a
LOAD C:/Program Files (x86)/Atmel/Studio/7.0/Packs/atmel/ATmega_DFP/1.2.132/gcc/dev/atmega328p/avr5\libatmega328p.a
END GROUP
                0x00000000                __TEXT_REGION_ORIGIN__ = DEFINED (__TEXT_REGION_ORIGIN__)?__TEXT_REGION_ORIGIN__:0x0
                0x00800060                __DATA_REGION_ORIGIN__ = DEFINED (__DATA_REGION_ORIGIN__)?__DATA_REGION_ORIGIN__:0x800060
                0x00020000                __TEXT_REGION_LENGTH__ = DEFINED (__TEXT_REGION_LENGTH__)?__TEXT_REGION_LENGTH__:0x20000
                0x0000ffa0                __DATA_REGION_LENGTH__ = DEFINED (__DATA_REGION_LENGTH__)?__DATA_REGION_LENGTH__:0xffa0
                0x00010000                __EEPROM_REGION_LENGTH__ = DEFINED (__EEPROM_REGION_LENGTH__)?__EEPROM_REGION_LENGTH__:0x10000
                [0x00000003]                __FUSE_REGION_LENGTH__ = DEFINED (__FUSE_REGION_LENGTH__)?__FUSE_REGION_LENGTH__:0x400
                0x00000400                __LOCK_REGION_LENGTH__ = DEFINED (__LOCK_REGION_LENGTH__)?__LOCK_REGION_LENGTH__:0x400
                0x00000400                __SIGNATURE_REGION_LENGTH__ = DEFINED (__SIGNATURE_REGION_LENGTH__)?__SIGNATURE_REGION_LENGTH__:0x400
                0x00000400                __USER_SIGNATURE_REGION_LENGTH__ = DEFINED (__USER_SIGNATURE_REGION_LENGTH__)?__USER_SIGNATURE_REGION_LENGTH__:0x400

.hash
 *(.hash)

.dynsym
 *(.dynsym)

.dynstr
 *(.dynstr)

.gnu.version
 *(.gnu.version)

.gnu.version_d
 *(.gnu.version_d)

.gnu.version_r
 *(.gnu.version_r)

.rel.init
 *(.rel.init)

.rela.init
 *(.rela.init)

.rel.text
 *(.rel.text)
 *(.rel.text.*)
 *(.rel.gnu.linkonce.t*)

.rela.text
 *(.rela.text)
 *(.rela.text.*)
 *(.rela.gnu.linkonce.t*)

.rel.fini
 *(.rel.fini)

.rela.fini
 *(.rela.fini)

.rel.rodata
 *(.rel.rodata)
 *(.rel.rodata.*)
 *(.rel.gnu.linkonce.r*)

.rela.rodata
 *(.rela.rodata)
 *(.rela.rodata.*)
 *(.rela.gnu.linkonce.r*)

.rel.data
 *(.rel.data)
 *(.rel.data.*)
 *(.rel.gnu.linkonce.d*)

.rela.data
 *(.rela.data)
 *(.rela.data.*)
 *(.rela.gnu.linkonce.d*)

.rel.ctors
 *(.rel.ctors)

.rela.ctors
 *(.rela.ctors)

.rel.dtors
 *(.rel.dtors)

.rela.dtors
 *(.rela.dtors)

.rel.got
 *(.rel.got)

.rela.got
 *(.rela.got)

.rel.bss
 *(.rel.bss)

.rela.bss
 *(.rela.bss)

.rel.plt
 *(.rel.plt)

.rela.plt
 *(.rela.plt)

.text           0x00000000     0x641e
 *(.vectors)
 .vectors       0x00000000       0x68 C:/Program Files (x86)/Atmel/Studio/7.0/Packs/atmel/ATmega_DFP/1.2.132/gcc/dev/atmega328p/avr5/crtatmega328p.o
                0x00000000                __vector_default
                0x00000000                __vectors
 *(.vectors)
 *(.progmem.gcc*)
 .progmem.gcc_sw_table
                0x00000068      0x1f2 src/libraries/Wire/src/utility/twi.o
                0x0000025a                . = ALIGN (0x2)
                0x0000025a                __trampolines_start = .
 *(.trampolines)
 .trampolines   0x0000025a        0x0 linker stubs
 *(.trampolines*)
                0x0000025a                __trampolines_end = .
 *libprintf_flt.a:*(.progmem.data)
 *libc.a:*(.progmem.data)
 .progmem.data  0x0000025a       0x3b c:/program files (x86)/atmel/studio/7.0/toolchain/avr8/avr8-gnu-toolchain/bin/../lib/gcc/avr/5.4.0/../../../../avr/lib/avr5\libc.a(strtod.o)
 *(.progmem*)
 .progmem.data  0x00000295       0x5f GsmManager.o
 .progmem.data  0x000002f4       0x29 Helpers.o
 .progmem.data  0x0000031d       0x31 Main_SignalLogging.o
 .progmem.data  0x0000034e       0xc3 RmMemManager.o
 .progmem.data  0x00000411       0x13 SensorManager.o
 .progmem.data.digital_pin_to_timer_PGM
                0x00000424       0x14 C:\Users\Saba Baig\Documents\Atmel Studio\7.0\RM\RM\ArduinoCore\Debug\libArduinoCore.a(wiring_digital.o)
                0x00000424                digital_pin_to_timer_PGM
 .progmem.data.digital_pin_to_bit_mask_PGM
                0x00000438       0x14 C:\Users\Saba Baig\Documents\Atmel Studio\7.0\RM\RM\ArduinoCore\Debug\libArduinoCore.a(wiring_digital.o)
                0x00000438                digital_pin_to_bit_mask_PGM
 .progmem.data.digital_pin_to_port_PGM
                0x0000044c       0x14 C:\Users\Saba Baig\Documents\Atmel Studio\7.0\RM\RM\ArduinoCore\Debug\libArduinoCore.a(wiring_digital.o)
                0x0000044c                digital_pin_to_port_PGM
 .progmem.data.port_to_input_PGM
                0x00000460        0xa C:\Users\Saba Baig\Documents\Atmel Studio\7.0\RM\RM\ArduinoCore\Debug\libArduinoCore.a(wiring_digital.o)
                0x00000460                port_to_input_PGM
 .progmem.data.port_to_output_PGM
                0x0000046a        0xa C:\Users\Saba Baig\Documents\Atmel Studio\7.0\RM\RM\ArduinoCore\Debug\libArduinoCore.a(wiring_digital.o)
                0x0000046a                port_to_output_PGM
 .progmem.data.port_to_mode_PGM
                0x00000474        0xa C:\Users\Saba Baig\Documents\Atmel Studio\7.0\RM\RM\ArduinoCore\Debug\libArduinoCore.a(wiring_digital.o)
                0x00000474                port_to_mode_PGM
 .progmem.data._ZZN13Adafruit_FONA14getReplyQuotedEPK19__FlashStringHelperS2_jE3__c_0
                0x0000047e        0x7 C:\Users\Saba Baig\Documents\Atmel Studio\7.0\RM\RM\ArduinoCore\Debug\libArduinoCore.a(Adafruit_FONA.o)
 .progmem.data._ZZN13Adafruit_FONA14getReplyQuotedEPK19__FlashStringHelperS2_jE3__c
                0x00000485        0x7 C:\Users\Saba Baig\Documents\Atmel Studio\7.0\RM\RM\ArduinoCore\Debug\libArduinoCore.a(Adafruit_FONA.o)
 .progmem.data._ZZN13Adafruit_FONA8getReplyEPK19__FlashStringHelperljE3__c_0
                0x0000048c        0x7 C:\Users\Saba Baig\Documents\Atmel Studio\7.0\RM\RM\ArduinoCore\Debug\libArduinoCore.a(Adafruit_FONA.o)
 .progmem.data._ZZN13Adafruit_FONA8getReplyEPK19__FlashStringHelperljE3__c
                0x00000493        0x7 C:\Users\Saba Baig\Documents\Atmel Studio\7.0\RM\RM\ArduinoCore\Debug\libArduinoCore.a(Adafruit_FONA.o)
 .progmem.data._ZZN13Adafruit_FONA8getReplyEPK19__FlashStringHelperjE3__c_0
                0x0000049a        0x7 C:\Users\Saba Baig\Documents\Atmel Studio\7.0\RM\RM\ArduinoCore\Debug\libArduinoCore.a(Adafruit_FONA.o)
 .progmem.data._ZZN13Adafruit_FONA8getReplyEPK19__FlashStringHelperjE3__c
                0x000004a1        0x7 C:\Users\Saba Baig\Documents\Atmel Studio\7.0\RM\RM\ArduinoCore\Debug\libArduinoCore.a(Adafruit_FONA.o)
 .progmem.data._ZZN13Adafruit_FONA8getReplyEPcjE3__c_0
                0x000004a8        0x7 C:\Users\Saba Baig\Documents\Atmel Studio\7.0\RM\RM\ArduinoCore\Debug\libArduinoCore.a(Adafruit_FONA.o)
 .progmem.data._ZZN13Adafruit_FONA8getReplyEPcjE3__c
                0x000004af        0x7 C:\Users\Saba Baig\Documents\Atmel Studio\7.0\RM\RM\ArduinoCore\Debug\libArduinoCore.a(Adafruit_FONA.o)
 .progmem.data._ZZN13Adafruit_FONA8readlineEjbE3__c_0
                0x000004b6        0x8 C:\Users\Saba Baig\Documents\Atmel Studio\7.0\RM\RM\ArduinoCore\Debug\libArduinoCore.a(Adafruit_FONA.o)
 .progmem.data._ZZN13Adafruit_FONA8readlineEjbE3__c
                0x000004be        0x6 C:\Users\Saba Baig\Documents\Atmel Studio\7.0\RM\RM\ArduinoCore\Debug\libArduinoCore.a(Adafruit_FONA.o)
 .progmem.data._ZZN13Adafruit_FONA11expectReplyEPK19__FlashStringHelperjE3__c
                0x000004c4        0x7 C:\Users\Saba Baig\Documents\Atmel Studio\7.0\RM\RM\ArduinoCore\Debug\libArduinoCore.a(Adafruit_FONA.o)
 .progmem.data._ZZN13Adafruit_FONA10HTTP_setupEPcE3__c_2
                0x000004cb        0x6 C:\Users\Saba Baig\Documents\Atmel Studio\7.0\RM\RM\ArduinoCore\Debug\libArduinoCore.a(Adafruit_FONA.o)
 .progmem.data._ZZN13Adafruit_FONA10HTTP_setupEPcE3__c_1
                0x000004d1        0x4 C:\Users\Saba Baig\Documents\Atmel Studio\7.0\RM\RM\ArduinoCore\Debug\libArduinoCore.a(Adafruit_FONA.o)
 .progmem.data._ZZN13Adafruit_FONA10HTTP_setupEPcE3__c_0
                0x000004d5        0x3 C:\Users\Saba Baig\Documents\Atmel Studio\7.0\RM\RM\ArduinoCore\Debug\libArduinoCore.a(Adafruit_FONA.o)
 .progmem.data._ZZN13Adafruit_FONA10HTTP_setupEPcE3__c
                0x000004d8        0x4 C:\Users\Saba Baig\Documents\Atmel Studio\7.0\RM\RM\ArduinoCore\Debug\libArduinoCore.a(Adafruit_FONA.o)
 .progmem.data._ZZN13Adafruit_FONA15HTTP_POST_startEPcPK19__FlashStringHelperPKhjPjS6_E3__c_1
                0x000004dc        0x6 C:\Users\Saba Baig\Documents\Atmel Studio\7.0\RM\RM\ArduinoCore\Debug\libArduinoCore.a(Adafruit_FONA.o)
 .progmem.data._ZZN13Adafruit_FONA15HTTP_POST_startEPcPK19__FlashStringHelperPKhjPjS6_E3__c_0
                0x000004e2        0x9 C:\Users\Saba Baig\Documents\Atmel Studio\7.0\RM\RM\ArduinoCore\Debug\libArduinoCore.a(Adafruit_FONA.o)
 .progmem.data._ZZN13Adafruit_FONA15HTTP_POST_startEPcPK19__FlashStringHelperPKhjPjS6_E3__c
                0x000004eb        0x8 C:\Users\Saba Baig\Documents\Atmel Studio\7.0\RM\RM\ArduinoCore\Debug\libArduinoCore.a(Adafruit_FONA.o)
 .progmem.data._ZZN13Adafruit_FONA8HTTP_sslEbE3__c
                0x000004f3        0xc C:\Users\Saba Baig\Documents\Atmel Studio\7.0\RM\RM\ArduinoCore\Debug\libArduinoCore.a(Adafruit_FONA.o)
 .progmem.data._ZZN13Adafruit_FONA12HTTP_readallEPjE3__c_0
                0x000004ff        0xb C:\Users\Saba Baig\Documents\Atmel Studio\7.0\RM\RM\ArduinoCore\Debug\libArduinoCore.a(Adafruit_FONA.o)
 .progmem.data._ZZN13Adafruit_FONA12HTTP_readallEPjE3__c
                0x0000050a        0xc C:\Users\Saba Baig\Documents\Atmel Studio\7.0\RM\RM\ArduinoCore\Debug\libArduinoCore.a(Adafruit_FONA.o)
 .progmem.data._ZZN13Adafruit_FONA11HTTP_actionEhPjS0_lE3__c_1
                0x00000516        0xd C:\Users\Saba Baig\Documents\Atmel Studio\7.0\RM\RM\ArduinoCore\Debug\libArduinoCore.a(Adafruit_FONA.o)
 .progmem.data._ZZN13Adafruit_FONA11HTTP_actionEhPjS0_lE3__c_0
                0x00000523        0xd C:\Users\Saba Baig\Documents\Atmel Studio\7.0\RM\RM\ArduinoCore\Debug\libArduinoCore.a(Adafruit_FONA.o)
 .progmem.data._ZZN13Adafruit_FONA11HTTP_actionEhPjS0_lE3__c
                0x00000530        0xf C:\Users\Saba Baig\Documents\Atmel Studio\7.0\RM\RM\ArduinoCore\Debug\libArduinoCore.a(Adafruit_FONA.o)
 .progmem.data._ZZN13Adafruit_FONA9HTTP_dataEmmE3__c_2
                0x0000053f        0x9 C:\Users\Saba Baig\Documents\Atmel Studio\7.0\RM\RM\ArduinoCore\Debug\libArduinoCore.a(Adafruit_FONA.o)
 .progmem.data._ZZN13Adafruit_FONA9HTTP_dataEmmE3__c_1
                0x00000548        0xd C:\Users\Saba Baig\Documents\Atmel Studio\7.0\RM\RM\ArduinoCore\Debug\libArduinoCore.a(Adafruit_FONA.o)
 .progmem.data._ZZN13Adafruit_FONA9HTTP_dataEmmE3__c_0
                0x00000555        0xd C:\Users\Saba Baig\Documents\Atmel Studio\7.0\RM\RM\ArduinoCore\Debug\libArduinoCore.a(Adafruit_FONA.o)
 .progmem.data._ZZN13Adafruit_FONA9HTTP_dataEmmE3__c
                0x00000562        0x7 C:\Users\Saba Baig\Documents\Atmel Studio\7.0\RM\RM\ArduinoCore\Debug\libArduinoCore.a(Adafruit_FONA.o)
 .progmem.data._ZZN13Adafruit_FONA15HTTP_para_startEPK19__FlashStringHelperbE3__c_3
                0x00000569        0x3 C:\Users\Saba Baig\Documents\Atmel Studio\7.0\RM\RM\ArduinoCore\Debug\libArduinoCore.a(Adafruit_FONA.o)
 .progmem.data._ZZN13Adafruit_FONA15HTTP_para_startEPK19__FlashStringHelperbE3__c_2
                0x0000056c        0x4 C:\Users\Saba Baig\Documents\Atmel Studio\7.0\RM\RM\ArduinoCore\Debug\libArduinoCore.a(Adafruit_FONA.o)
 .progmem.data._ZZN13Adafruit_FONA15HTTP_para_startEPK19__FlashStringHelperbE3__c_1
                0x00000570        0xe C:\Users\Saba Baig\Documents\Atmel Studio\7.0\RM\RM\ArduinoCore\Debug\libArduinoCore.a(Adafruit_FONA.o)
 .progmem.data._ZZN13Adafruit_FONA15HTTP_para_startEPK19__FlashStringHelperbE3__c_0
                0x0000057e        0xe C:\Users\Saba Baig\Documents\Atmel Studio\7.0\RM\RM\ArduinoCore\Debug\libArduinoCore.a(Adafruit_FONA.o)
 .progmem.data._ZZN13Adafruit_FONA15HTTP_para_startEPK19__FlashStringHelperbE3__c
                0x0000058c        0x7 C:\Users\Saba Baig\Documents\Atmel Studio\7.0\RM\RM\ArduinoCore\Debug\libArduinoCore.a(Adafruit_FONA.o)
 .progmem.data._ZZN13Adafruit_FONA9HTTP_termEvE3__c
                0x00000593        0xc C:\Users\Saba Baig\Documents\Atmel Studio\7.0\RM\RM\ArduinoCore\Debug\libArduinoCore.a(Adafruit_FONA.o)
 .progmem.data._ZZN13Adafruit_FONA9HTTP_initEvE3__c
                0x0000059f        0xc C:\Users\Saba Baig\Documents\Atmel Studio\7.0\RM\RM\ArduinoCore\Debug\libArduinoCore.a(Adafruit_FONA.o)
 .progmem.data._ZZN13Adafruit_FONA10enableGPRSEbE3__c_14
                0x000005ab        0xb C:\Users\Saba Baig\Documents\Atmel Studio\7.0\RM\RM\ArduinoCore\Debug\libArduinoCore.a(Adafruit_FONA.o)
 .progmem.data._ZZN13Adafruit_FONA10enableGPRSEbE3__c_13
                0x000005b6        0xd C:\Users\Saba Baig\Documents\Atmel Studio\7.0\RM\RM\ArduinoCore\Debug\libArduinoCore.a(Adafruit_FONA.o)
 .progmem.data._ZZN13Adafruit_FONA10enableGPRSEbE3__c_11
                0x000005c3        0xb C:\Users\Saba Baig\Documents\Atmel Studio\7.0\RM\RM\ArduinoCore\Debug\libArduinoCore.a(Adafruit_FONA.o)
 .progmem.data._ZZN13Adafruit_FONA10enableGPRSEbE3__c_12
                0x000005ce        0x8 C:\Users\Saba Baig\Documents\Atmel Studio\7.0\RM\RM\ArduinoCore\Debug\libArduinoCore.a(Adafruit_FONA.o)
 .progmem.data._ZZN13Adafruit_FONA10enableGPRSEbE3__c_10
                0x000005d6        0x9 C:\Users\Saba Baig\Documents\Atmel Studio\7.0\RM\RM\ArduinoCore\Debug\libArduinoCore.a(Adafruit_FONA.o)
 .progmem.data._ZZN13Adafruit_FONA10enableGPRSEbE3__c_9
                0x000005df        0xd C:\Users\Saba Baig\Documents\Atmel Studio\7.0\RM\RM\ArduinoCore\Debug\libArduinoCore.a(Adafruit_FONA.o)
 .progmem.data._ZZN13Adafruit_FONA10enableGPRSEbE3__c_8
                0x000005ec       0x14 C:\Users\Saba Baig\Documents\Atmel Studio\7.0\RM\RM\ArduinoCore\Debug\libArduinoCore.a(Adafruit_FONA.o)
 .progmem.data._ZZN13Adafruit_FONA10enableGPRSEbE3__c_7
                0x00000600       0x15 C:\Users\Saba Baig\Documents\Atmel Studio\7.0\RM\RM\ArduinoCore\Debug\libArduinoCore.a(Adafruit_FONA.o)
 .progmem.data._ZZN13Adafruit_FONA10enableGPRSEbE3__c_6
                0x00000615        0xa C:\Users\Saba Baig\Documents\Atmel Studio\7.0\RM\RM\ArduinoCore\Debug\libArduinoCore.a(Adafruit_FONA.o)
 .progmem.data._ZZN13Adafruit_FONA10enableGPRSEbE3__c_5
                0x0000061f        0x7 C:\Users\Saba Baig\Documents\Atmel Studio\7.0\RM\RM\ArduinoCore\Debug\libArduinoCore.a(Adafruit_FONA.o)
 .progmem.data._ZZN13Adafruit_FONA10enableGPRSEbE3__c_4
                0x00000626        0xa C:\Users\Saba Baig\Documents\Atmel Studio\7.0\RM\RM\ArduinoCore\Debug\libArduinoCore.a(Adafruit_FONA.o)
 .progmem.data._ZZN13Adafruit_FONA10enableGPRSEbE3__c_3
                0x00000630       0x14 C:\Users\Saba Baig\Documents\Atmel Studio\7.0\RM\RM\ArduinoCore\Debug\libArduinoCore.a(Adafruit_FONA.o)
 .progmem.data._ZZN13Adafruit_FONA10enableGPRSEbE3__c_2
                0x00000644       0x1e C:\Users\Saba Baig\Documents\Atmel Studio\7.0\RM\RM\ArduinoCore\Debug\libArduinoCore.a(Adafruit_FONA.o)
 .progmem.data._ZZN13Adafruit_FONA10enableGPRSEbE3__c_1
                0x00000662        0xb C:\Users\Saba Baig\Documents\Atmel Studio\7.0\RM\RM\ArduinoCore\Debug\libArduinoCore.a(Adafruit_FONA.o)
 .progmem.data._ZZN13Adafruit_FONA10enableGPRSEbE3__c
                0x0000066d        0xb C:\Users\Saba Baig\Documents\Atmel Studio\7.0\RM\RM\ArduinoCore\Debug\libArduinoCore.a(Adafruit_FONA.o)
 .progmem.data._ZZN13Adafruit_FONA10enableGPRSEbE3__c_0
                0x00000678        0x8 C:\Users\Saba Baig\Documents\Atmel Studio\7.0\RM\RM\ArduinoCore\Debug\libArduinoCore.a(Adafruit_FONA.o)
 .progmem.data._ZZN13Adafruit_FONA6getGPSEhPchE3__c_0
                0x00000680        0x5 C:\Users\Saba Baig\Documents\Atmel Studio\7.0\RM\RM\ArduinoCore\Debug\libArduinoCore.a(Adafruit_FONA.o)
 .progmem.data._ZZN13Adafruit_FONA6getGPSEhPchE3__c
                0x00000685        0xb C:\Users\Saba Baig\Documents\Atmel Studio\7.0\RM\RM\ArduinoCore\Debug\libArduinoCore.a(Adafruit_FONA.o)
 .progmem.data._ZZN13Adafruit_FONA9GPSstatusEvE3__c_0
                0x00000690        0xb C:\Users\Saba Baig\Documents\Atmel Studio\7.0\RM\RM\ArduinoCore\Debug\libArduinoCore.a(Adafruit_FONA.o)
 .progmem.data._ZZN13Adafruit_FONA9GPSstatusEvE3__c
                0x0000069b        0xb C:\Users\Saba Baig\Documents\Atmel Studio\7.0\RM\RM\ArduinoCore\Debug\libArduinoCore.a(Adafruit_FONA.o)
 .progmem.data._ZZN13Adafruit_FONA7sendSMSEPcS0_E3__c_1
                0x000006a6        0x3 C:\Users\Saba Baig\Documents\Atmel Studio\7.0\RM\RM\ArduinoCore\Debug\libArduinoCore.a(Adafruit_FONA.o)
 .progmem.data._ZZN13Adafruit_FONA7sendSMSEPcS0_E3__c_0
                0x000006a9        0x3 C:\Users\Saba Baig\Documents\Atmel Studio\7.0\RM\RM\ArduinoCore\Debug\libArduinoCore.a(Adafruit_FONA.o)
 .progmem.data._ZZN13Adafruit_FONA7sendSMSEPcS0_E3__c
                0x000006ac        0xa C:\Users\Saba Baig\Documents\Atmel Studio\7.0\RM\RM\ArduinoCore\Debug\libArduinoCore.a(Adafruit_FONA.o)
 .progmem.data._ZZN13Adafruit_FONA7getRSSIEvE3__c
                0x000006b6        0x7 C:\Users\Saba Baig\Documents\Atmel Studio\7.0\RM\RM\ArduinoCore\Debug\libArduinoCore.a(Adafruit_FONA.o)
 .progmem.data._ZZN13Adafruit_FONA7getRSSIEvE3__c_0
                0x000006bd        0x7 C:\Users\Saba Baig\Documents\Atmel Studio\7.0\RM\RM\ArduinoCore\Debug\libArduinoCore.a(Adafruit_FONA.o)
 .progmem.data._ZZN13Adafruit_FONA16getNetworkStatusEvE3__c
                0x000006c4        0x9 C:\Users\Saba Baig\Documents\Atmel Studio\7.0\RM\RM\ArduinoCore\Debug\libArduinoCore.a(Adafruit_FONA.o)
 .progmem.data._ZZN13Adafruit_FONA16getNetworkStatusEvE3__c_0
                0x000006cd        0x8 C:\Users\Saba Baig\Documents\Atmel Studio\7.0\RM\RM\ArduinoCore\Debug\libArduinoCore.a(Adafruit_FONA.o)
 .progmem.data._ZZN13Adafruit_FONA14getBattPercentEPjE3__c
                0x000006d5        0x7 C:\Users\Saba Baig\Documents\Atmel Studio\7.0\RM\RM\ArduinoCore\Debug\libArduinoCore.a(Adafruit_FONA.o)
 .progmem.data._ZZN13Adafruit_FONA14getBattPercentEPjE3__c_0
                0x000006dc        0x7 C:\Users\Saba Baig\Documents\Atmel Studio\7.0\RM\RM\ArduinoCore\Debug\libArduinoCore.a(Adafruit_FONA.o)
 .progmem.data._ZZN13Adafruit_FONA5beginER6StreamE3__c_20
                0x000006e3        0x8 C:\Users\Saba Baig\Documents\Atmel Studio\7.0\RM\RM\ArduinoCore\Debug\libArduinoCore.a(Adafruit_FONA.o)
 .progmem.data._ZZN13Adafruit_FONA5beginER6StreamE3__c_19
                0x000006eb        0x7 C:\Users\Saba Baig\Documents\Atmel Studio\7.0\RM\RM\ArduinoCore\Debug\libArduinoCore.a(Adafruit_FONA.o)
 .progmem.data._ZZN13Adafruit_FONA5beginER6StreamE3__c_18
                0x000006f2        0x7 C:\Users\Saba Baig\Documents\Atmel Studio\7.0\RM\RM\ArduinoCore\Debug\libArduinoCore.a(Adafruit_FONA.o)
 .progmem.data._ZZN13Adafruit_FONA5beginER6StreamE3__c_17
                0x000006f9       0x10 C:\Users\Saba Baig\Documents\Atmel Studio\7.0\RM\RM\ArduinoCore\Debug\libArduinoCore.a(Adafruit_FONA.o)
 .progmem.data._ZZN13Adafruit_FONA5beginER6StreamE3__c_16
                0x00000709       0x10 C:\Users\Saba Baig\Documents\Atmel Studio\7.0\RM\RM\ArduinoCore\Debug\libArduinoCore.a(Adafruit_FONA.o)
 .progmem.data._ZZN13Adafruit_FONA5beginER6StreamE3__c_15
                0x00000719        0xb C:\Users\Saba Baig\Documents\Atmel Studio\7.0\RM\RM\ArduinoCore\Debug\libArduinoCore.a(Adafruit_FONA.o)
 .progmem.data._ZZN13Adafruit_FONA5beginER6StreamE3__c_14
                0x00000724        0xb C:\Users\Saba Baig\Documents\Atmel Studio\7.0\RM\RM\ArduinoCore\Debug\libArduinoCore.a(Adafruit_FONA.o)
 .progmem.data._ZZN13Adafruit_FONA5beginER6StreamE3__c_13
                0x0000072f        0xb C:\Users\Saba Baig\Documents\Atmel Studio\7.0\RM\RM\ArduinoCore\Debug\libArduinoCore.a(Adafruit_FONA.o)
 .progmem.data._ZZN13Adafruit_FONA5beginER6StreamE3__c_12
                0x0000073a        0x7 C:\Users\Saba Baig\Documents\Atmel Studio\7.0\RM\RM\ArduinoCore\Debug\libArduinoCore.a(Adafruit_FONA.o)
 .progmem.data._ZZN13Adafruit_FONA5beginER6StreamE3__c_11
                0x00000741        0x7 C:\Users\Saba Baig\Documents\Atmel Studio\7.0\RM\RM\ArduinoCore\Debug\libArduinoCore.a(Adafruit_FONA.o)
 .progmem.data._ZZN13Adafruit_FONA5beginER6StreamE3__c_10
                0x00000748        0xa C:\Users\Saba Baig\Documents\Atmel Studio\7.0\RM\RM\ArduinoCore\Debug\libArduinoCore.a(Adafruit_FONA.o)
 .progmem.data._ZZN13Adafruit_FONA5beginER6StreamE3__c_9
                0x00000752        0x5 C:\Users\Saba Baig\Documents\Atmel Studio\7.0\RM\RM\ArduinoCore\Debug\libArduinoCore.a(Adafruit_FONA.o)
 .progmem.data._ZZN13Adafruit_FONA5beginER6StreamE3__c_8
                0x00000757        0x5 C:\Users\Saba Baig\Documents\Atmel Studio\7.0\RM\RM\ArduinoCore\Debug\libArduinoCore.a(Adafruit_FONA.o)
 .progmem.data._ZZN13Adafruit_FONA5beginER6StreamE3__c_7
                0x0000075c        0x3 C:\Users\Saba Baig\Documents\Atmel Studio\7.0\RM\RM\ArduinoCore\Debug\libArduinoCore.a(Adafruit_FONA.o)
 .progmem.data._ZZN13Adafruit_FONA5beginER6StreamE3__c_6
                0x0000075f        0x3 C:\Users\Saba Baig\Documents\Atmel Studio\7.0\RM\RM\ArduinoCore\Debug\libArduinoCore.a(Adafruit_FONA.o)
 .progmem.data._ZZN13Adafruit_FONA5beginER6StreamE3__c_5
                0x00000762        0x3 C:\Users\Saba Baig\Documents\Atmel Studio\7.0\RM\RM\ArduinoCore\Debug\libArduinoCore.a(Adafruit_FONA.o)
 .progmem.data._ZZN13Adafruit_FONA5beginER6StreamE3__c_4
                0x00000765       0x32 C:\Users\Saba Baig\Documents\Atmel Studio\7.0\RM\RM\ArduinoCore\Debug\libArduinoCore.a(Adafruit_FONA.o)
 .progmem.data._ZZN13Adafruit_FONA5beginER6StreamE3__c_2
                0x00000797        0x3 C:\Users\Saba Baig\Documents\Atmel Studio\7.0\RM\RM\ArduinoCore\Debug\libArduinoCore.a(Adafruit_FONA.o)
 .progmem.data._ZZN13Adafruit_FONA5beginER6StreamE3__c_3
                0x0000079a        0x3 C:\Users\Saba Baig\Documents\Atmel Studio\7.0\RM\RM\ArduinoCore\Debug\libArduinoCore.a(Adafruit_FONA.o)
 .progmem.data._ZZN13Adafruit_FONA5beginER6StreamE3__c_1
                0x0000079d        0x3 C:\Users\Saba Baig\Documents\Atmel Studio\7.0\RM\RM\ArduinoCore\Debug\libArduinoCore.a(Adafruit_FONA.o)
 .progmem.data._ZZN13Adafruit_FONA5beginER6StreamE3__c_0
                0x000007a0       0x15 C:\Users\Saba Baig\Documents\Atmel Studio\7.0\RM\RM\ArduinoCore\Debug\libArduinoCore.a(Adafruit_FONA.o)
 .progmem.data._ZZN13Adafruit_FONA5beginER6StreamE3__c
                0x000007b5       0x21 C:\Users\Saba Baig\Documents\Atmel Studio\7.0\RM\RM\ArduinoCore\Debug\libArduinoCore.a(Adafruit_FONA.o)
 .progmem.data._ZZN13Adafruit_FONAC4EaE3__c_1
                0x000007d6        0x3 C:\Users\Saba Baig\Documents\Atmel Studio\7.0\RM\RM\ArduinoCore\Debug\libArduinoCore.a(Adafruit_FONA.o)
 .progmem.data._ZZN13Adafruit_FONAC4EaE3__c_0
                0x000007d9        0x5 C:\Users\Saba Baig\Documents\Atmel Studio\7.0\RM\RM\ArduinoCore\Debug\libArduinoCore.a(Adafruit_FONA.o)
 .progmem.data._ZZN13Adafruit_FONAC4EaE3__c
                0x000007de        0x8 C:\Users\Saba Baig\Documents\Atmel Studio\7.0\RM\RM\ArduinoCore\Debug\libArduinoCore.a(Adafruit_FONA.o)
                0x000007e6                . = ALIGN (0x2)
 *(.jumptables)
 *(.jumptables*)
 *(.lowtext)
 *(.lowtext*)
                0x000007e6                __ctors_start = .
 *(.ctors)
 .ctors         0x000007e6        0x2 Main_SignalLogging.o
 .ctors         0x000007e8        0x2 src/libraries/Wire/src/Wire.o
 .ctors         0x000007ea        0x2 C:\Users\Saba Baig\Documents\Atmel Studio\7.0\RM\RM\ArduinoCore\Debug\libArduinoCore.a(HardwareSerial0.o)
                0x000007ec                __ctors_end = .
                0x000007ec                __dtors_start = .
 *(.dtors)
 .dtors         0x000007ec        0x2 Main_SignalLogging.o
                0x000007ee                __dtors_end = .
 SORT(*)(.ctors)
 SORT(*)(.dtors)
 *(.init0)
 .init0         0x000007ee        0x0 C:/Program Files (x86)/Atmel/Studio/7.0/Packs/atmel/ATmega_DFP/1.2.132/gcc/dev/atmega328p/avr5/crtatmega328p.o
                0x000007ee                __init
 *(.init0)
 *(.init1)
 *(.init1)
 *(.init2)
 .init2         0x000007ee        0xc C:/Program Files (x86)/Atmel/Studio/7.0/Packs/atmel/ATmega_DFP/1.2.132/gcc/dev/atmega328p/avr5/crtatmega328p.o
 *(.init2)
 *(.init3)
 *(.init3)
 *(.init4)
 .init4         0x000007fa       0x16 c:/program files (x86)/atmel/studio/7.0/toolchain/avr8/avr8-gnu-toolchain/bin/../lib/gcc/avr/5.4.0/avr5\libgcc.a(_copy_data.o)
                0x000007fa                __do_copy_data
 .init4         0x00000810       0x10 c:/program files (x86)/atmel/studio/7.0/toolchain/avr8/avr8-gnu-toolchain/bin/../lib/gcc/avr/5.4.0/avr5\libgcc.a(_clear_bss.o)
                0x00000810                __do_clear_bss
 *(.init4)
 *(.init5)
 *(.init5)
 *(.init6)
 .init6         0x00000820       0x16 c:/program files (x86)/atmel/studio/7.0/toolchain/avr8/avr8-gnu-toolchain/bin/../lib/gcc/avr/5.4.0/avr5\libgcc.a(_ctors.o)
                0x00000820                __do_global_ctors
 *(.init6)
 *(.init7)
 *(.init7)
 *(.init8)
 *(.init8)
 *(.init9)
 .init9         0x00000836        0x8 C:/Program Files (x86)/Atmel/Studio/7.0/Packs/atmel/ATmega_DFP/1.2.132/gcc/dev/atmega328p/avr5/crtatmega328p.o
 *(.init9)
 *(.text)
 .text          0x0000083e        0x4 C:/Program Files (x86)/Atmel/Studio/7.0/Packs/atmel/ATmega_DFP/1.2.132/gcc/dev/atmega328p/avr5/crtatmega328p.o
                0x0000083e                __vector_22
                0x0000083e                __vector_1
                0x0000083e                __vector_12
                0x0000083e                __bad_interrupt
                0x0000083e                __vector_6
                0x0000083e                __vector_23
                0x0000083e                __vector_25
                0x0000083e                __vector_11
                0x0000083e                __vector_13
                0x0000083e                __vector_17
                0x0000083e                __vector_7
                0x0000083e                __vector_9
                0x0000083e                __vector_2
                0x0000083e                __vector_21
                0x0000083e                __vector_15
                0x0000083e                __vector_8
                0x0000083e                __vector_14
                0x0000083e                __vector_10
                0x0000083e                __vector_20
 .text          0x00000842      0x244 GpsManager.o
                0x00000842                _ZN10GpsManagerC2Eh
                0x00000842                _ZN10GpsManagerC1Eh
                0x0000087a                _ZN10GpsManagerD1Ev
                0x0000087a                _ZN10GpsManagerD2Ev
                0x00000894                _ZN10GpsManager7setFonaER13Adafruit_FONA
                0x000008c6                _ZN10GpsManager9toggleGpsEb
                0x00000906                _ZN10GpsManager9gpsStatusEv
                0x00000920                _ZN10GpsManager10getGpsInfoER7GpsInfo
 .text          0x00000a86      0x522 GsmManager.o
                0x00000a86                _ZN10GsmManagerC1Eh
                0x00000a86                _ZN10GsmManagerC2Eh
                0x00000abc                _ZN10GsmManagerD1Ev
                0x00000abc                _ZN10GsmManagerD2Ev
                0x00000ad6                _ZN10GsmManager7setFonaER13Adafruit_FONA
                0x00000b0a                _ZN10GsmManager5resetEv
                0x00000b38                _ZN10GsmManager5beginEv
                0x00000bca                _ZN10GsmManager14getBattPercentEPj
                0x00000c22                _ZN10GsmManager10sendViaSmsEPKc
                0x00000cb4                _ZN10GsmManager10getGsmInfoER7GsmInfo
                0x00000cfc                _ZN10GsmManager16getNetworkStatusEv
                0x00000d36                _ZN10GsmManager7getRSSIEv
                0x00000d70                _ZN10GsmManager10enableGPRSEb
                0x00000d9a                _ZN10GsmManager11sendViaGprsEPKc
 .text          0x00000fa8       0xdc Helpers.o
                0x00000fa8                _ZN7Helpers15printSensorDataEP10SensorData
 .text          0x00001084      0x2ae Main_SignalLogging.o
                0x00001084                setup
                0x000010e6                _Z14initSubsystemsv
                0x0000112c                _Z15switchOffSystemv
                0x0000115c                _Z17on3MinutesElapsedb
                0x00001172                _Z12takeReadingsv
                0x000011b0                _Z8sendDatav
                0x000011ce                loop
 .text          0x00001332      0xc1a RmMemManager.o
                0x00001332                _ZN12RmMemManagerC1Eb
                0x00001332                _ZN12RmMemManagerC2Eb
                0x00001374                _Z13internalWritejPhh
                0x00001428                _Z12internalReadjPhh
                0x000014fc                _ZN12RmMemManager18getUCharFromMemoryEj
                0x00001538                _ZN12RmMemManager19getUShortFromMemoryEj
                0x00001578                _ZN12RmMemManager17getUIntFromMemoryEj
                0x000015c6                _ZN12RmMemManager18getULongFromMemoryEj
                0x00001658                _ZN12RmMemManager16setUCharToMemoryEjh
                0x00001694                _ZN12RmMemManager17setUShortToMemoryEjj
                0x000016d4                _ZN12RmMemManager15setUIntToMemoryEjm
                0x0000171e                _ZN12RmMemManager16setULongToMemoryEjy
                0x00001780                _ZN12RmMemManager16initialiseModuleEh
                0x00001818                _ZN12RmMemManager18incrementBootCountEv
                0x00001876                _ZN12RmMemManager17verifyBasicEepRomEv
                0x00001b3e                _ZN12RmMemManager23runExtendedShow100BytesEv
                0x00001b66                _ZN12RmMemManager21runExtendedDumpOutputEv
                0x00001b8e                _ZN12RmMemManager14loadSensorDataEP10SensorDatajPm
                0x00001bd0                _ZN12RmMemManager12markDataSentEy
                0x00001c14                _ZN12RmMemManager16appendDailyEntryEP14DailyCycleData
                0x00001c38                _Z27internalWriteEntryAtAddressP10SensorDatam
                0x00001c66                _ZN12RmMemManager22replaceLastSensorEntryEP10SensorData
                0x00001c8a                _ZN12RmMemManager17appendSensorEntryEP10SensorData
                0x00001d58                _ZN12RmMemManager5resetEv
                0x00001d8e                _Z13internalFlashRbS_9LED_STATEb
                0x00001e5c                _ZN12RmMemManager8flashLEDEv
                0x00001f0e                _ZN12RmMemManager9toggleLEDE7LED_SEL9LED_STATE
 .text          0x00001f4c      0x2ec SensorManager.o
                0x00001f4c                _ZN13SensorManagerC2Eb
                0x00001f4c                _ZN13SensorManagerC1Eb
                0x00001f76                _ZN13SensorManager7readVccEv
                0x00002078                _ZN13SensorManager16takeSampleAnalogEh
                0x000020bc                _Z11getMockDataP10SensorData
                0x0000216c                _ZN13SensorManager8readDataEP10SensorData
 .text          0x00002238      0x762 src/libraries/Wire/src/utility/twi.o
                0x00002238                twi_init
                0x0000229e                twi_disable
                0x000022d0                twi_setAddress
                0x000022f2                twi_setFrequency
                0x00002350                twi_readFrom
                0x0000245a                twi_writeTo
                0x00002586                twi_transmit
                0x00002618                twi_attachSlaveRxEvent
                0x0000263e                twi_attachSlaveTxEvent
                0x00002664                twi_reply
                0x00002696                twi_stop
                0x000026cc                twi_releaseBus
                0x000026ea                __vector_24
 .text          0x0000299a      0x760 src/libraries/Wire/src/Wire.o
                0x0000299a                _ZN7TwoWireC2Ev
                0x0000299a                _ZN7TwoWireC1Ev
                0x000029ca                _ZN7TwoWire5beginEv
                0x00002a08                _ZN7TwoWire5beginEh
                0x00002a36                _ZN7TwoWire5beginEi
                0x00002a66                _ZN7TwoWire3endEv
                0x00002a84                _ZN7TwoWire8setClockEm
                0x00002ac2                _ZN7TwoWire11requestFromEhhmhh
                0x00002bb2                _ZN7TwoWire11requestFromEhhh
                0x00002c00                _ZN7TwoWire11requestFromEhh
                0x00002c30                _ZN7TwoWire11requestFromEii
                0x00002c6c                _ZN7TwoWire11requestFromEiii
                0x00002cb2                _ZN7TwoWire17beginTransmissionEh
                0x00002ce6                _ZN7TwoWire17beginTransmissionEi
                0x00002d16                _ZN7TwoWire15endTransmissionEh
                0x00002d60                _ZN7TwoWire15endTransmissionEv
                0x00002d82                _ZN7TwoWire5writeEh
                0x00002df6                _ZN7TwoWire5writeEPKhj
                0x00002e88                _ZN7TwoWire9availableEv
                0x00002eb8                _ZN7TwoWire4readEv
                0x00002f10                _ZN7TwoWire4peekEv
                0x00002f5e                _ZN7TwoWire5flushEv
                0x00002f78                _ZN7TwoWire16onReceiveServiceEPhi
                0x00003012                _ZN7TwoWire16onRequestServiceEv
                0x00003044                _ZN7TwoWire9onReceiveEPFviE
                0x00003074                _ZN7TwoWire9onRequestEPFvvE
                0x000030fa                . = ALIGN (0x2)
 *(.text.*)
 .text._ZN5PrintaSERKS_
                0x000030fa       0x3a GpsManager.o
                0x000030fa                _ZN5PrintaSERKS_
 .text._ZN6StreamaSERKS_
                0x00003134       0x6c GpsManager.o
                0x00003134                _ZN6StreamaSERKS_
 .text._ZN13Adafruit_FONAaSERKS_
                0x000031a0      0x146 GpsManager.o
                0x000031a0                _ZN13Adafruit_FONAaSERKS_
 .text._ZN14HardwareSerial5beginEm
                0x000032e6       0x46 Main_SignalLogging.o
                0x000032e6                _ZN14HardwareSerial5beginEm
 .text._ZN10SensorDataC2Ev
                0x0000332c       0x24 Main_SignalLogging.o
                0x0000332c                _ZN10SensorDataC2Ev
                0x0000332c                _ZN10SensorDataC1Ev
 .text._ZN7TwoWire5writeEi
                0x00003350       0x3e RmMemManager.o
                0x00003350                _ZN7TwoWire5writeEi
 .text._ZN5Print13setWriteErrorEi
                0x0000338e       0x32 src/libraries/Wire/src/Wire.o
                0x0000338e                _ZN5Print13setWriteErrorEi
 .text._ZN5PrintC2Ev
                0x000033c0       0x32 src/libraries/Wire/src/Wire.o
                0x000033c0                _ZN5PrintC2Ev
                0x000033c0                _ZN5PrintC1Ev
 .text._ZN6StreamC2Ev
                0x000033f2       0x46 src/libraries/Wire/src/Wire.o
                0x000033f2                _ZN6StreamC1Ev
                0x000033f2                _ZN6StreamC2Ev
 .text.avr-libc.fplib
                0x00003438       0x7a c:/program files (x86)/atmel/studio/7.0/toolchain/avr8/avr8-gnu-toolchain/bin/../lib/gcc/avr/5.4.0/../../../../avr/lib/avr5\libm.a(floatsisf.o)
                0x00003438                __floatunsisf
                0x0000343c                __floatsisf
 .text.__cxa_pure_virtual
                0x000034b2        0x4 C:\Users\Saba Baig\Documents\Atmel Studio\7.0\RM\RM\ArduinoCore\Debug\libArduinoCore.a(abi.o)
                0x000034b2                __cxa_pure_virtual
 .text._ZN14HardwareSerial9availableEv
                0x000034b6       0x18 C:\Users\Saba Baig\Documents\Atmel Studio\7.0\RM\RM\ArduinoCore\Debug\libArduinoCore.a(HardwareSerial.o)
                0x000034b6                _ZN14HardwareSerial9availableEv
 .text._ZN14HardwareSerial4peekEv
                0x000034ce       0x1c C:\Users\Saba Baig\Documents\Atmel Studio\7.0\RM\RM\ArduinoCore\Debug\libArduinoCore.a(HardwareSerial.o)
                0x000034ce                _ZN14HardwareSerial4peekEv
 .text._ZN14HardwareSerial4readEv
                0x000034ea       0x28 C:\Users\Saba Baig\Documents\Atmel Studio\7.0\RM\RM\ArduinoCore\Debug\libArduinoCore.a(HardwareSerial.o)
                0x000034ea                _ZN14HardwareSerial4readEv
 .text._Z14serialEventRunv
                0x00003512       0x1c C:\Users\Saba Baig\Documents\Atmel Studio\7.0\RM\RM\ArduinoCore\Debug\libArduinoCore.a(HardwareSerial.o)
                0x00003512                _Z14serialEventRunv
 .text._ZN14HardwareSerial17_tx_udr_empty_irqEv
                0x0000352e       0x42 C:\Users\Saba Baig\Documents\Atmel Studio\7.0\RM\RM\ArduinoCore\Debug\libArduinoCore.a(HardwareSerial.o)
                0x0000352e                _ZN14HardwareSerial17_tx_udr_empty_irqEv
 .text._ZN14HardwareSerial5writeEh
                0x00003570       0x8e C:\Users\Saba Baig\Documents\Atmel Studio\7.0\RM\RM\ArduinoCore\Debug\libArduinoCore.a(HardwareSerial.o)
                0x00003570                _ZN14HardwareSerial5writeEh
 .text._ZN14HardwareSerial5flushEv
                0x000035fe       0x44 C:\Users\Saba Baig\Documents\Atmel Studio\7.0\RM\RM\ArduinoCore\Debug\libArduinoCore.a(HardwareSerial.o)
                0x000035fe                _ZN14HardwareSerial5flushEv
 .text._ZN14HardwareSerial5beginEmh
                0x00003642       0xca C:\Users\Saba Baig\Documents\Atmel Studio\7.0\RM\RM\ArduinoCore\Debug\libArduinoCore.a(HardwareSerial.o)
                0x00003642                _ZN14HardwareSerial5beginEmh
 .text.__vector_18
                0x0000370c       0x64 C:\Users\Saba Baig\Documents\Atmel Studio\7.0\RM\RM\ArduinoCore\Debug\libArduinoCore.a(HardwareSerial0.o)
                0x0000370c                __vector_18
 .text.__vector_19
                0x00003770       0x4c C:\Users\Saba Baig\Documents\Atmel Studio\7.0\RM\RM\ArduinoCore\Debug\libArduinoCore.a(HardwareSerial0.o)
                0x00003770                __vector_19
 .text._Z17Serial0_availablev
                0x000037bc       0x14 C:\Users\Saba Baig\Documents\Atmel Studio\7.0\RM\RM\ArduinoCore\Debug\libArduinoCore.a(HardwareSerial0.o)
                0x000037bc                _Z17Serial0_availablev
 .text.startup._GLOBAL__sub_I___vector_18
                0x000037d0       0x5a C:\Users\Saba Baig\Documents\Atmel Studio\7.0\RM\RM\ArduinoCore\Debug\libArduinoCore.a(HardwareSerial0.o)
 .text.initVariant
                0x0000382a        0x2 C:\Users\Saba Baig\Documents\Atmel Studio\7.0\RM\RM\ArduinoCore\Debug\libArduinoCore.a(main.o)
                0x0000382a                initVariant
 .text.startup.main
                0x0000382c       0x1e C:\Users\Saba Baig\Documents\Atmel Studio\7.0\RM\RM\ArduinoCore\Debug\libArduinoCore.a(main.o)
                0x0000382c                main
 .text._Znwj    0x0000384a        0x4 C:\Users\Saba Baig\Documents\Atmel Studio\7.0\RM\RM\ArduinoCore\Debug\libArduinoCore.a(new.o)
                0x0000384a                _Znwj
 .text._ZN5Print5writeEPKhj
                0x0000384e       0x54 C:\Users\Saba Baig\Documents\Atmel Studio\7.0\RM\RM\ArduinoCore\Debug\libArduinoCore.a(Print.o)
                0x0000384e                _ZN5Print5writeEPKhj
 .text._ZN5Print5writeEPKc
                0x000038a2       0x2a C:\Users\Saba Baig\Documents\Atmel Studio\7.0\RM\RM\ArduinoCore\Debug\libArduinoCore.a(Print.o)
                0x000038a2                _ZN5Print5writeEPKc
 .text._ZN5Print5printEPK19__FlashStringHelper
                0x000038cc       0x48 C:\Users\Saba Baig\Documents\Atmel Studio\7.0\RM\RM\ArduinoCore\Debug\libArduinoCore.a(Print.o)
                0x000038cc                _ZN5Print5printEPK19__FlashStringHelper
 .text._ZN5Print5printEPKc
                0x00003914        0x4 C:\Users\Saba Baig\Documents\Atmel Studio\7.0\RM\RM\ArduinoCore\Debug\libArduinoCore.a(Print.o)
                0x00003914                _ZN5Print5printEPKc
 .text._ZN5Print5printEc
                0x00003918        0xe C:\Users\Saba Baig\Documents\Atmel Studio\7.0\RM\RM\ArduinoCore\Debug\libArduinoCore.a(Print.o)
                0x00003918                _ZN5Print5printEc
 .text._ZN5Print7printlnEv
                0x00003926        0x8 C:\Users\Saba Baig\Documents\Atmel Studio\7.0\RM\RM\ArduinoCore\Debug\libArduinoCore.a(Print.o)
                0x00003926                _ZN5Print7printlnEv
 .text._ZN5Print7printlnEPK19__FlashStringHelper
                0x0000392e       0x24 C:\Users\Saba Baig\Documents\Atmel Studio\7.0\RM\RM\ArduinoCore\Debug\libArduinoCore.a(Print.o)
                0x0000392e                _ZN5Print7printlnEPK19__FlashStringHelper
 .text._ZN5Print7printlnEPKc
                0x00003952       0x24 C:\Users\Saba Baig\Documents\Atmel Studio\7.0\RM\RM\ArduinoCore\Debug\libArduinoCore.a(Print.o)
                0x00003952                _ZN5Print7printlnEPKc
 .text._ZN5Print7printlnEc
                0x00003976       0x24 C:\Users\Saba Baig\Documents\Atmel Studio\7.0\RM\RM\ArduinoCore\Debug\libArduinoCore.a(Print.o)
                0x00003976                _ZN5Print7printlnEc
 .text._ZN5Print11printNumberEmh
                0x0000399a       0x92 C:\Users\Saba Baig\Documents\Atmel Studio\7.0\RM\RM\ArduinoCore\Debug\libArduinoCore.a(Print.o)
                0x0000399a                _ZN5Print11printNumberEmh
 .text._ZN5Print5printEmi
                0x00003a2c       0x1a C:\Users\Saba Baig\Documents\Atmel Studio\7.0\RM\RM\ArduinoCore\Debug\libArduinoCore.a(Print.o)
                0x00003a2c                _ZN5Print5printEmi
 .text._ZN5Print5printEhi
                0x00003a46        0xe C:\Users\Saba Baig\Documents\Atmel Studio\7.0\RM\RM\ArduinoCore\Debug\libArduinoCore.a(Print.o)
                0x00003a46                _ZN5Print5printEhi
 .text._ZN5Print7printlnEhi
                0x00003a54       0x24 C:\Users\Saba Baig\Documents\Atmel Studio\7.0\RM\RM\ArduinoCore\Debug\libArduinoCore.a(Print.o)
                0x00003a54                _ZN5Print7printlnEhi
 .text._ZN5Print5printEji
                0x00003a78        0xc C:\Users\Saba Baig\Documents\Atmel Studio\7.0\RM\RM\ArduinoCore\Debug\libArduinoCore.a(Print.o)
                0x00003a78                _ZN5Print5printEji
 .text._ZN5Print7printlnEji
                0x00003a84       0x24 C:\Users\Saba Baig\Documents\Atmel Studio\7.0\RM\RM\ArduinoCore\Debug\libArduinoCore.a(Print.o)
                0x00003a84                _ZN5Print7printlnEji
 .text._ZN5Print7printlnEmi
                0x00003aa8       0x24 C:\Users\Saba Baig\Documents\Atmel Studio\7.0\RM\RM\ArduinoCore\Debug\libArduinoCore.a(Print.o)
                0x00003aa8                _ZN5Print7printlnEmi
 .text._ZN5Print5printEli
                0x00003acc       0x90 C:\Users\Saba Baig\Documents\Atmel Studio\7.0\RM\RM\ArduinoCore\Debug\libArduinoCore.a(Print.o)
                0x00003acc                _ZN5Print5printEli
 .text._ZN5Print5printEii
                0x00003b5c        0xe C:\Users\Saba Baig\Documents\Atmel Studio\7.0\RM\RM\ArduinoCore\Debug\libArduinoCore.a(Print.o)
                0x00003b5c                _ZN5Print5printEii
 .text._ZN5Print7printlnEli
                0x00003b6a       0x24 C:\Users\Saba Baig\Documents\Atmel Studio\7.0\RM\RM\ArduinoCore\Debug\libArduinoCore.a(Print.o)
                0x00003b6a                _ZN5Print7printlnEli
 .text.__vector_16
                0x00003b8e       0x94 C:\Users\Saba Baig\Documents\Atmel Studio\7.0\RM\RM\ArduinoCore\Debug\libArduinoCore.a(wiring.o)
                0x00003b8e                __vector_16
 .text.micros   0x00003c22       0x4a C:\Users\Saba Baig\Documents\Atmel Studio\7.0\RM\RM\ArduinoCore\Debug\libArduinoCore.a(wiring.o)
                0x00003c22                micros
 .text.delay    0x00003c6c       0x78 C:\Users\Saba Baig\Documents\Atmel Studio\7.0\RM\RM\ArduinoCore\Debug\libArduinoCore.a(wiring.o)
                0x00003c6c                delay
 .text.init     0x00003ce4       0x76 C:\Users\Saba Baig\Documents\Atmel Studio\7.0\RM\RM\ArduinoCore\Debug\libArduinoCore.a(wiring.o)
                0x00003ce4                init
 .text.analogRead
                0x00003d5a       0x3a C:\Users\Saba Baig\Documents\Atmel Studio\7.0\RM\RM\ArduinoCore\Debug\libArduinoCore.a(wiring_analog.o)
                0x00003d5a                analogRead
 .text.turnOffPWM
                0x00003d94       0x52 C:\Users\Saba Baig\Documents\Atmel Studio\7.0\RM\RM\ArduinoCore\Debug\libArduinoCore.a(wiring_digital.o)
 .text.pinMode  0x00003de6       0x78 C:\Users\Saba Baig\Documents\Atmel Studio\7.0\RM\RM\ArduinoCore\Debug\libArduinoCore.a(wiring_digital.o)
                0x00003de6                pinMode
 .text.digitalWrite
                0x00003e5e       0x5e C:\Users\Saba Baig\Documents\Atmel Studio\7.0\RM\RM\ArduinoCore\Debug\libArduinoCore.a(wiring_digital.o)
                0x00003e5e                digitalWrite
 .text._ZN13Adafruit_FONA9availableEv
                0x00003ebc       0x18 C:\Users\Saba Baig\Documents\Atmel Studio\7.0\RM\RM\ArduinoCore\Debug\libArduinoCore.a(Adafruit_FONA.o)
                0x00003ebc                _ZN13Adafruit_FONA9availableEv
 .text._ZN13Adafruit_FONA5writeEh
                0x00003ed4       0x18 C:\Users\Saba Baig\Documents\Atmel Studio\7.0\RM\RM\ArduinoCore\Debug\libArduinoCore.a(Adafruit_FONA.o)
                0x00003ed4                _ZN13Adafruit_FONA5writeEh
 .text._ZN13Adafruit_FONA4readEv
                0x00003eec       0x18 C:\Users\Saba Baig\Documents\Atmel Studio\7.0\RM\RM\ArduinoCore\Debug\libArduinoCore.a(Adafruit_FONA.o)
                0x00003eec                _ZN13Adafruit_FONA4readEv
 .text._ZN13Adafruit_FONA4peekEv
                0x00003f04       0x18 C:\Users\Saba Baig\Documents\Atmel Studio\7.0\RM\RM\ArduinoCore\Debug\libArduinoCore.a(Adafruit_FONA.o)
                0x00003f04                _ZN13Adafruit_FONA4peekEv
 .text._ZN13Adafruit_FONA5flushEv
                0x00003f1c       0x18 C:\Users\Saba Baig\Documents\Atmel Studio\7.0\RM\RM\ArduinoCore\Debug\libArduinoCore.a(Adafruit_FONA.o)
                0x00003f1c                _ZN13Adafruit_FONA5flushEv
 .text._ZN13Adafruit_FONAC2Ea
                0x00003f34       0x64 C:\Users\Saba Baig\Documents\Atmel Studio\7.0\RM\RM\ArduinoCore\Debug\libArduinoCore.a(Adafruit_FONA.o)
                0x00003f34                _ZN13Adafruit_FONAC1Ea
                0x00003f34                _ZN13Adafruit_FONAC2Ea
 .text._ZN13Adafruit_FONA22setGPRSNetworkSettingsEPK19__FlashStringHelperS2_S2_
                0x00003f98       0x18 C:\Users\Saba Baig\Documents\Atmel Studio\7.0\RM\RM\ArduinoCore\Debug\libArduinoCore.a(Adafruit_FONA.o)
                0x00003f98                _ZN13Adafruit_FONA22setGPRSNetworkSettingsEPK19__FlashStringHelperS2_S2_
 .text._ZN13Adafruit_FONA10flushInputEv
                0x00003fb0       0x58 C:\Users\Saba Baig\Documents\Atmel Studio\7.0\RM\RM\ArduinoCore\Debug\libArduinoCore.a(Adafruit_FONA.o)
                0x00003fb0                _ZN13Adafruit_FONA10flushInputEv
 .text._ZN13Adafruit_FONA15HTTP_para_startEPK19__FlashStringHelperb
                0x00004008       0x7a C:\Users\Saba Baig\Documents\Atmel Studio\7.0\RM\RM\ArduinoCore\Debug\libArduinoCore.a(Adafruit_FONA.o)
                0x00004008                _ZN13Adafruit_FONA15HTTP_para_startEPK19__FlashStringHelperb
 .text._ZN13Adafruit_FONA8readlineEjb
                0x00004082       0xfc C:\Users\Saba Baig\Documents\Atmel Studio\7.0\RM\RM\ArduinoCore\Debug\libArduinoCore.a(Adafruit_FONA.o)
                0x00004082                _ZN13Adafruit_FONA8readlineEjb
 .text._ZN13Adafruit_FONA11expectReplyEPK19__FlashStringHelperj
                0x0000417e       0x48 C:\Users\Saba Baig\Documents\Atmel Studio\7.0\RM\RM\ArduinoCore\Debug\libArduinoCore.a(Adafruit_FONA.o)
                0x0000417e                _ZN13Adafruit_FONA11expectReplyEPK19__FlashStringHelperj
 .text._ZN13Adafruit_FONA13HTTP_para_endEb
                0x000041c6       0x3c C:\Users\Saba Baig\Documents\Atmel Studio\7.0\RM\RM\ArduinoCore\Debug\libArduinoCore.a(Adafruit_FONA.o)
                0x000041c6                _ZN13Adafruit_FONA13HTTP_para_endEb
 .text._ZN13Adafruit_FONA9HTTP_paraEPK19__FlashStringHelperPKc
                0x00004202       0x32 C:\Users\Saba Baig\Documents\Atmel Studio\7.0\RM\RM\ArduinoCore\Debug\libArduinoCore.a(Adafruit_FONA.o)
                0x00004202                _ZN13Adafruit_FONA9HTTP_paraEPK19__FlashStringHelperPKc
 .text._ZN13Adafruit_FONA9HTTP_paraEPK19__FlashStringHelperS2_
                0x00004234       0x32 C:\Users\Saba Baig\Documents\Atmel Studio\7.0\RM\RM\ArduinoCore\Debug\libArduinoCore.a(Adafruit_FONA.o)
                0x00004234                _ZN13Adafruit_FONA9HTTP_paraEPK19__FlashStringHelperS2_
 .text._ZN13Adafruit_FONA9HTTP_paraEPK19__FlashStringHelperl
                0x00004266       0x42 C:\Users\Saba Baig\Documents\Atmel Studio\7.0\RM\RM\ArduinoCore\Debug\libArduinoCore.a(Adafruit_FONA.o)
                0x00004266                _ZN13Adafruit_FONA9HTTP_paraEPK19__FlashStringHelperl
 .text._ZN13Adafruit_FONA9HTTP_dataEmm
                0x000042a8       0xd4 C:\Users\Saba Baig\Documents\Atmel Studio\7.0\RM\RM\ArduinoCore\Debug\libArduinoCore.a(Adafruit_FONA.o)
                0x000042a8                _ZN13Adafruit_FONA9HTTP_dataEmm
 .text._ZN13Adafruit_FONA8getReplyEPcj
                0x0000437c       0x72 C:\Users\Saba Baig\Documents\Atmel Studio\7.0\RM\RM\ArduinoCore\Debug\libArduinoCore.a(Adafruit_FONA.o)
                0x0000437c                _ZN13Adafruit_FONA8getReplyEPcj
 .text._ZN13Adafruit_FONA8getReplyEPK19__FlashStringHelperj
                0x000043ee       0x72 C:\Users\Saba Baig\Documents\Atmel Studio\7.0\RM\RM\ArduinoCore\Debug\libArduinoCore.a(Adafruit_FONA.o)
                0x000043ee                _ZN13Adafruit_FONA8getReplyEPK19__FlashStringHelperj
 .text._ZN13Adafruit_FONA9GPSstatusEv
                0x00004460       0x58 C:\Users\Saba Baig\Documents\Atmel Studio\7.0\RM\RM\ArduinoCore\Debug\libArduinoCore.a(Adafruit_FONA.o)
                0x00004460                _ZN13Adafruit_FONA9GPSstatusEv
 .text._ZN13Adafruit_FONA6getGPSEhPch
                0x000044b8       0x90 C:\Users\Saba Baig\Documents\Atmel Studio\7.0\RM\RM\ArduinoCore\Debug\libArduinoCore.a(Adafruit_FONA.o)
                0x000044b8                _ZN13Adafruit_FONA6getGPSEhPch
 .text._ZN13Adafruit_FONA6getGPSEPfS0_S0_S0_S0_Pc
                0x00004548      0x19a C:\Users\Saba Baig\Documents\Atmel Studio\7.0\RM\RM\ArduinoCore\Debug\libArduinoCore.a(Adafruit_FONA.o)
                0x00004548                _ZN13Adafruit_FONA6getGPSEPfS0_S0_S0_S0_Pc
 .text._ZN13Adafruit_FONA8getReplyEPK19__FlashStringHelperlj
                0x000046e2       0xb4 C:\Users\Saba Baig\Documents\Atmel Studio\7.0\RM\RM\ArduinoCore\Debug\libArduinoCore.a(Adafruit_FONA.o)
                0x000046e2                _ZN13Adafruit_FONA8getReplyEPK19__FlashStringHelperlj
 .text._ZN13Adafruit_FONA14getReplyQuotedEPK19__FlashStringHelperS2_j
                0x00004796       0xc8 C:\Users\Saba Baig\Documents\Atmel Studio\7.0\RM\RM\ArduinoCore\Debug\libArduinoCore.a(Adafruit_FONA.o)
                0x00004796                _ZN13Adafruit_FONA14getReplyQuotedEPK19__FlashStringHelperS2_j
 .text._ZN13Adafruit_FONA14sendCheckReplyEPK19__FlashStringHelperS2_j
                0x0000485e       0x34 C:\Users\Saba Baig\Documents\Atmel Studio\7.0\RM\RM\ArduinoCore\Debug\libArduinoCore.a(Adafruit_FONA.o)
                0x0000485e                _ZN13Adafruit_FONA14sendCheckReplyEPK19__FlashStringHelperS2_j
 .text._ZN13Adafruit_FONA5beginER6Stream
                0x00004892      0x308 C:\Users\Saba Baig\Documents\Atmel Studio\7.0\RM\RM\ArduinoCore\Debug\libArduinoCore.a(Adafruit_FONA.o)
                0x00004892                _ZN13Adafruit_FONA5beginER6Stream
 .text._ZN13Adafruit_FONA9HTTP_initEv
                0x00004b9a       0x16 C:\Users\Saba Baig\Documents\Atmel Studio\7.0\RM\RM\ArduinoCore\Debug\libArduinoCore.a(Adafruit_FONA.o)
                0x00004b9a                _ZN13Adafruit_FONA9HTTP_initEv
 .text._ZN13Adafruit_FONA9HTTP_termEv
                0x00004bb0       0x16 C:\Users\Saba Baig\Documents\Atmel Studio\7.0\RM\RM\ArduinoCore\Debug\libArduinoCore.a(Adafruit_FONA.o)
                0x00004bb0                _ZN13Adafruit_FONA9HTTP_termEv
 .text._ZN13Adafruit_FONA13HTTP_POST_endEv
                0x00004bc6        0x4 C:\Users\Saba Baig\Documents\Atmel Studio\7.0\RM\RM\ArduinoCore\Debug\libArduinoCore.a(Adafruit_FONA.o)
                0x00004bc6                _ZN13Adafruit_FONA13HTTP_POST_endEv
 .text._ZN13Adafruit_FONA14sendCheckReplyEPcPK19__FlashStringHelperj
                0x00004bca       0x34 C:\Users\Saba Baig\Documents\Atmel Studio\7.0\RM\RM\ArduinoCore\Debug\libArduinoCore.a(Adafruit_FONA.o)
                0x00004bca                _ZN13Adafruit_FONA14sendCheckReplyEPcPK19__FlashStringHelperj
 .text._ZN13Adafruit_FONA7sendSMSEPcS0_
                0x00004bfe      0x17c C:\Users\Saba Baig\Documents\Atmel Studio\7.0\RM\RM\ArduinoCore\Debug\libArduinoCore.a(Adafruit_FONA.o)
                0x00004bfe                _ZN13Adafruit_FONA7sendSMSEPcS0_
 .text._ZN13Adafruit_FONA14sendCheckReplyEPK19__FlashStringHelperlS2_j
                0x00004d7a       0x40 C:\Users\Saba Baig\Documents\Atmel Studio\7.0\RM\RM\ArduinoCore\Debug\libArduinoCore.a(Adafruit_FONA.o)
                0x00004d7a                _ZN13Adafruit_FONA14sendCheckReplyEPK19__FlashStringHelperlS2_j
 .text._ZN13Adafruit_FONA8HTTP_sslEb
                0x00004dba       0x34 C:\Users\Saba Baig\Documents\Atmel Studio\7.0\RM\RM\ArduinoCore\Debug\libArduinoCore.a(Adafruit_FONA.o)
                0x00004dba                _ZN13Adafruit_FONA8HTTP_sslEb
 .text._ZN13Adafruit_FONA10HTTP_setupEPc
                0x00004dee       0x98 C:\Users\Saba Baig\Documents\Atmel Studio\7.0\RM\RM\ArduinoCore\Debug\libArduinoCore.a(Adafruit_FONA.o)
                0x00004dee                _ZN13Adafruit_FONA10HTTP_setupEPc
 .text._ZN13Adafruit_FONA20sendCheckReplyQuotedEPK19__FlashStringHelperS2_S2_j
                0x00004e86       0x38 C:\Users\Saba Baig\Documents\Atmel Studio\7.0\RM\RM\ArduinoCore\Debug\libArduinoCore.a(Adafruit_FONA.o)
                0x00004e86                _ZN13Adafruit_FONA20sendCheckReplyQuotedEPK19__FlashStringHelperS2_S2_j
 .text._ZN13Adafruit_FONA10enableGPRSEb
                0x00004ebe      0x2b8 C:\Users\Saba Baig\Documents\Atmel Studio\7.0\RM\RM\ArduinoCore\Debug\libArduinoCore.a(Adafruit_FONA.o)
                0x00004ebe                _ZN13Adafruit_FONA10enableGPRSEb
 .text._ZN13Adafruit_FONA10parseReplyEPK19__FlashStringHelperPjch
                0x00005176       0x6a C:\Users\Saba Baig\Documents\Atmel Studio\7.0\RM\RM\ArduinoCore\Debug\libArduinoCore.a(Adafruit_FONA.o)
                0x00005176                _ZN13Adafruit_FONA10parseReplyEPK19__FlashStringHelperPjch
 .text._ZN13Adafruit_FONA12HTTP_readallEPj
                0x000051e0       0x36 C:\Users\Saba Baig\Documents\Atmel Studio\7.0\RM\RM\ArduinoCore\Debug\libArduinoCore.a(Adafruit_FONA.o)
                0x000051e0                _ZN13Adafruit_FONA12HTTP_readallEPj
 .text._ZN13Adafruit_FONA11HTTP_actionEhPjS0_l
                0x00005216       0x9e C:\Users\Saba Baig\Documents\Atmel Studio\7.0\RM\RM\ArduinoCore\Debug\libArduinoCore.a(Adafruit_FONA.o)
                0x00005216                _ZN13Adafruit_FONA11HTTP_actionEhPjS0_l
 .text._ZN13Adafruit_FONA15HTTP_POST_startEPcPK19__FlashStringHelperPKhjPjS6_
                0x000052b4      0x13a C:\Users\Saba Baig\Documents\Atmel Studio\7.0\RM\RM\ArduinoCore\Debug\libArduinoCore.a(Adafruit_FONA.o)
                0x000052b4                _ZN13Adafruit_FONA15HTTP_POST_startEPcPK19__FlashStringHelperPKhjPjS6_
 .text._ZN13Adafruit_FONA14sendParseReplyEPK19__FlashStringHelperS2_Pjch
                0x000053ee       0x58 C:\Users\Saba Baig\Documents\Atmel Studio\7.0\RM\RM\ArduinoCore\Debug\libArduinoCore.a(Adafruit_FONA.o)
                0x000053ee                _ZN13Adafruit_FONA14sendParseReplyEPK19__FlashStringHelperS2_Pjch
 .text._ZN13Adafruit_FONA14getBattPercentEPj
                0x00005446       0x1e C:\Users\Saba Baig\Documents\Atmel Studio\7.0\RM\RM\ArduinoCore\Debug\libArduinoCore.a(Adafruit_FONA.o)
                0x00005446                _ZN13Adafruit_FONA14getBattPercentEPj
 .text._ZN13Adafruit_FONA16getNetworkStatusEv
                0x00005464       0x3e C:\Users\Saba Baig\Documents\Atmel Studio\7.0\RM\RM\ArduinoCore\Debug\libArduinoCore.a(Adafruit_FONA.o)
                0x00005464                _ZN13Adafruit_FONA16getNetworkStatusEv
 .text._ZN13Adafruit_FONA7getRSSIEv
                0x000054a2       0x3c C:\Users\Saba Baig\Documents\Atmel Studio\7.0\RM\RM\ArduinoCore\Debug\libArduinoCore.a(Adafruit_FONA.o)
                0x000054a2                _ZN13Adafruit_FONA7getRSSIEv
 .text._ZN14SoftwareSerial4readEv
                0x000054de       0x42 C:\Users\Saba Baig\Documents\Atmel Studio\7.0\RM\RM\ArduinoCore\Debug\libArduinoCore.a(SoftwareSerial.o)
                0x000054de                _ZN14SoftwareSerial4readEv
 .text._ZN14SoftwareSerial5writeEh
                0x00005520       0xa0 C:\Users\Saba Baig\Documents\Atmel Studio\7.0\RM\RM\ArduinoCore\Debug\libArduinoCore.a(SoftwareSerial.o)
                0x00005520                _ZN14SoftwareSerial5writeEh
 .text._ZN14SoftwareSerial5flushEv
                0x000055c0        0x2 C:\Users\Saba Baig\Documents\Atmel Studio\7.0\RM\RM\ArduinoCore\Debug\libArduinoCore.a(SoftwareSerial.o)
                0x000055c0                _ZN14SoftwareSerial5flushEv
 .text._ZN14SoftwareSerial4peekEv
                0x000055c2       0x30 C:\Users\Saba Baig\Documents\Atmel Studio\7.0\RM\RM\ArduinoCore\Debug\libArduinoCore.a(SoftwareSerial.o)
                0x000055c2                _ZN14SoftwareSerial4peekEv
 .text._ZN14SoftwareSerial9availableEv
                0x000055f2       0x30 C:\Users\Saba Baig\Documents\Atmel Studio\7.0\RM\RM\ArduinoCore\Debug\libArduinoCore.a(SoftwareSerial.o)
                0x000055f2                _ZN14SoftwareSerial9availableEv
 .text._ZN14SoftwareSerial13stopListeningEv
                0x00005622       0x2c C:\Users\Saba Baig\Documents\Atmel Studio\7.0\RM\RM\ArduinoCore\Debug\libArduinoCore.a(SoftwareSerial.o)
                0x00005622                _ZN14SoftwareSerial13stopListeningEv
 .text._ZN14SoftwareSerial6listenEv
                0x0000564e       0x52 C:\Users\Saba Baig\Documents\Atmel Studio\7.0\RM\RM\ArduinoCore\Debug\libArduinoCore.a(SoftwareSerial.o)
                0x0000564e                _ZN14SoftwareSerial6listenEv
 .text.__vector_3
                0x000056a0       0xf4 C:\Users\Saba Baig\Documents\Atmel Studio\7.0\RM\RM\ArduinoCore\Debug\libArduinoCore.a(SoftwareSerial.o)
                0x000056a0                __vector_5
                0x000056a0                __vector_4
                0x000056a0                __vector_3
 .text._ZN14SoftwareSerial5setTXEh
                0x00005794       0x52 C:\Users\Saba Baig\Documents\Atmel Studio\7.0\RM\RM\ArduinoCore\Debug\libArduinoCore.a(SoftwareSerial.o)
                0x00005794                _ZN14SoftwareSerial5setTXEh
 .text._ZN14SoftwareSerial5setRXEh
                0x000057e6       0x52 C:\Users\Saba Baig\Documents\Atmel Studio\7.0\RM\RM\ArduinoCore\Debug\libArduinoCore.a(SoftwareSerial.o)
                0x000057e6                _ZN14SoftwareSerial5setRXEh
 .text._ZN14SoftwareSerialC2Ehhb
                0x00005838       0x56 C:\Users\Saba Baig\Documents\Atmel Studio\7.0\RM\RM\ArduinoCore\Debug\libArduinoCore.a(SoftwareSerial.o)
                0x00005838                _ZN14SoftwareSerialC1Ehhb
                0x00005838                _ZN14SoftwareSerialC2Ehhb
 .text._ZN14SoftwareSerial5beginEl
                0x0000588e      0x11c C:\Users\Saba Baig\Documents\Atmel Studio\7.0\RM\RM\ArduinoCore\Debug\libArduinoCore.a(SoftwareSerial.o)
                0x0000588e                _ZN14SoftwareSerial5beginEl
 .text.__empty  0x000059aa        0x2 C:\Users\Saba Baig\Documents\Atmel Studio\7.0\RM\RM\ArduinoCore\Debug\libArduinoCore.a(hooks.o)
                0x000059aa                yield
 .text.avr-libc.fplib
                0x000059ac        0xa c:/program files (x86)/atmel/studio/7.0/toolchain/avr8/avr8-gnu-toolchain/bin/../lib/gcc/avr/5.4.0/../../../../avr/lib/avr5\libm.a(cmpsf2.o)
                0x000059ac                __nesf2
                0x000059ac                __eqsf2
                0x000059ac                __cmpsf2
                0x000059ac                __ltsf2
                0x000059ac                __lesf2
 .text.avr-libc.fplib
                0x000059b6       0x48 c:/program files (x86)/atmel/studio/7.0/toolchain/avr8/avr8-gnu-toolchain/bin/../lib/gcc/avr/5.4.0/../../../../avr/lib/avr5\libm.a(fp_cmp.o)
                0x000059b6                __fp_cmp
 .text.avr-libc.fplib
                0x000059fe        0xc c:/program files (x86)/atmel/studio/7.0/toolchain/avr8/avr8-gnu-toolchain/bin/../lib/gcc/avr/5.4.0/../../../../avr/lib/avr5\libm.a(fp_inf.o)
                0x000059fe                __fp_inf
 .text.avr-libc.fplib
                0x00005a0a        0x6 c:/program files (x86)/atmel/studio/7.0/toolchain/avr8/avr8-gnu-toolchain/bin/../lib/gcc/avr/5.4.0/../../../../avr/lib/avr5\libm.a(fp_nan.o)
                0x00005a0a                __fp_nan
 .text.avr-libc.fplib
                0x00005a10        0xe c:/program files (x86)/atmel/studio/7.0/toolchain/avr8/avr8-gnu-toolchain/bin/../lib/gcc/avr/5.4.0/../../../../avr/lib/avr5\libm.a(fp_pscA.o)
                0x00005a10                __fp_pscA
 .text.avr-libc.fplib
                0x00005a1e        0xe c:/program files (x86)/atmel/studio/7.0/toolchain/avr8/avr8-gnu-toolchain/bin/../lib/gcc/avr/5.4.0/../../../../avr/lib/avr5\libm.a(fp_pscB.o)
                0x00005a1e                __fp_pscB
 .text.avr-libc.fplib
                0x00005a2c       0x22 c:/program files (x86)/atmel/studio/7.0/toolchain/avr8/avr8-gnu-toolchain/bin/../lib/gcc/avr/5.4.0/../../../../avr/lib/avr5\libm.a(fp_round.o)
                0x00005a2c                __fp_round
 .text.avr-libc.fplib
                0x00005a4e       0x44 c:/program files (x86)/atmel/studio/7.0/toolchain/avr8/avr8-gnu-toolchain/bin/../lib/gcc/avr/5.4.0/../../../../avr/lib/avr5\libm.a(fp_split3.o)
                0x00005a4e                __fp_split3
                0x00005a5e                __fp_splitA
 .text.avr-libc.fplib
                0x00005a92        0xe c:/program files (x86)/atmel/studio/7.0/toolchain/avr8/avr8-gnu-toolchain/bin/../lib/gcc/avr/5.4.0/../../../../avr/lib/avr5\libm.a(fp_zero.o)
                0x00005a92                __fp_zero
                0x00005a94                __fp_szero
 .text.avr-libc.fplib
                0x00005aa0        0x8 c:/program files (x86)/atmel/studio/7.0/toolchain/avr8/avr8-gnu-toolchain/bin/../lib/gcc/avr/5.4.0/../../../../avr/lib/avr5\libm.a(mulsf3.o)
                0x00005aa0                __mulsf3
 .text.avr-libc.fplib
                0x00005aa8       0xd2 c:/program files (x86)/atmel/studio/7.0/toolchain/avr8/avr8-gnu-toolchain/bin/../lib/gcc/avr/5.4.0/../../../../avr/lib/avr5\libm.a(mulsf3x.o)
                0x00005ac6                __mulsf3x
                0x00005acc                __mulsf3_pse
 .text.libgcc.div
                0x00005b7a       0x28 c:/program files (x86)/atmel/studio/7.0/toolchain/avr8/avr8-gnu-toolchain/bin/../lib/gcc/avr/5.4.0/avr5\libgcc.a(_divmodhi4.o)
                0x00005b7a                _div
                0x00005b7a                __divmodhi4
 .text.libgcc.div
                0x00005ba2       0x44 c:/program files (x86)/atmel/studio/7.0/toolchain/avr8/avr8-gnu-toolchain/bin/../lib/gcc/avr/5.4.0/avr5\libgcc.a(_udivmodsi4.o)
                0x00005ba2                __udivmodsi4
 .text.libgcc.div
                0x00005be6       0x2e c:/program files (x86)/atmel/studio/7.0/toolchain/avr8/avr8-gnu-toolchain/bin/../lib/gcc/avr/5.4.0/avr5\libgcc.a(_divmodsi4.o)
                0x00005be6                __divmodsi4
 .text.libgcc.div
                0x00005c14       0x10 c:/program files (x86)/atmel/studio/7.0/toolchain/avr8/avr8-gnu-toolchain/bin/../lib/gcc/avr/5.4.0/avr5\libgcc.a(_negsi2.o)
                0x00005c14                __negsi2
 .text.libgcc   0x00005c24        0xc c:/program files (x86)/atmel/studio/7.0/toolchain/avr8/avr8-gnu-toolchain/bin/../lib/gcc/avr/5.4.0/avr5\libgcc.a(_tablejump2.o)
                0x00005c24                __tablejump2__
 .text.libgcc.builtins
                0x00005c30       0x3c c:/program files (x86)/atmel/studio/7.0/toolchain/avr8/avr8-gnu-toolchain/bin/../lib/gcc/avr/5.4.0/avr5\libgcc.a(_ashrdi3.o)
                0x00005c30                __ashrdi3
                0x00005c34                __lshrdi3
 .text.libgcc.div
                0x00005c6c       0x28 c:/program files (x86)/atmel/studio/7.0/toolchain/avr8/avr8-gnu-toolchain/bin/../lib/gcc/avr/5.4.0/avr5\libgcc.a(_udivmodhi4.o)
                0x00005c6c                __udivmodhi4
 .text.avr-libc
                0x00005c94      0x242 c:/program files (x86)/atmel/studio/7.0/toolchain/avr8/avr8-gnu-toolchain/bin/../lib/gcc/avr/5.4.0/../../../../avr/lib/avr5\libc.a(malloc.o)
                0x00005c94                malloc
                0x00005dc4                free
 .text.avr-libc
                0x00005ed6        0xa c:/program files (x86)/atmel/studio/7.0/toolchain/avr8/avr8-gnu-toolchain/bin/../lib/gcc/avr/5.4.0/../../../../avr/lib/avr5\libc.a(abort.o)
                0x00005ed6                abort
 .text.avr-libc
                0x00005ee0        0x8 c:/program files (x86)/atmel/studio/7.0/toolchain/avr8/avr8-gnu-toolchain/bin/../lib/gcc/avr/5.4.0/../../../../avr/lib/avr5\libc.a(atof.o)
                0x00005ee0                atof
 .text.avr-libc
                0x00005ee8       0x3c c:/program files (x86)/atmel/studio/7.0/toolchain/avr8/avr8-gnu-toolchain/bin/../lib/gcc/avr/5.4.0/../../../../avr/lib/avr5\libc.a(atoi.o)
                0x00005ee8                atoi
 .text.avr-libc
                0x00005f24       0x12 c:/program files (x86)/atmel/studio/7.0/toolchain/avr8/avr8-gnu-toolchain/bin/../lib/gcc/avr/5.4.0/../../../../avr/lib/avr5\libc.a(strcmp_P.o)
                0x00005f24                strcmp_P
 .text.avr-libc
                0x00005f36       0x12 c:/program files (x86)/atmel/studio/7.0/toolchain/avr8/avr8-gnu-toolchain/bin/../lib/gcc/avr/5.4.0/../../../../avr/lib/avr5\libc.a(strlen_P.o)
                0x00005f36                __strlen_P
 .text.avr-libc
                0x00005f48       0x34 c:/program files (x86)/atmel/studio/7.0/toolchain/avr8/avr8-gnu-toolchain/bin/../lib/gcc/avr/5.4.0/../../../../avr/lib/avr5\libc.a(strstr_P.o)
                0x00005f48                strstr_P
 .text.avr-libc
                0x00005f7c        0xa c:/program files (x86)/atmel/studio/7.0/toolchain/avr8/avr8-gnu-toolchain/bin/../lib/gcc/avr/5.4.0/../../../../avr/lib/avr5\libc.a(strtok.o)
                0x00005f7c                strtok
 .text.avr-libc
                0x00005f86        0xe c:/program files (x86)/atmel/studio/7.0/toolchain/avr8/avr8-gnu-toolchain/bin/../lib/gcc/avr/5.4.0/../../../../avr/lib/avr5\libc.a(memset.o)
                0x00005f86                memset
 .text.avr-libc
                0x00005f94       0x16 c:/program files (x86)/atmel/studio/7.0/toolchain/avr8/avr8-gnu-toolchain/bin/../lib/gcc/avr/5.4.0/../../../../avr/lib/avr5\libc.a(strchr.o)
                0x00005f94                strchr
 .text.avr-libc
                0x00005faa       0x12 c:/program files (x86)/atmel/studio/7.0/toolchain/avr8/avr8-gnu-toolchain/bin/../lib/gcc/avr/5.4.0/../../../../avr/lib/avr5\libc.a(strcmp.o)
                0x00005faa                strcmp
 .text.avr-libc
                0x00005fbc       0x12 c:/program files (x86)/atmel/studio/7.0/toolchain/avr8/avr8-gnu-toolchain/bin/../lib/gcc/avr/5.4.0/../../../../avr/lib/avr5\libc.a(strlen.o)
                0x00005fbc                strlen
 .text.avr-libc
                0x00005fce       0x1e c:/program files (x86)/atmel/studio/7.0/toolchain/avr8/avr8-gnu-toolchain/bin/../lib/gcc/avr/5.4.0/../../../../avr/lib/avr5\libc.a(strncpy.o)
                0x00005fce                strncpy
 .text.avr-libc
                0x00005fec       0x34 c:/program files (x86)/atmel/studio/7.0/toolchain/avr8/avr8-gnu-toolchain/bin/../lib/gcc/avr/5.4.0/../../../../avr/lib/avr5\libc.a(strstr.o)
                0x00005fec                strstr
 .text.avr-libc
                0x00006020       0x4e c:/program files (x86)/atmel/studio/7.0/toolchain/avr8/avr8-gnu-toolchain/bin/../lib/gcc/avr/5.4.0/../../../../avr/lib/avr5\libc.a(strtok_r.o)
                0x00006020                strtok_r
 .text.avr-libc
                0x0000606e       0x10 c:/program files (x86)/atmel/studio/7.0/toolchain/avr8/avr8-gnu-toolchain/bin/../lib/gcc/avr/5.4.0/../../../../avr/lib/avr5\libc.a(mul10.o)
                0x0000606e                __mulhi_const_10
 .text.avr-libc
                0x0000607e      0x29c c:/program files (x86)/atmel/studio/7.0/toolchain/avr8/avr8-gnu-toolchain/bin/../lib/gcc/avr/5.4.0/../../../../avr/lib/avr5\libc.a(strtod.o)
                0x0000607e                strtod
 .text.avr-libc
                0x0000631a       0x12 c:/program files (x86)/atmel/studio/7.0/toolchain/avr8/avr8-gnu-toolchain/bin/../lib/gcc/avr/5.4.0/../../../../avr/lib/avr5\libc.a(isspace.o)
                0x0000631a                isspace
 .text.avr-libc
                0x0000632c       0x30 c:/program files (x86)/atmel/studio/7.0/toolchain/avr8/avr8-gnu-toolchain/bin/../lib/gcc/avr/5.4.0/../../../../avr/lib/avr5\libc.a(strncasecmp_P.o)
                0x0000632c                strncasecmp_P
 .text.avr-libc
                0x0000635c        0x6 c:/program files (x86)/atmel/studio/7.0/toolchain/avr8/avr8-gnu-toolchain/bin/../lib/gcc/avr/5.4.0/../../../../avr/lib/avr5\libc.a(cty_isfalse.o)
                0x0000635c                __ctype_isfalse
                0x00006360                __ctype_istrue
 .text.libgcc.mul
                0x00006362       0x16 c:/program files (x86)/atmel/studio/7.0/toolchain/avr8/avr8-gnu-toolchain/bin/../lib/gcc/avr/5.4.0/avr5\libgcc.a(_muluhisi3.o)
                0x00006362                __muluhisi3
 .text.libgcc.prologue
                0x00006378       0x38 c:/program files (x86)/atmel/studio/7.0/toolchain/avr8/avr8-gnu-toolchain/bin/../lib/gcc/avr/5.4.0/avr5\libgcc.a(_prologue.o)
                0x00006378                __prologue_saves__
 .text.libgcc.prologue
                0x000063b0       0x36 c:/program files (x86)/atmel/studio/7.0/toolchain/avr8/avr8-gnu-toolchain/bin/../lib/gcc/avr/5.4.0/avr5\libgcc.a(_epilogue.o)
                0x000063b0                __epilogue_restores__
 .text.libgcc.mul
                0x000063e6       0x1e c:/program files (x86)/atmel/studio/7.0/toolchain/avr8/avr8-gnu-toolchain/bin/../lib/gcc/avr/5.4.0/avr5\libgcc.a(_umulhisi3.o)
                0x000063e6                __umulhisi3
                0x00006404                . = ALIGN (0x2)
 *(.fini9)
 .fini9         0x00006404        0x0 c:/program files (x86)/atmel/studio/7.0/toolchain/avr8/avr8-gnu-toolchain/bin/../lib/gcc/avr/5.4.0/avr5\libgcc.a(_exit.o)
                0x00006404                _exit
                0x00006404                exit
 *(.fini9)
 *(.fini8)
 *(.fini8)
 *(.fini7)
 *(.fini7)
 *(.fini6)
 .fini6         0x00006404       0x16 c:/program files (x86)/atmel/studio/7.0/toolchain/avr8/avr8-gnu-toolchain/bin/../lib/gcc/avr/5.4.0/avr5\libgcc.a(_dtors.o)
                0x00006404                __do_global_dtors
 *(.fini6)
 *(.fini5)
 *(.fini5)
 *(.fini4)
 *(.fini4)
 *(.fini3)
 *(.fini3)
 *(.fini2)
 *(.fini2)
 *(.fini1)
 *(.fini1)
 *(.fini0)
 .fini0         0x0000641a        0x4 c:/program files (x86)/atmel/studio/7.0/toolchain/avr8/avr8-gnu-toolchain/bin/../lib/gcc/avr/5.4.0/avr5\libgcc.a(_exit.o)
 *(.fini0)
                0x0000641e                _etext = .

.data           0x00800100      0x1a2 load address 0x0000641e
                0x00800100                PROVIDE (__data_start, .)
 *(.data)
 .data          0x00800100        0x2 RmMemManager.o
                0x00800100                _ledBottomState
                0x00800101                _ledTopState
 .data          0x00800102        0x6 c:/program files (x86)/atmel/studio/7.0/toolchain/avr8/avr8-gnu-toolchain/bin/../lib/gcc/avr/5.4.0/../../../../avr/lib/avr5\libc.a(malloc.o)
                0x00800102                __malloc_heap_end
                0x00800104                __malloc_heap_start
                0x00800106                __malloc_margin
 *(.data*)
 .data.analog_reference
                0x00800108        0x1 C:\Users\Saba Baig\Documents\Atmel Studio\7.0\RM\RM\ArduinoCore\Debug\libArduinoCore.a(wiring_analog.o)
                0x00800108                analog_reference
 *(.gnu.linkonce.d*)
 *(.rodata)
 .rodata        0x00800109       0x1d GpsManager.o
 .rodata        0x00800126       0x46 GsmManager.o
 .rodata        0x0080016c       0x21 Main_SignalLogging.o
 .rodata        0x0080018d       0x10 RmMemManager.o
 .rodata        0x0080019d       0x4a C:\Users\Saba Baig\Documents\Atmel Studio\7.0\RM\RM\ArduinoCore\Debug\libArduinoCore.a(Adafruit_FONA.o)
 *(.rodata*)
 .rodata._ZTV7TwoWire
                0x008001e7       0x10 src/libraries/Wire/src/Wire.o
                0x008001e7                _ZTV7TwoWire
 .rodata._ZTV6Stream
                0x008001f7       0x10 src/libraries/Wire/src/Wire.o
                0x008001f7                _ZTV6Stream
 .rodata._ZTV14HardwareSerial
                0x00800207       0x10 C:\Users\Saba Baig\Documents\Atmel Studio\7.0\RM\RM\ArduinoCore\Debug\libArduinoCore.a(HardwareSerial.o)
                0x00800207                _ZTV14HardwareSerial
 .rodata.str1.1
                0x00800217       0x11 C:\Users\Saba Baig\Documents\Atmel Studio\7.0\RM\RM\ArduinoCore\Debug\libArduinoCore.a(Print.o)
 .rodata._ZTV5Print
                0x00800228        0x8 C:\Users\Saba Baig\Documents\Atmel Studio\7.0\RM\RM\ArduinoCore\Debug\libArduinoCore.a(Print.o)
                0x00800228                _ZTV5Print
 .rodata.str1.1
                0x00800230       0x51 C:\Users\Saba Baig\Documents\Atmel Studio\7.0\RM\RM\ArduinoCore\Debug\libArduinoCore.a(Adafruit_FONA.o)
                                 0x56 (size before relaxing)
 .rodata._ZTV13Adafruit_FONA
                0x00800281       0x10 C:\Users\Saba Baig\Documents\Atmel Studio\7.0\RM\RM\ArduinoCore\Debug\libArduinoCore.a(Adafruit_FONA.o)
                0x00800281                _ZTV13Adafruit_FONA
 .rodata._ZTV14SoftwareSerial
                0x00800291       0x10 C:\Users\Saba Baig\Documents\Atmel Studio\7.0\RM\RM\ArduinoCore\Debug\libArduinoCore.a(SoftwareSerial.o)
                0x00800291                _ZTV14SoftwareSerial
 *(.gnu.linkonce.r*)
                0x008002a2                . = ALIGN (0x2)
 *fill*         0x008002a1        0x1 
                0x008002a2                _edata = .
                0x008002a2                PROVIDE (__data_end, .)

.bss            0x008002a2      0x517
                0x008002a2                PROVIDE (__bss_start, .)
 *(.bss)
 .bss           0x008002a2      0x35b Main_SignalLogging.o
                0x008002a2                fona
                0x008003bc                mem
                0x008003bd                gps
                0x008004d8                gsm
                0x008005f9                sensorMgr
                0x008005fa                _behaviour
                0x008005fb                _timerCounter
 .bss           0x008005fd        0x5 RmMemManager.o
                0x008005fd                _ledBottomPinRed
                0x008005fe                _ledBottomPinGreen
                0x008005ff                _ledTopPinRed
                0x00800600                _ledTopPinGreen
                0x00800601                _flashCallCount
 .bss           0x00800602        0x1 SensorManager.o
                0x00800602                __mockDataCounter
 .bss           0x00800603       0x6e src/libraries/Wire/src/utility/twi.o
 .bss           0x00800671       0x56 src/libraries/Wire/src/Wire.o
                0x00800671                _ZN7TwoWire8rxBufferE
                0x00800691                _ZN7TwoWire13rxBufferIndexE
                0x00800692                _ZN7TwoWire14rxBufferLengthE
                0x00800693                _ZN7TwoWire9txAddressE
                0x00800694                _ZN7TwoWire8txBufferE
                0x008006b4                _ZN7TwoWire13txBufferIndexE
                0x008006b5                _ZN7TwoWire14txBufferLengthE
                0x008006b6                _ZN7TwoWire12transmittingE
                0x008006b7                _ZN7TwoWire14user_onRequestE
                0x008006b9                _ZN7TwoWire14user_onReceiveE
                0x008006bb                Wire
 .bss           0x008006c7        0x2 c:/program files (x86)/atmel/studio/7.0/toolchain/avr8/avr8-gnu-toolchain/bin/../lib/gcc/avr/5.4.0/../../../../avr/lib/avr5\libc.a(strtok.o)
 *(.bss*)
 .bss.Serial    0x008006c9       0x9d C:\Users\Saba Baig\Documents\Atmel Studio\7.0\RM\RM\ArduinoCore\Debug\libArduinoCore.a(HardwareSerial0.o)
                0x008006c9                Serial
 .bss.timer0_fract
                0x00800766        0x1 C:\Users\Saba Baig\Documents\Atmel Studio\7.0\RM\RM\ArduinoCore\Debug\libArduinoCore.a(wiring.o)
 .bss.timer0_millis
                0x00800767        0x4 C:\Users\Saba Baig\Documents\Atmel Studio\7.0\RM\RM\ArduinoCore\Debug\libArduinoCore.a(wiring.o)
                0x00800767                timer0_millis
 .bss.timer0_overflow_count
                0x0080076b        0x4 C:\Users\Saba Baig\Documents\Atmel Studio\7.0\RM\RM\ArduinoCore\Debug\libArduinoCore.a(wiring.o)
                0x0080076b                timer0_overflow_count
 .bss._ZN14SoftwareSerial20_receive_buffer_headE
                0x0080076f        0x1 C:\Users\Saba Baig\Documents\Atmel Studio\7.0\RM\RM\ArduinoCore\Debug\libArduinoCore.a(SoftwareSerial.o)
                0x0080076f                _ZN14SoftwareSerial20_receive_buffer_headE
 .bss._ZN14SoftwareSerial20_receive_buffer_tailE
                0x00800770        0x1 C:\Users\Saba Baig\Documents\Atmel Studio\7.0\RM\RM\ArduinoCore\Debug\libArduinoCore.a(SoftwareSerial.o)
                0x00800770                _ZN14SoftwareSerial20_receive_buffer_tailE
 .bss._ZN14SoftwareSerial15_receive_bufferE
                0x00800771       0x40 C:\Users\Saba Baig\Documents\Atmel Studio\7.0\RM\RM\ArduinoCore\Debug\libArduinoCore.a(SoftwareSerial.o)
                0x00800771                _ZN14SoftwareSerial15_receive_bufferE
 .bss._ZN14SoftwareSerial13active_objectE
                0x008007b1        0x2 C:\Users\Saba Baig\Documents\Atmel Studio\7.0\RM\RM\ArduinoCore\Debug\libArduinoCore.a(SoftwareSerial.o)
                0x008007b1                _ZN14SoftwareSerial13active_objectE
 *(COMMON)
 COMMON         0x008007b3        0x4 c:/program files (x86)/atmel/studio/7.0/toolchain/avr8/avr8-gnu-toolchain/bin/../lib/gcc/avr/5.4.0/../../../../avr/lib/avr5\libc.a(malloc.o)
                0x008007b3                __brkval
                0x008007b5                __flp
 COMMON         0x008007b7        0x2 c:/program files (x86)/atmel/studio/7.0/toolchain/avr8/avr8-gnu-toolchain/bin/../lib/gcc/avr/5.4.0/../../../../avr/lib/avr5\libc.a(errno.o)
                0x008007b7                errno
                0x008007b9                PROVIDE (__bss_end, .)
                0x0000641e                __data_load_start = LOADADDR (.data)
                0x000065c0                __data_load_end = (__data_load_start + SIZEOF (.data))

.noinit         0x008007b9        0x0
                [!provide]                PROVIDE (__noinit_start, .)
 *(.noinit*)
                [!provide]                PROVIDE (__noinit_end, .)
                0x008007b9                _end = .
                0x008007b9                PROVIDE (__heap_start, .)

.eeprom         0x00810000        0x0
 *(.eeprom*)
                0x00810000                __eeprom_end = .

.fuse
 *(.fuse)
 *(.lfuse)
 *(.hfuse)
 *(.efuse)

.lock
 *(.lock*)

.signature
 *(.signature*)

.user_signatures
 *(.user_signatures*)

.stab
 *(.stab)

.stabstr
 *(.stabstr)

.stab.excl
 *(.stab.excl)

.stab.exclstr
 *(.stab.exclstr)

.stab.index
 *(.stab.index)

.stab.indexstr
 *(.stab.indexstr)

.comment        0x00000000       0x5c
 *(.comment)
 .comment       0x00000000       0x30 GpsManager.o
                                 0x31 (size before relaxing)
 .comment       0x00000030       0x31 GsmManager.o
 .comment       0x00000030       0x31 Helpers.o
 .comment       0x00000030       0x31 Main_SignalLogging.o
 .comment       0x00000030       0x31 RmMemManager.o
 .comment       0x00000030       0x31 SensorManager.o
 .comment       0x00000030       0x31 src/libraries/Wire/src/utility/twi.o
 .comment       0x00000030       0x31 src/libraries/Wire/src/Wire.o
 .comment       0x00000030       0x31 C:\Users\Saba Baig\Documents\Atmel Studio\7.0\RM\RM\ArduinoCore\Debug\libArduinoCore.a(abi.o)
 .comment       0x00000030       0x31 C:\Users\Saba Baig\Documents\Atmel Studio\7.0\RM\RM\ArduinoCore\Debug\libArduinoCore.a(HardwareSerial.o)
 .comment       0x00000030       0x31 C:\Users\Saba Baig\Documents\Atmel Studio\7.0\RM\RM\ArduinoCore\Debug\libArduinoCore.a(HardwareSerial0.o)
 .comment       0x00000030       0x31 C:\Users\Saba Baig\Documents\Atmel Studio\7.0\RM\RM\ArduinoCore\Debug\libArduinoCore.a(main.o)
 .comment       0x00000030       0x31 C:\Users\Saba Baig\Documents\Atmel Studio\7.0\RM\RM\ArduinoCore\Debug\libArduinoCore.a(new.o)
 .comment       0x00000030       0x31 C:\Users\Saba Baig\Documents\Atmel Studio\7.0\RM\RM\ArduinoCore\Debug\libArduinoCore.a(Print.o)
 .comment       0x00000030       0x31 C:\Users\Saba Baig\Documents\Atmel Studio\7.0\RM\RM\ArduinoCore\Debug\libArduinoCore.a(wiring.o)
 .comment       0x00000030       0x31 C:\Users\Saba Baig\Documents\Atmel Studio\7.0\RM\RM\ArduinoCore\Debug\libArduinoCore.a(wiring_analog.o)
 .comment       0x00000030       0x31 C:\Users\Saba Baig\Documents\Atmel Studio\7.0\RM\RM\ArduinoCore\Debug\libArduinoCore.a(wiring_digital.o)
 .comment       0x00000030       0x31 C:\Users\Saba Baig\Documents\Atmel Studio\7.0\RM\RM\ArduinoCore\Debug\libArduinoCore.a(Adafruit_FONA.o)
 .comment       0x00000030       0x31 C:\Users\Saba Baig\Documents\Atmel Studio\7.0\RM\RM\ArduinoCore\Debug\libArduinoCore.a(SoftwareSerial.o)
 .comment       0x00000030       0x31 C:\Users\Saba Baig\Documents\Atmel Studio\7.0\RM\RM\ArduinoCore\Debug\libArduinoCore.a(hooks.o)
 .comment       0x00000030       0x31 c:/program files (x86)/atmel/studio/7.0/toolchain/avr8/avr8-gnu-toolchain/bin/../lib/gcc/avr/5.4.0/../../../../avr/lib/avr5\libc.a(malloc.o)
 .comment       0x00000030       0x31 c:/program files (x86)/atmel/studio/7.0/toolchain/avr8/avr8-gnu-toolchain/bin/../lib/gcc/avr/5.4.0/../../../../avr/lib/avr5\libc.a(strtok.o)
 .comment       0x00000030       0x31 c:/program files (x86)/atmel/studio/7.0/toolchain/avr8/avr8-gnu-toolchain/bin/../lib/gcc/avr/5.4.0/../../../../avr/lib/avr5\libc.a(strtod.o)
 .comment       0x00000030       0x2c c:/program files (x86)/atmel/studio/7.0/toolchain/avr8/avr8-gnu-toolchain/bin/../lib/gcc/avr/5.4.0/../../../../avr/lib/avr5\libc.a(errno.o)
                                 0x2d (size before relaxing)

.note.gnu.avr.deviceinfo
                0x00000000       0x40
 .note.gnu.avr.deviceinfo
                0x00000000       0x40 C:/Program Files (x86)/Atmel/Studio/7.0/Packs/atmel/ATmega_DFP/1.2.132/gcc/dev/atmega328p/avr5/crtatmega328p.o

.note.gnu.build-id
 *(.note.gnu.build-id)

.debug
 *(.debug)

.line
 *(.line)

.debug_srcinfo
 *(.debug_srcinfo)

.debug_sfnames
 *(.debug_sfnames)

.debug_aranges  0x00000000      0x760
 *(.debug_aranges)
 .debug_aranges
                0x00000000       0x38 GpsManager.o
 .debug_aranges
                0x00000038       0x38 GsmManager.o
 .debug_aranges
                0x00000070       0x20 Helpers.o
 .debug_aranges
                0x00000090       0x30 Main_SignalLogging.o
 .debug_aranges
                0x000000c0       0x28 RmMemManager.o
 .debug_aranges
                0x000000e8       0x20 SensorManager.o
 .debug_aranges
                0x00000108       0x20 src/libraries/Wire/src/utility/twi.o
 .debug_aranges
                0x00000128       0x38 src/libraries/Wire/src/Wire.o
 .debug_aranges
                0x00000160       0x20 C:\Users\Saba Baig\Documents\Atmel Studio\7.0\RM\RM\ArduinoCore\Debug\libArduinoCore.a(abi.o)
 .debug_aranges
                0x00000180       0x68 C:\Users\Saba Baig\Documents\Atmel Studio\7.0\RM\RM\ArduinoCore\Debug\libArduinoCore.a(HardwareSerial.o)
 .debug_aranges
                0x000001e8       0x38 C:\Users\Saba Baig\Documents\Atmel Studio\7.0\RM\RM\ArduinoCore\Debug\libArduinoCore.a(HardwareSerial0.o)
 .debug_aranges
                0x00000220       0x30 C:\Users\Saba Baig\Documents\Atmel Studio\7.0\RM\RM\ArduinoCore\Debug\libArduinoCore.a(main.o)
 .debug_aranges
                0x00000250       0x28 C:\Users\Saba Baig\Documents\Atmel Studio\7.0\RM\RM\ArduinoCore\Debug\libArduinoCore.a(new.o)
 .debug_aranges
                0x00000278       0xf0 C:\Users\Saba Baig\Documents\Atmel Studio\7.0\RM\RM\ArduinoCore\Debug\libArduinoCore.a(Print.o)
 .debug_aranges
                0x00000368       0x48 C:\Users\Saba Baig\Documents\Atmel Studio\7.0\RM\RM\ArduinoCore\Debug\libArduinoCore.a(wiring.o)
 .debug_aranges
                0x000003b0       0x30 C:\Users\Saba Baig\Documents\Atmel Studio\7.0\RM\RM\ArduinoCore\Debug\libArduinoCore.a(wiring_analog.o)
 .debug_aranges
                0x000003e0       0x38 C:\Users\Saba Baig\Documents\Atmel Studio\7.0\RM\RM\ArduinoCore\Debug\libArduinoCore.a(wiring_digital.o)
 .debug_aranges
                0x00000418      0x290 C:\Users\Saba Baig\Documents\Atmel Studio\7.0\RM\RM\ArduinoCore\Debug\libArduinoCore.a(Adafruit_FONA.o)
 .debug_aranges
                0x000006a8       0x98 C:\Users\Saba Baig\Documents\Atmel Studio\7.0\RM\RM\ArduinoCore\Debug\libArduinoCore.a(SoftwareSerial.o)
 .debug_aranges
                0x00000740       0x20 C:\Users\Saba Baig\Documents\Atmel Studio\7.0\RM\RM\ArduinoCore\Debug\libArduinoCore.a(hooks.o)

.debug_pubnames
 *(.debug_pubnames)

.debug_info     0x00000000    0x1ab4f
 *(.debug_info .gnu.linkonce.wi.*)
 .debug_info    0x00000000      0x5f4 C:/Program Files (x86)/Atmel/Studio/7.0/Packs/atmel/ATmega_DFP/1.2.132/gcc/dev/atmega328p/avr5/crtatmega328p.o
 .debug_info    0x000005f4     0x1c02 GpsManager.o
 .debug_info    0x000021f6     0x1fdf GsmManager.o
 .debug_info    0x000041d5      0x44c Helpers.o
 .debug_info    0x00004621      0xf88 Main_SignalLogging.o
 .debug_info    0x000055a9     0x1371 RmMemManager.o
 .debug_info    0x0000691a      0x5b5 SensorManager.o
 .debug_info    0x00006ecf      0x51d src/libraries/Wire/src/utility/twi.o
 .debug_info    0x000073ec     0x2383 src/libraries/Wire/src/Wire.o
 .debug_info    0x0000976f       0x76 C:\Users\Saba Baig\Documents\Atmel Studio\7.0\RM\RM\ArduinoCore\Debug\libArduinoCore.a(abi.o)
 .debug_info    0x000097e5     0x1e25 C:\Users\Saba Baig\Documents\Atmel Studio\7.0\RM\RM\ArduinoCore\Debug\libArduinoCore.a(HardwareSerial.o)
 .debug_info    0x0000b60a     0x1a19 C:\Users\Saba Baig\Documents\Atmel Studio\7.0\RM\RM\ArduinoCore\Debug\libArduinoCore.a(HardwareSerial0.o)
 .debug_info    0x0000d023      0x237 C:\Users\Saba Baig\Documents\Atmel Studio\7.0\RM\RM\ArduinoCore\Debug\libArduinoCore.a(main.o)
 .debug_info    0x0000d25a      0x11c C:\Users\Saba Baig\Documents\Atmel Studio\7.0\RM\RM\ArduinoCore\Debug\libArduinoCore.a(new.o)
 .debug_info    0x0000d376     0x2824 C:\Users\Saba Baig\Documents\Atmel Studio\7.0\RM\RM\ArduinoCore\Debug\libArduinoCore.a(Print.o)
 .debug_info    0x0000fb9a      0x2cb C:\Users\Saba Baig\Documents\Atmel Studio\7.0\RM\RM\ArduinoCore\Debug\libArduinoCore.a(wiring.o)
 .debug_info    0x0000fe65      0x26d C:\Users\Saba Baig\Documents\Atmel Studio\7.0\RM\RM\ArduinoCore\Debug\libArduinoCore.a(wiring_analog.o)
 .debug_info    0x000100d2      0x5fe C:\Users\Saba Baig\Documents\Atmel Studio\7.0\RM\RM\ArduinoCore\Debug\libArduinoCore.a(wiring_digital.o)
 .debug_info    0x000106d0     0x7c4c C:\Users\Saba Baig\Documents\Atmel Studio\7.0\RM\RM\ArduinoCore\Debug\libArduinoCore.a(Adafruit_FONA.o)
 .debug_info    0x0001831c     0x27f5 C:\Users\Saba Baig\Documents\Atmel Studio\7.0\RM\RM\ArduinoCore\Debug\libArduinoCore.a(SoftwareSerial.o)
 .debug_info    0x0001ab11       0x3e C:\Users\Saba Baig\Documents\Atmel Studio\7.0\RM\RM\ArduinoCore\Debug\libArduinoCore.a(hooks.o)

.debug_abbrev   0x00000000     0x3cb0
 *(.debug_abbrev)
 .debug_abbrev  0x00000000      0x5a2 C:/Program Files (x86)/Atmel/Studio/7.0/Packs/atmel/ATmega_DFP/1.2.132/gcc/dev/atmega328p/avr5/crtatmega328p.o
 .debug_abbrev  0x000005a2      0x39e GpsManager.o
 .debug_abbrev  0x00000940      0x3d0 GsmManager.o
 .debug_abbrev  0x00000d10      0x17b Helpers.o
 .debug_abbrev  0x00000e8b      0x343 Main_SignalLogging.o
 .debug_abbrev  0x000011ce      0x316 RmMemManager.o
 .debug_abbrev  0x000014e4      0x246 SensorManager.o
 .debug_abbrev  0x0000172a      0x188 src/libraries/Wire/src/utility/twi.o
 .debug_abbrev  0x000018b2      0x491 src/libraries/Wire/src/Wire.o
 .debug_abbrev  0x00001d43       0x6d C:\Users\Saba Baig\Documents\Atmel Studio\7.0\RM\RM\ArduinoCore\Debug\libArduinoCore.a(abi.o)
 .debug_abbrev  0x00001db0      0x432 C:\Users\Saba Baig\Documents\Atmel Studio\7.0\RM\RM\ArduinoCore\Debug\libArduinoCore.a(HardwareSerial.o)
 .debug_abbrev  0x000021e2      0x3a2 C:\Users\Saba Baig\Documents\Atmel Studio\7.0\RM\RM\ArduinoCore\Debug\libArduinoCore.a(HardwareSerial0.o)
 .debug_abbrev  0x00002584      0x12d C:\Users\Saba Baig\Documents\Atmel Studio\7.0\RM\RM\ArduinoCore\Debug\libArduinoCore.a(main.o)
 .debug_abbrev  0x000026b1       0xce C:\Users\Saba Baig\Documents\Atmel Studio\7.0\RM\RM\ArduinoCore\Debug\libArduinoCore.a(new.o)
 .debug_abbrev  0x0000277f      0x469 C:\Users\Saba Baig\Documents\Atmel Studio\7.0\RM\RM\ArduinoCore\Debug\libArduinoCore.a(Print.o)
 .debug_abbrev  0x00002be8      0x146 C:\Users\Saba Baig\Documents\Atmel Studio\7.0\RM\RM\ArduinoCore\Debug\libArduinoCore.a(wiring.o)
 .debug_abbrev  0x00002d2e      0x16b C:\Users\Saba Baig\Documents\Atmel Studio\7.0\RM\RM\ArduinoCore\Debug\libArduinoCore.a(wiring_analog.o)
 .debug_abbrev  0x00002e99      0x15b C:\Users\Saba Baig\Documents\Atmel Studio\7.0\RM\RM\ArduinoCore\Debug\libArduinoCore.a(wiring_digital.o)
 .debug_abbrev  0x00002ff4      0x685 C:\Users\Saba Baig\Documents\Atmel Studio\7.0\RM\RM\ArduinoCore\Debug\libArduinoCore.a(Adafruit_FONA.o)
 .debug_abbrev  0x00003679      0x60d C:\Users\Saba Baig\Documents\Atmel Studio\7.0\RM\RM\ArduinoCore\Debug\libArduinoCore.a(SoftwareSerial.o)
 .debug_abbrev  0x00003c86       0x2a C:\Users\Saba Baig\Documents\Atmel Studio\7.0\RM\RM\ArduinoCore\Debug\libArduinoCore.a(hooks.o)

.debug_line     0x00000000     0x72c2
 *(.debug_line .debug_line.* .debug_line_end)
 .debug_line    0x00000000      0x133 C:/Program Files (x86)/Atmel/Studio/7.0/Packs/atmel/ATmega_DFP/1.2.132/gcc/dev/atmega328p/avr5/crtatmega328p.o
 .debug_line    0x00000133      0x6fb GpsManager.o
 .debug_line    0x0000082e      0x867 GsmManager.o
 .debug_line    0x00001095      0x463 Helpers.o
 .debug_line    0x000014f8      0x821 Main_SignalLogging.o
 .debug_line    0x00001d19      0x912 RmMemManager.o
 .debug_line    0x0000262b      0x51e SensorManager.o
 .debug_line    0x00002b49      0x8f4 src/libraries/Wire/src/utility/twi.o
 .debug_line    0x0000343d      0x707 src/libraries/Wire/src/Wire.o
 .debug_line    0x00003b44       0xa9 C:\Users\Saba Baig\Documents\Atmel Studio\7.0\RM\RM\ArduinoCore\Debug\libArduinoCore.a(abi.o)
 .debug_line    0x00003bed      0x426 C:\Users\Saba Baig\Documents\Atmel Studio\7.0\RM\RM\ArduinoCore\Debug\libArduinoCore.a(HardwareSerial.o)
 .debug_line    0x00004013      0x257 C:\Users\Saba Baig\Documents\Atmel Studio\7.0\RM\RM\ArduinoCore\Debug\libArduinoCore.a(HardwareSerial0.o)
 .debug_line    0x0000426a      0x165 C:\Users\Saba Baig\Documents\Atmel Studio\7.0\RM\RM\ArduinoCore\Debug\libArduinoCore.a(main.o)
 .debug_line    0x000043cf      0x12f C:\Users\Saba Baig\Documents\Atmel Studio\7.0\RM\RM\ArduinoCore\Debug\libArduinoCore.a(new.o)
 .debug_line    0x000044fe      0x62e C:\Users\Saba Baig\Documents\Atmel Studio\7.0\RM\RM\ArduinoCore\Debug\libArduinoCore.a(Print.o)