Archive member included to satisfy reference by file (symbol)

c:/program files (x86)/atmel/studio/7.0/toolchain/avr8/avr8-gnu-toolchain/bin/../lib/gcc/avr/5.4.0/../../../../avr/lib/avr5\libm.a(fixsfsi.o)
                              RmMemManager.o (__fixsfsi)
c:/program files (x86)/atmel/studio/7.0/toolchain/avr8/avr8-gnu-toolchain/bin/../lib/gcc/avr/5.4.0/../../../../avr/lib/avr5\libm.a(fixunssfsi.o)
                              c:/program files (x86)/atmel/studio/7.0/toolchain/avr8/avr8-gnu-toolchain/bin/../lib/gcc/avr/5.4.0/../../../../avr/lib/avr5\libm.a(fixsfsi.o) (__fixunssfsi)
c:/program files (x86)/atmel/studio/7.0/toolchain/avr8/avr8-gnu-toolchain/bin/../lib/gcc/avr/5.4.0/../../../../avr/lib/avr5\libm.a(floatsisf.o)
                              RmMemManager.o (__floatsisf)
c:/program files (x86)/atmel/studio/7.0/toolchain/avr8/avr8-gnu-toolchain/bin/../lib/gcc/avr/5.4.0/../../../../avr/lib/avr5\libm.a(fp_split3.o)
                              c:/program files (x86)/atmel/studio/7.0/toolchain/avr8/avr8-gnu-toolchain/bin/../lib/gcc/avr/5.4.0/../../../../avr/lib/avr5\libm.a(fixunssfsi.o) (__fp_splitA)
c:/program files (x86)/atmel/studio/7.0/toolchain/avr8/avr8-gnu-toolchain/bin/../lib/gcc/avr/5.4.0/../../../../avr/lib/avr5\libm.a(fp_zero.o)
                              c:/program files (x86)/atmel/studio/7.0/toolchain/avr8/avr8-gnu-toolchain/bin/../lib/gcc/avr/5.4.0/../../../../avr/lib/avr5\libm.a(fixunssfsi.o) (__fp_zero)
c:/program files (x86)/atmel/studio/7.0/toolchain/avr8/avr8-gnu-toolchain/bin/../lib/gcc/avr/5.4.0/../../../../avr/lib/avr5\libm.a(mulsf3.o)
                              RmMemManager.o (__mulsf3)
c:/program files (x86)/atmel/studio/7.0/toolchain/avr8/avr8-gnu-toolchain/bin/../lib/gcc/avr/5.4.0/../../../../avr/lib/avr5\libm.a(mulsf3x.o)
                              c:/program files (x86)/atmel/studio/7.0/toolchain/avr8/avr8-gnu-toolchain/bin/../lib/gcc/avr/5.4.0/../../../../avr/lib/avr5\libm.a(mulsf3.o) (__mulsf3x)
c:/program files (x86)/atmel/studio/7.0/toolchain/avr8/avr8-gnu-toolchain/bin/../lib/gcc/avr/5.4.0/../../../../avr/lib/avr5\libm.a(fp_inf.o)
                              c:/program files (x86)/atmel/studio/7.0/toolchain/avr8/avr8-gnu-toolchain/bin/../lib/gcc/avr/5.4.0/../../../../avr/lib/avr5\libm.a(mulsf3x.o) (__fp_inf)
c:/program files (x86)/atmel/studio/7.0/toolchain/avr8/avr8-gnu-toolchain/bin/../lib/gcc/avr/5.4.0/../../../../avr/lib/avr5\libm.a(fp_nan.o)
                              c:/program files (x86)/atmel/studio/7.0/toolchain/avr8/avr8-gnu-toolchain/bin/../lib/gcc/avr/5.4.0/../../../../avr/lib/avr5\libm.a(mulsf3x.o) (__fp_nan)
c:/program files (x86)/atmel/studio/7.0/toolchain/avr8/avr8-gnu-toolchain/bin/../lib/gcc/avr/5.4.0/../../../../avr/lib/avr5\libm.a(fp_pscA.o)
                              c:/program files (x86)/atmel/studio/7.0/toolchain/avr8/avr8-gnu-toolchain/bin/../lib/gcc/avr/5.4.0/../../../../avr/lib/avr5\libm.a(mulsf3x.o) (__fp_pscA)
c:/program files (x86)/atmel/studio/7.0/toolchain/avr8/avr8-gnu-toolchain/bin/../lib/gcc/avr/5.4.0/../../../../avr/lib/avr5\libm.a(fp_pscB.o)
                              c:/program files (x86)/atmel/studio/7.0/toolchain/avr8/avr8-gnu-toolchain/bin/../lib/gcc/avr/5.4.0/../../../../avr/lib/avr5\libm.a(mulsf3x.o) (__fp_pscB)
c:/program files (x86)/atmel/studio/7.0/toolchain/avr8/avr8-gnu-toolchain/bin/../lib/gcc/avr/5.4.0/../../../../avr/lib/avr5\libm.a(fp_round.o)
                              c:/program files (x86)/atmel/studio/7.0/toolchain/avr8/avr8-gnu-toolchain/bin/../lib/gcc/avr/5.4.0/../../../../avr/lib/avr5\libm.a(mulsf3.o) (__fp_round)
C:\Users\Saba Baig\Documents\Atmel Studio\7.0\RM\RM\ArduinoCore\Debug\libArduinoCore.a(abi.o)
                              src/libraries/Wire/src/Wire.o (__cxa_pure_virtual)
C:\Users\Saba Baig\Documents\Atmel Studio\7.0\RM\RM\ArduinoCore\Debug\libArduinoCore.a(HardwareSerial.o)
                              Main_SignalLogging.o (_ZN14HardwareSerial5beginEmh)
C:\Users\Saba Baig\Documents\Atmel Studio\7.0\RM\RM\ArduinoCore\Debug\libArduinoCore.a(HardwareSerial0.o)
                              Main_SignalLogging.o (Serial)
C:\Users\Saba Baig\Documents\Atmel Studio\7.0\RM\RM\ArduinoCore\Debug\libArduinoCore.a(main.o)
                              C:/Program Files (x86)/Atmel/Studio/7.0/Packs/atmel/ATmega_DFP/1.2.132/gcc/dev/atmega328p/avr5/crtatmega328p.o (main)
C:\Users\Saba Baig\Documents\Atmel Studio\7.0\RM\RM\ArduinoCore\Debug\libArduinoCore.a(new.o)
                              GsmManager.o (_Znwj)
C:\Users\Saba Baig\Documents\Atmel Studio\7.0\RM\RM\ArduinoCore\Debug\libArduinoCore.a(Print.o)
                              src/libraries/Wire/src/Wire.o (_ZN5Print5writeEPKhj)
C:\Users\Saba Baig\Documents\Atmel Studio\7.0\RM\RM\ArduinoCore\Debug\libArduinoCore.a(wiring.o)
                              Timing.o (millis)
C:\Users\Saba Baig\Documents\Atmel Studio\7.0\RM\RM\ArduinoCore\Debug\libArduinoCore.a(wiring_analog.o)
[...]
Memory Configuration

Name             Origin             Length             Attributes
text             0x00000000         0x00020000         xr
data             0x00800060         0x0000ffa0         rw !x
eeprom           0x00810000         0x00010000         rw !x
fuse             0x00820000         0x00000003         rw !x
lock             0x00830000         0x00000400         rw !x
signature        0x00840000         0x00000400         rw !x
user_signatures  0x00850000         0x00000400         rw !x
*default*        0x00000000         0xffffffff

Linker script and memory map

Address of section .data set to 0x800100
LOAD C:/Program Files (x86)/Atmel/Studio/7.0/Packs/atmel/ATmega_DFP/1.2.132/gcc/dev/atmega328p/avr5/crtatmega328p.o
LOAD GpsManager.o
LOAD GsmManager.o
LOAD Helpers.o
LOAD Main_SignalLogging.o
LOAD RmMemManager.o
LOAD src/libraries/Wire/src/utility/twi.o
LOAD src/libraries/Wire/src/Wire.o
LOAD Tester.o
LOAD Timing.o
START GROUP
LOAD c:/program files (x86)/atmel/studio/7.0/toolchain/avr8/avr8-gnu-toolchain/bin/../lib/gcc/avr/5.4.0/../../../../avr/lib/avr5\libm.a
LOAD C:\Users\Saba Baig\Documents\Atmel Studio\7.0\RM\RM\ArduinoCore\Debug\libArduinoCore.a
END GROUP
LOAD c:/program files (x86)/atmel/studio/7.0/toolchain/avr8/avr8-gnu-toolchain/bin/../lib/gcc/avr/5.4.0/avr5\libgcc.a
LOAD c:/program files (x86)/atmel/studio/7.0/toolchain/avr8/avr8-gnu-toolchain/bin/../lib/gcc/avr/5.4.0/../../../../avr/lib/avr5\libm.a
START GROUP
LOAD c:/program files (x86)/atmel/studio/7.0/toolchain/avr8/avr8-gnu-toolchain/bin/../lib/gcc/avr/5.4.0/avr5\libgcc.a
LOAD c:/program files (x86)/atmel/studio/7.0/toolchain/avr8/avr8-gnu-toolchain/bin/../lib/gcc/avr/5.4.0/../../../../avr/lib/avr5\libm.a
LOAD c:/program files (x86)/atmel/studio/7.0/toolchain/avr8/avr8-gnu-toolchain/bin/../lib/gcc/avr/5.4.0/../../../../avr/lib/avr5\libc.a
LOAD C:/Program Files (x86)/Atmel/Studio/7.0/Packs/atmel/ATmega_DFP/1.2.132/gcc/dev/atmega328p/avr5\libatmega328p.a
END GROUP
                0x00000000                __TEXT_REGION_ORIGIN__ = DEFINED (__TEXT_REGION_ORIGIN__)?__TEXT_REGION_ORIGIN__:0x0
                0x00800060                __DATA_REGION_ORIGIN__ = DEFINED (__DATA_REGION_ORIGIN__)?__DATA_REGION_ORIGIN__:0x800060
                0x00020000                __TEXT_REGION_LENGTH__ = DEFINED (__TEXT_REGION_LENGTH__)?__TEXT_REGION_LENGTH__:0x20000
                0x0000ffa0                __DATA_REGION_LENGTH__ = DEFINED (__DATA_REGION_LENGTH__)?__DATA_REGION_LENGTH__:0xffa0
                0x00010000                __EEPROM_REGION_LENGTH__ = DEFINED (__EEPROM_REGION_LENGTH__)?__EEPROM_REGION_LENGTH__:0x10000
                [0x00000003]                __FUSE_REGION_LENGTH__ = DEFINED (__FUSE_REGION_LENGTH__)?__FUSE_REGION_LENGTH__:0x400
                0x00000400                __LOCK_REGION_LENGTH__ = DEFINED (__LOCK_REGION_LENGTH__)?__LOCK_REGION_LENGTH__:0x400
                0x00000400                __SIGNATURE_REGION_LENGTH__ = DEFINED (__SIGNATURE_REGION_LENGTH__)?__SIGNATURE_REGION_LENGTH__:0x400
                0x00000400                __USER_SIGNATURE_REGION_LENGTH__ = DEFINED (__USER_SIGNATURE_REGION_LENGTH__)?__USER_SIGNATURE_REGION_LENGTH__:0x400

.hash
 *(.hash)

.dynsym
 *(.dynsym)

.dynstr
 *(.dynstr)

.gnu.version
 *(.gnu.version)

.gnu.version_d
 *(.gnu.version_d)

.gnu.version_r
 *(.gnu.version_r)

.rel.init
 *(.rel.init)

.rela.init
 *(.rela.init)

.rel.text
 *(.rel.text)
 *(.rel.text.*)
 *(.rel.gnu.linkonce.t*)

.rela.text
 *(.rela.text)
 *(.rela.text.*)
 *(.rela.gnu.linkonce.t*)

.rel.fini
 *(.rel.fini)

.rela.fini
 *(.rela.fini)

.rel.rodata
 *(.rel.rodata)
 *(.rel.rodata.*)
 *(.rel.gnu.linkonce.r*)

.rela.rodata
 *(.rela.rodata)
 *(.rela.rodata.*)
 *(.rela.gnu.linkonce.r*)

.rel.data
 *(.rel.data)
 *(.rel.data.*)
 *(.rel.gnu.linkonce.d*)

.rela.data
 *(.rela.data)
 *(.rela.data.*)
 *(.rela.gnu.linkonce.d*)

.rel.ctors
 *(.rel.ctors)

.rela.ctors
 *(.rela.ctors)

.rel.dtors
 *(.rel.dtors)

.rela.dtors
 *(.rela.dtors)

.rel.got
 *(.rel.got)

.rela.got
 *(.rela.got)

.rel.bss
 *(.rel.bss)

.rela.bss
 *(.rela.bss)

.rel.plt
 *(.rel.plt)

.rela.plt
 *(.rela.plt)

.text           0x00000000     0x6080
 *(.vectors)
 .vectors       0x00000000       0x68 C:/Program Files (x86)/Atmel/Studio/7.0/Packs/atmel/ATmega_DFP/1.2.132/gcc/dev/atmega328p/avr5/crtatmega328p.o
                0x00000000                __vector_default
                0x00000000                __vectors
 *(.vectors)
 *(.progmem.gcc*)
 .progmem.gcc_sw_table
                0x00000068      0x1f2 src/libraries/Wire/src/utility/twi.o
                0x0000025a                . = ALIGN (0x2)
                0x0000025a                __trampolines_start = .
 *(.trampolines)
 .trampolines   0x0000025a        0x0 linker stubs
 *(.trampolines*)
                0x0000025a                __trampolines_end = .
 *libprintf_flt.a:*(.progmem.data)
 *libc.a:*(.progmem.data)
 .progmem.data  0x0000025a       0x3b c:/program files (x86)/atmel/studio/7.0/toolchain/avr8/avr8-gnu-toolchain/bin/../lib/gcc/avr/5.4.0/../../../../avr/lib/avr5\libc.a(strtod.o)
 *(.progmem*)
 .progmem.data  0x00000295       0x23 GsmManager.o
 .progmem.data  0x000002b8        0xc Main_SignalLogging.o
 .progmem.data  0x000002c4       0x46 RmMemManager.o
 .progmem.data.digital_pin_to_timer_PGM
                0x0000030a       0x14 C:\Users\Saba Baig\Documents\Atmel Studio\7.0\RM\RM\ArduinoCore\Debug\libArduinoCore.a(wiring_digital.o)
                0x0000030a                digital_pin_to_timer_PGM
 .progmem.data.digital_pin_to_bit_mask_PGM
                0x0000031e       0x14 C:\Users\Saba Baig\Documents\Atmel Studio\7.0\RM\RM\ArduinoCore\Debug\libArduinoCore.a(wiring_digital.o)
                0x0000031e                digital_pin_to_bit_mask_PGM
 .progmem.data.digital_pin_to_port_PGM
                0x00000332       0x14 C:\Users\Saba Baig\Documents\Atmel Studio\7.0\RM\RM\ArduinoCore\Debug\libArduinoCore.a(wiring_digital.o)
                0x00000332                digital_pin_to_port_PGM
 .progmem.data.port_to_input_PGM
                0x00000346        0xa C:\Users\Saba Baig\Documents\Atmel Studio\7.0\RM\RM\ArduinoCore\Debug\libArduinoCore.a(wiring_digital.o)
                0x00000346                port_to_input_PGM
 .progmem.data.port_to_output_PGM
                0x00000350        0xa C:\Users\Saba Baig\Documents\Atmel Studio\7.0\RM\RM\ArduinoCore\Debug\libArduinoCore.a(wiring_digital.o)
                0x00000350                port_to_output_PGM
 .progmem.data.port_to_mode_PGM
                0x0000035a        0xa C:\Users\Saba Baig\Documents\Atmel Studio\7.0\RM\RM\ArduinoCore\Debug\libArduinoCore.a(wiring_digital.o)
                0x0000035a                port_to_mode_PGM
 .progmem.data._ZZN13Adafruit_FONA14getReplyQuotedEPK19__FlashStringHelperS2_jE3__c_0
                0x00000364        0x7 C:\Users\Saba Baig\Documents\Atmel Studio\7.0\RM\RM\ArduinoCore\Debug\libArduinoCore.a(Adafruit_FONA.o)
 .progmem.data._ZZN13Adafruit_FONA14getReplyQuotedEPK19__FlashStringHelperS2_jE3__c
                0x0000036b        0x7 C:\Users\Saba Baig\Documents\Atmel Studio\7.0\RM\RM\ArduinoCore\Debug\libArduinoCore.a(Adafruit_FONA.o)
 .progmem.data._ZZN13Adafruit_FONA8getReplyEPK19__FlashStringHelperljE3__c_0
                0x00000372        0x7 C:\Users\Saba Baig\Documents\Atmel Studio\7.0\RM\RM\ArduinoCore\Debug\libArduinoCore.a(Adafruit_FONA.o)
 .progmem.data._ZZN13Adafruit_FONA8getReplyEPK19__FlashStringHelperljE3__c
                0x00000379        0x7 C:\Users\Saba Baig\Documents\Atmel Studio\7.0\RM\RM\ArduinoCore\Debug\libArduinoCore.a(Adafruit_FONA.o)
 .progmem.data._ZZN13Adafruit_FONA8getReplyEPK19__FlashStringHelperjE3__c_0
                0x00000380        0x7 C:\Users\Saba Baig\Documents\Atmel Studio\7.0\RM\RM\ArduinoCore\Debug\libArduinoCore.a(Adafruit_FONA.o)
 .progmem.data._ZZN13Adafruit_FONA8getReplyEPK19__FlashStringHelperjE3__c
                0x00000387        0x7 C:\Users\Saba Baig\Documents\Atmel Studio\7.0\RM\RM\ArduinoCore\Debug\libArduinoCore.a(Adafruit_FONA.o)
 .progmem.data._ZZN13Adafruit_FONA8getReplyEPcjE3__c_0
                0x0000038e        0x7 C:\Users\Saba Baig\Documents\Atmel Studio\7.0\RM\RM\ArduinoCore\Debug\libArduinoCore.a(Adafruit_FONA.o)
 .progmem.data._ZZN13Adafruit_FONA8getReplyEPcjE3__c
                0x00000395        0x7 C:\Users\Saba Baig\Documents\Atmel Studio\7.0\RM\RM\ArduinoCore\Debug\libArduinoCore.a(Adafruit_FONA.o)
 .progmem.data._ZZN13Adafruit_FONA8readlineEjbE3__c_0
                0x0000039c        0x8 C:\Users\Saba Baig\Documents\Atmel Studio\7.0\RM\RM\ArduinoCore\Debug\libArduinoCore.a(Adafruit_FONA.o)
 .progmem.data._ZZN13Adafruit_FONA8readlineEjbE3__c
                0x000003a4        0x6 C:\Users\Saba Baig\Documents\Atmel Studio\7.0\RM\RM\ArduinoCore\Debug\libArduinoCore.a(Adafruit_FONA.o)
 .progmem.data._ZZN13Adafruit_FONA11expectReplyEPK19__FlashStringHelperjE3__c
                0x000003aa        0x7 C:\Users\Saba Baig\Documents\Atmel Studio\7.0\RM\RM\ArduinoCore\Debug\libArduinoCore.a(Adafruit_FONA.o)
 .progmem.data._ZZN13Adafruit_FONA10HTTP_setupEPcE3__c_2
                0x000003b1        0x6 C:\Users\Saba Baig\Documents\Atmel Studio\7.0\RM\RM\ArduinoCore\Debug\libArduinoCore.a(Adafruit_FONA.o)
 .progmem.data._ZZN13Adafruit_FONA10HTTP_setupEPcE3__c_1
                0x000003b7        0x4 C:\Users\Saba Baig\Documents\Atmel Studio\7.0\RM\RM\ArduinoCore\Debug\libArduinoCore.a(Adafruit_FONA.o)
 .progmem.data._ZZN13Adafruit_FONA10HTTP_setupEPcE3__c_0
                0x000003bb        0x3 C:\Users\Saba Baig\Documents\Atmel Studio\7.0\RM\RM\ArduinoCore\Debug\libArduinoCore.a(Adafruit_FONA.o)
 .progmem.data._ZZN13Adafruit_FONA10HTTP_setupEPcE3__c
                0x000003be        0x4 C:\Users\Saba Baig\Documents\Atmel Studio\7.0\RM\RM\ArduinoCore\Debug\libArduinoCore.a(Adafruit_FONA.o)
 .progmem.data._ZZN13Adafruit_FONA15HTTP_POST_startEPcPK19__FlashStringHelperPKhjPjS6_E3__c_1
                0x000003c2        0x6 C:\Users\Saba Baig\Documents\Atmel Studio\7.0\RM\RM\ArduinoCore\Debug\libArduinoCore.a(Adafruit_FONA.o)
 .progmem.data._ZZN13Adafruit_FONA15HTTP_POST_startEPcPK19__FlashStringHelperPKhjPjS6_E3__c_0
                0x000003c8        0x9 C:\Users\Saba Baig\Documents\Atmel Studio\7.0\RM\RM\ArduinoCore\Debug\libArduinoCore.a(Adafruit_FONA.o)
 .progmem.data._ZZN13Adafruit_FONA15HTTP_POST_startEPcPK19__FlashStringHelperPKhjPjS6_E3__c
                0x000003d1        0x8 C:\Users\Saba Baig\Documents\Atmel Studio\7.0\RM\RM\ArduinoCore\Debug\libArduinoCore.a(Adafruit_FONA.o)
 .progmem.data._ZZN13Adafruit_FONA8HTTP_sslEbE3__c
                0x000003d9        0xc C:\Users\Saba Baig\Documents\Atmel Studio\7.0\RM\RM\ArduinoCore\Debug\libArduinoCore.a(Adafruit_FONA.o)
 .progmem.data._ZZN13Adafruit_FONA12HTTP_readallEPjE3__c_0
                0x000003e5        0xb C:\Users\Saba Baig\Documents\Atmel Studio\7.0\RM\RM\ArduinoCore\Debug\libArduinoCore.a(Adafruit_FONA.o)
 .progmem.data._ZZN13Adafruit_FONA12HTTP_readallEPjE3__c
                0x000003f0        0xc C:\Users\Saba Baig\Documents\Atmel Studio\7.0\RM\RM\ArduinoCore\Debug\libArduinoCore.a(Adafruit_FONA.o)
 .progmem.data._ZZN13Adafruit_FONA11HTTP_actionEhPjS0_lE3__c_1
                0x000003fc        0xd C:\Users\Saba Baig\Documents\Atmel Studio\7.0\RM\RM\ArduinoCore\Debug\libArduinoCore.a(Adafruit_FONA.o)
 .progmem.data._ZZN13Adafruit_FONA11HTTP_actionEhPjS0_lE3__c_0
                0x00000409        0xd C:\Users\Saba Baig\Documents\Atmel Studio\7.0\RM\RM\ArduinoCore\Debug\libArduinoCore.a(Adafruit_FONA.o)
 .progmem.data._ZZN13Adafruit_FONA11HTTP_actionEhPjS0_lE3__c
                0x00000416        0xf C:\Users\Saba Baig\Documents\Atmel Studio\7.0\RM\RM\ArduinoCore\Debug\libArduinoCore.a(Adafruit_FONA.o)
 .progmem.data._ZZN13Adafruit_FONA9HTTP_dataEmmE3__c_2
                0x00000425        0x9 C:\Users\Saba Baig\Documents\Atmel Studio\7.0\RM\RM\ArduinoCore\Debug\libArduinoCore.a(Adafruit_FONA.o)
 .progmem.data._ZZN13Adafruit_FONA9HTTP_dataEmmE3__c_1
                0x0000042e        0xd C:\Users\Saba Baig\Documents\Atmel Studio\7.0\RM\RM\ArduinoCore\Debug\libArduinoCore.a(Adafruit_FONA.o)
 .progmem.data._ZZN13Adafruit_FONA9HTTP_dataEmmE3__c_0
                0x0000043b        0xd C:\Users\Saba Baig\Documents\Atmel Studio\7.0\RM\RM\ArduinoCore\Debug\libArduinoCore.a(Adafruit_FONA.o)
 .progmem.data._ZZN13Adafruit_FONA9HTTP_dataEmmE3__c
                0x00000448        0x7 C:\Users\Saba Baig\Documents\Atmel Studio\7.0\RM\RM\ArduinoCore\Debug\libArduinoCore.a(Adafruit_FONA.o)
 .progmem.data._ZZN13Adafruit_FONA15HTTP_para_startEPK19__FlashStringHelperbE3__c_3
                0x0000044f        0x3 C:\Users\Saba Baig\Documents\Atmel Studio\7.0\RM\RM\ArduinoCore\Debug\libArduinoCore.a(Adafruit_FONA.o)
 .progmem.data._ZZN13Adafruit_FONA15HTTP_para_startEPK19__FlashStringHelperbE3__c_2
                0x00000452        0x4 C:\Users\Saba Baig\Documents\Atmel Studio\7.0\RM\RM\ArduinoCore\Debug\libArduinoCore.a(Adafruit_FONA.o)
 .progmem.data._ZZN13Adafruit_FONA15HTTP_para_startEPK19__FlashStringHelperbE3__c_1
                0x00000456        0xe C:\Users\Saba Baig\Documents\Atmel Studio\7.0\RM\RM\ArduinoCore\Debug\libArduinoCore.a(Adafruit_FONA.o)
 .progmem.data._ZZN13Adafruit_FONA15HTTP_para_startEPK19__FlashStringHelperbE3__c_0
                0x00000464        0xe C:\Users\Saba Baig\Documents\Atmel Studio\7.0\RM\RM\ArduinoCore\Debug\libArduinoCore.a(Adafruit_FONA.o)
 .progmem.data._ZZN13Adafruit_FONA15HTTP_para_startEPK19__FlashStringHelperbE3__c
                0x00000472        0x7 C:\Users\Saba Baig\Documents\Atmel Studio\7.0\RM\RM\ArduinoCore\Debug\libArduinoCore.a(Adafruit_FONA.o)
 .progmem.data._ZZN13Adafruit_FONA9HTTP_termEvE3__c
                0x00000479        0xc C:\Users\Saba Baig\Documents\Atmel Studio\7.0\RM\RM\ArduinoCore\Debug\libArduinoCore.a(Adafruit_FONA.o)
 .progmem.data._ZZN13Adafruit_FONA9HTTP_initEvE3__c
                0x00000485        0xc C:\Users\Saba Baig\Documents\Atmel Studio\7.0\RM\RM\ArduinoCore\Debug\libArduinoCore.a(Adafruit_FONA.o)
 .progmem.data._ZZN13Adafruit_FONA10enableGPRSEbE3__c_14
                0x00000491        0xb C:\Users\Saba Baig\Documents\Atmel Studio\7.0\RM\RM\ArduinoCore\Debug\libArduinoCore.a(Adafruit_FONA.o)
 .progmem.data._ZZN13Adafruit_FONA10enableGPRSEbE3__c_13
                0x0000049c        0xd C:\Users\Saba Baig\Documents\Atmel Studio\7.0\RM\RM\ArduinoCore\Debug\libArduinoCore.a(Adafruit_FONA.o)
 .progmem.data._ZZN13Adafruit_FONA10enableGPRSEbE3__c_11
                0x000004a9        0xb C:\Users\Saba Baig\Documents\Atmel Studio\7.0\RM\RM\ArduinoCore\Debug\libArduinoCore.a(Adafruit_FONA.o)
 .progmem.data._ZZN13Adafruit_FONA10enableGPRSEbE3__c_12
                0x000004b4        0x8 C:\Users\Saba Baig\Documents\Atmel Studio\7.0\RM\RM\ArduinoCore\Debug\libArduinoCore.a(Adafruit_FONA.o)
 .progmem.data._ZZN13Adafruit_FONA10enableGPRSEbE3__c_10
                0x000004bc        0x9 C:\Users\Saba Baig\Documents\Atmel Studio\7.0\RM\RM\ArduinoCore\Debug\libArduinoCore.a(Adafruit_FONA.o)
 .progmem.data._ZZN13Adafruit_FONA10enableGPRSEbE3__c_9
                0x000004c5        0xd C:\Users\Saba Baig\Documents\Atmel Studio\7.0\RM\RM\ArduinoCore\Debug\libArduinoCore.a(Adafruit_FONA.o)
 .progmem.data._ZZN13Adafruit_FONA10enableGPRSEbE3__c_8
                0x000004d2       0x14 C:\Users\Saba Baig\Documents\Atmel Studio\7.0\RM\RM\ArduinoCore\Debug\libArduinoCore.a(Adafruit_FONA.o)
 .progmem.data._ZZN13Adafruit_FONA10enableGPRSEbE3__c_7
                0x000004e6       0x15 C:\Users\Saba Baig\Documents\Atmel Studio\7.0\RM\RM\ArduinoCore\Debug\libArduinoCore.a(Adafruit_FONA.o)
 .progmem.data._ZZN13Adafruit_FONA10enableGPRSEbE3__c_6
                0x000004fb        0xa C:\Users\Saba Baig\Documents\Atmel Studio\7.0\RM\RM\ArduinoCore\Debug\libArduinoCore.a(Adafruit_FONA.o)
 .progmem.data._ZZN13Adafruit_FONA10enableGPRSEbE3__c_5
                0x00000505        0x7 C:\Users\Saba Baig\Documents\Atmel Studio\7.0\RM\RM\ArduinoCore\Debug\libArduinoCore.a(Adafruit_FONA.o)
 .progmem.data._ZZN13Adafruit_FONA10enableGPRSEbE3__c_4
                0x0000050c        0xa C:\Users\Saba Baig\Documents\Atmel Studio\7.0\RM\RM\ArduinoCore\Debug\libArduinoCore.a(Adafruit_FONA.o)
 .progmem.data._ZZN13Adafruit_FONA10enableGPRSEbE3__c_3
                0x00000516       0x14 C:\Users\Saba Baig\Documents\Atmel Studio\7.0\RM\RM\ArduinoCore\Debug\libArduinoCore.a(Adafruit_FONA.o)
 .progmem.data._ZZN13Adafruit_FONA10enableGPRSEbE3__c_2
                0x0000052a       0x1e C:\Users\Saba Baig\Documents\Atmel Studio\7.0\RM\RM\ArduinoCore\Debug\libArduinoCore.a(Adafruit_FONA.o)
 .progmem.data._ZZN13Adafruit_FONA10enableGPRSEbE3__c_1
                0x00000548        0xb C:\Users\Saba Baig\Documents\Atmel Studio\7.0\RM\RM\ArduinoCore\Debug\libArduinoCore.a(Adafruit_FONA.o)
 .progmem.data._ZZN13Adafruit_FONA10enableGPRSEbE3__c
                0x00000553        0xb C:\Users\Saba Baig\Documents\Atmel Studio\7.0\RM\RM\ArduinoCore\Debug\libArduinoCore.a(Adafruit_FONA.o)
 .progmem.data._ZZN13Adafruit_FONA10enableGPRSEbE3__c_0
                0x0000055e        0x8 C:\Users\Saba Baig\Documents\Atmel Studio\7.0\RM\RM\ArduinoCore\Debug\libArduinoCore.a(Adafruit_FONA.o)
 .progmem.data._ZZN13Adafruit_FONA6getGPSEhPchE3__c_0
                0x00000566        0x5 C:\Users\Saba Baig\Documents\Atmel Studio\7.0\RM\RM\ArduinoCore\Debug\libArduinoCore.a(Adafruit_FONA.o)
 .progmem.data._ZZN13Adafruit_FONA6getGPSEhPchE3__c
                0x0000056b        0xb C:\Users\Saba Baig\Documents\Atmel Studio\7.0\RM\RM\ArduinoCore\Debug\libArduinoCore.a(Adafruit_FONA.o)
 .progmem.data._ZZN13Adafruit_FONA9GPSstatusEvE3__c_0
                0x00000576        0xb C:\Users\Saba Baig\Documents\Atmel Studio\7.0\RM\RM\ArduinoCore\Debug\libArduinoCore.a(Adafruit_FONA.o)
 .progmem.data._ZZN13Adafruit_FONA9GPSstatusEvE3__c
                0x00000581        0xb C:\Users\Saba Baig\Documents\Atmel Studio\7.0\RM\RM\ArduinoCore\Debug\libArduinoCore.a(Adafruit_FONA.o)
 .progmem.data._ZZN13Adafruit_FONA7sendSMSEPcS0_E3__c_1
                0x0000058c        0x3 C:\Users\Saba Baig\Documents\Atmel Studio\7.0\RM\RM\ArduinoCore\Debug\libArduinoCore.a(Adafruit_FONA.o)
 .progmem.data._ZZN13Adafruit_FONA7sendSMSEPcS0_E3__c_0
                0x0000058f        0x3 C:\Users\Saba Baig\Documents\Atmel Studio\7.0\RM\RM\ArduinoCore\Debug\libArduinoCore.a(Adafruit_FONA.o)
 .progmem.data._ZZN13Adafruit_FONA7sendSMSEPcS0_E3__c
                0x00000592        0xa C:\Users\Saba Baig\Documents\Atmel Studio\7.0\RM\RM\ArduinoCore\Debug\libArduinoCore.a(Adafruit_FONA.o)
 .progmem.data._ZZN13Adafruit_FONA7getRSSIEvE3__c
                0x0000059c        0x7 C:\Users\Saba Baig\Documents\Atmel Studio\7.0\RM\RM\ArduinoCore\Debug\libArduinoCore.a(Adafruit_FONA.o)
 .progmem.data._ZZN13Adafruit_FONA7getRSSIEvE3__c_0
                0x000005a3        0x7 C:\Users\Saba Baig\Documents\Atmel Studio\7.0\RM\RM\ArduinoCore\Debug\libArduinoCore.a(Adafruit_FONA.o)
 .progmem.data._ZZN13Adafruit_FONA16getNetworkStatusEvE3__c
                0x000005aa        0x9 C:\Users\Saba Baig\Documents\Atmel Studio\7.0\RM\RM\ArduinoCore\Debug\libArduinoCore.a(Adafruit_FONA.o)
 .progmem.data._ZZN13Adafruit_FONA16getNetworkStatusEvE3__c_0
                0x000005b3        0x8 C:\Users\Saba Baig\Documents\Atmel Studio\7.0\RM\RM\ArduinoCore\Debug\libArduinoCore.a(Adafruit_FONA.o)
 .progmem.data._ZZN13Adafruit_FONA14getBattPercentEPjE3__c
                0x000005bb        0x7 C:\Users\Saba Baig\Documents\Atmel Studio\7.0\RM\RM\ArduinoCore\Debug\libArduinoCore.a(Adafruit_FONA.o)
 .progmem.data._ZZN13Adafruit_FONA14getBattPercentEPjE3__c_0
                0x000005c2        0x7 C:\Users\Saba Baig\Documents\Atmel Studio\7.0\RM\RM\ArduinoCore\Debug\libArduinoCore.a(Adafruit_FONA.o)
 .progmem.data._ZZN13Adafruit_FONA5beginER6StreamE3__c_20
                0x000005c9        0x8 C:\Users\Saba Baig\Documents\Atmel Studio\7.0\RM\RM\ArduinoCore\Debug\libArduinoCore.a(Adafruit_FONA.o)
 .progmem.data._ZZN13Adafruit_FONA5beginER6StreamE3__c_19
                0x000005d1        0x7 C:\Users\Saba Baig\Documents\Atmel Studio\7.0\RM\RM\ArduinoCore\Debug\libArduinoCore.a(Adafruit_FONA.o)
 .progmem.data._ZZN13Adafruit_FONA5beginER6StreamE3__c_18
                0x000005d8        0x7 C:\Users\Saba Baig\Documents\Atmel Studio\7.0\RM\RM\ArduinoCore\Debug\libArduinoCore.a(Adafruit_FONA.o)
 .progmem.data._ZZN13Adafruit_FONA5beginER6StreamE3__c_17
                0x000005df       0x10 C:\Users\Saba Baig\Documents\Atmel Studio\7.0\RM\RM\ArduinoCore\Debug\libArduinoCore.a(Adafruit_FONA.o)
 .progmem.data._ZZN13Adafruit_FONA5beginER6StreamE3__c_16
                0x000005ef       0x10 C:\Users\Saba Baig\Documents\Atmel Studio\7.0\RM\RM\ArduinoCore\Debug\libArduinoCore.a(Adafruit_FONA.o)
 .progmem.data._ZZN13Adafruit_FONA5beginER6StreamE3__c_15
                0x000005ff        0xb C:\Users\Saba Baig\Documents\Atmel Studio\7.0\RM\RM\ArduinoCore\Debug\libArduinoCore.a(Adafruit_FONA.o)
 .progmem.data._ZZN13Adafruit_FONA5beginER6StreamE3__c_14
                0x0000060a        0xb C:\Users\Saba Baig\Documents\Atmel Studio\7.0\RM\RM\ArduinoCore\Debug\libArduinoCore.a(Adafruit_FONA.o)
 .progmem.data._ZZN13Adafruit_FONA5beginER6StreamE3__c_13
                0x00000615        0xb C:\Users\Saba Baig\Documents\Atmel Studio\7.0\RM\RM\ArduinoCore\Debug\libArduinoCore.a(Adafruit_FONA.o)
 .progmem.data._ZZN13Adafruit_FONA5beginER6StreamE3__c_12
                0x00000620        0x7 C:\Users\Saba Baig\Documents\Atmel Studio\7.0\RM\RM\ArduinoCore\Debug\libArduinoCore.a(Adafruit_FONA.o)
 .progmem.data._ZZN13Adafruit_FONA5beginER6StreamE3__c_11
                0x00000627        0x7 C:\Users\Saba Baig\Documents\Atmel Studio\7.0\RM\RM\ArduinoCore\Debug\libArduinoCore.a(Adafruit_FONA.o)
 .progmem.data._ZZN13Adafruit_FONA5beginER6StreamE3__c_10
                0x0000062e        0xa C:\Users\Saba Baig\Documents\Atmel Studio\7.0\RM\RM\ArduinoCore\Debug\libArduinoCore.a(Adafruit_FONA.o)
 .progmem.data._ZZN13Adafruit_FONA5beginER6StreamE3__c_9
                0x00000638        0x5 C:\Users\Saba Baig\Documents\Atmel Studio\7.0\RM\RM\ArduinoCore\Debug\libArduinoCore.a(Adafruit_FONA.o)
 .progmem.data._ZZN13Adafruit_FONA5beginER6StreamE3__c_8
                0x0000063d        0x5 C:\Users\Saba Baig\Documents\Atmel Studio\7.0\RM\RM\ArduinoCore\Debug\libArduinoCore.a(Adafruit_FONA.o)
 .progmem.data._ZZN13Adafruit_FONA5beginER6StreamE3__c_7
                0x00000642        0x3 C:\Users\Saba Baig\Documents\Atmel Studio\7.0\RM\RM\ArduinoCore\Debug\libArduinoCore.a(Adafruit_FONA.o)
 .progmem.data._ZZN13Adafruit_FONA5beginER6StreamE3__c_6
                0x00000645        0x3 C:\Users\Saba Baig\Documents\Atmel Studio\7.0\RM\RM\ArduinoCore\Debug\libArduinoCore.a(Adafruit_FONA.o)
 .progmem.data._ZZN13Adafruit_FONA5beginER6StreamE3__c_5
                0x00000648        0x3 C:\Users\Saba Baig\Documents\Atmel Studio\7.0\RM\RM\ArduinoCore\Debug\libArduinoCore.a(Adafruit_FONA.o)
 .progmem.data._ZZN13Adafruit_FONA5beginER6StreamE3__c_4
                0x0000064b       0x32 C:\Users\Saba Baig\Documents\Atmel Studio\7.0\RM\RM\ArduinoCore\Debug\libArduinoCore.a(Adafruit_FONA.o)
 .progmem.data._ZZN13Adafruit_FONA5beginER6StreamE3__c_2
                0x0000067d        0x3 C:\Users\Saba Baig\Documents\Atmel Studio\7.0\RM\RM\ArduinoCore\Debug\libArduinoCore.a(Adafruit_FONA.o)
 .progmem.data._ZZN13Adafruit_FONA5beginER6StreamE3__c_3
                0x00000680        0x3 C:\Users\Saba Baig\Documents\Atmel Studio\7.0\RM\RM\ArduinoCore\Debug\libArduinoCore.a(Adafruit_FONA.o)
 .progmem.data._ZZN13Adafruit_FONA5beginER6StreamE3__c_1
                0x00000683        0x3 C:\Users\Saba Baig\Documents\Atmel Studio\7.0\RM\RM\ArduinoCore\Debug\libArduinoCore.a(Adafruit_FONA.o)
 .progmem.data._ZZN13Adafruit_FONA5beginER6StreamE3__c_0
                0x00000686       0x15 C:\Users\Saba Baig\Documents\Atmel Studio\7.0\RM\RM\ArduinoCore\Debug\libArduinoCore.a(Adafruit_FONA.o)
 .progmem.data._ZZN13Adafruit_FONA5beginER6StreamE3__c
                0x0000069b       0x21 C:\Users\Saba Baig\Documents\Atmel Studio\7.0\RM\RM\ArduinoCore\Debug\libArduinoCore.a(Adafruit_FONA.o)
 .progmem.data._ZZN13Adafruit_FONAC4EaE3__c_1
                0x000006bc        0x3 C:\Users\Saba Baig\Documents\Atmel Studio\7.0\RM\RM\ArduinoCore\Debug\libArduinoCore.a(Adafruit_FONA.o)
 .progmem.data._ZZN13Adafruit_FONAC4EaE3__c_0
                0x000006bf        0x5 C:\Users\Saba Baig\Documents\Atmel Studio\7.0\RM\RM\ArduinoCore\Debug\libArduinoCore.a(Adafruit_FONA.o)
 .progmem.data._ZZN13Adafruit_FONAC4EaE3__c
                0x000006c4        0x8 C:\Users\Saba Baig\Documents\Atmel Studio\7.0\RM\RM\ArduinoCore\Debug\libArduinoCore.a(Adafruit_FONA.o)
                0x000006cc                . = ALIGN (0x2)
 *(.jumptables)
 *(.jumptables*)
 *(.lowtext)
 *(.lowtext*)
                0x000006cc                __ctors_start = .
 *(.ctors)
 .ctors         0x000006cc        0x2 Main_SignalLogging.o
 .ctors         0x000006ce        0x2 src/libraries/Wire/src/Wire.o
 .ctors         0x000006d0        0x2 C:\Users\Saba Baig\Documents\Atmel Studio\7.0\RM\RM\ArduinoCore\Debug\libArduinoCore.a(HardwareSerial0.o)
                0x000006d2                __ctors_end = .
                0x000006d2                __dtors_start = .
 *(.dtors)
 .dtors         0x000006d2        0x2 Main_SignalLogging.o
                0x000006d4                __dtors_end = .
 SORT(*)(.ctors)
 SORT(*)(.dtors)
 *(.init0)
 .init0         0x000006d4        0x0 C:/Program Files (x86)/Atmel/Studio/7.0/Packs/atmel/ATmega_DFP/1.2.132/gcc/dev/atmega328p/avr5/crtatmega328p.o
                0x000006d4                __init
 *(.init0)
 *(.init1)
 *(.init1)
 *(.init2)
 .init2         0x000006d4        0xc C:/Program Files (x86)/Atmel/Studio/7.0/Packs/atmel/ATmega_DFP/1.2.132/gcc/dev/atmega328p/avr5/crtatmega328p.o
 *(.init2)
 *(.init3)
 *(.init3)
 *(.init4)
 .init4         0x000006e0       0x16 c:/program files (x86)/atmel/studio/7.0/toolchain/avr8/avr8-gnu-toolchain/bin/../lib/gcc/avr/5.4.0/avr5\libgcc.a(_copy_data.o)
                0x000006e0                __do_copy_data
 .init4         0x000006f6       0x10 c:/program files (x86)/atmel/studio/7.0/toolchain/avr8/avr8-gnu-toolchain/bin/../lib/gcc/avr/5.4.0/avr5\libgcc.a(_clear_bss.o)
                0x000006f6                __do_clear_bss
 *(.init4)
 *(.init5)
 *(.init5)
 *(.init6)
 .init6         0x00000706       0x16 c:/program files (x86)/atmel/studio/7.0/toolchain/avr8/avr8-gnu-toolchain/bin/../lib/gcc/avr/5.4.0/avr5\libgcc.a(_ctors.o)
                0x00000706                __do_global_ctors
 *(.init6)
 *(.init7)
 *(.init7)
 *(.init8)
 *(.init8)
 *(.init9)
 .init9         0x0000071c        0x8 C:/Program Files (x86)/Atmel/Studio/7.0/Packs/atmel/ATmega_DFP/1.2.132/gcc/dev/atmega328p/avr5/crtatmega328p.o
 *(.init9)
 *(.text)
 .text          0x00000724        0x4 C:/Program Files (x86)/Atmel/Studio/7.0/Packs/atmel/ATmega_DFP/1.2.132/gcc/dev/atmega328p/avr5/crtatmega328p.o
                0x00000724                __vector_22
                0x00000724                __vector_12
                0x00000724                __bad_interrupt
                0x00000724                __vector_6
                0x00000724                __vector_23
                0x00000724                __vector_25
                0x00000724                __vector_11
                0x00000724                __vector_13
                0x00000724                __vector_17
                0x00000724                __vector_7
                0x00000724                __vector_9
                0x00000724                __vector_21
                0x00000724                __vector_15
                0x00000724                __vector_8
                0x00000724                __vector_14
                0x00000724                __vector_10
                0x00000724                __vector_20
 .text          0x00000728      0x244 GpsManager.o
                0x00000728                _ZN10GpsManagerC2Eh
                0x00000728                _ZN10GpsManagerC1Eh
                0x00000760                _ZN10GpsManagerD1Ev
                0x00000760                _ZN10GpsManagerD2Ev
                0x0000077a                _ZN10GpsManager7setFonaER13Adafruit_FONA
                0x000007ac                _ZN10GpsManager9toggleGpsEb
                0x000007ec                _ZN10GpsManager9gpsStatusEv
                0x00000806                _ZN10GpsManager10getGpsInfoER7GpsInfo
 .text          0x0000096c      0x4a6 GsmManager.o
                0x0000096c                _ZN10GsmManagerC1Eh
                0x0000096c                _ZN10GsmManagerC2Eh
                0x000009a2                _ZN10GsmManagerD1Ev
                0x000009a2                _ZN10GsmManagerD2Ev
                0x000009bc                _ZN10GsmManager7setFonaER13Adafruit_FONA
                0x000009f0                _ZN10GsmManager5resetEv
                0x00000a1e                _ZN10GsmManager5beginEv
                0x00000ab0                _ZN10GsmManager14getBattPercentEPj
                0x00000b08                _ZN10GsmManager10sendViaSmsEPKc
                0x00000b9a                _ZN10GsmManager10getGsmInfoER7GsmInfo
                0x00000be2                _ZN10GsmManager16getNetworkStatusEv
                0x00000c1c                _ZN10GsmManager7getRSSIEv
                0x00000c56                _ZN10GsmManager10enableGPRSEb
                0x00000c80                _ZN10GsmManager11sendViaGprsEPKc
 .text          0x00000e12      0x246 Main_SignalLogging.o
                0x00000e12                setup
                0x00000e92                _Z14initSubsystemsv
                0x00000ed8                _Z10initModuleh
                0x00000f1e                _Z17on3MinutesElapsedb
                0x00000f34                loop
 .text          0x00001058      0xd5c RmMemManager.o
                0x00001058                _ZN12RmMemManagerC1Eb
                0x00001058                _ZN12RmMemManagerC2Eb
                0x0000109a                _Z13internalWriteiPhh
                0x0000114e                _Z12internalReadiPhh
                0x00001222                _ZN12RmMemManager18getUCharFromMemoryEj
                0x0000125e                _ZN12RmMemManager19getUShortFromMemoryEj
                0x0000129e                _ZN12RmMemManager17getUIntFromMemoryEj
                0x000012ec                _ZN12RmMemManager18getULongFromMemoryEj
                0x0000137e                _ZN12RmMemManager16setUCharToMemoryEjh
                0x000013ba                _ZN12RmMemManager17setUShortToMemoryEjj
                0x000013fa                _ZN12RmMemManager15setUIntToMemoryEjm
                0x00001444                _ZN12RmMemManager16setULongToMemoryEjy
                0x000014a6                _ZN12RmMemManager16initialiseModuleEh
                0x00001516                _ZN12RmMemManager18incrementBootCountEv
                0x00001572                _ZN12RmMemManager12verifyEepRomEv
                0x00001824                _ZN12RmMemManager9printDataEv
                0x000018e4                _ZN12RmMemManager14loadSensorDataEP10SensorDatajPm
                0x00001926                _ZN12RmMemManager12markDataSentEy
                0x0000196a                _ZN12RmMemManager16appendDailyEntryEP14DailyCycleData
                0x0000198e                _Z27internalWriteEntryAtAddressP10SensorDatam
                0x000019bc                _ZN12RmMemManager22replaceLastSensorEntryEP10SensorData
                0x000019e0                _ZN12RmMemManager17appendSensorEntryEP10SensorData
                0x00001a04                _ZN12RmMemManager5resetEv
                0x00001a3a                _Z13internalFlashRbS_9LED_STATEb
                0x00001b08                _ZN12RmMemManager8flashLEDEv
                0x00001bba                _ZN12RmMemManager9toggleLEDE7LED_SEL9LED_STATE
                0x00001bf8                _ZN12RmMemManager16takeSampleAnalogEi
                0x00001cb2                _ZN12RmMemManager7readVccEv
 .text          0x00001db4      0x762 src/libraries/Wire/src/utility/twi.o
                0x00001db4                twi_init
                0x00001e1a                twi_disable
                0x00001e4c                twi_setAddress
                0x00001e6e                twi_setFrequency
                0x00001ecc                twi_readFrom
                0x00001fd6                twi_writeTo
                0x00002102                twi_transmit
                0x00002194                twi_attachSlaveRxEvent
                0x000021ba                twi_attachSlaveTxEvent
                0x000021e0                twi_reply
                0x00002212                twi_stop
                0x00002248                twi_releaseBus
                0x00002266                __vector_24
 .text          0x00002516      0x760 src/libraries/Wire/src/Wire.o
                0x00002516                _ZN7TwoWireC2Ev
                0x00002516                _ZN7TwoWireC1Ev
                0x00002546                _ZN7TwoWire5beginEv
                0x00002584                _ZN7TwoWire5beginEh
                0x000025b2                _ZN7TwoWire5beginEi
                0x000025e2                _ZN7TwoWire3endEv
                0x00002600                _ZN7TwoWire8setClockEm
                0x0000263e                _ZN7TwoWire11requestFromEhhmhh
                0x0000272e                _ZN7TwoWire11requestFromEhhh
                0x0000277c                _ZN7TwoWire11requestFromEhh
                0x000027ac                _ZN7TwoWire11requestFromEii
                0x000027e8                _ZN7TwoWire11requestFromEiii
                0x0000282e                _ZN7TwoWire17beginTransmissionEh
                0x00002862                _ZN7TwoWire17beginTransmissionEi
                0x00002892                _ZN7TwoWire15endTransmissionEh
                0x000028dc                _ZN7TwoWire15endTransmissionEv
                0x000028fe                _ZN7TwoWire5writeEh
                0x00002972                _ZN7TwoWire5writeEPKhj
                0x00002a04                _ZN7TwoWire9availableEv
                0x00002a34                _ZN7TwoWire4readEv
                0x00002a8c                _ZN7TwoWire4peekEv
                0x00002ada                _ZN7TwoWire5flushEv
                0x00002af4                _ZN7TwoWire16onReceiveServiceEPhi
                0x00002b8e                _ZN7TwoWire16onRequestServiceEv
                0x00002bc0                _ZN7TwoWire9onReceiveEPFviE
                0x00002bf0                _ZN7TwoWire9onRequestEPFvvE
                0x00002c76                . = ALIGN (0x2)
 *(.text.*)
 .text._ZN5PrintaSERKS_
                0x00002c76       0x3a GpsManager.o
                0x00002c76                _ZN5PrintaSERKS_
 .text._ZN6StreamaSERKS_
                0x00002cb0       0x6c GpsManager.o
                0x00002cb0                _ZN6StreamaSERKS_
 .text._ZN13Adafruit_FONAaSERKS_
                0x00002d1c      0x146 GpsManager.o
                0x00002d1c                _ZN13Adafruit_FONAaSERKS_
 .text._ZN14HardwareSerial5beginEm
                0x00002e62       0x46 Main_SignalLogging.o
                0x00002e62                _ZN14HardwareSerial5beginEm
 .text._ZN7TwoWire5writeEi
                0x00002ea8       0x3e RmMemManager.o
                0x00002ea8                _ZN7TwoWire5writeEi
 .text._ZN5Print13setWriteErrorEi
                0x00002ee6       0x32 src/libraries/Wire/src/Wire.o
                0x00002ee6                _ZN5Print13setWriteErrorEi
 .text._ZN5PrintC2Ev
                0x00002f18       0x32 src/libraries/Wire/src/Wire.o
                0x00002f18                _ZN5PrintC2Ev
                0x00002f18                _ZN5PrintC1Ev
 .text._ZN6StreamC2Ev
                0x00002f4a       0x46 src/libraries/Wire/src/Wire.o
                0x00002f4a                _ZN6StreamC1Ev
                0x00002f4a                _ZN6StreamC2Ev
 .text.avr-libc.fplib
                0x00002f90        0xe c:/program files (x86)/atmel/studio/7.0/toolchain/avr8/avr8-gnu-toolchain/bin/../lib/gcc/avr/5.4.0/../../../../avr/lib/avr5\libm.a(fixsfsi.o)
                0x00002f90                __fixsfsi
 .text.avr-libc.fplib
                0x00002f9e       0x5e c:/program files (x86)/atmel/studio/7.0/toolchain/avr8/avr8-gnu-toolchain/bin/../lib/gcc/avr/5.4.0/../../../../avr/lib/avr5\libm.a(fixunssfsi.o)
                0x00002f9e                __fixunssfsi
 .text.avr-libc.fplib
                0x00002ffc       0x7a c:/program files (x86)/atmel/studio/7.0/toolchain/avr8/avr8-gnu-toolchain/bin/../lib/gcc/avr/5.4.0/../../../../avr/lib/avr5\libm.a(floatsisf.o)
                0x00002ffc                __floatunsisf
                0x00003000                __floatsisf
 .text.avr-libc.fplib
                0x00003076       0x44 c:/program files (x86)/atmel/studio/7.0/toolchain/avr8/avr8-gnu-toolchain/bin/../lib/gcc/avr/5.4.0/../../../../avr/lib/avr5\libm.a(fp_split3.o)
                0x00003076                __fp_split3
                0x00003086                __fp_splitA
 .text.avr-libc.fplib
                0x000030ba        0xe c:/program files (x86)/atmel/studio/7.0/toolchain/avr8/avr8-gnu-toolchain/bin/../lib/gcc/avr/5.4.0/../../../../avr/lib/avr5\libm.a(fp_zero.o)
                0x000030ba                __fp_zero
                0x000030bc                __fp_szero
 .text.avr-libc.fplib
                0x000030c8        0x8 c:/program files (x86)/atmel/studio/7.0/toolchain/avr8/avr8-gnu-toolchain/bin/../lib/gcc/avr/5.4.0/../../../../avr/lib/avr5\libm.a(mulsf3.o)
                0x000030c8                __mulsf3
 .text.avr-libc.fplib
                0x000030d0       0xd2 c:/program files (x86)/atmel/studio/7.0/toolchain/avr8/avr8-gnu-toolchain/bin/../lib/gcc/avr/5.4.0/../../../../avr/lib/avr5\libm.a(mulsf3x.o)
                0x000030ee                __mulsf3x
                0x000030f4                __mulsf3_pse
 .text.avr-libc.fplib
                0x000031a2        0xc c:/program files (x86)/atmel/studio/7.0/toolchain/avr8/avr8-gnu-toolchain/bin/../lib/gcc/avr/5.4.0/../../../../avr/lib/avr5\libm.a(fp_inf.o)
                0x000031a2                __fp_inf
 .text.avr-libc.fplib
                0x000031ae        0x6 c:/program files (x86)/atmel/studio/7.0/toolchain/avr8/avr8-gnu-toolchain/bin/../lib/gcc/avr/5.4.0/../../../../avr/lib/avr5\libm.a(fp_nan.o)
                0x000031ae                __fp_nan
 .text.avr-libc.fplib
                0x000031b4        0xe c:/program files (x86)/atmel/studio/7.0/toolchain/avr8/avr8-gnu-toolchain/bin/../lib/gcc/avr/5.4.0/../../../../avr/lib/avr5\libm.a(fp_pscA.o)
                0x000031b4                __fp_pscA
 .text.avr-libc.fplib
                0x000031c2        0xe c:/program files (x86)/atmel/studio/7.0/toolchain/avr8/avr8-gnu-toolchain/bin/../lib/gcc/avr/5.4.0/../../../../avr/lib/avr5\libm.a(fp_pscB.o)
                0x000031c2                __fp_pscB
 .text.avr-libc.fplib
                0x000031d0       0x22 c:/program files (x86)/atmel/studio/7.0/toolchain/avr8/avr8-gnu-toolchain/bin/../lib/gcc/avr/5.4.0/../../../../avr/lib/avr5\libm.a(fp_round.o)
                0x000031d0                __fp_round
 .text.__cxa_pure_virtual
                0x000031f2        0x4 C:\Users\Saba Baig\Documents\Atmel Studio\7.0\RM\RM\ArduinoCore\Debug\libArduinoCore.a(abi.o)
                0x000031f2                __cxa_pure_virtual
 .text._ZN14HardwareSerial9availableEv
                0x000031f6       0x18 C:\Users\Saba Baig\Documents\Atmel Studio\7.0\RM\RM\ArduinoCore\Debug\libArduinoCore.a(HardwareSerial.o)
                0x000031f6                _ZN14HardwareSerial9availableEv
 .text._ZN14HardwareSerial4peekEv
                0x0000320e       0x1c C:\Users\Saba Baig\Documents\Atmel Studio\7.0\RM\RM\ArduinoCore\Debug\libArduinoCore.a(HardwareSerial.o)
                0x0000320e                _ZN14HardwareSerial4peekEv
 .text._ZN14HardwareSerial4readEv
                0x0000322a       0x28 C:\Users\Saba Baig\Documents\Atmel Studio\7.0\RM\RM\ArduinoCore\Debug\libArduinoCore.a(HardwareSerial.o)
                0x0000322a                _ZN14HardwareSerial4readEv
 .text._Z14serialEventRunv
                0x00003252       0x1c C:\Users\Saba Baig\Documents\Atmel Studio\7.0\RM\RM\ArduinoCore\Debug\libArduinoCore.a(HardwareSerial.o)
                0x00003252                _Z14serialEventRunv
 .text._ZN14HardwareSerial17_tx_udr_empty_irqEv
                0x0000326e       0x42 C:\Users\Saba Baig\Documents\Atmel Studio\7.0\RM\RM\ArduinoCore\Debug\libArduinoCore.a(HardwareSerial.o)
                0x0000326e                _ZN14HardwareSerial17_tx_udr_empty_irqEv
 .text._ZN14HardwareSerial5writeEh
                0x000032b0       0x8e C:\Users\Saba Baig\Documents\Atmel Studio\7.0\RM\RM\ArduinoCore\Debug\libArduinoCore.a(HardwareSerial.o)
                0x000032b0                _ZN14HardwareSerial5writeEh
 .text._ZN14HardwareSerial5flushEv
                0x0000333e       0x44 C:\Users\Saba Baig\Documents\Atmel Studio\7.0\RM\RM\ArduinoCore\Debug\libArduinoCore.a(HardwareSerial.o)
                0x0000333e                _ZN14HardwareSerial5flushEv
 .text._ZN14HardwareSerial5beginEmh
                0x00003382       0xca C:\Users\Saba Baig\Documents\Atmel Studio\7.0\RM\RM\ArduinoCore\Debug\libArduinoCore.a(HardwareSerial.o)
                0x00003382                _ZN14HardwareSerial5beginEmh
 .text.__vector_18
                0x0000344c       0x64 C:\Users\Saba Baig\Documents\Atmel Studio\7.0\RM\RM\ArduinoCore\Debug\libArduinoCore.a(HardwareSerial0.o)
                0x0000344c                __vector_18
 .text.__vector_19
                0x000034b0       0x4c C:\Users\Saba Baig\Documents\Atmel Studio\7.0\RM\RM\ArduinoCore\Debug\libArduinoCore.a(HardwareSerial0.o)
                0x000034b0                __vector_19
 .text._Z17Serial0_availablev
                0x000034fc       0x14 C:\Users\Saba Baig\Documents\Atmel Studio\7.0\RM\RM\ArduinoCore\Debug\libArduinoCore.a(HardwareSerial0.o)
                0x000034fc                _Z17Serial0_availablev
 .text.startup._GLOBAL__sub_I___vector_18
                0x00003510       0x5a C:\Users\Saba Baig\Documents\Atmel Studio\7.0\RM\RM\ArduinoCore\Debug\libArduinoCore.a(HardwareSerial0.o)
 .text.initVariant
                0x0000356a        0x2 C:\Users\Saba Baig\Documents\Atmel Studio\7.0\RM\RM\ArduinoCore\Debug\libArduinoCore.a(main.o)
                0x0000356a                initVariant
 .text.startup.main
                0x0000356c       0x1e C:\Users\Saba Baig\Documents\Atmel Studio\7.0\RM\RM\ArduinoCore\Debug\libArduinoCore.a(main.o)
                0x0000356c                main
 .text._Znwj    0x0000358a        0x4 C:\Users\Saba Baig\Documents\Atmel Studio\7.0\RM\RM\ArduinoCore\Debug\libArduinoCore.a(new.o)
                0x0000358a                _Znwj
 .text._ZN5Print5writeEPKhj
                0x0000358e       0x54 C:\Users\Saba Baig\Documents\Atmel Studio\7.0\RM\RM\ArduinoCore\Debug\libArduinoCore.a(Print.o)
                0x0000358e                _ZN5Print5writeEPKhj
 .text._ZN5Print5writeEPKc
                0x000035e2       0x2a C:\Users\Saba Baig\Documents\Atmel Studio\7.0\RM\RM\ArduinoCore\Debug\libArduinoCore.a(Print.o)
                0x000035e2                _ZN5Print5writeEPKc
 .text._ZN5Print5printEPK19__FlashStringHelper
                0x0000360c       0x48 C:\Users\Saba Baig\Documents\Atmel Studio\7.0\RM\RM\ArduinoCore\Debug\libArduinoCore.a(Print.o)
                0x0000360c                _ZN5Print5printEPK19__FlashStringHelper
 .text._ZN5Print5printEPKc
                0x00003654        0x4 C:\Users\Saba Baig\Documents\Atmel Studio\7.0\RM\RM\ArduinoCore\Debug\libArduinoCore.a(Print.o)
                0x00003654                _ZN5Print5printEPKc
 .text._ZN5Print5printEc
                0x00003658        0xe C:\Users\Saba Baig\Documents\Atmel Studio\7.0\RM\RM\ArduinoCore\Debug\libArduinoCore.a(Print.o)
                0x00003658                _ZN5Print5printEc
 .text._ZN5Print7printlnEv
                0x00003666        0x8 C:\Users\Saba Baig\Documents\Atmel Studio\7.0\RM\RM\ArduinoCore\Debug\libArduinoCore.a(Print.o)
                0x00003666                _ZN5Print7printlnEv
 .text._ZN5Print7printlnEPK19__FlashStringHelper
                0x0000366e       0x24 C:\Users\Saba Baig\Documents\Atmel Studio\7.0\RM\RM\ArduinoCore\Debug\libArduinoCore.a(Print.o)
                0x0000366e                _ZN5Print7printlnEPK19__FlashStringHelper
 .text._ZN5Print7printlnEPKc
                0x00003692       0x24 C:\Users\Saba Baig\Documents\Atmel Studio\7.0\RM\RM\ArduinoCore\Debug\libArduinoCore.a(Print.o)
                0x00003692                _ZN5Print7printlnEPKc
 .text._ZN5Print7printlnEc
                0x000036b6       0x24 C:\Users\Saba Baig\Documents\Atmel Studio\7.0\RM\RM\ArduinoCore\Debug\libArduinoCore.a(Print.o)
                0x000036b6                _ZN5Print7printlnEc
 .text._ZN5Print11printNumberEmh
                0x000036da       0x92 C:\Users\Saba Baig\Documents\Atmel Studio\7.0\RM\RM\ArduinoCore\Debug\libArduinoCore.a(Print.o)
                0x000036da                _ZN5Print11printNumberEmh
 .text._ZN5Print5printEmi
                0x0000376c       0x1a C:\Users\Saba Baig\Documents\Atmel Studio\7.0\RM\RM\ArduinoCore\Debug\libArduinoCore.a(Print.o)
                0x0000376c                _ZN5Print5printEmi
 .text._ZN5Print5printEhi
                0x00003786        0xe C:\Users\Saba Baig\Documents\Atmel Studio\7.0\RM\RM\ArduinoCore\Debug\libArduinoCore.a(Print.o)
                0x00003786                _ZN5Print5printEhi
 .text._ZN5Print7printlnEhi
                0x00003794       0x24 C:\Users\Saba Baig\Documents\Atmel Studio\7.0\RM\RM\ArduinoCore\Debug\libArduinoCore.a(Print.o)
                0x00003794                _ZN5Print7printlnEhi
 .text._ZN5Print5printEji
                0x000037b8        0xc C:\Users\Saba Baig\Documents\Atmel Studio\7.0\RM\RM\ArduinoCore\Debug\libArduinoCore.a(Print.o)
                0x000037b8                _ZN5Print5printEji
 .text._ZN5Print7printlnEji
                0x000037c4       0x24 C:\Users\Saba Baig\Documents\Atmel Studio\7.0\RM\RM\ArduinoCore\Debug\libArduinoCore.a(Print.o)
                0x000037c4                _ZN5Print7printlnEji
 .text._ZN5Print7printlnEmi
                0x000037e8       0x24 C:\Users\Saba Baig\Documents\Atmel Studio\7.0\RM\RM\ArduinoCore\Debug\libArduinoCore.a(Print.o)
                0x000037e8                _ZN5Print7printlnEmi
 .text._ZN5Print5printEli
                0x0000380c       0x90 C:\Users\Saba Baig\Documents\Atmel Studio\7.0\RM\RM\ArduinoCore\Debug\libArduinoCore.a(Print.o)
                0x0000380c                _ZN5Print5printEli
 .text._ZN5Print5printEii
                0x0000389c        0xe C:\Users\Saba Baig\Documents\Atmel Studio\7.0\RM\RM\ArduinoCore\Debug\libArduinoCore.a(Print.o)
                0x0000389c                _ZN5Print5printEii
 .text._ZN5Print7printlnEli
                0x000038aa       0x24 C:\Users\Saba Baig\Documents\Atmel Studio\7.0\RM\RM\ArduinoCore\Debug\libArduinoCore.a(Print.o)
                0x000038aa                _ZN5Print7printlnEli
 .text.__vector_16
                0x000038ce       0x94 C:\Users\Saba Baig\Documents\Atmel Studio\7.0\RM\RM\ArduinoCore\Debug\libArduinoCore.a(wiring.o)
                0x000038ce                __vector_16
 .text.micros   0x00003962       0x4a C:\Users\Saba Baig\Documents\Atmel Studio\7.0\RM\RM\ArduinoCore\Debug\libArduinoCore.a(wiring.o)
                0x00003962                micros
 .text.delay    0x000039ac       0x78 C:\Users\Saba Baig\Documents\Atmel Studio\7.0\RM\RM\ArduinoCore\Debug\libArduinoCore.a(wiring.o)
                0x000039ac                delay
 .text.init     0x00003a24       0x76 C:\Users\Saba Baig\Documents\Atmel Studio\7.0\RM\RM\ArduinoCore\Debug\libArduinoCore.a(wiring.o)
                0x00003a24                init
 .text.analogRead
                0x00003a9a       0x3a C:\Users\Saba Baig\Documents\Atmel Studio\7.0\RM\RM\ArduinoCore\Debug\libArduinoCore.a(wiring_analog.o)
                0x00003a9a                analogRead
 .text.turnOffPWM
                0x00003ad4       0x52 C:\Users\Saba Baig\Documents\Atmel Studio\7.0\RM\RM\ArduinoCore\Debug\libArduinoCore.a(wiring_digital.o)
 .text.pinMode  0x00003b26       0x78 C:\Users\Saba Baig\Documents\Atmel Studio\7.0\RM\RM\ArduinoCore\Debug\libArduinoCore.a(wiring_digital.o)
                0x00003b26                pinMode
 .text.digitalWrite
                0x00003b9e       0x5e C:\Users\Saba Baig\Documents\Atmel Studio\7.0\RM\RM\ArduinoCore\Debug\libArduinoCore.a(wiring_digital.o)
                0x00003b9e                digitalWrite
 .text._ZN13Adafruit_FONA9availableEv
                0x00003bfc       0x18 C:\Users\Saba Baig\Documents\Atmel Studio\7.0\RM\RM\ArduinoCore\Debug\libArduinoCore.a(Adafruit_FONA.o)
                0x00003bfc                _ZN13Adafruit_FONA9availableEv
 .text._ZN13Adafruit_FONA5writeEh
                0x00003c14       0x18 C:\Users\Saba Baig\Documents\Atmel Studio\7.0\RM\RM\ArduinoCore\Debug\libArduinoCore.a(Adafruit_FONA.o)
                0x00003c14                _ZN13Adafruit_FONA5writeEh
 .text._ZN13Adafruit_FONA4readEv
                0x00003c2c       0x18 C:\Users\Saba Baig\Documents\Atmel Studio\7.0\RM\RM\ArduinoCore\Debug\libArduinoCore.a(Adafruit_FONA.o)
                0x00003c2c                _ZN13Adafruit_FONA4readEv
 .text._ZN13Adafruit_FONA4peekEv
                0x00003c44       0x18 C:\Users\Saba Baig\Documents\Atmel Studio\7.0\RM\RM\ArduinoCore\Debug\libArduinoCore.a(Adafruit_FONA.o)
                0x00003c44                _ZN13Adafruit_FONA4peekEv
 .text._ZN13Adafruit_FONA5flushEv
                0x00003c5c       0x18 C:\Users\Saba Baig\Documents\Atmel Studio\7.0\RM\RM\ArduinoCore\Debug\libArduinoCore.a(Adafruit_FONA.o)
                0x00003c5c                _ZN13Adafruit_FONA5flushEv
 .text._ZN13Adafruit_FONAC2Ea
                0x00003c74       0x64 C:\Users\Saba Baig\Documents\Atmel Studio\7.0\RM\RM\ArduinoCore\Debug\libArduinoCore.a(Adafruit_FONA.o)
                0x00003c74                _ZN13Adafruit_FONAC1Ea
                0x00003c74                _ZN13Adafruit_FONAC2Ea
 .text._ZN13Adafruit_FONA22setGPRSNetworkSettingsEPK19__FlashStringHelperS2_S2_
                0x00003cd8       0x18 C:\Users\Saba Baig\Documents\Atmel Studio\7.0\RM\RM\ArduinoCore\Debug\libArduinoCore.a(Adafruit_FONA.o)
                0x00003cd8                _ZN13Adafruit_FONA22setGPRSNetworkSettingsEPK19__FlashStringHelperS2_S2_
 .text._ZN13Adafruit_FONA10flushInputEv
                0x00003cf0       0x58 C:\Users\Saba Baig\Documents\Atmel Studio\7.0\RM\RM\ArduinoCore\Debug\libArduinoCore.a(Adafruit_FONA.o)
                0x00003cf0                _ZN13Adafruit_FONA10flushInputEv
 .text._ZN13Adafruit_FONA15HTTP_para_startEPK19__FlashStringHelperb
                0x00003d48       0x7a C:\Users\Saba Baig\Documents\Atmel Studio\7.0\RM\RM\ArduinoCore\Debug\libArduinoCore.a(Adafruit_FONA.o)
                0x00003d48                _ZN13Adafruit_FONA15HTTP_para_startEPK19__FlashStringHelperb
 .text._ZN13Adafruit_FONA8readlineEjb
                0x00003dc2       0xfc C:\Users\Saba Baig\Documents\Atmel Studio\7.0\RM\RM\ArduinoCore\Debug\libArduinoCore.a(Adafruit_FONA.o)
                0x00003dc2                _ZN13Adafruit_FONA8readlineEjb
 .text._ZN13Adafruit_FONA11expectReplyEPK19__FlashStringHelperj
                0x00003ebe       0x48 C:\Users\Saba Baig\Documents\Atmel Studio\7.0\RM\RM\ArduinoCore\Debug\libArduinoCore.a(Adafruit_FONA.o)
                0x00003ebe                _ZN13Adafruit_FONA11expectReplyEPK19__FlashStringHelperj
 .text._ZN13Adafruit_FONA13HTTP_para_endEb
                0x00003f06       0x3c C:\Users\Saba Baig\Documents\Atmel Studio\7.0\RM\RM\ArduinoCore\Debug\libArduinoCore.a(Adafruit_FONA.o)
                0x00003f06                _ZN13Adafruit_FONA13HTTP_para_endEb
 .text._ZN13Adafruit_FONA9HTTP_paraEPK19__FlashStringHelperPKc
                0x00003f42       0x32 C:\Users\Saba Baig\Documents\Atmel Studio\7.0\RM\RM\ArduinoCore\Debug\libArduinoCore.a(Adafruit_FONA.o)
                0x00003f42                _ZN13Adafruit_FONA9HTTP_paraEPK19__FlashStringHelperPKc
 .text._ZN13Adafruit_FONA9HTTP_paraEPK19__FlashStringHelperS2_
                0x00003f74       0x32 C:\Users\Saba Baig\Documents\Atmel Studio\7.0\RM\RM\ArduinoCore\Debug\libArduinoCore.a(Adafruit_FONA.o)
                0x00003f74                _ZN13Adafruit_FONA9HTTP_paraEPK19__FlashStringHelperS2_
 .text._ZN13Adafruit_FONA9HTTP_paraEPK19__FlashStringHelperl
                0x00003fa6       0x42 C:\Users\Saba Baig\Documents\Atmel Studio\7.0\RM\RM\ArduinoCore\Debug\libArduinoCore.a(Adafruit_FONA.o)
                0x00003fa6                _ZN13Adafruit_FONA9HTTP_paraEPK19__FlashStringHelperl
 .text._ZN13Adafruit_FONA9HTTP_dataEmm
                0x00003fe8       0xd4 C:\Users\Saba Baig\Documents\Atmel Studio\7.0\RM\RM\ArduinoCore\Debug\libArduinoCore.a(Adafruit_FONA.o)
                0x00003fe8                _ZN13Adafruit_FONA9HTTP_dataEmm
 .text._ZN13Adafruit_FONA8getReplyEPcj
                0x000040bc       0x72 C:\Users\Saba Baig\Documents\Atmel Studio\7.0\RM\RM\ArduinoCore\Debug\libArduinoCore.a(Adafruit_FONA.o)
                0x000040bc                _ZN13Adafruit_FONA8getReplyEPcj
 .text._ZN13Adafruit_FONA8getReplyEPK19__FlashStringHelperj
                0x0000412e       0x72 C:\Users\Saba Baig\Documents\Atmel Studio\7.0\RM\RM\ArduinoCore\Debug\libArduinoCore.a(Adafruit_FONA.o)
                0x0000412e                _ZN13Adafruit_FONA8getReplyEPK19__FlashStringHelperj
 .text._ZN13Adafruit_FONA9GPSstatusEv
                0x000041a0       0x58 C:\Users\Saba Baig\Documents\Atmel Studio\7.0\RM\RM\ArduinoCore\Debug\libArduinoCore.a(Adafruit_FONA.o)
                0x000041a0                _ZN13Adafruit_FONA9GPSstatusEv
 .text._ZN13Adafruit_FONA6getGPSEhPch
                0x000041f8       0x90 C:\Users\Saba Baig\Documents\Atmel Studio\7.0\RM\RM\ArduinoCore\Debug\libArduinoCore.a(Adafruit_FONA.o)
                0x000041f8                _ZN13Adafruit_FONA6getGPSEhPch
 .text._ZN13Adafruit_FONA6getGPSEPfS0_S0_S0_S0_Pc
                0x00004288      0x19a C:\Users\Saba Baig\Documents\Atmel Studio\7.0\RM\RM\ArduinoCore\Debug\libArduinoCore.a(Adafruit_FONA.o)
                0x00004288                _ZN13Adafruit_FONA6getGPSEPfS0_S0_S0_S0_Pc
 .text._ZN13Adafruit_FONA8getReplyEPK19__FlashStringHelperlj
                0x00004422       0xb4 C:\Users\Saba Baig\Documents\Atmel Studio\7.0\RM\RM\ArduinoCore\Debug\libArduinoCore.a(Adafruit_FONA.o)
                0x00004422                _ZN13Adafruit_FONA8getReplyEPK19__FlashStringHelperlj
 .text._ZN13Adafruit_FONA14getReplyQuotedEPK19__FlashStringHelperS2_j
                0x000044d6       0xc8 C:\Users\Saba Baig\Documents\Atmel Studio\7.0\RM\RM\ArduinoCore\Debug\libArduinoCore.a(Adafruit_FONA.o)
                0x000044d6                _ZN13Adafruit_FONA14getReplyQuotedEPK19__FlashStringHelperS2_j
 .text._ZN13Adafruit_FONA14sendCheckReplyEPK19__FlashStringHelperS2_j
                0x0000459e       0x34 C:\Users\Saba Baig\Documents\Atmel Studio\7.0\RM\RM\ArduinoCore\Debug\libArduinoCore.a(Adafruit_FONA.o)
                0x0000459e                _ZN13Adafruit_FONA14sendCheckReplyEPK19__FlashStringHelperS2_j
 .text._ZN13Adafruit_FONA5beginER6Stream
                0x000045d2      0x308 C:\Users\Saba Baig\Documents\Atmel Studio\7.0\RM\RM\ArduinoCore\Debug\libArduinoCore.a(Adafruit_FONA.o)
                0x000045d2                _ZN13Adafruit_FONA5beginER6Stream
 .text._ZN13Adafruit_FONA9HTTP_initEv
                0x000048da       0x16 C:\Users\Saba Baig\Documents\Atmel Studio\7.0\RM\RM\ArduinoCore\Debug\libArduinoCore.a(Adafruit_FONA.o)
                0x000048da                _ZN13Adafruit_FONA9HTTP_initEv
 .text._ZN13Adafruit_FONA9HTTP_termEv
                0x000048f0       0x16 C:\Users\Saba Baig\Documents\Atmel Studio\7.0\RM\RM\ArduinoCore\Debug\libArduinoCore.a(Adafruit_FONA.o)
                0x000048f0                _ZN13Adafruit_FONA9HTTP_termEv
 .text._ZN13Adafruit_FONA13HTTP_POST_endEv
                0x00004906        0x4 C:\Users\Saba Baig\Documents\Atmel Studio\7.0\RM\RM\ArduinoCore\Debug\libArduinoCore.a(Adafruit_FONA.o)
                0x00004906                _ZN13Adafruit_FONA13HTTP_POST_endEv
 .text._ZN13Adafruit_FONA14sendCheckReplyEPcPK19__FlashStringHelperj
                0x0000490a       0x34 C:\Users\Saba Baig\Documents\Atmel Studio\7.0\RM\RM\ArduinoCore\Debug\libArduinoCore.a(Adafruit_FONA.o)
                0x0000490a                _ZN13Adafruit_FONA14sendCheckReplyEPcPK19__FlashStringHelperj
 .text._ZN13Adafruit_FONA7sendSMSEPcS0_
                0x0000493e      0x17c C:\Users\Saba Baig\Documents\Atmel Studio\7.0\RM\RM\ArduinoCore\Debug\libArduinoCore.a(Adafruit_FONA.o)
                0x0000493e                _ZN13Adafruit_FONA7sendSMSEPcS0_
 .text._ZN13Adafruit_FONA14sendCheckReplyEPK19__FlashStringHelperlS2_j
                0x00004aba       0x40 C:\Users\Saba Baig\Documents\Atmel Studio\7.0\RM\RM\ArduinoCore\Debug\libArduinoCore.a(Adafruit_FONA.o)
                0x00004aba                _ZN13Adafruit_FONA14sendCheckReplyEPK19__FlashStringHelperlS2_j
 .text._ZN13Adafruit_FONA8HTTP_sslEb
                0x00004afa       0x34 C:\Users\Saba Baig\Documents\Atmel Studio\7.0\RM\RM\ArduinoCore\Debug\libArduinoCore.a(Adafruit_FONA.o)
                0x00004afa                _ZN13Adafruit_FONA8HTTP_sslEb
 .text._ZN13Adafruit_FONA10HTTP_setupEPc
                0x00004b2e       0x98 C:\Users\Saba Baig\Documents\Atmel Studio\7.0\RM\RM\ArduinoCore\Debug\libArduinoCore.a(Adafruit_FONA.o)
                0x00004b2e                _ZN13Adafruit_FONA10HTTP_setupEPc
 .text._ZN13Adafruit_FONA20sendCheckReplyQuotedEPK19__FlashStringHelperS2_S2_j
                0x00004bc6       0x38 C:\Users\Saba Baig\Documents\Atmel Studio\7.0\RM\RM\ArduinoCore\Debug\libArduinoCore.a(Adafruit_FONA.o)
                0x00004bc6                _ZN13Adafruit_FONA20sendCheckReplyQuotedEPK19__FlashStringHelperS2_S2_j
 .text._ZN13Adafruit_FONA10enableGPRSEb
                0x00004bfe      0x2b8 C:\Users\Saba Baig\Documents\Atmel Studio\7.0\RM\RM\ArduinoCore\Debug\libArduinoCore.a(Adafruit_FONA.o)
                0x00004bfe                _ZN13Adafruit_FONA10enableGPRSEb
 .text._ZN13Adafruit_FONA10parseReplyEPK19__FlashStringHelperPjch
                0x00004eb6       0x6a C:\Users\Saba Baig\Documents\Atmel Studio\7.0\RM\RM\ArduinoCore\Debug\libArduinoCore.a(Adafruit_FONA.o)
                0x00004eb6                _ZN13Adafruit_FONA10parseReplyEPK19__FlashStringHelperPjch
 .text._ZN13Adafruit_FONA12HTTP_readallEPj
                0x00004f20       0x36 C:\Users\Saba Baig\Documents\Atmel Studio\7.0\RM\RM\ArduinoCore\Debug\libArduinoCore.a(Adafruit_FONA.o)
                0x00004f20                _ZN13Adafruit_FONA12HTTP_readallEPj
 .text._ZN13Adafruit_FONA11HTTP_actionEhPjS0_l
                0x00004f56       0x9e C:\Users\Saba Baig\Documents\Atmel Studio\7.0\RM\RM\ArduinoCore\Debug\libArduinoCore.a(Adafruit_FONA.o)
                0x00004f56                _ZN13Adafruit_FONA11HTTP_actionEhPjS0_l
 .text._ZN13Adafruit_FONA15HTTP_POST_startEPcPK19__FlashStringHelperPKhjPjS6_
                0x00004ff4      0x13a C:\Users\Saba Baig\Documents\Atmel Studio\7.0\RM\RM\ArduinoCore\Debug\libArduinoCore.a(Adafruit_FONA.o)
                0x00004ff4                _ZN13Adafruit_FONA15HTTP_POST_startEPcPK19__FlashStringHelperPKhjPjS6_
 .text._ZN13Adafruit_FONA14sendParseReplyEPK19__FlashStringHelperS2_Pjch
                0x0000512e       0x58 C:\Users\Saba Baig\Documents\Atmel Studio\7.0\RM\RM\ArduinoCore\Debug\libArduinoCore.a(Adafruit_FONA.o)
                0x0000512e                _ZN13Adafruit_FONA14sendParseReplyEPK19__FlashStringHelperS2_Pjch
 .text._ZN13Adafruit_FONA14getBattPercentEPj
                0x00005186       0x1e C:\Users\Saba Baig\Documents\Atmel Studio\7.0\RM\RM\ArduinoCore\Debug\libArduinoCore.a(Adafruit_FONA.o)
                0x00005186                _ZN13Adafruit_FONA14getBattPercentEPj
 .text._ZN13Adafruit_FONA16getNetworkStatusEv
                0x000051a4       0x3e C:\Users\Saba Baig\Documents\Atmel Studio\7.0\RM\RM\ArduinoCore\Debug\libArduinoCore.a(Adafruit_FONA.o)
                0x000051a4                _ZN13Adafruit_FONA16getNetworkStatusEv
 .text._ZN13Adafruit_FONA7getRSSIEv
                0x000051e2       0x3c C:\Users\Saba Baig\Documents\Atmel Studio\7.0\RM\RM\ArduinoCore\Debug\libArduinoCore.a(Adafruit_FONA.o)
                0x000051e2                _ZN13Adafruit_FONA7getRSSIEv
 .text._ZN14SoftwareSerial4readEv
                0x0000521e       0x42 C:\Users\Saba Baig\Documents\Atmel Studio\7.0\RM\RM\ArduinoCore\Debug\libArduinoCore.a(SoftwareSerial.o)
                0x0000521e                _ZN14SoftwareSerial4readEv
 .text._ZN14SoftwareSerial5writeEh
                0x00005260       0xa0 C:\Users\Saba Baig\Documents\Atmel Studio\7.0\RM\RM\ArduinoCore\Debug\libArduinoCore.a(SoftwareSerial.o)
                0x00005260                _ZN14SoftwareSerial5writeEh
 .text._ZN14SoftwareSerial5flushEv
                0x00005300        0x2 C:\Users\Saba Baig\Documents\Atmel Studio\7.0\RM\RM\ArduinoCore\Debug\libArduinoCore.a(SoftwareSerial.o)
                0x00005300                _ZN14SoftwareSerial5flushEv
 .text._ZN14SoftwareSerial4peekEv
                0x00005302       0x30 C:\Users\Saba Baig\Documents\Atmel Studio\7.0\RM\RM\ArduinoCore\Debug\libArduinoCore.a(SoftwareSerial.o)
                0x00005302                _ZN14SoftwareSerial4peekEv
 .text._ZN14SoftwareSerial9availableEv
                0x00005332       0x30 C:\Users\Saba Baig\Documents\Atmel Studio\7.0\RM\RM\ArduinoCore\Debug\libArduinoCore.a(SoftwareSerial.o)
                0x00005332                _ZN14SoftwareSerial9availableEv
 .text._ZN14SoftwareSerial13stopListeningEv
                0x00005362       0x2c C:\Users\Saba Baig\Documents\Atmel Studio\7.0\RM\RM\ArduinoCore\Debug\libArduinoCore.a(SoftwareSerial.o)
                0x00005362                _ZN14SoftwareSerial13stopListeningEv
 .text._ZN14SoftwareSerial6listenEv
                0x0000538e       0x52 C:\Users\Saba Baig\Documents\Atmel Studio\7.0\RM\RM\ArduinoCore\Debug\libArduinoCore.a(SoftwareSerial.o)
                0x0000538e                _ZN14SoftwareSerial6listenEv
 .text.__vector_3
                0x000053e0       0xf4 C:\Users\Saba Baig\Documents\Atmel Studio\7.0\RM\RM\ArduinoCore\Debug\libArduinoCore.a(SoftwareSerial.o)
                0x000053e0                __vector_5
                0x000053e0                __vector_4
                0x000053e0                __vector_3
 .text._ZN14SoftwareSerial5setTXEh
                0x000054d4       0x52 C:\Users\Saba Baig\Documents\Atmel Studio\7.0\RM\RM\ArduinoCore\Debug\libArduinoCore.a(SoftwareSerial.o)
                0x000054d4                _ZN14SoftwareSerial5setTXEh
 .text._ZN14SoftwareSerial5setRXEh
                0x00005526       0x52 C:\Users\Saba Baig\Documents\Atmel Studio\7.0\RM\RM\ArduinoCore\Debug\libArduinoCore.a(SoftwareSerial.o)
                0x00005526                _ZN14SoftwareSerial5setRXEh
 .text._ZN14SoftwareSerialC2Ehhb
                0x00005578       0x56 C:\Users\Saba Baig\Documents\Atmel Studio\7.0\RM\RM\ArduinoCore\Debug\libArduinoCore.a(SoftwareSerial.o)
                0x00005578                _ZN14SoftwareSerialC1Ehhb
                0x00005578                _ZN14SoftwareSerialC2Ehhb
 .text._ZN14SoftwareSerial5beginEl
                0x000055ce      0x11c C:\Users\Saba Baig\Documents\Atmel Studio\7.0\RM\RM\ArduinoCore\Debug\libArduinoCore.a(SoftwareSerial.o)
                0x000055ce                _ZN14SoftwareSerial5beginEl
 .text.__empty  0x000056ea        0x2 C:\Users\Saba Baig\Documents\Atmel Studio\7.0\RM\RM\ArduinoCore\Debug\libArduinoCore.a(hooks.o)
                0x000056ea                yield
 .text.nothing  0x000056ec        0x2 C:\Users\Saba Baig\Documents\Atmel Studio\7.0\RM\RM\ArduinoCore\Debug\libArduinoCore.a(WInterrupts.o)
 .text.__vector_1
                0x000056ee       0x4e C:\Users\Saba Baig\Documents\Atmel Studio\7.0\RM\RM\ArduinoCore\Debug\libArduinoCore.a(WInterrupts.o)
                0x000056ee                __vector_1
 .text.__vector_2
                0x0000573c       0x4e C:\Users\Saba Baig\Documents\Atmel Studio\7.0\RM\RM\ArduinoCore\Debug\libArduinoCore.a(WInterrupts.o)
                0x0000573c                __vector_2
 .text.avr-libc.fplib
                0x0000578a        0xa c:/program files (x86)/atmel/studio/7.0/toolchain/avr8/avr8-gnu-toolchain/bin/../lib/gcc/avr/5.4.0/../../../../avr/lib/avr5\libm.a(cmpsf2.o)
                0x0000578a                __nesf2
                0x0000578a                __eqsf2
                0x0000578a                __cmpsf2
                0x0000578a                __ltsf2
                0x0000578a                __lesf2
 .text.avr-libc.fplib
                0x00005794       0x48 c:/program files (x86)/atmel/studio/7.0/toolchain/avr8/avr8-gnu-toolchain/bin/../lib/gcc/avr/5.4.0/../../../../avr/lib/avr5\libm.a(fp_cmp.o)
                0x00005794                __fp_cmp
 .text.libgcc.div
                0x000057dc       0x28 c:/program files (x86)/atmel/studio/7.0/toolchain/avr8/avr8-gnu-toolchain/bin/../lib/gcc/avr/5.4.0/avr5\libgcc.a(_divmodhi4.o)
                0x000057dc                _div
                0x000057dc                __divmodhi4
 .text.libgcc.div
                0x00005804       0x44 c:/program files (x86)/atmel/studio/7.0/toolchain/avr8/avr8-gnu-toolchain/bin/../lib/gcc/avr/5.4.0/avr5\libgcc.a(_udivmodsi4.o)
                0x00005804                __udivmodsi4
 .text.libgcc.div
                0x00005848       0x2e c:/program files (x86)/atmel/studio/7.0/toolchain/avr8/avr8-gnu-toolchain/bin/../lib/gcc/avr/5.4.0/avr5\libgcc.a(_divmodsi4.o)
                0x00005848                __divmodsi4
 .text.libgcc.div
                0x00005876       0x10 c:/program files (x86)/atmel/studio/7.0/toolchain/avr8/avr8-gnu-toolchain/bin/../lib/gcc/avr/5.4.0/avr5\libgcc.a(_negsi2.o)
                0x00005876                __negsi2
 .text.libgcc   0x00005886        0xc c:/program files (x86)/atmel/studio/7.0/toolchain/avr8/avr8-gnu-toolchain/bin/../lib/gcc/avr/5.4.0/avr5\libgcc.a(_tablejump2.o)
                0x00005886                __tablejump2__
 .text.libgcc.mul
                0x00005892       0x16 c:/program files (x86)/atmel/studio/7.0/toolchain/avr8/avr8-gnu-toolchain/bin/../lib/gcc/avr/5.4.0/avr5\libgcc.a(_muluhisi3.o)
                0x00005892                __muluhisi3
 .text.libgcc.builtins
                0x000058a8       0x3c c:/program files (x86)/atmel/studio/7.0/toolchain/avr8/avr8-gnu-toolchain/bin/../lib/gcc/avr/5.4.0/avr5\libgcc.a(_ashrdi3.o)
                0x000058a8                __ashrdi3
                0x000058ac                __lshrdi3
 .text.libgcc.div
                0x000058e4       0x28 c:/program files (x86)/atmel/studio/7.0/toolchain/avr8/avr8-gnu-toolchain/bin/../lib/gcc/avr/5.4.0/avr5\libgcc.a(_udivmodhi4.o)
                0x000058e4                __udivmodhi4
 .text.libgcc.mul
                0x0000590c       0x1e c:/program files (x86)/atmel/studio/7.0/toolchain/avr8/avr8-gnu-toolchain/bin/../lib/gcc/avr/5.4.0/avr5\libgcc.a(_umulhisi3.o)
                0x0000590c                __umulhisi3
 .text.avr-libc
                0x0000592a      0x242 c:/program files (x86)/atmel/studio/7.0/toolchain/avr8/avr8-gnu-toolchain/bin/../lib/gcc/avr/5.4.0/../../../../avr/lib/avr5\libc.a(malloc.o)
                0x0000592a                malloc
                0x00005a5a                free
 .text.avr-libc
                0x00005b6c        0xa c:/program files (x86)/atmel/studio/7.0/toolchain/avr8/avr8-gnu-toolchain/bin/../lib/gcc/avr/5.4.0/../../../../avr/lib/avr5\libc.a(abort.o)
                0x00005b6c                abort
 .text.avr-libc
                0x00005b76        0x8 c:/program files (x86)/atmel/studio/7.0/toolchain/avr8/avr8-gnu-toolchain/bin/../lib/gcc/avr/5.4.0/../../../../avr/lib/avr5\libc.a(atof.o)
                0x00005b76                atof
 .text.avr-libc
                0x00005b7e       0x3c c:/program files (x86)/atmel/studio/7.0/toolchain/avr8/avr8-gnu-toolchain/bin/../lib/gcc/avr/5.4.0/../../../../avr/lib/avr5\libc.a(atoi.o)
                0x00005b7e                atoi
 .text.avr-libc
                0x00005bba       0x12 c:/program files (x86)/atmel/studio/7.0/toolchain/avr8/avr8-gnu-toolchain/bin/../lib/gcc/avr/5.4.0/../../../../avr/lib/avr5\libc.a(strcmp_P.o)
                0x00005bba                strcmp_P
 .text.avr-libc
                0x00005bcc       0x12 c:/program files (x86)/atmel/studio/7.0/toolchain/avr8/avr8-gnu-toolchain/bin/../lib/gcc/avr/5.4.0/../../../../avr/lib/avr5\libc.a(strlen_P.o)
                0x00005bcc                __strlen_P
 .text.avr-libc
                0x00005bde       0x34 c:/program files (x86)/atmel/studio/7.0/toolchain/avr8/avr8-gnu-toolchain/bin/../lib/gcc/avr/5.4.0/../../../../avr/lib/avr5\libc.a(strstr_P.o)
                0x00005bde                strstr_P
 .text.avr-libc
                0x00005c12        0xa c:/program files (x86)/atmel/studio/7.0/toolchain/avr8/avr8-gnu-toolchain/bin/../lib/gcc/avr/5.4.0/../../../../avr/lib/avr5\libc.a(strtok.o)
                0x00005c12                strtok
 .text.avr-libc
                0x00005c1c        0xe c:/program files (x86)/atmel/studio/7.0/toolchain/avr8/avr8-gnu-toolchain/bin/../lib/gcc/avr/5.4.0/../../../../avr/lib/avr5\libc.a(memset.o)
                0x00005c1c                memset
 .text.avr-libc
                0x00005c2a       0x16 c:/program files (x86)/atmel/studio/7.0/toolchain/avr8/avr8-gnu-toolchain/bin/../lib/gcc/avr/5.4.0/../../../../avr/lib/avr5\libc.a(strchr.o)
                0x00005c2a                strchr
 .text.avr-libc
                0x00005c40       0x12 c:/program files (x86)/atmel/studio/7.0/toolchain/avr8/avr8-gnu-toolchain/bin/../lib/gcc/avr/5.4.0/../../../../avr/lib/avr5\libc.a(strcmp.o)
                0x00005c40                strcmp
 .text.avr-libc
                0x00005c52       0x12 c:/program files (x86)/atmel/studio/7.0/toolchain/avr8/avr8-gnu-toolchain/bin/../lib/gcc/avr/5.4.0/../../../../avr/lib/avr5\libc.a(strlen.o)
                0x00005c52                strlen
 .text.avr-libc
                0x00005c64       0x1e c:/program files (x86)/atmel/studio/7.0/toolchain/avr8/avr8-gnu-toolchain/bin/../lib/gcc/avr/5.4.0/../../../../avr/lib/avr5\libc.a(strncpy.o)
                0x00005c64                strncpy
 .text.avr-libc
                0x00005c82       0x34 c:/program files (x86)/atmel/studio/7.0/toolchain/avr8/avr8-gnu-toolchain/bin/../lib/gcc/avr/5.4.0/../../../../avr/lib/avr5\libc.a(strstr.o)
                0x00005c82                strstr
 .text.avr-libc
                0x00005cb6       0x4e c:/program files (x86)/atmel/studio/7.0/toolchain/avr8/avr8-gnu-toolchain/bin/../lib/gcc/avr/5.4.0/../../../../avr/lib/avr5\libc.a(strtok_r.o)
                0x00005cb6                strtok_r
 .text.avr-libc
                0x00005d04       0x10 c:/program files (x86)/atmel/studio/7.0/toolchain/avr8/avr8-gnu-toolchain/bin/../lib/gcc/avr/5.4.0/../../../../avr/lib/avr5\libc.a(mul10.o)
                0x00005d04                __mulhi_const_10
 .text.avr-libc
                0x00005d14      0x29c c:/program files (x86)/atmel/studio/7.0/toolchain/avr8/avr8-gnu-toolchain/bin/../lib/gcc/avr/5.4.0/../../../../avr/lib/avr5\libc.a(strtod.o)
                0x00005d14                strtod
 .text.avr-libc
                0x00005fb0       0x12 c:/program files (x86)/atmel/studio/7.0/toolchain/avr8/avr8-gnu-toolchain/bin/../lib/gcc/avr/5.4.0/../../../../avr/lib/avr5\libc.a(isspace.o)
                0x00005fb0                isspace
 .text.avr-libc
                0x00005fc2       0x30 c:/program files (x86)/atmel/studio/7.0/toolchain/avr8/avr8-gnu-toolchain/bin/../lib/gcc/avr/5.4.0/../../../../avr/lib/avr5\libc.a(strncasecmp_P.o)
                0x00005fc2                strncasecmp_P
 .text.avr-libc
                0x00005ff2        0x6 c:/program files (x86)/atmel/studio/7.0/toolchain/avr8/avr8-gnu-toolchain/bin/../lib/gcc/avr/5.4.0/../../../../avr/lib/avr5\libc.a(cty_isfalse.o)
                0x00005ff2                __ctype_isfalse
                0x00005ff6                __ctype_istrue
 .text.libgcc.prologue
                0x00005ff8       0x38 c:/program files (x86)/atmel/studio/7.0/toolchain/avr8/avr8-gnu-toolchain/bin/../lib/gcc/avr/5.4.0/avr5\libgcc.a(_prologue.o)
                0x00005ff8                __prologue_saves__
 .text.libgcc.prologue
                0x00006030       0x36 c:/program files (x86)/atmel/studio/7.0/toolchain/avr8/avr8-gnu-toolchain/bin/../lib/gcc/avr/5.4.0/avr5\libgcc.a(_epilogue.o)
                0x00006030                __epilogue_restores__
                0x00006066                . = ALIGN (0x2)
 *(.fini9)
 .fini9         0x00006066        0x0 c:/program files (x86)/atmel/studio/7.0/toolchain/avr8/avr8-gnu-toolchain/bin/../lib/gcc/avr/5.4.0/avr5\libgcc.a(_exit.o)
                0x00006066                _exit
                0x00006066                exit
 *(.fini9)
 *(.fini8)
 *(.fini8)
 *(.fini7)
 *(.fini7)
 *(.fini6)
 .fini6         0x00006066       0x16 c:/program files (x86)/atmel/studio/7.0/toolchain/avr8/avr8-gnu-toolchain/bin/../lib/gcc/avr/5.4.0/avr5\libgcc.a(_dtors.o)
                0x00006066                __do_global_dtors
 *(.fini6)
 *(.fini5)
 *(.fini5)
 *(.fini4)
 *(.fini4)
 *(.fini3)
 *(.fini3)
 *(.fini2)
 *(.fini2)
 *(.fini1)
 *(.fini1)
 *(.fini0)
 .fini0         0x0000607c        0x4 c:/program files (x86)/atmel/studio/7.0/toolchain/avr8/avr8-gnu-toolchain/bin/../lib/gcc/avr/5.4.0/avr5\libgcc.a(_exit.o)
 *(.fini0)
                0x00006080                _etext = .

.data           0x00800100      0x272 load address 0x00006080
                0x00800100                PROVIDE (__data_start, .)
 *(.data)
 .data          0x00800100        0x4 Main_SignalLogging.o
                0x00800100                IS_GSM_MOCK
                0x00800101                IS_GPS_MOCK
                0x00800102                INIT_MODULE_ID
                0x00800103                ONLY_PRINT_DATA
 .data          0x00800104        0x2 RmMemManager.o
                0x00800104                _ledBottomState
                0x00800105                _ledTopState
 .data          0x00800106        0x6 c:/program files (x86)/atmel/studio/7.0/toolchain/avr8/avr8-gnu-toolchain/bin/../lib/gcc/avr/5.4.0/../../../../avr/lib/avr5\libc.a(malloc.o)
                0x00800106                __malloc_heap_end
                0x00800108                __malloc_heap_start
                0x0080010a                __malloc_margin
 *(.data*)
 .data.analog_reference
                0x0080010c        0x1 C:\Users\Saba Baig\Documents\Atmel Studio\7.0\RM\RM\ArduinoCore\Debug\libArduinoCore.a(wiring_analog.o)
                0x0080010c                analog_reference
 .data.intFunc  0x0080010d        0x4 C:\Users\Saba Baig\Documents\Atmel Studio\7.0\RM\RM\ArduinoCore\Debug\libArduinoCore.a(WInterrupts.o)
 *(.gnu.linkonce.d*)
 *(.rodata)
 .rodata        0x00800111       0x1d GpsManager.o
 .rodata        0x0080012e       0x44 GsmManager.o
 .rodata        0x00800172       0x2d Main_SignalLogging.o
 .rodata        0x0080019f       0x40 RmMemManager.o
 .rodata        0x008001df       0xd1 C:\Users\Saba Baig\Documents\Atmel Studio\7.0\RM\RM\ArduinoCore\Debug\libArduinoCore.a(Adafruit_FONA.o)
 *(.rodata*)
 .rodata._ZTV7TwoWire
                0x008002b0       0x10 src/libraries/Wire/src/Wire.o
                0x008002b0                _ZTV7TwoWire
 .rodata._ZTV6Stream
                0x008002c0       0x10 src/libraries/Wire/src/Wire.o
                0x008002c0                _ZTV6Stream
 .rodata._ZTV14HardwareSerial
                0x008002d0       0x10 C:\Users\Saba Baig\Documents\Atmel Studio\7.0\RM\RM\ArduinoCore\Debug\libArduinoCore.a(HardwareSerial.o)
                0x008002d0                _ZTV14HardwareSerial
 .rodata.str1.1
                0x008002e0       0x11 C:\Users\Saba Baig\Documents\Atmel Studio\7.0\RM\RM\ArduinoCore\Debug\libArduinoCore.a(Print.o)
 .rodata._ZTV5Print
                0x008002f1        0x8 C:\Users\Saba Baig\Documents\Atmel Studio\7.0\RM\RM\ArduinoCore\Debug\libArduinoCore.a(Print.o)
                0x008002f1                _ZTV5Print
 .rodata.str1.1
                0x008002f9       0x59 C:\Users\Saba Baig\Documents\Atmel Studio\7.0\RM\RM\ArduinoCore\Debug\libArduinoCore.a(Adafruit_FONA.o)
                                 0x5e (size before relaxing)
 .rodata._ZTV13Adafruit_FONA
                0x00800352       0x10 C:\Users\Saba Baig\Documents\Atmel Studio\7.0\RM\RM\ArduinoCore\Debug\libArduinoCore.a(Adafruit_FONA.o)
                0x00800352                _ZTV13Adafruit_FONA
 .rodata._ZTV14SoftwareSerial
                0x00800362       0x10 C:\Users\Saba Baig\Documents\Atmel Studio\7.0\RM\RM\ArduinoCore\Debug\libArduinoCore.a(SoftwareSerial.o)
                0x00800362                _ZTV14SoftwareSerial
 *(.gnu.linkonce.r*)
                0x00800372                . = ALIGN (0x2)
                0x00800372                _edata = .
                0x00800372                PROVIDE (__data_end, .)

.bss            0x00800372      0x516
                0x00800372                PROVIDE (__bss_start, .)
 *(.bss)
 .bss           0x00800372      0x35b Main_SignalLogging.o
                0x00800372                INITIALISE_MODULE
                0x00800373                IS_MEM_TEST
                0x00800374                fona
                0x0080048e                mem
                0x0080048f                gps
                0x008005aa                gsm
                0x008006cb                _timerCounter
 .bss           0x008006cd        0x5 RmMemManager.o
                0x008006cd                _ledBottomPinRed
                0x008006ce                _ledBottomPinGreen
                0x008006cf                _ledTopPinRed
                0x008006d0                _ledTopPinGreen
                0x008006d1                _flashCallCount
 .bss           0x008006d2       0x6e src/libraries/Wire/src/utility/twi.o
 .bss           0x00800740       0x56 src/libraries/Wire/src/Wire.o
                0x00800740                _ZN7TwoWire8rxBufferE
                0x00800760                _ZN7TwoWire13rxBufferIndexE
                0x00800761                _ZN7TwoWire14rxBufferLengthE
                0x00800762                _ZN7TwoWire9txAddressE
                0x00800763                _ZN7TwoWire8txBufferE
                0x00800783                _ZN7TwoWire13txBufferIndexE
                0x00800784                _ZN7TwoWire14txBufferLengthE
                0x00800785                _ZN7TwoWire12transmittingE
                0x00800786                _ZN7TwoWire14user_onRequestE
                0x00800788                _ZN7TwoWire14user_onReceiveE
                0x0080078a                Wire
 .bss           0x00800796        0x2 c:/program files (x86)/atmel/studio/7.0/toolchain/avr8/avr8-gnu-toolchain/bin/../lib/gcc/avr/5.4.0/../../../../avr/lib/avr5\libc.a(strtok.o)
 *(.bss*)
 .bss.Serial    0x00800798       0x9d C:\Users\Saba Baig\Documents\Atmel Studio\7.0\RM\RM\ArduinoCore\Debug\libArduinoCore.a(HardwareSerial0.o)
                0x00800798                Serial
 .bss.timer0_fract
                0x00800835        0x1 C:\Users\Saba Baig\Documents\Atmel Studio\7.0\RM\RM\ArduinoCore\Debug\libArduinoCore.a(wiring.o)
 .bss.timer0_millis
                0x00800836        0x4 C:\Users\Saba Baig\Documents\Atmel Studio\7.0\RM\RM\ArduinoCore\Debug\libArduinoCore.a(wiring.o)
                0x00800836                timer0_millis
 .bss.timer0_overflow_count
                0x0080083a        0x4 C:\Users\Saba Baig\Documents\Atmel Studio\7.0\RM\RM\ArduinoCore\Debug\libArduinoCore.a(wiring.o)
                0x0080083a                timer0_overflow_count
 .bss._ZN14SoftwareSerial20_receive_buffer_headE
                0x0080083e        0x1 C:\Users\Saba Baig\Documents\Atmel Studio\7.0\RM\RM\ArduinoCore\Debug\libArduinoCore.a(SoftwareSerial.o)
                0x0080083e                _ZN14SoftwareSerial20_receive_buffer_headE
 .bss._ZN14SoftwareSerial20_receive_buffer_tailE
                0x0080083f        0x1 C:\Users\Saba Baig\Documents\Atmel Studio\7.0\RM\RM\ArduinoCore\Debug\libArduinoCore.a(SoftwareSerial.o)
                0x0080083f                _ZN14SoftwareSerial20_receive_buffer_tailE
 .bss._ZN14SoftwareSerial15_receive_bufferE
                0x00800840       0x40 C:\Users\Saba Baig\Documents\Atmel Studio\7.0\RM\RM\ArduinoCore\Debug\libArduinoCore.a(SoftwareSerial.o)
                0x00800840                _ZN14SoftwareSerial15_receive_bufferE
 .bss._ZN14SoftwareSerial13active_objectE
                0x00800880        0x2 C:\Users\Saba Baig\Documents\Atmel Studio\7.0\RM\RM\ArduinoCore\Debug\libArduinoCore.a(SoftwareSerial.o)
                0x00800880                _ZN14SoftwareSerial13active_objectE
 *(COMMON)
 COMMON         0x00800882        0x4 c:/program files (x86)/atmel/studio/7.0/toolchain/avr8/avr8-gnu-toolchain/bin/../lib/gcc/avr/5.4.0/../../../../avr/lib/avr5\libc.a(malloc.o)
                0x00800882                __brkval
                0x00800884                __flp
 COMMON         0x00800886        0x2 c:/program files (x86)/atmel/studio/7.0/toolchain/avr8/avr8-gnu-toolchain/bin/../lib/gcc/avr/5.4.0/../../../../avr/lib/avr5\libc.a(errno.o)
                0x00800886                errno
                0x00800888                PROVIDE (__bss_end, .)
                0x00006080                __data_load_start = LOADADDR (.data)
                0x000062f2                __data_load_end = (__data_load_start + SIZEOF (.data))

.noinit         0x00800888        0x0
                [!provide]                PROVIDE (__noinit_start, .)
 *(.noinit*)
                [!provide]                PROVIDE (__noinit_end, .)
                0x00800888                _end = .
                0x00800888                PROVIDE (__heap_start, .)

.eeprom         0x00810000        0x0
 *(.eeprom*)
                0x00810000                __eeprom_end = .

.fuse
 *(.fuse)
 *(.lfuse)
 *(.hfuse)
 *(.efuse)

.lock
 *(.lock*)

.signature
 *(.signature*)

.user_signatures
 *(.user_signatures*)

.stab
 *(.stab)

.stabstr
 *(.stabstr)

.stab.excl
 *(.stab.excl)

.stab.exclstr
 *(.stab.exclstr)

.stab.index
 *(.stab.index)

.stab.indexstr
 *(.stab.indexstr)

.comment        0x00000000       0x5c
 *(.comment)
 .comment       0x00000000       0x30 GpsManager.o
                                 0x31 (size before relaxing)
 .comment       0x00000030       0x31 GsmManager.o
 .comment       0x00000030       0x31 Main_SignalLogging.o
 .comment       0x00000030       0x31 RmMemManager.o
 .comment       0x00000030       0x31 src/libraries/Wire/src/utility/twi.o
 .comment       0x00000030       0x31 src/libraries/Wire/src/Wire.o
 .comment       0x00000030       0x31 C:\Users\Saba Baig\Documents\Atmel Studio\7.0\RM\RM\ArduinoCore\Debug\libArduinoCore.a(abi.o)
 .comment       0x00000030       0x31 C:\Users\Saba Baig\Documents\Atmel Studio\7.0\RM\RM\ArduinoCore\Debug\libArduinoCore.a(HardwareSerial.o)
 .comment       0x00000030       0x31 C:\Users\Saba Baig\Documents\Atmel Studio\7.0\RM\RM\ArduinoCore\Debug\libArduinoCore.a(HardwareSerial0.o)
 .comment       0x00000030       0x31 C:\Users\Saba Baig\Documents\Atmel Studio\7.0\RM\RM\ArduinoCore\Debug\libArduinoCore.a(main.o)
 .comment       0x00000030       0x31 C:\Users\Saba Baig\Documents\Atmel Studio\7.0\RM\RM\ArduinoCore\Debug\libArduinoCore.a(new.o)
 .comment       0x00000030       0x31 C:\Users\Saba Baig\Documents\Atmel Studio\7.0\RM\RM\ArduinoCore\Debug\libArduinoCore.a(Print.o)
 .comment       0x00000030       0x31 C:\Users\Saba Baig\Documents\Atmel Studio\7.0\RM\RM\ArduinoCore\Debug\libArduinoCore.a(wiring.o)
 .comment       0x00000030       0x31 C:\Users\Saba Baig\Documents\Atmel Studio\7.0\RM\RM\ArduinoCore\Debug\libArduinoCore.a(wiring_analog.o)
 .comment       0x00000030       0x31 C:\Users\Saba Baig\Documents\Atmel Studio\7.0\RM\RM\ArduinoCore\Debug\libArduinoCore.a(wiring_digital.o)
 .comment       0x00000030       0x31 C:\Users\Saba Baig\Documents\Atmel Studio\7.0\RM\RM\ArduinoCore\Debug\libArduinoCore.a(Adafruit_FONA.o)
 .comment       0x00000030       0x31 C:\Users\Saba Baig\Documents\Atmel Studio\7.0\RM\RM\ArduinoCore\Debug\libArduinoCore.a(SoftwareSerial.o)
 .comment       0x00000030       0x31 C:\Users\Saba Baig\Documents\Atmel Studio\7.0\RM\RM\ArduinoCore\Debug\libArduinoCore.a(hooks.o)
 .comment       0x00000030       0x31 C:\Users\Saba Baig\Documents\Atmel Studio\7.0\RM\RM\ArduinoCore\Debug\libArduinoCore.a(WInterrupts.o)
 .comment       0x00000030       0x31 c:/program files (x86)/atmel/studio/7.0/toolchain/avr8/avr8-gnu-toolchain/bin/../lib/gcc/avr/5.4.0/../../../../avr/lib/avr5\libc.a(malloc.o)
 .comment       0x00000030       0x31 c:/program files (x86)/atmel/studio/7.0/toolchain/avr8/avr8-gnu-toolchain/bin/../lib/gcc/avr/5.4.0/../../../../avr/lib/avr5\libc.a(strtok.o)
 .comment       0x00000030       0x31 c:/program files (x86)/atmel/studio/7.0/toolchain/avr8/avr8-gnu-toolchain/bin/../lib/gcc/avr/5.4.0/../../../../avr/lib/avr5\libc.a(strtod.o)
 .comment       0x00000030       0x2c c:/program files (x86)/atmel/studio/7.0/toolchain/avr8/avr8-gnu-toolchain/bin/../lib/gcc/avr/5.4.0/../../../../avr/lib/avr5\libc.a(errno.o)
                                 0x2d (size before relaxing)

.note.gnu.avr.deviceinfo
                0x00000000       0x40
 .note.gnu.avr.deviceinfo
                0x00000000       0x40 C:/Program Files (x86)/Atmel/Studio/7.0/Packs/atmel/ATmega_DFP/1.2.132/gcc/dev/atmega328p/avr5/crtatmega328p.o

.note.gnu.build-id
 *(.note.gnu.build-id)

.debug
 *(.debug)

.line
 *(.line)

.debug_srcinfo
 *(.debug_srcinfo)

.debug_sfnames
 *(.debug_sfnames)

.debug_aranges  0x00000000      0x868
 *(.debug_aranges)
 .debug_aranges
                0x00000000       0x38 GpsManager.o
 .debug_aranges
                0x00000038       0x38 GsmManager.o
 .debug_aranges
                0x00000070       0x28 Main_SignalLogging.o
 .debug_aranges
                0x00000098       0x28 RmMemManager.o
 .debug_aranges
                0x000000c0       0x20 src/libraries/Wire/src/utility/twi.o
 .debug_aranges
                0x000000e0       0x38 src/libraries/Wire/src/Wire.o
 .debug_aranges
                0x00000118       0x20 C:\Users\Saba Baig\Documents\Atmel Studio\7.0\RM\RM\ArduinoCore\Debug\libArduinoCore.a(abi.o)
 .debug_aranges
                0x00000138       0x68 C:\Users\Saba Baig\Documents\Atmel Studio\7.0\RM\RM\ArduinoCore\Debug\libArduinoCore.a(HardwareSerial.o)
 .debug_aranges
                0x000001a0       0x38 C:\Users\Saba Baig\Documents\Atmel Studio\7.0\RM\RM\ArduinoCore\Debug\libArduinoCore.a(HardwareSerial0.o)
 .debug_aranges
                0x000001d8       0x30 C:\Users\Saba Baig\Documents\Atmel Studio\7.0\RM\RM\ArduinoCore\Debug\libArduinoCore.a(main.o)
 .debug_aranges
                0x00000208       0x28 C:\Users\Saba Baig\Documents\Atmel Studio\7.0\RM\RM\ArduinoCore\Debug\libArduinoCore.a(new.o)
 .debug_aranges
                0x00000230       0xf0 C:\Users\Saba Baig\Documents\Atmel Studio\7.0\RM\RM\ArduinoCore\Debug\libArduinoCore.a(Print.o)
 .debug_aranges
                0x00000320       0x48 C:\Users\Saba Baig\Documents\Atmel Studio\7.0\RM\RM\ArduinoCore\Debug\libArduinoCore.a(wiring.o)
 .debug_aranges
                0x00000368       0x30 C:\Users\Saba Baig\Documents\Atmel Studio\7.0\RM\RM\ArduinoCore\Debug\libArduinoCore.a(wiring_analog.o)
 .debug_aranges
                0x00000398       0x38 C:\Users\Saba Baig\Documents\Atmel Studio\7.0\RM\RM\ArduinoCore\Debug\libArduinoCore.a(wiring_digital.o)
 .debug_aranges
                0x000003d0      0x3a0 C:\Users\Saba Baig\Documents\Atmel Studio\7.0\RM\RM\ArduinoCore\Debug\libArduinoCore.a(Adafruit_FONA.o)
 .debug_aranges
                0x00000770       0x98 C:\Users\Saba Baig\Documents\Atmel Studio\7.0\RM\RM\ArduinoCore\Debug\libArduinoCore.a(SoftwareSerial.o)
 .debug_aranges
                0x00000808       0x20 C:\Users\Saba Baig\Documents\Atmel Studio\7.0\RM\RM\ArduinoCore\Debug\libArduinoCore.a(hooks.o)
 .debug_aranges
                0x00000828       0x40 C:\Users\Saba Baig\Documents\Atmel Studio\7.0\RM\RM\ArduinoCore\Debug\libArduinoCore.a(WInterrupts.o)

.debug_pubnames
 *(.debug_pubnames)

.debug_info     0x00000000    0x1bdd8
 *(.debug_info .gnu.linkonce.wi.*)
 .debug_info    0x00000000      0x5f4 C:/Program Files (x86)/Atmel/Studio/7.0/Packs/atmel/ATmega_DFP/1.2.132/gcc/dev/atmega328p/avr5/crtatmega328p.o
 .debug_info    0x000005f4     0x1c02 GpsManager.o
 .debug_info    0x000021f6     0x1f24 GsmManager.o
 .debug_info    0x0000411a      0xe07 Main_SignalLogging.o
 .debug_info    0x00004f21     0x126b RmMemManager.o
 .debug_info    0x0000618c      0x51d src/libraries/Wire/src/utility/twi.o
 .debug_info    0x000066a9     0x2383 src/libraries/Wire/src/Wire.o
 .debug_info    0x00008a2c       0x76 C:\Users\Saba Baig\Documents\Atmel Studio\7.0\RM\RM\ArduinoCore\Debug\libArduinoCore.a(abi.o)
 .debug_info    0x00008aa2     0x1e25 C:\Users\Saba Baig\Documents\Atmel Studio\7.0\RM\RM\ArduinoCore\Debug\libArduinoCore.a(HardwareSerial.o)
 .debug_info    0x0000a8c7     0x1a19 C:\Users\Saba Baig\Documents\Atmel Studio\7.0\RM\RM\ArduinoCore\Debug\libArduinoCore.a(HardwareSerial0.o)
 .debug_info    0x0000c2e0      0x237 C:\Users\Saba Baig\Documents\Atmel Studio\7.0\RM\RM\ArduinoCore\Debug\libArduinoCore.a(main.o)
 .debug_info    0x0000c517      0x11c C:\Users\Saba Baig\Documents\Atmel Studio\7.0\RM\RM\ArduinoCore\Debug\libArduinoCore.a(new.o)
 .debug_info    0x0000c633     0x2824 C:\Users\Saba Baig\Documents\Atmel Studio\7.0\RM\RM\ArduinoCore\Debug\libArduinoCore.a(Print.o)
 .debug_info    0x0000ee57      0x2cb C:\Users\Saba Baig\Documents\Atmel Studio\7.0\RM\RM\ArduinoCore\Debug\libArduinoCore.a(wiring.o)
 .debug_info    0x0000f122      0x26d C:\Users\Saba Baig\Documents\Atmel Studio\7.0\RM\RM\ArduinoCore\Debug\libArduinoCore.a(wiring_analog.o)
 .debug_info    0x0000f38f      0x5fe C:\Users\Saba Baig\Documents\Atmel Studio\7.0\RM\RM\ArduinoCore\Debug\libArduinoCore.a(wiring_digital.o)
 .debug_info    0x0000f98d     0x99fc C:\Users\Saba Baig\Documents\Atmel Studio\7.0\RM\RM\ArduinoCore\Debug\libArduinoCore.a(Adafruit_FONA.o)
 .debug_info    0x00019389     0x27f5 C:\Users\Saba Baig\Documents\Atmel Studio\7.0\RM\RM\ArduinoCore\Debug\libArduinoCore.a(SoftwareSerial.o)
 .debug_info    0x0001bb7e       0x3e C:\Users\Saba Baig\Documents\Atmel Studio\7.0\RM\RM\ArduinoCore\Debug\libArduinoCore.a(hooks.o)
 .debug_info    0x0001bbbc      0x21c C:\Users\Saba Baig\Documents\Atmel Studio\7.0\RM\RM\ArduinoCore\Debug\libArduinoCore.a(WInterrupts.o)

.debug_abbrev   0x00000000     0x39f8
 *(.debug_abbrev)
 .debug_abbrev  0x00000000      0x5a2 C:/Program Files (x86)/Atmel/Studio/7.0/Packs/atmel/ATmega_DFP/1.2.132/gcc/dev/atmega328p/avr5/crtatmega328p.o
 .debug_abbrev  0x000005a2      0x39e GpsManager.o
 .debug_abbrev  0x00000940      0x3bf GsmManager.o
 .debug_abbrev  0x00000cff      0x308 Main_SignalLogging.o
 .debug_abbrev  0x00001007      0x30b RmMemManager.o
 .debug_abbrev  0x00001312      0x188 src/libraries/Wire/src/utility/twi.o
 .debug_abbrev  0x0000149a      0x491 src/libraries/Wire/src/Wire.o
 .debug_abbrev  0x0000192b       0x6d C:\Users\Saba Baig\Documents\Atmel Studio\7.0\RM\RM\ArduinoCore\Debug\libArduinoCore.a(abi.o)
 .debug_abbrev  0x00001998      0x432 C:\Users\Saba Baig\Documents\Atmel Studio\7.0\RM\RM\ArduinoCore\Debug\libArduinoCore.a(HardwareSerial.o)
 .debug_abbrev  0x00001dca      0x3a2 C:\Users\Saba Baig\Documents\Atmel Studio\7.0\RM\RM\ArduinoCore\Debug\libArduinoCore.a(HardwareSerial0.o)
 .debug_abbrev  0x0000216c      0x12d C:\Users\Saba Baig\Documents\Atmel Studio\7.0\RM\RM\ArduinoCore\Debug\libArduinoCore.a(main.o)
 .debug_abbrev  0x00002299       0xce C:\Users\Saba Baig\Documents\Atmel Studio\7.0\RM\RM\ArduinoCore\Debug\libArduinoCore.a(new.o)
 .debug_abbrev  0x00002367      0x469 C:\Users\Saba Baig\Documents\Atmel Studio\7.0\RM\RM\ArduinoCore\Debug\libArduinoCore.a(Print.o)
 .debug_abbrev  0x000027d0      0x146 C:\Users\Saba Baig\Documents\Atmel Studio\7.0\RM\RM\ArduinoCore\Debug\libArduinoCore.a(wiring.o)
 .debug_abbrev  0x00002916      0x16b C:\Users\Saba Baig\Documents\Atmel Studio\7.0\RM\RM\ArduinoCore\Debug\libArduinoCore.a(wiring_analog.o)
 .debug_abbrev  0x00002a81      0x15b C:\Users\Saba Baig\Documents\Atmel Studio\7.0\RM\RM\ArduinoCore\Debug\libArduinoCore.a(wiring_digital.o)
 .debug_abbrev  0x00002bdc      0x6e9 C:\Users\Saba Baig\Documents\Atmel Studio\7.0\RM\RM\ArduinoCore\Debug\libArduinoCore.a(Adafruit_FONA.o)
 .debug_abbrev  0x000032c5      0x60d C:\Users\Saba Baig\Documents\Atmel Studio\7.0\RM\RM\ArduinoCore\Debug\libArduinoCore.a(SoftwareSerial.o)
 .debug_abbrev  0x000038d2       0x2a C:\Users\Saba Baig\Documents\Atmel Studio\7.0\RM\RM\ArduinoCore\Debug\libArduinoCore.a(hooks.o)
 .debug_abbrev  0x000038fc       0xfc C:\Users\Saba Baig\Documents\Atmel Studio\7.0\RM\RM\ArduinoCore\Debug\libArduinoCore.a(WInterrupts.o)

.debug_line     0x00000000     0x71d2
 *(.debug_line .debug_line.* .debug_line_end)
 .debug_line    0x00000000      0x133 C:/Program Files (x86)/Atmel/Studio/7.0/Packs/atmel/ATmega_DFP/1.2.132/gcc/dev/atmega328p/avr5/crtatmega328p.o
 .debug_line    0x00000133      0x709 GpsManager.o
 .debug_line    0x0000083c      0x863 GsmManager.o
 .debug_line    0x0000109f      0x7a8 Main_SignalLogging.o
 .debug_line    0x00001847      0x934 RmMemManager.o
 .debug_line    0x0000217b      0x8f4 src/libraries/Wire/src/utility/twi.o
 .debug_line    0x00002a6f      0x707 src/libraries/Wire/src/Wire.o
 .debug_line    0x00003176       0xa9 C:\Users\Saba Baig\Documents\Atmel Studio\7.0\RM\RM\ArduinoCore\Debug\libArduinoCore.a(abi.o)
 .debug_line    0x0000321f      0x426 C:\Users\Saba Baig\Documents\Atmel Studio\7.0\RM\RM\ArduinoCore\Debug\libArduinoCore.a(HardwareSerial.o)
 .debug_line    0x00003645      0x257 C:\Users\Saba Baig\Documents\Atmel Studio\7.0\RM\RM\ArduinoCore\Debug\libArduinoCore.a(HardwareSerial0.o)
 .debug_line    0x0000389c      0x165 C:\Users\Saba Baig\Documents\Atmel Studio\7.0\RM\RM\ArduinoCore\Debug\libArduinoCore.a(main.o)