Archive member included to satisfy reference by file (symbol)

c:/program files (x86)/atmel/studio/7.0/toolchain/avr8/avr8-gnu-toolchain/bin/../lib/gcc/avr/5.4.0/../../../../avr/lib/avr5\libm.a(addsf3.o)
                              Sketch.o (__addsf3)
c:/program files (x86)/atmel/studio/7.0/toolchain/avr8/avr8-gnu-toolchain/bin/../lib/gcc/avr/5.4.0/../../../../avr/lib/avr5\libm.a(addsf3x.o)
                              c:/program files (x86)/atmel/studio/7.0/toolchain/avr8/avr8-gnu-toolchain/bin/../lib/gcc/avr/5.4.0/../../../../avr/lib/avr5\libm.a(addsf3.o) (__addsf3x)
c:/program files (x86)/atmel/studio/7.0/toolchain/avr8/avr8-gnu-toolchain/bin/../lib/gcc/avr/5.4.0/../../../../avr/lib/avr5\libm.a(divsf3.o)
                              Sketch.o (__divsf3)
c:/program files (x86)/atmel/studio/7.0/toolchain/avr8/avr8-gnu-toolchain/bin/../lib/gcc/avr/5.4.0/../../../../avr/lib/avr5\libm.a(divsf3x.o)
                              c:/program files (x86)/atmel/studio/7.0/toolchain/avr8/avr8-gnu-toolchain/bin/../lib/gcc/avr/5.4.0/../../../../avr/lib/avr5\libm.a(divsf3.o) (__divsf3x)
c:/program files (x86)/atmel/studio/7.0/toolchain/avr8/avr8-gnu-toolchain/bin/../lib/gcc/avr/5.4.0/../../../../avr/lib/avr5\libm.a(fixsfsi.o)
                              Sketch.o (__fixsfsi)
c:/program files (x86)/atmel/studio/7.0/toolchain/avr8/avr8-gnu-toolchain/bin/../lib/gcc/avr/5.4.0/../../../../avr/lib/avr5\libm.a(fixunssfsi.o)
                              Sketch.o (__fixunssfsi)
c:/program files (x86)/atmel/studio/7.0/toolchain/avr8/avr8-gnu-toolchain/bin/../lib/gcc/avr/5.4.0/../../../../avr/lib/avr5\libm.a(floatsisf.o)
                              Sketch.o (__floatsisf)
c:/program files (x86)/atmel/studio/7.0/toolchain/avr8/avr8-gnu-toolchain/bin/../lib/gcc/avr/5.4.0/../../../../avr/lib/avr5\libm.a(fp_inf.o)
                              c:/program files (x86)/atmel/studio/7.0/toolchain/avr8/avr8-gnu-toolchain/bin/../lib/gcc/avr/5.4.0/../../../../avr/lib/avr5\libm.a(addsf3x.o) (__fp_inf)
c:/program files (x86)/atmel/studio/7.0/toolchain/avr8/avr8-gnu-toolchain/bin/../lib/gcc/avr/5.4.0/../../../../avr/lib/avr5\libm.a(fp_nan.o)
                              c:/program files (x86)/atmel/studio/7.0/toolchain/avr8/avr8-gnu-toolchain/bin/../lib/gcc/avr/5.4.0/../../../../avr/lib/avr5\libm.a(addsf3x.o) (__fp_nan)
c:/program files (x86)/atmel/studio/7.0/toolchain/avr8/avr8-gnu-toolchain/bin/../lib/gcc/avr/5.4.0/../../../../avr/lib/avr5\libm.a(fp_pscA.o)
                              c:/program files (x86)/atmel/studio/7.0/toolchain/avr8/avr8-gnu-toolchain/bin/../lib/gcc/avr/5.4.0/../../../../avr/lib/avr5\libm.a(addsf3x.o) (__fp_pscA)
c:/program files (x86)/atmel/studio/7.0/toolchain/avr8/avr8-gnu-toolchain/bin/../lib/gcc/avr/5.4.0/../../../../avr/lib/avr5\libm.a(fp_pscB.o)
                              c:/program files (x86)/atmel/studio/7.0/toolchain/avr8/avr8-gnu-toolchain/bin/../lib/gcc/avr/5.4.0/../../../../avr/lib/avr5\libm.a(addsf3x.o) (__fp_pscB)
c:/program files (x86)/atmel/studio/7.0/toolchain/avr8/avr8-gnu-toolchain/bin/../lib/gcc/avr/5.4.0/../../../../avr/lib/avr5\libm.a(fp_round.o)
                              c:/program files (x86)/atmel/studio/7.0/toolchain/avr8/avr8-gnu-toolchain/bin/../lib/gcc/avr/5.4.0/../../../../avr/lib/avr5\libm.a(addsf3.o) (__fp_round)
c:/program files (x86)/atmel/studio/7.0/toolchain/avr8/avr8-gnu-toolchain/bin/../lib/gcc/avr/5.4.0/../../../../avr/lib/avr5\libm.a(fp_split3.o)
                              c:/program files (x86)/atmel/studio/7.0/toolchain/avr8/avr8-gnu-toolchain/bin/../lib/gcc/avr/5.4.0/../../../../avr/lib/avr5\libm.a(addsf3x.o) (__fp_split3)
c:/program files (x86)/atmel/studio/7.0/toolchain/avr8/avr8-gnu-toolchain/bin/../lib/gcc/avr/5.4.0/../../../../avr/lib/avr5\libm.a(fp_zero.o)
                              c:/program files (x86)/atmel/studio/7.0/toolchain/avr8/avr8-gnu-toolchain/bin/../lib/gcc/avr/5.4.0/../../../../avr/lib/avr5\libm.a(addsf3x.o) (__fp_zero)
c:/program files (x86)/atmel/studio/7.0/toolchain/avr8/avr8-gnu-toolchain/bin/../lib/gcc/avr/5.4.0/../../../../avr/lib/avr5\libm.a(gesf2.o)
                              Sketch.o (__gtsf2)
c:/program files (x86)/atmel/studio/7.0/toolchain/avr8/avr8-gnu-toolchain/bin/../lib/gcc/avr/5.4.0/../../../../avr/lib/avr5\libm.a(mulsf3.o)
                              Sketch.o (__mulsf3)
c:/program files (x86)/atmel/studio/7.0/toolchain/avr8/avr8-gnu-toolchain/bin/../lib/gcc/avr/5.4.0/../../../../avr/lib/avr5\libm.a(mulsf3x.o)
                              c:/program files (x86)/atmel/studio/7.0/toolchain/avr8/avr8-gnu-toolchain/bin/../lib/gcc/avr/5.4.0/../../../../avr/lib/avr5\libm.a(mulsf3.o) (__mulsf3x)
c:/program files (x86)/atmel/studio/7.0/toolchain/avr8/avr8-gnu-toolchain/bin/../lib/gcc/avr/5.4.0/../../../../avr/lib/avr5\libm.a(fp_cmp.o)
                              c:/program files (x86)/atmel/studio/7.0/toolchain/avr8/avr8-gnu-toolchain/bin/../lib/gcc/avr/5.4.0/../../../../avr/lib/avr5\libm.a(gesf2.o) (__fp_cmp)
[...]
Memory Configuration

Name             Origin             Length             Attributes
text             0x00000000         0x00020000         xr
data             0x00800060         0x0000ffa0         rw !x
eeprom           0x00810000         0x00010000         rw !x
fuse             0x00820000         0x00000003         rw !x
lock             0x00830000         0x00000400         rw !x
signature        0x00840000         0x00000400         rw !x
user_signatures  0x00850000         0x00000400         rw !x
*default*        0x00000000         0xffffffff

Linker script and memory map

Address of section .data set to 0x800100
LOAD C:/Program Files (x86)/Atmel/Studio/7.0/Packs/atmel/ATmega_DFP/1.2.132/gcc/dev/atmega328p/avr5/crtatmega328p.o
LOAD GPS.o
LOAD GsmManager.o
LOAD Helpers.o
LOAD RmMemManager.o
LOAD Sketch.o
LOAD src/libraries/Wire/src/utility/twi.o
LOAD src/libraries/Wire/src/Wire.o
LOAD Tester.o
LOAD Timing.o
START GROUP
LOAD c:/program files (x86)/atmel/studio/7.0/toolchain/avr8/avr8-gnu-toolchain/bin/../lib/gcc/avr/5.4.0/../../../../avr/lib/avr5\libm.a
LOAD C:\Users\Numaan\Documents\Atmel Studio\7.0\RM\RM\ArduinoCore\Debug\libArduinoCore.a
END GROUP
LOAD c:/program files (x86)/atmel/studio/7.0/toolchain/avr8/avr8-gnu-toolchain/bin/../lib/gcc/avr/5.4.0/avr5\libgcc.a
LOAD c:/program files (x86)/atmel/studio/7.0/toolchain/avr8/avr8-gnu-toolchain/bin/../lib/gcc/avr/5.4.0/../../../../avr/lib/avr5\libm.a
START GROUP
LOAD c:/program files (x86)/atmel/studio/7.0/toolchain/avr8/avr8-gnu-toolchain/bin/../lib/gcc/avr/5.4.0/avr5\libgcc.a
LOAD c:/program files (x86)/atmel/studio/7.0/toolchain/avr8/avr8-gnu-toolchain/bin/../lib/gcc/avr/5.4.0/../../../../avr/lib/avr5\libm.a
LOAD c:/program files (x86)/atmel/studio/7.0/toolchain/avr8/avr8-gnu-toolchain/bin/../lib/gcc/avr/5.4.0/../../../../avr/lib/avr5\libc.a
LOAD C:/Program Files (x86)/Atmel/Studio/7.0/Packs/atmel/ATmega_DFP/1.2.132/gcc/dev/atmega328p/avr5\libatmega328p.a
END GROUP
                0x00020000                __TEXT_REGION_LENGTH__ = DEFINED (__TEXT_REGION_LENGTH__)?__TEXT_REGION_LENGTH__:0x20000
                0x0000ffa0                __DATA_REGION_LENGTH__ = DEFINED (__DATA_REGION_LENGTH__)?__DATA_REGION_LENGTH__:0xffa0
                0x00010000                __EEPROM_REGION_LENGTH__ = DEFINED (__EEPROM_REGION_LENGTH__)?__EEPROM_REGION_LENGTH__:0x10000
                [0x00000003]                __FUSE_REGION_LENGTH__ = DEFINED (__FUSE_REGION_LENGTH__)?__FUSE_REGION_LENGTH__:0x400
                0x00000400                __LOCK_REGION_LENGTH__ = DEFINED (__LOCK_REGION_LENGTH__)?__LOCK_REGION_LENGTH__:0x400
                0x00000400                __SIGNATURE_REGION_LENGTH__ = DEFINED (__SIGNATURE_REGION_LENGTH__)?__SIGNATURE_REGION_LENGTH__:0x400
                0x00000400                __USER_SIGNATURE_REGION_LENGTH__ = DEFINED (__USER_SIGNATURE_REGION_LENGTH__)?__USER_SIGNATURE_REGION_LENGTH__:0x400

.hash
 *(.hash)

.dynsym
 *(.dynsym)

.dynstr
 *(.dynstr)

.gnu.version
 *(.gnu.version)

.gnu.version_d
 *(.gnu.version_d)

.gnu.version_r
 *(.gnu.version_r)

.rel.init
 *(.rel.init)

.rela.init
 *(.rela.init)

.rel.text
 *(.rel.text)
 *(.rel.text.*)
 *(.rel.gnu.linkonce.t*)

.rela.text
 *(.rela.text)
 *(.rela.text.*)
 *(.rela.gnu.linkonce.t*)

.rel.fini
 *(.rel.fini)

.rela.fini
 *(.rela.fini)

.rel.rodata
 *(.rel.rodata)
 *(.rel.rodata.*)
 *(.rel.gnu.linkonce.r*)

.rela.rodata
 *(.rela.rodata)
 *(.rela.rodata.*)
 *(.rela.gnu.linkonce.r*)

.rel.data
 *(.rel.data)
 *(.rel.data.*)
 *(.rel.gnu.linkonce.d*)

.rela.data
 *(.rela.data)
 *(.rela.data.*)
 *(.rela.gnu.linkonce.d*)

.rel.ctors
 *(.rel.ctors)

.rela.ctors
 *(.rela.ctors)

.rel.dtors
 *(.rel.dtors)

.rela.dtors
 *(.rela.dtors)

.rel.got
 *(.rel.got)

.rela.got
 *(.rela.got)

.rel.bss
 *(.rel.bss)

.rela.bss
 *(.rela.bss)

.rel.plt
 *(.rel.plt)

.rela.plt
 *(.rela.plt)

.text           0x00000000     0x6af8
 *(.vectors)
 .vectors       0x00000000       0x68 C:/Program Files (x86)/Atmel/Studio/7.0/Packs/atmel/ATmega_DFP/1.2.132/gcc/dev/atmega328p/avr5/crtatmega328p.o
                0x00000000                __vector_default
                0x00000000                __vectors
 *(.vectors)
 *(.progmem.gcc*)
 .progmem.gcc_sw_table.__vector_24
                0x00000068      0x192 src/libraries/Wire/src/utility/twi.o
                0x000001fa                . = ALIGN (0x2)
                0x000001fa                __trampolines_start = .
 *(.trampolines)
 .trampolines   0x000001fa        0x0 linker stubs
 *(.trampolines*)
                0x000001fa                __trampolines_end = .
 *libprintf_flt.a:*(.progmem.data)
 *libc.a:*(.progmem.data)
 *(.progmem*)
 .progmem.data._ZZN10GsmManager11sendViaGprsEPcE3__c_3
                0x000001fa        0xb GsmManager.o
 .progmem.data._ZZN10GsmManager11sendViaGprsEPcE3__c_0
                0x00000205        0xb GsmManager.o
 .progmem.data._ZZN10GsmManager11sendViaGprsEPcE3__c_1
                0x00000210        0x1 GsmManager.o
 .progmem.data._ZZN10GsmManager11sendViaGprsEPcE3__c_2
                0x00000211        0x1 GsmManager.o
 .progmem.data._ZZN10GsmManager11sendViaGprsEPcE3__c
                0x00000212        0xb GsmManager.o
 .progmem.data._ZZ18ensureBatteryLevelvE3__c_0
                0x0000021d       0x17 Sketch.o
 .progmem.data._ZZ18ensureBatteryLevelvE3__c
                0x00000234       0x14 Sketch.o
 .progmem.data._ZZ16readSensorsAsyncvE3__c_3
                0x00000248       0x11 Sketch.o
 .progmem.data._ZZ16readSensorsAsyncvE3__c_2
                0x00000259       0x11 Sketch.o
 .progmem.data._ZZ16readSensorsAsyncvE3__c_1
                0x0000026a       0x16 Sketch.o
 .progmem.data._ZZ16readSensorsAsyncvE3__c_0
                0x00000280       0x16 Sketch.o
 .progmem.data._ZZ16readSensorsAsyncvE3__c
                0x00000296       0x10 Sketch.o
 .progmem.data._ZZ20execTransmitReadingsR14DailyCycleDataE3__c_1
                0x000002a6       0x13 Sketch.o
 .progmem.data._ZZ20execTransmitReadingsR14DailyCycleDataE3__c_0
                0x000002b9       0x15 Sketch.o
 .progmem.data._ZZ20execTransmitReadingsR14DailyCycleDataE3__c
                0x000002ce       0x1a Sketch.o
 .progmem.data._ZZ9loopCyclevE3__c_2
                0x000002e8        0xb Sketch.o
 .progmem.data._ZZ9loopCyclevE3__c_1
                0x000002f3       0x12 Sketch.o
 .progmem.data._ZZ9loopCyclevE3__c_0
                0x00000305       0x1a Sketch.o
 .progmem.data._ZZ9loopCyclevE3__c
                0x0000031f       0x13 Sketch.o
 .progmem.data._ZZ4loopE3__c
                0x00000332        0xa Sketch.o
 .progmem.data._ZZ5setupE3__c
                0x0000033c        0x8 Sketch.o
 .progmem.data.digital_pin_to_timer_PGM
                0x00000344       0x14 C:\Users\Numaan\Documents\Atmel Studio\7.0\RM\RM\ArduinoCore\Debug\libArduinoCore.a(wiring_digital.o)
                0x00000344                digital_pin_to_timer_PGM
 .progmem.data.digital_pin_to_bit_mask_PGM
                0x00000358       0x14 C:\Users\Numaan\Documents\Atmel Studio\7.0\RM\RM\ArduinoCore\Debug\libArduinoCore.a(wiring_digital.o)
                0x00000358                digital_pin_to_bit_mask_PGM
 .progmem.data.digital_pin_to_port_PGM
                0x0000036c       0x14 C:\Users\Numaan\Documents\Atmel Studio\7.0\RM\RM\ArduinoCore\Debug\libArduinoCore.a(wiring_digital.o)
                0x0000036c                digital_pin_to_port_PGM
 .progmem.data.port_to_input_PGM
                0x00000380        0xa C:\Users\Numaan\Documents\Atmel Studio\7.0\RM\RM\ArduinoCore\Debug\libArduinoCore.a(wiring_digital.o)
                0x00000380                port_to_input_PGM
 .progmem.data.port_to_output_PGM
                0x0000038a        0xa C:\Users\Numaan\Documents\Atmel Studio\7.0\RM\RM\ArduinoCore\Debug\libArduinoCore.a(wiring_digital.o)
                0x0000038a                port_to_output_PGM
 .progmem.data.port_to_mode_PGM
                0x00000394        0xa C:\Users\Numaan\Documents\Atmel Studio\7.0\RM\RM\ArduinoCore\Debug\libArduinoCore.a(wiring_digital.o)
                0x00000394                port_to_mode_PGM
 .progmem.data._ZZN13Adafruit_FONA14getReplyQuotedEPK19__FlashStringHelperS2_jE3__c_0
                0x0000039e        0x7 C:\Users\Numaan\Documents\Atmel Studio\7.0\RM\RM\ArduinoCore\Debug\libArduinoCore.a(Adafruit_FONA.o)
 .progmem.data._ZZN13Adafruit_FONA14getReplyQuotedEPK19__FlashStringHelperS2_jE3__c
                0x000003a5        0x7 C:\Users\Numaan\Documents\Atmel Studio\7.0\RM\RM\ArduinoCore\Debug\libArduinoCore.a(Adafruit_FONA.o)
 .progmem.data._ZZN13Adafruit_FONA8getReplyEPK19__FlashStringHelperljE3__c_0
                0x000003ac        0x7 C:\Users\Numaan\Documents\Atmel Studio\7.0\RM\RM\ArduinoCore\Debug\libArduinoCore.a(Adafruit_FONA.o)
 .progmem.data._ZZN13Adafruit_FONA8getReplyEPK19__FlashStringHelperljE3__c
                0x000003b3        0x7 C:\Users\Numaan\Documents\Atmel Studio\7.0\RM\RM\ArduinoCore\Debug\libArduinoCore.a(Adafruit_FONA.o)
 .progmem.data._ZZN13Adafruit_FONA8getReplyEPK19__FlashStringHelperjE3__c_0
                0x000003ba        0x7 C:\Users\Numaan\Documents\Atmel Studio\7.0\RM\RM\ArduinoCore\Debug\libArduinoCore.a(Adafruit_FONA.o)
 .progmem.data._ZZN13Adafruit_FONA8getReplyEPK19__FlashStringHelperjE3__c
                0x000003c1        0x7 C:\Users\Numaan\Documents\Atmel Studio\7.0\RM\RM\ArduinoCore\Debug\libArduinoCore.a(Adafruit_FONA.o)
 .progmem.data._ZZN13Adafruit_FONA8getReplyEPcjE3__c_0
                0x000003c8        0x7 C:\Users\Numaan\Documents\Atmel Studio\7.0\RM\RM\ArduinoCore\Debug\libArduinoCore.a(Adafruit_FONA.o)
 .progmem.data._ZZN13Adafruit_FONA8getReplyEPcjE3__c
                0x000003cf        0x7 C:\Users\Numaan\Documents\Atmel Studio\7.0\RM\RM\ArduinoCore\Debug\libArduinoCore.a(Adafruit_FONA.o)
 .progmem.data._ZZN13Adafruit_FONA8readlineEjbE3__c_0
                0x000003d6        0x8 C:\Users\Numaan\Documents\Atmel Studio\7.0\RM\RM\ArduinoCore\Debug\libArduinoCore.a(Adafruit_FONA.o)
 .progmem.data._ZZN13Adafruit_FONA8readlineEjbE3__c
                0x000003de        0x6 C:\Users\Numaan\Documents\Atmel Studio\7.0\RM\RM\ArduinoCore\Debug\libArduinoCore.a(Adafruit_FONA.o)
 .progmem.data._ZZN13Adafruit_FONA11expectReplyEPK19__FlashStringHelperjE3__c
                0x000003e4        0x7 C:\Users\Numaan\Documents\Atmel Studio\7.0\RM\RM\ArduinoCore\Debug\libArduinoCore.a(Adafruit_FONA.o)
 .progmem.data._ZZN13Adafruit_FONA10HTTP_setupEPcE3__c_2
                0x000003eb        0x6 C:\Users\Numaan\Documents\Atmel Studio\7.0\RM\RM\ArduinoCore\Debug\libArduinoCore.a(Adafruit_FONA.o)
 .progmem.data._ZZN13Adafruit_FONA10HTTP_setupEPcE3__c_1
                0x000003f1        0x4 C:\Users\Numaan\Documents\Atmel Studio\7.0\RM\RM\ArduinoCore\Debug\libArduinoCore.a(Adafruit_FONA.o)
 .progmem.data._ZZN13Adafruit_FONA10HTTP_setupEPcE3__c_0
                0x000003f5        0x3 C:\Users\Numaan\Documents\Atmel Studio\7.0\RM\RM\ArduinoCore\Debug\libArduinoCore.a(Adafruit_FONA.o)
 .progmem.data._ZZN13Adafruit_FONA10HTTP_setupEPcE3__c
                0x000003f8        0x4 C:\Users\Numaan\Documents\Atmel Studio\7.0\RM\RM\ArduinoCore\Debug\libArduinoCore.a(Adafruit_FONA.o)
 .progmem.data._ZZN13Adafruit_FONA15HTTP_POST_startEPcPK19__FlashStringHelperPKhjPjS6_E3__c_1
                0x000003fc        0x6 C:\Users\Numaan\Documents\Atmel Studio\7.0\RM\RM\ArduinoCore\Debug\libArduinoCore.a(Adafruit_FONA.o)
 .progmem.data._ZZN13Adafruit_FONA15HTTP_POST_startEPcPK19__FlashStringHelperPKhjPjS6_E3__c_0
                0x00000402        0x9 C:\Users\Numaan\Documents\Atmel Studio\7.0\RM\RM\ArduinoCore\Debug\libArduinoCore.a(Adafruit_FONA.o)
 .progmem.data._ZZN13Adafruit_FONA15HTTP_POST_startEPcPK19__FlashStringHelperPKhjPjS6_E3__c
                0x0000040b        0x8 C:\Users\Numaan\Documents\Atmel Studio\7.0\RM\RM\ArduinoCore\Debug\libArduinoCore.a(Adafruit_FONA.o)
 .progmem.data._ZZN13Adafruit_FONA8HTTP_sslEbE3__c
                0x00000413        0xc C:\Users\Numaan\Documents\Atmel Studio\7.0\RM\RM\ArduinoCore\Debug\libArduinoCore.a(Adafruit_FONA.o)
 .progmem.data._ZZN13Adafruit_FONA12HTTP_readallEPjE3__c_0
                0x0000041f        0xb C:\Users\Numaan\Documents\Atmel Studio\7.0\RM\RM\ArduinoCore\Debug\libArduinoCore.a(Adafruit_FONA.o)
 .progmem.data._ZZN13Adafruit_FONA12HTTP_readallEPjE3__c
                0x0000042a        0xc C:\Users\Numaan\Documents\Atmel Studio\7.0\RM\RM\ArduinoCore\Debug\libArduinoCore.a(Adafruit_FONA.o)
 .progmem.data._ZZN13Adafruit_FONA11HTTP_actionEhPjS0_lE3__c_1
                0x00000436        0xd C:\Users\Numaan\Documents\Atmel Studio\7.0\RM\RM\ArduinoCore\Debug\libArduinoCore.a(Adafruit_FONA.o)
 .progmem.data._ZZN13Adafruit_FONA11HTTP_actionEhPjS0_lE3__c_0
                0x00000443        0xd C:\Users\Numaan\Documents\Atmel Studio\7.0\RM\RM\ArduinoCore\Debug\libArduinoCore.a(Adafruit_FONA.o)
 .progmem.data._ZZN13Adafruit_FONA11HTTP_actionEhPjS0_lE3__c
                0x00000450        0xf C:\Users\Numaan\Documents\Atmel Studio\7.0\RM\RM\ArduinoCore\Debug\libArduinoCore.a(Adafruit_FONA.o)
 .progmem.data._ZZN13Adafruit_FONA9HTTP_dataEmmE3__c_2
                0x0000045f        0x9 C:\Users\Numaan\Documents\Atmel Studio\7.0\RM\RM\ArduinoCore\Debug\libArduinoCore.a(Adafruit_FONA.o)
 .progmem.data._ZZN13Adafruit_FONA9HTTP_dataEmmE3__c_1
                0x00000468        0xd C:\Users\Numaan\Documents\Atmel Studio\7.0\RM\RM\ArduinoCore\Debug\libArduinoCore.a(Adafruit_FONA.o)
 .progmem.data._ZZN13Adafruit_FONA9HTTP_dataEmmE3__c_0
                0x00000475        0xd C:\Users\Numaan\Documents\Atmel Studio\7.0\RM\RM\ArduinoCore\Debug\libArduinoCore.a(Adafruit_FONA.o)
 .progmem.data._ZZN13Adafruit_FONA9HTTP_dataEmmE3__c
                0x00000482        0x7 C:\Users\Numaan\Documents\Atmel Studio\7.0\RM\RM\ArduinoCore\Debug\libArduinoCore.a(Adafruit_FONA.o)
 .progmem.data._ZZN13Adafruit_FONA15HTTP_para_startEPK19__FlashStringHelperbE3__c_3
                0x00000489        0x3 C:\Users\Numaan\Documents\Atmel Studio\7.0\RM\RM\ArduinoCore\Debug\libArduinoCore.a(Adafruit_FONA.o)
 .progmem.data._ZZN13Adafruit_FONA15HTTP_para_startEPK19__FlashStringHelperbE3__c_2
                0x0000048c        0x4 C:\Users\Numaan\Documents\Atmel Studio\7.0\RM\RM\ArduinoCore\Debug\libArduinoCore.a(Adafruit_FONA.o)
 .progmem.data._ZZN13Adafruit_FONA15HTTP_para_startEPK19__FlashStringHelperbE3__c_1
                0x00000490        0xe C:\Users\Numaan\Documents\Atmel Studio\7.0\RM\RM\ArduinoCore\Debug\libArduinoCore.a(Adafruit_FONA.o)
 .progmem.data._ZZN13Adafruit_FONA15HTTP_para_startEPK19__FlashStringHelperbE3__c_0
                0x0000049e        0xe C:\Users\Numaan\Documents\Atmel Studio\7.0\RM\RM\ArduinoCore\Debug\libArduinoCore.a(Adafruit_FONA.o)
 .progmem.data._ZZN13Adafruit_FONA15HTTP_para_startEPK19__FlashStringHelperbE3__c
                0x000004ac        0x7 C:\Users\Numaan\Documents\Atmel Studio\7.0\RM\RM\ArduinoCore\Debug\libArduinoCore.a(Adafruit_FONA.o)
 .progmem.data._ZZN13Adafruit_FONA9HTTP_termEvE3__c
                0x000004b3        0xc C:\Users\Numaan\Documents\Atmel Studio\7.0\RM\RM\ArduinoCore\Debug\libArduinoCore.a(Adafruit_FONA.o)
 .progmem.data._ZZN13Adafruit_FONA9HTTP_initEvE3__c
                0x000004bf        0xc C:\Users\Numaan\Documents\Atmel Studio\7.0\RM\RM\ArduinoCore\Debug\libArduinoCore.a(Adafruit_FONA.o)
 .progmem.data._ZZN13Adafruit_FONA10enableGPRSEbE3__c_14
                0x000004cb        0xb C:\Users\Numaan\Documents\Atmel Studio\7.0\RM\RM\ArduinoCore\Debug\libArduinoCore.a(Adafruit_FONA.o)
 .progmem.data._ZZN13Adafruit_FONA10enableGPRSEbE3__c_13
                0x000004d6        0xd C:\Users\Numaan\Documents\Atmel Studio\7.0\RM\RM\ArduinoCore\Debug\libArduinoCore.a(Adafruit_FONA.o)
 .progmem.data._ZZN13Adafruit_FONA10enableGPRSEbE3__c_11
                0x000004e3        0xb C:\Users\Numaan\Documents\Atmel Studio\7.0\RM\RM\ArduinoCore\Debug\libArduinoCore.a(Adafruit_FONA.o)
 .progmem.data._ZZN13Adafruit_FONA10enableGPRSEbE3__c_12
                0x000004ee        0x8 C:\Users\Numaan\Documents\Atmel Studio\7.0\RM\RM\ArduinoCore\Debug\libArduinoCore.a(Adafruit_FONA.o)
 .progmem.data._ZZN13Adafruit_FONA10enableGPRSEbE3__c_10
                0x000004f6        0x9 C:\Users\Numaan\Documents\Atmel Studio\7.0\RM\RM\ArduinoCore\Debug\libArduinoCore.a(Adafruit_FONA.o)
 .progmem.data._ZZN13Adafruit_FONA10enableGPRSEbE3__c_9
                0x000004ff        0xd C:\Users\Numaan\Documents\Atmel Studio\7.0\RM\RM\ArduinoCore\Debug\libArduinoCore.a(Adafruit_FONA.o)
 .progmem.data._ZZN13Adafruit_FONA10enableGPRSEbE3__c_8
                0x0000050c       0x14 C:\Users\Numaan\Documents\Atmel Studio\7.0\RM\RM\ArduinoCore\Debug\libArduinoCore.a(Adafruit_FONA.o)
 .progmem.data._ZZN13Adafruit_FONA10enableGPRSEbE3__c_7
                0x00000520       0x15 C:\Users\Numaan\Documents\Atmel Studio\7.0\RM\RM\ArduinoCore\Debug\libArduinoCore.a(Adafruit_FONA.o)
 .progmem.data._ZZN13Adafruit_FONA10enableGPRSEbE3__c_6
                0x00000535        0xa C:\Users\Numaan\Documents\Atmel Studio\7.0\RM\RM\ArduinoCore\Debug\libArduinoCore.a(Adafruit_FONA.o)
 .progmem.data._ZZN13Adafruit_FONA10enableGPRSEbE3__c_5
                0x0000053f        0x7 C:\Users\Numaan\Documents\Atmel Studio\7.0\RM\RM\ArduinoCore\Debug\libArduinoCore.a(Adafruit_FONA.o)
 .progmem.data._ZZN13Adafruit_FONA10enableGPRSEbE3__c_4
                0x00000546        0xa C:\Users\Numaan\Documents\Atmel Studio\7.0\RM\RM\ArduinoCore\Debug\libArduinoCore.a(Adafruit_FONA.o)
 .progmem.data._ZZN13Adafruit_FONA10enableGPRSEbE3__c_3
                0x00000550       0x14 C:\Users\Numaan\Documents\Atmel Studio\7.0\RM\RM\ArduinoCore\Debug\libArduinoCore.a(Adafruit_FONA.o)
 .progmem.data._ZZN13Adafruit_FONA10enableGPRSEbE3__c_2
                0x00000564       0x1e C:\Users\Numaan\Documents\Atmel Studio\7.0\RM\RM\ArduinoCore\Debug\libArduinoCore.a(Adafruit_FONA.o)
 .progmem.data._ZZN13Adafruit_FONA10enableGPRSEbE3__c_1
                0x00000582        0xb C:\Users\Numaan\Documents\Atmel Studio\7.0\RM\RM\ArduinoCore\Debug\libArduinoCore.a(Adafruit_FONA.o)
 .progmem.data._ZZN13Adafruit_FONA10enableGPRSEbE3__c
                0x0000058d        0xb C:\Users\Numaan\Documents\Atmel Studio\7.0\RM\RM\ArduinoCore\Debug\libArduinoCore.a(Adafruit_FONA.o)
 .progmem.data._ZZN13Adafruit_FONA10enableGPRSEbE3__c_0
                0x00000598        0x8 C:\Users\Numaan\Documents\Atmel Studio\7.0\RM\RM\ArduinoCore\Debug\libArduinoCore.a(Adafruit_FONA.o)
 .progmem.data._ZZN13Adafruit_FONA7sendSMSEPcS0_E3__c_1
                0x000005a0        0x3 C:\Users\Numaan\Documents\Atmel Studio\7.0\RM\RM\ArduinoCore\Debug\libArduinoCore.a(Adafruit_FONA.o)
 .progmem.data._ZZN13Adafruit_FONA7sendSMSEPcS0_E3__c_0
                0x000005a3        0x3 C:\Users\Numaan\Documents\Atmel Studio\7.0\RM\RM\ArduinoCore\Debug\libArduinoCore.a(Adafruit_FONA.o)
 .progmem.data._ZZN13Adafruit_FONA7sendSMSEPcS0_E3__c
                0x000005a6        0xa C:\Users\Numaan\Documents\Atmel Studio\7.0\RM\RM\ArduinoCore\Debug\libArduinoCore.a(Adafruit_FONA.o)
 .progmem.data._ZZN13Adafruit_FONA7getRSSIEvE3__c
                0x000005b0        0x7 C:\Users\Numaan\Documents\Atmel Studio\7.0\RM\RM\ArduinoCore\Debug\libArduinoCore.a(Adafruit_FONA.o)
 .progmem.data._ZZN13Adafruit_FONA7getRSSIEvE3__c_0
                0x000005b7        0x7 C:\Users\Numaan\Documents\Atmel Studio\7.0\RM\RM\ArduinoCore\Debug\libArduinoCore.a(Adafruit_FONA.o)
 .progmem.data._ZZN13Adafruit_FONA16getNetworkStatusEvE3__c
                0x000005be        0x9 C:\Users\Numaan\Documents\Atmel Studio\7.0\RM\RM\ArduinoCore\Debug\libArduinoCore.a(Adafruit_FONA.o)
 .progmem.data._ZZN13Adafruit_FONA16getNetworkStatusEvE3__c_0
                0x000005c7        0x8 C:\Users\Numaan\Documents\Atmel Studio\7.0\RM\RM\ArduinoCore\Debug\libArduinoCore.a(Adafruit_FONA.o)
 .progmem.data._ZZN13Adafruit_FONA14getBattPercentEPjE3__c
                0x000005cf        0x7 C:\Users\Numaan\Documents\Atmel Studio\7.0\RM\RM\ArduinoCore\Debug\libArduinoCore.a(Adafruit_FONA.o)
 .progmem.data._ZZN13Adafruit_FONA14getBattPercentEPjE3__c_0
                0x000005d6        0x7 C:\Users\Numaan\Documents\Atmel Studio\7.0\RM\RM\ArduinoCore\Debug\libArduinoCore.a(Adafruit_FONA.o)
 .progmem.data._ZZN13Adafruit_FONA5beginER6StreamE3__c_20
                0x000005dd        0x8 C:\Users\Numaan\Documents\Atmel Studio\7.0\RM\RM\ArduinoCore\Debug\libArduinoCore.a(Adafruit_FONA.o)
 .progmem.data._ZZN13Adafruit_FONA5beginER6StreamE3__c_19
                0x000005e5        0x7 C:\Users\Numaan\Documents\Atmel Studio\7.0\RM\RM\ArduinoCore\Debug\libArduinoCore.a(Adafruit_FONA.o)
 .progmem.data._ZZN13Adafruit_FONA5beginER6StreamE3__c_18
                0x000005ec        0x7 C:\Users\Numaan\Documents\Atmel Studio\7.0\RM\RM\ArduinoCore\Debug\libArduinoCore.a(Adafruit_FONA.o)
 .progmem.data._ZZN13Adafruit_FONA5beginER6StreamE3__c_17
                0x000005f3       0x10 C:\Users\Numaan\Documents\Atmel Studio\7.0\RM\RM\ArduinoCore\Debug\libArduinoCore.a(Adafruit_FONA.o)
 .progmem.data._ZZN13Adafruit_FONA5beginER6StreamE3__c_16
                0x00000603       0x10 C:\Users\Numaan\Documents\Atmel Studio\7.0\RM\RM\ArduinoCore\Debug\libArduinoCore.a(Adafruit_FONA.o)
 .progmem.data._ZZN13Adafruit_FONA5beginER6StreamE3__c_15
                0x00000613        0xb C:\Users\Numaan\Documents\Atmel Studio\7.0\RM\RM\ArduinoCore\Debug\libArduinoCore.a(Adafruit_FONA.o)
 .progmem.data._ZZN13Adafruit_FONA5beginER6StreamE3__c_14
                0x0000061e        0xb C:\Users\Numaan\Documents\Atmel Studio\7.0\RM\RM\ArduinoCore\Debug\libArduinoCore.a(Adafruit_FONA.o)
 .progmem.data._ZZN13Adafruit_FONA5beginER6StreamE3__c_13
                0x00000629        0xb C:\Users\Numaan\Documents\Atmel Studio\7.0\RM\RM\ArduinoCore\Debug\libArduinoCore.a(Adafruit_FONA.o)
 .progmem.data._ZZN13Adafruit_FONA5beginER6StreamE3__c_12
                0x00000634        0x7 C:\Users\Numaan\Documents\Atmel Studio\7.0\RM\RM\ArduinoCore\Debug\libArduinoCore.a(Adafruit_FONA.o)
 .progmem.data._ZZN13Adafruit_FONA5beginER6StreamE3__c_11
                0x0000063b        0x7 C:\Users\Numaan\Documents\Atmel Studio\7.0\RM\RM\ArduinoCore\Debug\libArduinoCore.a(Adafruit_FONA.o)
 .progmem.data._ZZN13Adafruit_FONA5beginER6StreamE3__c_10
                0x00000642        0xa C:\Users\Numaan\Documents\Atmel Studio\7.0\RM\RM\ArduinoCore\Debug\libArduinoCore.a(Adafruit_FONA.o)
 .progmem.data._ZZN13Adafruit_FONA5beginER6StreamE3__c_9
                0x0000064c        0x5 C:\Users\Numaan\Documents\Atmel Studio\7.0\RM\RM\ArduinoCore\Debug\libArduinoCore.a(Adafruit_FONA.o)
 .progmem.data._ZZN13Adafruit_FONA5beginER6StreamE3__c_8
                0x00000651        0x5 C:\Users\Numaan\Documents\Atmel Studio\7.0\RM\RM\ArduinoCore\Debug\libArduinoCore.a(Adafruit_FONA.o)
 .progmem.data._ZZN13Adafruit_FONA5beginER6StreamE3__c_7
                0x00000656        0x3 C:\Users\Numaan\Documents\Atmel Studio\7.0\RM\RM\ArduinoCore\Debug\libArduinoCore.a(Adafruit_FONA.o)
 .progmem.data._ZZN13Adafruit_FONA5beginER6StreamE3__c_6
                0x00000659        0x3 C:\Users\Numaan\Documents\Atmel Studio\7.0\RM\RM\ArduinoCore\Debug\libArduinoCore.a(Adafruit_FONA.o)
 .progmem.data._ZZN13Adafruit_FONA5beginER6StreamE3__c_5
                0x0000065c        0x3 C:\Users\Numaan\Documents\Atmel Studio\7.0\RM\RM\ArduinoCore\Debug\libArduinoCore.a(Adafruit_FONA.o)
 .progmem.data._ZZN13Adafruit_FONA5beginER6StreamE3__c_4
                0x0000065f       0x32 C:\Users\Numaan\Documents\Atmel Studio\7.0\RM\RM\ArduinoCore\Debug\libArduinoCore.a(Adafruit_FONA.o)
 .progmem.data._ZZN13Adafruit_FONA5beginER6StreamE3__c_2
                0x00000691        0x3 C:\Users\Numaan\Documents\Atmel Studio\7.0\RM\RM\ArduinoCore\Debug\libArduinoCore.a(Adafruit_FONA.o)
 .progmem.data._ZZN13Adafruit_FONA5beginER6StreamE3__c_3
                0x00000694        0x3 C:\Users\Numaan\Documents\Atmel Studio\7.0\RM\RM\ArduinoCore\Debug\libArduinoCore.a(Adafruit_FONA.o)
 .progmem.data._ZZN13Adafruit_FONA5beginER6StreamE3__c_1
                0x00000697        0x3 C:\Users\Numaan\Documents\Atmel Studio\7.0\RM\RM\ArduinoCore\Debug\libArduinoCore.a(Adafruit_FONA.o)
 .progmem.data._ZZN13Adafruit_FONA5beginER6StreamE3__c_0
                0x0000069a       0x15 C:\Users\Numaan\Documents\Atmel Studio\7.0\RM\RM\ArduinoCore\Debug\libArduinoCore.a(Adafruit_FONA.o)
 .progmem.data._ZZN13Adafruit_FONA5beginER6StreamE3__c
                0x000006af       0x21 C:\Users\Numaan\Documents\Atmel Studio\7.0\RM\RM\ArduinoCore\Debug\libArduinoCore.a(Adafruit_FONA.o)
 .progmem.data._ZZN13Adafruit_FONAC4EaE3__c_1
                0x000006d0        0x3 C:\Users\Numaan\Documents\Atmel Studio\7.0\RM\RM\ArduinoCore\Debug\libArduinoCore.a(Adafruit_FONA.o)
 .progmem.data._ZZN13Adafruit_FONAC4EaE3__c_0
                0x000006d3        0x5 C:\Users\Numaan\Documents\Atmel Studio\7.0\RM\RM\ArduinoCore\Debug\libArduinoCore.a(Adafruit_FONA.o)
 .progmem.data._ZZN13Adafruit_FONAC4EaE3__c
                0x000006d8        0x8 C:\Users\Numaan\Documents\Atmel Studio\7.0\RM\RM\ArduinoCore\Debug\libArduinoCore.a(Adafruit_FONA.o)
                0x000006e0                . = ALIGN (0x2)
 *(.jumptables)
 *(.jumptables*)
 *(.lowtext)
 *(.lowtext*)
                0x000006e0                __ctors_start = .
 *(.ctors)
 .ctors         0x000006e0        0x2 Sketch.o
 .ctors         0x000006e2        0x2 src/libraries/Wire/src/Wire.o
 .ctors         0x000006e4        0x2 C:\Users\Numaan\Documents\Atmel Studio\7.0\RM\RM\ArduinoCore\Debug\libArduinoCore.a(HardwareSerial0.o)
                0x000006e6                __ctors_end = .
                0x000006e6                __dtors_start = .
 *(.dtors)
 .dtors         0x000006e6        0x2 Sketch.o
                0x000006e8                __dtors_end = .
 SORT(*)(.ctors)
 SORT(*)(.dtors)
 *(.init0)
 .init0         0x000006e8        0x0 C:/Program Files (x86)/Atmel/Studio/7.0/Packs/atmel/ATmega_DFP/1.2.132/gcc/dev/atmega328p/avr5/crtatmega328p.o
                0x000006e8                __init
 *(.init0)
 *(.init1)
 *(.init1)
 *(.init2)
 .init2         0x000006e8        0xc C:/Program Files (x86)/Atmel/Studio/7.0/Packs/atmel/ATmega_DFP/1.2.132/gcc/dev/atmega328p/avr5/crtatmega328p.o
 *(.init2)
 *(.init3)
 *(.init3)
 *(.init4)
 .init4         0x000006f4       0x16 c:/program files (x86)/atmel/studio/7.0/toolchain/avr8/avr8-gnu-toolchain/bin/../lib/gcc/avr/5.4.0/avr5\libgcc.a(_copy_data.o)
                0x000006f4                __do_copy_data
 .init4         0x0000070a       0x10 c:/program files (x86)/atmel/studio/7.0/toolchain/avr8/avr8-gnu-toolchain/bin/../lib/gcc/avr/5.4.0/avr5\libgcc.a(_clear_bss.o)
                0x0000070a                __do_clear_bss
 *(.init4)
 *(.init5)
 *(.init5)
 *(.init6)
 .init6         0x0000071a       0x16 c:/program files (x86)/atmel/studio/7.0/toolchain/avr8/avr8-gnu-toolchain/bin/../lib/gcc/avr/5.4.0/avr5\libgcc.a(_ctors.o)
                0x0000071a                __do_global_ctors
 *(.init6)
 *(.init7)
 *(.init7)
 *(.init8)
 *(.init8)
 *(.init9)
 .init9         0x00000730        0x8 C:/Program Files (x86)/Atmel/Studio/7.0/Packs/atmel/ATmega_DFP/1.2.132/gcc/dev/atmega328p/avr5/crtatmega328p.o
 *(.init9)
 *(.text)
 .text          0x00000738        0x4 C:/Program Files (x86)/Atmel/Studio/7.0/Packs/atmel/ATmega_DFP/1.2.132/gcc/dev/atmega328p/avr5/crtatmega328p.o
                0x00000738                __vector_22
                0x00000738                __vector_12
                0x00000738                __bad_interrupt
                0x00000738                __vector_6
                0x00000738                __vector_23
                0x00000738                __vector_25
                0x00000738                __vector_11
                0x00000738                __vector_13
                0x00000738                __vector_17
                0x00000738                __vector_7
                0x00000738                __vector_9
                0x00000738                __vector_21
                0x00000738                __vector_15
                0x00000738                __vector_8
                0x00000738                __vector_14
                0x00000738                __vector_10
                0x00000738                __vector_20
                0x0000073c                . = ALIGN (0x2)
 *(.text.*)
 .text._ZN10GsmManagerC2Eh
                0x0000073c       0x1c GsmManager.o
                0x0000073c                _ZN10GsmManagerC1Eh
                0x0000073c                _ZN10GsmManagerC2Eh
 .text._ZN10GsmManagerD2Ev
                0x00000758        0x2 GsmManager.o
                0x00000758                _ZN10GsmManagerD2Ev
                0x00000758                _ZN10GsmManagerD1Ev
 .text._ZN10GsmManager5beginEv
                0x0000075a       0x90 GsmManager.o
                0x0000075a                _ZN10GsmManager5beginEv
 .text._ZN10GsmManager14getBattPercentEPj
                0x000007ea       0x1e GsmManager.o
                0x000007ea                _ZN10GsmManager14getBattPercentEPj
 .text._ZN10GsmManager10sendViaSmsEPc
                0x00000808       0x78 GsmManager.o
                0x00000808                _ZN10GsmManager10sendViaSmsEPc
 .text._ZN10GsmManager16getNetworkStatusEv
                0x00000880       0x14 GsmManager.o
                0x00000880                _ZN10GsmManager16getNetworkStatusEv
 .text._ZN10GsmManager7getRSSIEv
                0x00000894       0x14 GsmManager.o
                0x00000894                _ZN10GsmManager7getRSSIEv
 .text._ZN10GsmManager10enableGPRSEb
                0x000008a8        0x8 GsmManager.o
                0x000008a8                _ZN10GsmManager10enableGPRSEb
 .text._ZN10GsmManager11sendViaGprsEPc
                0x000008b0      0x114 GsmManager.o
                0x000008b0                _ZN10GsmManager11sendViaGprsEPc
 .text._Z16getNumOfPadCharsjh
                0x000009c4       0x60 Helpers.o
                0x000009c4                _Z16getNumOfPadCharsjh
 .text._Z19writeCharArrWithPadPcPKch
                0x00000a24       0x52 Helpers.o
                0x00000a24                _Z19writeCharArrWithPadPcPKch
 .text._Z16writeByteWithPadPchh
                0x00000a76       0x54 Helpers.o
                0x00000a76                _Z16writeByteWithPadPchh
 .text._Z12writeWithPadPcjh
                0x00000aca       0x52 Helpers.o
                0x00000aca                _Z12writeWithPadPcjh
 .text._ZN12RmMemManagerC2Ev
                0x00000b1c        0x2 RmMemManager.o
                0x00000b1c                _ZN12RmMemManagerC1Ev
                0x00000b1c                _ZN12RmMemManagerC2Ev
 .text._ZN12RmMemManagerD2Ev
                0x00000b1e        0x2 RmMemManager.o
                0x00000b1e                _ZN12RmMemManagerD2Ev
                0x00000b1e                _ZN12RmMemManagerD1Ev
 .text._ZN12RmMemManager17getLongFromMemoryEj
                0x00000b20       0x6c RmMemManager.o
                0x00000b20                _ZN12RmMemManager17getLongFromMemoryEj
 .text._ZN12RmMemManager15setLongToMemoryEjm
                0x00000b8c       0x6c RmMemManager.o
                0x00000b8c                _ZN12RmMemManager15setLongToMemoryEjm
 .text._ZN12RmMemManager14loadSensorDataEP10SensorDatajPm
                0x00000bf8      0x1b0 RmMemManager.o
                0x00000bf8                _ZN12RmMemManager14loadSensorDataEP10SensorDatajPm
 .text._ZN12RmMemManager12markDataSentEm
                0x00000da8        0xe RmMemManager.o
                0x00000da8                _ZN12RmMemManager12markDataSentEm
 .text._ZN12RmMemManager16appendDailyEntryEP14DailyCycleData
                0x00000db6        0x2 RmMemManager.o
                0x00000db6                _ZN12RmMemManager16appendDailyEntryEP14DailyCycleData
 .text._ZN12RmMemManager17appendSensorEntryEP10SensorData
                0x00000db8       0xea RmMemManager.o
                0x00000db8                _ZN12RmMemManager17appendSensorEntryEP10SensorData
 .text._Z13internalFlashRbS_9LED_STATEb
                0x00000ea2       0x5e RmMemManager.o
                0x00000ea2                _Z13internalFlashRbS_9LED_STATEb
 .text._ZN12RmMemManager8flashLEDEv
                0x00000f00       0x76 RmMemManager.o
                0x00000f00                _ZN12RmMemManager8flashLEDEv
 .text._Z41__static_initialization_and_destruction_0ii
                0x00000f76       0x66 Sketch.o
 .text._Z15get_free_memoryv
                0x00000fdc       0x40 Sketch.o
                0x00000fdc                _Z15get_free_memoryv
 .text._Z24initialiseModulePristinej
                0x0000101c       0x8e Sketch.o
                0x0000101c                _Z24initialiseModulePristinej
 .text._Z8shutdownv
                0x000010aa       0x1c Sketch.o
                0x000010aa                _Z8shutdownv
 .text.setup    0x000010c6       0x7c Sketch.o
                0x000010c6                setup
 .text._Z10toggleGPRSb
                0x00001142        0xc Sketch.o
                0x00001142                _Z10toggleGPRSb
 .text._Z10sendViaSmsPc
                0x0000114e        0xc Sketch.o
                0x0000114e                _Z10sendViaSmsPc
 .text._Z11sendViaGprsPc
                0x0000115a       0x2a Sketch.o
                0x0000115a                _Z11sendViaGprsPc
 .text._Z15resetSensorDatav
                0x00001184       0x42 Sketch.o
                0x00001184                _Z15resetSensorDatav
 .text._Z17resetAtCycleStartv
                0x000011c6        0x6 Sketch.o
                0x000011c6                _Z17resetAtCycleStartv
 .text._Z17persistSensorDatav
                0x000011cc       0x12 Sketch.o
                0x000011cc                _Z17persistSensorDatav
 .text._Z7readVccv
                0x000011de       0x66 Sketch.o
                0x000011de                _Z7readVccv
 .text._Z16takeSampleAnalogi
                0x00001244       0x4c Sketch.o
                0x00001244                _Z16takeSampleAnalogi
 .text._Z16readSensorsAsyncv
                0x00001290      0x34a Sketch.o
                0x00001290                _Z16readSensorsAsyncv
 .text._Z18prepareDataForGPRSP10SensorDatajllhhjPcj
                0x000015da      0x1ba Sketch.o
                0x000015da                _Z18prepareDataForGPRSP10SensorDatajllhhjPcj
 .text._Z20execTransmitReadingsR14DailyCycleData
                0x00001794      0x26a Sketch.o
                0x00001794                _Z20execTransmitReadingsR14DailyCycleData
 .text._Z18ensureBatteryLevelv
                0x000019fe       0x72 Sketch.o
                0x000019fe                _Z18ensureBatteryLevelv
 .text._Z9loopCyclev
                0x00001a70      0x16c Sketch.o
                0x00001a70                _Z9loopCyclev
 .text._Z10assertTrueb
                0x00001bdc       0x28 Sketch.o
                0x00001bdc                _Z10assertTrueb
 .text._Z6assertmmPc
                0x00001c04       0x36 Sketch.o
                0x00001c04                _Z6assertmmPc
 .text._Z26assertCharStringsIdenticalPKcS0_i
                0x00001c3a       0x38 Sketch.o
                0x00001c3a                _Z26assertCharStringsIdenticalPKcS0_i
 .text._Z22assertStringsIdenticalRK6StringPKci
                0x00001c72       0x76 Sketch.o
                0x00001c72                _Z22assertStringsIdenticalRK6StringPKci
 .text._Z26assertRealStringsIdenticalRK6StringS1_
                0x00001ce8       0x10 Sketch.o
                0x00001ce8                _Z26assertRealStringsIdenticalRK6StringS1_
 .text._Z23assertReadingsIdentical10SensorDataS_
                0x00001cf8       0xc6 Sketch.o
                0x00001cf8                _Z23assertReadingsIdentical10SensorDataS_
 .text._Z17createMockReadingbc
                0x00001dbe       0xb2 Sketch.o
                0x00001dbe                _Z17createMockReadingbc
 .text._Z11runLoadTestv
                0x00001e70      0x572 Sketch.o
                0x00001e70                _Z11runLoadTestv
 .text._Z10runPadTestv
                0x000023e2      0x44c Sketch.o
                0x000023e2                _Z10runPadTestv
 .text._Z11runSendTestv
                0x0000282e      0x6d4 Sketch.o
                0x0000282e                _Z11runSendTestv
 .text._Z16runFullCycleTestv
                0x00002f02      0x10c Sketch.o
                0x00002f02                _Z16runFullCycleTestv
 .text._Z12runTimerTestv
                0x0000300e       0xcc Sketch.o
                0x0000300e                _Z12runTimerTestv
 .text._Z11runAllTestsv
                0x000030da       0x46 Sketch.o
                0x000030da                _Z11runAllTestsv
 .text.loop     0x00003120       0xc6 Sketch.o
                0x00003120                loop
 .text._GLOBAL__sub_I__isSystemTest
                0x000031e6        0xe Sketch.o
 .text._GLOBAL__sub_D__isSystemTest
                0x000031f4        0xe Sketch.o
 .text.twi_transmit
                0x00003202       0x58 src/libraries/Wire/src/utility/twi.o
                0x00003202                twi_transmit
 .text.twi_reply
                0x0000325a       0x14 src/libraries/Wire/src/utility/twi.o
                0x0000325a                twi_reply
 .text.twi_stop
                0x0000326e       0x14 src/libraries/Wire/src/utility/twi.o
                0x0000326e                twi_stop
 .text.twi_releaseBus
                0x00003282        0xc src/libraries/Wire/src/utility/twi.o
                0x00003282                twi_releaseBus
 .text.__vector_24
                0x0000328e      0x242 src/libraries/Wire/src/utility/twi.o
                0x0000328e                __vector_24
 .text._ZN7TwoWire9availableEv
                0x000034d0       0x10 src/libraries/Wire/src/Wire.o
                0x000034d0                _ZN7TwoWire9availableEv
 .text._ZN7TwoWire4readEv
                0x000034e0       0x28 src/libraries/Wire/src/Wire.o
                0x000034e0                _ZN7TwoWire4readEv
 .text._ZN7TwoWire4peekEv
                0x00003508       0x1e src/libraries/Wire/src/Wire.o
                0x00003508                _ZN7TwoWire4peekEv
 .text._ZN7TwoWire5flushEv
                0x00003526        0x2 src/libraries/Wire/src/Wire.o
                0x00003526                _ZN7TwoWire5flushEv
 .text._ZN7TwoWire5writeEPKhj
                0x00003528       0x60 src/libraries/Wire/src/Wire.o
                0x00003528                _ZN7TwoWire5writeEPKhj
 .text._ZN7TwoWire5writeEh
                0x00003588       0x62 src/libraries/Wire/src/Wire.o
                0x00003588                _ZN7TwoWire5writeEh
 .text._ZN7TwoWireC2Ev
                0x000035ea       0x20 src/libraries/Wire/src/Wire.o
                0x000035ea                _ZN7TwoWireC1Ev
                0x000035ea                _ZN7TwoWireC2Ev
 .text._Z41__static_initialization_and_destruction_0ii
                0x0000360a       0x14 src/libraries/Wire/src/Wire.o
 .text._GLOBAL__sub_I__ZN7TwoWire8rxBufferE
                0x0000361e        0xe src/libraries/Wire/src/Wire.o
 .text._ZN6TimingC2Ehm
                0x0000362c       0x1e Timing.o
                0x0000362c                _ZN6TimingC1Ehm
                0x0000362c                _ZN6TimingC2Ehm
 .text._ZN6TimingD2Ev
                0x0000364a        0x2 Timing.o
                0x0000364a                _ZN6TimingD1Ev
                0x0000364a                _ZN6TimingD2Ev
 .text._ZN6Timing17MOCK_ADVANCE_TIMEEm
                0x0000364c       0x24 Timing.o
                0x0000364c                _ZN6Timing17MOCK_ADVANCE_TIMEEm
 .text._ZN6Timing9getMillisEv
                0x00003670       0x34 Timing.o
                0x00003670                _ZN6Timing9getMillisEv
 .text._ZN6Timing11onCycleLoopEv
                0x000036a4      0x17a Timing.o
                0x000036a4                _ZN6Timing11onCycleLoopEv
 .text._ZN6Timing12isDailyCycleEm
                0x0000381e       0xd2 Timing.o
                0x0000381e                _ZN6Timing12isDailyCycleEm
 .text.avr-libc.fplib
                0x000038f0        0xe c:/program files (x86)/atmel/studio/7.0/toolchain/avr8/avr8-gnu-toolchain/bin/../lib/gcc/avr/5.4.0/../../../../avr/lib/avr5\libm.a(addsf3.o)
                0x000038f0                __subsf3
                0x000038f2                __addsf3
 .text.avr-libc.fplib
                0x000038fe       0xcc c:/program files (x86)/atmel/studio/7.0/toolchain/avr8/avr8-gnu-toolchain/bin/../lib/gcc/avr/5.4.0/../../../../avr/lib/avr5\libm.a(addsf3x.o)
                0x00003920                __addsf3x
 .text.avr-libc.fplib
                0x000039ca        0x8 c:/program files (x86)/atmel/studio/7.0/toolchain/avr8/avr8-gnu-toolchain/bin/../lib/gcc/avr/5.4.0/../../../../avr/lib/avr5\libm.a(divsf3.o)
                0x000039ca                __divsf3
 .text.avr-libc.fplib
                0x000039d2       0xdc c:/program files (x86)/atmel/studio/7.0/toolchain/avr8/avr8-gnu-toolchain/bin/../lib/gcc/avr/5.4.0/../../../../avr/lib/avr5\libm.a(divsf3x.o)
                0x000039f2                __divsf3x
                0x000039f8                __divsf3_pse
 .text.avr-libc.fplib
                0x00003aae        0xe c:/program files (x86)/atmel/studio/7.0/toolchain/avr8/avr8-gnu-toolchain/bin/../lib/gcc/avr/5.4.0/../../../../avr/lib/avr5\libm.a(fixsfsi.o)
                0x00003aae                __fixsfsi
 .text.avr-libc.fplib
                0x00003abc       0x5e c:/program files (x86)/atmel/studio/7.0/toolchain/avr8/avr8-gnu-toolchain/bin/../lib/gcc/avr/5.4.0/../../../../avr/lib/avr5\libm.a(fixunssfsi.o)
                0x00003abc                __fixunssfsi
 .text.avr-libc.fplib
                0x00003b1a       0x7a c:/program files (x86)/atmel/studio/7.0/toolchain/avr8/avr8-gnu-toolchain/bin/../lib/gcc/avr/5.4.0/../../../../avr/lib/avr5\libm.a(floatsisf.o)
                0x00003b1a                __floatunsisf
                0x00003b1e                __floatsisf
 .text.avr-libc.fplib
                0x00003b94        0xc c:/program files (x86)/atmel/studio/7.0/toolchain/avr8/avr8-gnu-toolchain/bin/../lib/gcc/avr/5.4.0/../../../../avr/lib/avr5\libm.a(fp_inf.o)
                0x00003b94                __fp_inf
 .text.avr-libc.fplib
                0x00003ba0        0x6 c:/program files (x86)/atmel/studio/7.0/toolchain/avr8/avr8-gnu-toolchain/bin/../lib/gcc/avr/5.4.0/../../../../avr/lib/avr5\libm.a(fp_nan.o)
                0x00003ba0                __fp_nan
 .text.avr-libc.fplib
                0x00003ba6        0xe c:/program files (x86)/atmel/studio/7.0/toolchain/avr8/avr8-gnu-toolchain/bin/../lib/gcc/avr/5.4.0/../../../../avr/lib/avr5\libm.a(fp_pscA.o)
                0x00003ba6                __fp_pscA
 .text.avr-libc.fplib
                0x00003bb4        0xe c:/program files (x86)/atmel/studio/7.0/toolchain/avr8/avr8-gnu-toolchain/bin/../lib/gcc/avr/5.4.0/../../../../avr/lib/avr5\libm.a(fp_pscB.o)
                0x00003bb4                __fp_pscB
 .text.avr-libc.fplib
                0x00003bc2       0x22 c:/program files (x86)/atmel/studio/7.0/toolchain/avr8/avr8-gnu-toolchain/bin/../lib/gcc/avr/5.4.0/../../../../avr/lib/avr5\libm.a(fp_round.o)
                0x00003bc2                __fp_round
 .text.avr-libc.fplib
                0x00003be4       0x44 c:/program files (x86)/atmel/studio/7.0/toolchain/avr8/avr8-gnu-toolchain/bin/../lib/gcc/avr/5.4.0/../../../../avr/lib/avr5\libm.a(fp_split3.o)
                0x00003be4                __fp_split3
                0x00003bf4                __fp_splitA
 .text.avr-libc.fplib
                0x00003c28        0xe c:/program files (x86)/atmel/studio/7.0/toolchain/avr8/avr8-gnu-toolchain/bin/../lib/gcc/avr/5.4.0/../../../../avr/lib/avr5\libm.a(fp_zero.o)
                0x00003c28                __fp_zero
                0x00003c2a                __fp_szero
 .text.avr-libc.fplib
                0x00003c36        0xa c:/program files (x86)/atmel/studio/7.0/toolchain/avr8/avr8-gnu-toolchain/bin/../lib/gcc/avr/5.4.0/../../../../avr/lib/avr5\libm.a(gesf2.o)
                0x00003c36                __gesf2
                0x00003c36                __gtsf2
 .text.avr-libc.fplib
                0x00003c40        0x8 c:/program files (x86)/atmel/studio/7.0/toolchain/avr8/avr8-gnu-toolchain/bin/../lib/gcc/avr/5.4.0/../../../../avr/lib/avr5\libm.a(mulsf3.o)
                0x00003c40                __mulsf3
 .text.avr-libc.fplib
                0x00003c48       0xd2 c:/program files (x86)/atmel/studio/7.0/toolchain/avr8/avr8-gnu-toolchain/bin/../lib/gcc/avr/5.4.0/../../../../avr/lib/avr5\libm.a(mulsf3x.o)
                0x00003c66                __mulsf3x
                0x00003c6c                __mulsf3_pse
 .text.avr-libc.fplib
                0x00003d1a       0x48 c:/program files (x86)/atmel/studio/7.0/toolchain/avr8/avr8-gnu-toolchain/bin/../lib/gcc/avr/5.4.0/../../../../avr/lib/avr5\libm.a(fp_cmp.o)
                0x00003d1a                __fp_cmp
 .text._ZN14HardwareSerial9availableEv
                0x00003d62       0x18 C:\Users\Numaan\Documents\Atmel Studio\7.0\RM\RM\ArduinoCore\Debug\libArduinoCore.a(HardwareSerial.o)
                0x00003d62                _ZN14HardwareSerial9availableEv
 .text._ZN14HardwareSerial4peekEv
                0x00003d7a       0x1c C:\Users\Numaan\Documents\Atmel Studio\7.0\RM\RM\ArduinoCore\Debug\libArduinoCore.a(HardwareSerial.o)
                0x00003d7a                _ZN14HardwareSerial4peekEv
 .text._ZN14HardwareSerial4readEv
                0x00003d96       0x28 C:\Users\Numaan\Documents\Atmel Studio\7.0\RM\RM\ArduinoCore\Debug\libArduinoCore.a(HardwareSerial.o)
                0x00003d96                _ZN14HardwareSerial4readEv
 .text._Z14serialEventRunv
                0x00003dbe       0x1c C:\Users\Numaan\Documents\Atmel Studio\7.0\RM\RM\ArduinoCore\Debug\libArduinoCore.a(HardwareSerial.o)
                0x00003dbe                _Z14serialEventRunv
 .text._ZN14HardwareSerial17_tx_udr_empty_irqEv
                0x00003dda       0x42 C:\Users\Numaan\Documents\Atmel Studio\7.0\RM\RM\ArduinoCore\Debug\libArduinoCore.a(HardwareSerial.o)
                0x00003dda                _ZN14HardwareSerial17_tx_udr_empty_irqEv
 .text._ZN14HardwareSerial5writeEh
                0x00003e1c       0x8e C:\Users\Numaan\Documents\Atmel Studio\7.0\RM\RM\ArduinoCore\Debug\libArduinoCore.a(HardwareSerial.o)
                0x00003e1c                _ZN14HardwareSerial5writeEh
 .text._ZN14HardwareSerial5flushEv
                0x00003eaa       0x44 C:\Users\Numaan\Documents\Atmel Studio\7.0\RM\RM\ArduinoCore\Debug\libArduinoCore.a(HardwareSerial.o)
                0x00003eaa                _ZN14HardwareSerial5flushEv
 .text._ZN14HardwareSerial5beginEmh
                0x00003eee       0xca C:\Users\Numaan\Documents\Atmel Studio\7.0\RM\RM\ArduinoCore\Debug\libArduinoCore.a(HardwareSerial.o)
                0x00003eee                _ZN14HardwareSerial5beginEmh
 .text.__vector_18
                0x00003fb8       0x64 C:\Users\Numaan\Documents\Atmel Studio\7.0\RM\RM\ArduinoCore\Debug\libArduinoCore.a(HardwareSerial0.o)
                0x00003fb8                __vector_18
 .text.__vector_19
                0x0000401c       0x4c C:\Users\Numaan\Documents\Atmel Studio\7.0\RM\RM\ArduinoCore\Debug\libArduinoCore.a(HardwareSerial0.o)
                0x0000401c                __vector_19
 .text._Z17Serial0_availablev
                0x00004068       0x14 C:\Users\Numaan\Documents\Atmel Studio\7.0\RM\RM\ArduinoCore\Debug\libArduinoCore.a(HardwareSerial0.o)
                0x00004068                _Z17Serial0_availablev
 .text.startup._GLOBAL__sub_I___vector_18
                0x0000407c       0x5a C:\Users\Numaan\Documents\Atmel Studio\7.0\RM\RM\ArduinoCore\Debug\libArduinoCore.a(HardwareSerial0.o)
 .text.initVariant
                0x000040d6        0x2 C:\Users\Numaan\Documents\Atmel Studio\7.0\RM\RM\ArduinoCore\Debug\libArduinoCore.a(main.o)
                0x000040d6                initVariant
 .text.startup.main
                0x000040d8       0x1e C:\Users\Numaan\Documents\Atmel Studio\7.0\RM\RM\ArduinoCore\Debug\libArduinoCore.a(main.o)
                0x000040d8                main
 .text._ZN5Print5writeEPKhj
                0x000040f6       0x54 C:\Users\Numaan\Documents\Atmel Studio\7.0\RM\RM\ArduinoCore\Debug\libArduinoCore.a(Print.o)
                0x000040f6                _ZN5Print5writeEPKhj
 .text._ZN5Print5writeEPKc
                0x0000414a       0x2a C:\Users\Numaan\Documents\Atmel Studio\7.0\RM\RM\ArduinoCore\Debug\libArduinoCore.a(Print.o)
                0x0000414a                _ZN5Print5writeEPKc
 .text._ZN5Print5printEPK19__FlashStringHelper
                0x00004174       0x48 C:\Users\Numaan\Documents\Atmel Studio\7.0\RM\RM\ArduinoCore\Debug\libArduinoCore.a(Print.o)
                0x00004174                _ZN5Print5printEPK19__FlashStringHelper
 .text._ZN5Print5printEPKc
                0x000041bc        0x4 C:\Users\Numaan\Documents\Atmel Studio\7.0\RM\RM\ArduinoCore\Debug\libArduinoCore.a(Print.o)
                0x000041bc                _ZN5Print5printEPKc
 .text._ZN5Print5printEc
                0x000041c0        0xe C:\Users\Numaan\Documents\Atmel Studio\7.0\RM\RM\ArduinoCore\Debug\libArduinoCore.a(Print.o)
                0x000041c0                _ZN5Print5printEc
 .text._ZN5Print7printlnEv
                0x000041ce        0x8 C:\Users\Numaan\Documents\Atmel Studio\7.0\RM\RM\ArduinoCore\Debug\libArduinoCore.a(Print.o)
                0x000041ce                _ZN5Print7printlnEv
 .text._ZN5Print7printlnEPK19__FlashStringHelper
                0x000041d6       0x24 C:\Users\Numaan\Documents\Atmel Studio\7.0\RM\RM\ArduinoCore\Debug\libArduinoCore.a(Print.o)
                0x000041d6                _ZN5Print7printlnEPK19__FlashStringHelper
 .text._ZN5Print7printlnEPKc
                0x000041fa       0x24 C:\Users\Numaan\Documents\Atmel Studio\7.0\RM\RM\ArduinoCore\Debug\libArduinoCore.a(Print.o)
                0x000041fa                _ZN5Print7printlnEPKc
 .text._ZN5Print7printlnEc
                0x0000421e       0x24 C:\Users\Numaan\Documents\Atmel Studio\7.0\RM\RM\ArduinoCore\Debug\libArduinoCore.a(Print.o)
                0x0000421e                _ZN5Print7printlnEc
 .text._ZN5Print11printNumberEmh
                0x00004242       0x92 C:\Users\Numaan\Documents\Atmel Studio\7.0\RM\RM\ArduinoCore\Debug\libArduinoCore.a(Print.o)
                0x00004242                _ZN5Print11printNumberEmh
 .text._ZN5Print5printEmi
                0x000042d4       0x1a C:\Users\Numaan\Documents\Atmel Studio\7.0\RM\RM\ArduinoCore\Debug\libArduinoCore.a(Print.o)
                0x000042d4                _ZN5Print5printEmi
 .text._ZN5Print5printEhi
                0x000042ee        0xe C:\Users\Numaan\Documents\Atmel Studio\7.0\RM\RM\ArduinoCore\Debug\libArduinoCore.a(Print.o)
                0x000042ee                _ZN5Print5printEhi
 .text._ZN5Print7printlnEhi
                0x000042fc       0x24 C:\Users\Numaan\Documents\Atmel Studio\7.0\RM\RM\ArduinoCore\Debug\libArduinoCore.a(Print.o)
                0x000042fc                _ZN5Print7printlnEhi
 .text._ZN5Print5printEji
                0x00004320        0xc C:\Users\Numaan\Documents\Atmel Studio\7.0\RM\RM\ArduinoCore\Debug\libArduinoCore.a(Print.o)
                0x00004320                _ZN5Print5printEji
 .text._ZN5Print7printlnEji
                0x0000432c       0x24 C:\Users\Numaan\Documents\Atmel Studio\7.0\RM\RM\ArduinoCore\Debug\libArduinoCore.a(Print.o)
                0x0000432c                _ZN5Print7printlnEji
 .text._ZN5Print7printlnEmi
                0x00004350       0x24 C:\Users\Numaan\Documents\Atmel Studio\7.0\RM\RM\ArduinoCore\Debug\libArduinoCore.a(Print.o)
                0x00004350                _ZN5Print7printlnEmi
 .text._ZN5Print5printEli
                0x00004374       0x90 C:\Users\Numaan\Documents\Atmel Studio\7.0\RM\RM\ArduinoCore\Debug\libArduinoCore.a(Print.o)
                0x00004374                _ZN5Print5printEli
 .text._ZN5Print5printEii
                0x00004404        0xe C:\Users\Numaan\Documents\Atmel Studio\7.0\RM\RM\ArduinoCore\Debug\libArduinoCore.a(Print.o)
                0x00004404                _ZN5Print5printEii
 .text._ZN5Print7printlnEii
                0x00004412       0x24 C:\Users\Numaan\Documents\Atmel Studio\7.0\RM\RM\ArduinoCore\Debug\libArduinoCore.a(Print.o)
                0x00004412                _ZN5Print7printlnEii
 .text._ZN5Print7printlnEli
                0x00004436       0x24 C:\Users\Numaan\Documents\Atmel Studio\7.0\RM\RM\ArduinoCore\Debug\libArduinoCore.a(Print.o)
                0x00004436                _ZN5Print7printlnEli
 .text._ZN5Print10printFloatEdh
                0x0000445a      0x1ba C:\Users\Numaan\Documents\Atmel Studio\7.0\RM\RM\ArduinoCore\Debug\libArduinoCore.a(Print.o)
                0x0000445a                _ZN5Print10printFloatEdh
 .text._ZN5Print7printlnEdi
                0x00004614       0x24 C:\Users\Numaan\Documents\Atmel Studio\7.0\RM\RM\ArduinoCore\Debug\libArduinoCore.a(Print.o)
                0x00004614                _ZN5Print7printlnEdi
 .text.__vector_16
                0x00004638       0x94 C:\Users\Numaan\Documents\Atmel Studio\7.0\RM\RM\ArduinoCore\Debug\libArduinoCore.a(wiring.o)
                0x00004638                __vector_16
 .text.millis   0x000046cc       0x18 C:\Users\Numaan\Documents\Atmel Studio\7.0\RM\RM\ArduinoCore\Debug\libArduinoCore.a(wiring.o)
                0x000046cc                millis
 .text.micros   0x000046e4       0x4a C:\Users\Numaan\Documents\Atmel Studio\7.0\RM\RM\ArduinoCore\Debug\libArduinoCore.a(wiring.o)
                0x000046e4                micros
 .text.delay    0x0000472e       0x78 C:\Users\Numaan\Documents\Atmel Studio\7.0\RM\RM\ArduinoCore\Debug\libArduinoCore.a(wiring.o)
                0x0000472e                delay
 .text.init     0x000047a6       0x76 C:\Users\Numaan\Documents\Atmel Studio\7.0\RM\RM\ArduinoCore\Debug\libArduinoCore.a(wiring.o)
                0x000047a6                init
 .text.analogRead
                0x0000481c       0x3a C:\Users\Numaan\Documents\Atmel Studio\7.0\RM\RM\ArduinoCore\Debug\libArduinoCore.a(wiring_analog.o)
                0x0000481c                analogRead
 .text.turnOffPWM
                0x00004856       0x52 C:\Users\Numaan\Documents\Atmel Studio\7.0\RM\RM\ArduinoCore\Debug\libArduinoCore.a(wiring_digital.o)
 .text.pinMode  0x000048a8       0x78 C:\Users\Numaan\Documents\Atmel Studio\7.0\RM\RM\ArduinoCore\Debug\libArduinoCore.a(wiring_digital.o)
                0x000048a8                pinMode
 .text.digitalWrite
                0x00004920       0x5e C:\Users\Numaan\Documents\Atmel Studio\7.0\RM\RM\ArduinoCore\Debug\libArduinoCore.a(wiring_digital.o)
                0x00004920                digitalWrite
 .text._ZN6StringD2Ev
                0x0000497e        0xa C:\Users\Numaan\Documents\Atmel Studio\7.0\RM\RM\ArduinoCore\Debug\libArduinoCore.a(WString.o)
                0x0000497e                _ZN6StringD2Ev
                0x0000497e                _ZN6StringD1Ev
 .text._ZN6String10invalidateEv
                0x00004988       0x24 C:\Users\Numaan\Documents\Atmel Studio\7.0\RM\RM\ArduinoCore\Debug\libArduinoCore.a(WString.o)
                0x00004988                _ZN6String10invalidateEv
 .text._ZN6String12changeBufferEj
                0x000049ac       0x34 C:\Users\Numaan\Documents\Atmel Studio\7.0\RM\RM\ArduinoCore\Debug\libArduinoCore.a(WString.o)
                0x000049ac                _ZN6String12changeBufferEj
 .text._ZN6String7reserveEj
                0x000049e0       0x38 C:\Users\Numaan\Documents\Atmel Studio\7.0\RM\RM\ArduinoCore\Debug\libArduinoCore.a(WString.o)
                0x000049e0                _ZN6String7reserveEj
 .text._ZN6String4copyEPKcj
                0x00004a18       0x42 C:\Users\Numaan\Documents\Atmel Studio\7.0\RM\RM\ArduinoCore\Debug\libArduinoCore.a(WString.o)
                0x00004a18                _ZN6String4copyEPKcj
 .text._ZN6StringC2EPKc
                0x00004a5a       0x2a C:\Users\Numaan\Documents\Atmel Studio\7.0\RM\RM\ArduinoCore\Debug\libArduinoCore.a(WString.o)
                0x00004a5a                _ZN6StringC2EPKc
                0x00004a5a                _ZN6StringC1EPKc
 .text._ZN13Adafruit_FONA9availableEv
                0x00004a84       0x18 C:\Users\Numaan\Documents\Atmel Studio\7.0\RM\RM\ArduinoCore\Debug\libArduinoCore.a(Adafruit_FONA.o)
                0x00004a84                _ZN13Adafruit_FONA9availableEv
 .text._ZN13Adafruit_FONA5writeEh
                0x00004a9c       0x18 C:\Users\Numaan\Documents\Atmel Studio\7.0\RM\RM\ArduinoCore\Debug\libArduinoCore.a(Adafruit_FONA.o)
                0x00004a9c                _ZN13Adafruit_FONA5writeEh
 .text._ZN13Adafruit_FONA4readEv
                0x00004ab4       0x18 C:\Users\Numaan\Documents\Atmel Studio\7.0\RM\RM\ArduinoCore\Debug\libArduinoCore.a(Adafruit_FONA.o)
                0x00004ab4                _ZN13Adafruit_FONA4readEv
 .text._ZN13Adafruit_FONA4peekEv
                0x00004acc       0x18 C:\Users\Numaan\Documents\Atmel Studio\7.0\RM\RM\ArduinoCore\Debug\libArduinoCore.a(Adafruit_FONA.o)
                0x00004acc                _ZN13Adafruit_FONA4peekEv
 .text._ZN13Adafruit_FONA5flushEv
                0x00004ae4       0x18 C:\Users\Numaan\Documents\Atmel Studio\7.0\RM\RM\ArduinoCore\Debug\libArduinoCore.a(Adafruit_FONA.o)
                0x00004ae4                _ZN13Adafruit_FONA5flushEv
 .text._ZN13Adafruit_FONAC2Ea
                0x00004afc       0x64 C:\Users\Numaan\Documents\Atmel Studio\7.0\RM\RM\ArduinoCore\Debug\libArduinoCore.a(Adafruit_FONA.o)
                0x00004afc                _ZN13Adafruit_FONAC1Ea
                0x00004afc                _ZN13Adafruit_FONAC2Ea
 .text._ZN13Adafruit_FONA22setGPRSNetworkSettingsEPK19__FlashStringHelperS2_S2_
                0x00004b60       0x18 C:\Users\Numaan\Documents\Atmel Studio\7.0\RM\RM\ArduinoCore\Debug\libArduinoCore.a(Adafruit_FONA.o)
                0x00004b60                _ZN13Adafruit_FONA22setGPRSNetworkSettingsEPK19__FlashStringHelperS2_S2_
 .text._ZN13Adafruit_FONA10flushInputEv
                0x00004b78       0x58 C:\Users\Numaan\Documents\Atmel Studio\7.0\RM\RM\ArduinoCore\Debug\libArduinoCore.a(Adafruit_FONA.o)
                0x00004b78                _ZN13Adafruit_FONA10flushInputEv
 .text._ZN13Adafruit_FONA15HTTP_para_startEPK19__FlashStringHelperb
                0x00004bd0       0x7a C:\Users\Numaan\Documents\Atmel Studio\7.0\RM\RM\ArduinoCore\Debug\libArduinoCore.a(Adafruit_FONA.o)
                0x00004bd0                _ZN13Adafruit_FONA15HTTP_para_startEPK19__FlashStringHelperb
 .text._ZN13Adafruit_FONA8readlineEjb
                0x00004c4a       0xfc C:\Users\Numaan\Documents\Atmel Studio\7.0\RM\RM\ArduinoCore\Debug\libArduinoCore.a(Adafruit_FONA.o)
                0x00004c4a                _ZN13Adafruit_FONA8readlineEjb
 .text._ZN13Adafruit_FONA11expectReplyEPK19__FlashStringHelperj
                0x00004d46       0x48 C:\Users\Numaan\Documents\Atmel Studio\7.0\RM\RM\ArduinoCore\Debug\libArduinoCore.a(Adafruit_FONA.o)
                0x00004d46                _ZN13Adafruit_FONA11expectReplyEPK19__FlashStringHelperj
 .text._ZN13Adafruit_FONA13HTTP_para_endEb
                0x00004d8e       0x3c C:\Users\Numaan\Documents\Atmel Studio\7.0\RM\RM\ArduinoCore\Debug\libArduinoCore.a(Adafruit_FONA.o)
                0x00004d8e                _ZN13Adafruit_FONA13HTTP_para_endEb
 .text._ZN13Adafruit_FONA9HTTP_paraEPK19__FlashStringHelperPKc
                0x00004dca       0x32 C:\Users\Numaan\Documents\Atmel Studio\7.0\RM\RM\ArduinoCore\Debug\libArduinoCore.a(Adafruit_FONA.o)
                0x00004dca                _ZN13Adafruit_FONA9HTTP_paraEPK19__FlashStringHelperPKc
 .text._ZN13Adafruit_FONA9HTTP_paraEPK19__FlashStringHelperS2_
                0x00004dfc       0x32 C:\Users\Numaan\Documents\Atmel Studio\7.0\RM\RM\ArduinoCore\Debug\libArduinoCore.a(Adafruit_FONA.o)
                0x00004dfc                _ZN13Adafruit_FONA9HTTP_paraEPK19__FlashStringHelperS2_
 .text._ZN13Adafruit_FONA9HTTP_paraEPK19__FlashStringHelperl
                0x00004e2e       0x42 C:\Users\Numaan\Documents\Atmel Studio\7.0\RM\RM\ArduinoCore\Debug\libArduinoCore.a(Adafruit_FONA.o)
                0x00004e2e                _ZN13Adafruit_FONA9HTTP_paraEPK19__FlashStringHelperl
 .text._ZN13Adafruit_FONA9HTTP_dataEmm
                0x00004e70       0xd4 C:\Users\Numaan\Documents\Atmel Studio\7.0\RM\RM\ArduinoCore\Debug\libArduinoCore.a(Adafruit_FONA.o)
                0x00004e70                _ZN13Adafruit_FONA9HTTP_dataEmm
 .text._ZN13Adafruit_FONA8getReplyEPcj
                0x00004f44       0x72 C:\Users\Numaan\Documents\Atmel Studio\7.0\RM\RM\ArduinoCore\Debug\libArduinoCore.a(Adafruit_FONA.o)
                0x00004f44                _ZN13Adafruit_FONA8getReplyEPcj
 .text._ZN13Adafruit_FONA8getReplyEPK19__FlashStringHelperj
                0x00004fb6       0x72 C:\Users\Numaan\Documents\Atmel Studio\7.0\RM\RM\ArduinoCore\Debug\libArduinoCore.a(Adafruit_FONA.o)
                0x00004fb6                _ZN13Adafruit_FONA8getReplyEPK19__FlashStringHelperj
 .text._ZN13Adafruit_FONA8getReplyEPK19__FlashStringHelperlj
                0x00005028       0xb4 C:\Users\Numaan\Documents\Atmel Studio\7.0\RM\RM\ArduinoCore\Debug\libArduinoCore.a(Adafruit_FONA.o)
                0x00005028                _ZN13Adafruit_FONA8getReplyEPK19__FlashStringHelperlj
 .text._ZN13Adafruit_FONA14getReplyQuotedEPK19__FlashStringHelperS2_j
                0x000050dc       0xc8 C:\Users\Numaan\Documents\Atmel Studio\7.0\RM\RM\ArduinoCore\Debug\libArduinoCore.a(Adafruit_FONA.o)
                0x000050dc                _ZN13Adafruit_FONA14getReplyQuotedEPK19__FlashStringHelperS2_j
 .text._ZN13Adafruit_FONA14sendCheckReplyEPK19__FlashStringHelperS2_j
                0x000051a4       0x34 C:\Users\Numaan\Documents\Atmel Studio\7.0\RM\RM\ArduinoCore\Debug\libArduinoCore.a(Adafruit_FONA.o)
                0x000051a4                _ZN13Adafruit_FONA14sendCheckReplyEPK19__FlashStringHelperS2_j
 .text._ZN13Adafruit_FONA5beginER6Stream
                0x000051d8      0x308 C:\Users\Numaan\Documents\Atmel Studio\7.0\RM\RM\ArduinoCore\Debug\libArduinoCore.a(Adafruit_FONA.o)
                0x000051d8                _ZN13Adafruit_FONA5beginER6Stream
 .text._ZN13Adafruit_FONA9HTTP_initEv
                0x000054e0       0x16 C:\Users\Numaan\Documents\Atmel Studio\7.0\RM\RM\ArduinoCore\Debug\libArduinoCore.a(Adafruit_FONA.o)
                0x000054e0                _ZN13Adafruit_FONA9HTTP_initEv
 .text._ZN13Adafruit_FONA9HTTP_termEv
                0x000054f6       0x16 C:\Users\Numaan\Documents\Atmel Studio\7.0\RM\RM\ArduinoCore\Debug\libArduinoCore.a(Adafruit_FONA.o)
                0x000054f6                _ZN13Adafruit_FONA9HTTP_termEv
 .text._ZN13Adafruit_FONA13HTTP_POST_endEv
                0x0000550c        0x4 C:\Users\Numaan\Documents\Atmel Studio\7.0\RM\RM\ArduinoCore\Debug\libArduinoCore.a(Adafruit_FONA.o)
                0x0000550c                _ZN13Adafruit_FONA13HTTP_POST_endEv
 .text._ZN13Adafruit_FONA14sendCheckReplyEPcPK19__FlashStringHelperj
                0x00005510       0x34 C:\Users\Numaan\Documents\Atmel Studio\7.0\RM\RM\ArduinoCore\Debug\libArduinoCore.a(Adafruit_FONA.o)
                0x00005510                _ZN13Adafruit_FONA14sendCheckReplyEPcPK19__FlashStringHelperj
 .text._ZN13Adafruit_FONA7sendSMSEPcS0_
                0x00005544      0x17c C:\Users\Numaan\Documents\Atmel Studio\7.0\RM\RM\ArduinoCore\Debug\libArduinoCore.a(Adafruit_FONA.o)
                0x00005544                _ZN13Adafruit_FONA7sendSMSEPcS0_
 .text._ZN13Adafruit_FONA14sendCheckReplyEPK19__FlashStringHelperlS2_j
                0x000056c0       0x40 C:\Users\Numaan\Documents\Atmel Studio\7.0\RM\RM\ArduinoCore\Debug\libArduinoCore.a(Adafruit_FONA.o)
                0x000056c0                _ZN13Adafruit_FONA14sendCheckReplyEPK19__FlashStringHelperlS2_j
 .text._ZN13Adafruit_FONA8HTTP_sslEb
                0x00005700       0x34 C:\Users\Numaan\Documents\Atmel Studio\7.0\RM\RM\ArduinoCore\Debug\libArduinoCore.a(Adafruit_FONA.o)
                0x00005700                _ZN13Adafruit_FONA8HTTP_sslEb
 .text._ZN13Adafruit_FONA10HTTP_setupEPc
                0x00005734       0x98 C:\Users\Numaan\Documents\Atmel Studio\7.0\RM\RM\ArduinoCore\Debug\libArduinoCore.a(Adafruit_FONA.o)
                0x00005734                _ZN13Adafruit_FONA10HTTP_setupEPc
 .text._ZN13Adafruit_FONA20sendCheckReplyQuotedEPK19__FlashStringHelperS2_S2_j
                0x000057cc       0x38 C:\Users\Numaan\Documents\Atmel Studio\7.0\RM\RM\ArduinoCore\Debug\libArduinoCore.a(Adafruit_FONA.o)
                0x000057cc                _ZN13Adafruit_FONA20sendCheckReplyQuotedEPK19__FlashStringHelperS2_S2_j
 .text._ZN13Adafruit_FONA10enableGPRSEb
                0x00005804      0x2b8 C:\Users\Numaan\Documents\Atmel Studio\7.0\RM\RM\ArduinoCore\Debug\libArduinoCore.a(Adafruit_FONA.o)
                0x00005804                _ZN13Adafruit_FONA10enableGPRSEb
 .text._ZN13Adafruit_FONA10parseReplyEPK19__FlashStringHelperPjch
                0x00005abc       0x6a C:\Users\Numaan\Documents\Atmel Studio\7.0\RM\RM\ArduinoCore\Debug\libArduinoCore.a(Adafruit_FONA.o)
                0x00005abc                _ZN13Adafruit_FONA10parseReplyEPK19__FlashStringHelperPjch
 .text._ZN13Adafruit_FONA12HTTP_readallEPj
                0x00005b26       0x36 C:\Users\Numaan\Documents\Atmel Studio\7.0\RM\RM\ArduinoCore\Debug\libArduinoCore.a(Adafruit_FONA.o)
                0x00005b26                _ZN13Adafruit_FONA12HTTP_readallEPj
 .text._ZN13Adafruit_FONA11HTTP_actionEhPjS0_l
                0x00005b5c       0x9e C:\Users\Numaan\Documents\Atmel Studio\7.0\RM\RM\ArduinoCore\Debug\libArduinoCore.a(Adafruit_FONA.o)
                0x00005b5c                _ZN13Adafruit_FONA11HTTP_actionEhPjS0_l
 .text._ZN13Adafruit_FONA15HTTP_POST_startEPcPK19__FlashStringHelperPKhjPjS6_
                0x00005bfa      0x13a C:\Users\Numaan\Documents\Atmel Studio\7.0\RM\RM\ArduinoCore\Debug\libArduinoCore.a(Adafruit_FONA.o)
                0x00005bfa                _ZN13Adafruit_FONA15HTTP_POST_startEPcPK19__FlashStringHelperPKhjPjS6_
 .text._ZN13Adafruit_FONA14sendParseReplyEPK19__FlashStringHelperS2_Pjch
                0x00005d34       0x58 C:\Users\Numaan\Documents\Atmel Studio\7.0\RM\RM\ArduinoCore\Debug\libArduinoCore.a(Adafruit_FONA.o)
                0x00005d34                _ZN13Adafruit_FONA14sendParseReplyEPK19__FlashStringHelperS2_Pjch
 .text._ZN13Adafruit_FONA14getBattPercentEPj
                0x00005d8c       0x1e C:\Users\Numaan\Documents\Atmel Studio\7.0\RM\RM\ArduinoCore\Debug\libArduinoCore.a(Adafruit_FONA.o)
                0x00005d8c                _ZN13Adafruit_FONA14getBattPercentEPj
 .text._ZN13Adafruit_FONA16getNetworkStatusEv
                0x00005daa       0x3e C:\Users\Numaan\Documents\Atmel Studio\7.0\RM\RM\ArduinoCore\Debug\libArduinoCore.a(Adafruit_FONA.o)
                0x00005daa                _ZN13Adafruit_FONA16getNetworkStatusEv
 .text._ZN13Adafruit_FONA7getRSSIEv
                0x00005de8       0x3c C:\Users\Numaan\Documents\Atmel Studio\7.0\RM\RM\ArduinoCore\Debug\libArduinoCore.a(Adafruit_FONA.o)
                0x00005de8                _ZN13Adafruit_FONA7getRSSIEv
 .text._ZN14SoftwareSerial4readEv
                0x00005e24       0x42 C:\Users\Numaan\Documents\Atmel Studio\7.0\RM\RM\ArduinoCore\Debug\libArduinoCore.a(SoftwareSerial.o)
                0x00005e24                _ZN14SoftwareSerial4readEv
 .text._ZN14SoftwareSerial5writeEh
                0x00005e66       0xa0 C:\Users\Numaan\Documents\Atmel Studio\7.0\RM\RM\ArduinoCore\Debug\libArduinoCore.a(SoftwareSerial.o)
                0x00005e66                _ZN14SoftwareSerial5writeEh
 .text._ZN14SoftwareSerial5flushEv
                0x00005f06        0x2 C:\Users\Numaan\Documents\Atmel Studio\7.0\RM\RM\ArduinoCore\Debug\libArduinoCore.a(SoftwareSerial.o)
                0x00005f06                _ZN14SoftwareSerial5flushEv
 .text._ZN14SoftwareSerial4peekEv
                0x00005f08       0x30 C:\Users\Numaan\Documents\Atmel Studio\7.0\RM\RM\ArduinoCore\Debug\libArduinoCore.a(SoftwareSerial.o)
                0x00005f08                _ZN14SoftwareSerial4peekEv
 .text._ZN14SoftwareSerial9availableEv
                0x00005f38       0x30 C:\Users\Numaan\Documents\Atmel Studio\7.0\RM\RM\ArduinoCore\Debug\libArduinoCore.a(SoftwareSerial.o)
                0x00005f38                _ZN14SoftwareSerial9availableEv
 .text._ZN14SoftwareSerial13stopListeningEv
                0x00005f68       0x2c C:\Users\Numaan\Documents\Atmel Studio\7.0\RM\RM\ArduinoCore\Debug\libArduinoCore.a(SoftwareSerial.o)
                0x00005f68                _ZN14SoftwareSerial13stopListeningEv
 .text._ZN14SoftwareSerial6listenEv
                0x00005f94       0x52 C:\Users\Numaan\Documents\Atmel Studio\7.0\RM\RM\ArduinoCore\Debug\libArduinoCore.a(SoftwareSerial.o)
                0x00005f94                _ZN14SoftwareSerial6listenEv
 .text.__vector_3
                0x00005fe6       0xf4 C:\Users\Numaan\Documents\Atmel Studio\7.0\RM\RM\ArduinoCore\Debug\libArduinoCore.a(SoftwareSerial.o)
                0x00005fe6                __vector_5
                0x00005fe6                __vector_4
                0x00005fe6                __vector_3
 .text._ZN14SoftwareSerialD2Ev
                0x000060da        0xe C:\Users\Numaan\Documents\Atmel Studio\7.0\RM\RM\ArduinoCore\Debug\libArduinoCore.a(SoftwareSerial.o)
                0x000060da                _ZN14SoftwareSerialD1Ev
                0x000060da                _ZN14SoftwareSerialD2Ev
 .text._ZN14SoftwareSerial5setTXEh
                0x000060e8       0x52 C:\Users\Numaan\Documents\Atmel Studio\7.0\RM\RM\ArduinoCore\Debug\libArduinoCore.a(SoftwareSerial.o)
                0x000060e8                _ZN14SoftwareSerial5setTXEh
 .text._ZN14SoftwareSerial5setRXEh
                0x0000613a       0x52 C:\Users\Numaan\Documents\Atmel Studio\7.0\RM\RM\ArduinoCore\Debug\libArduinoCore.a(SoftwareSerial.o)
                0x0000613a                _ZN14SoftwareSerial5setRXEh
 .text._ZN14SoftwareSerialC2Ehhb
                0x0000618c       0x56 C:\Users\Numaan\Documents\Atmel Studio\7.0\RM\RM\ArduinoCore\Debug\libArduinoCore.a(SoftwareSerial.o)
                0x0000618c                _ZN14SoftwareSerialC1Ehhb
                0x0000618c                _ZN14SoftwareSerialC2Ehhb
 .text._ZN14SoftwareSerial5beginEl
                0x000061e2      0x11c C:\Users\Numaan\Documents\Atmel Studio\7.0\RM\RM\ArduinoCore\Debug\libArduinoCore.a(SoftwareSerial.o)
                0x000061e2                _ZN14SoftwareSerial5beginEl
 .text.__empty  0x000062fe        0x2 C:\Users\Numaan\Documents\Atmel Studio\7.0\RM\RM\ArduinoCore\Debug\libArduinoCore.a(hooks.o)
                0x000062fe                yield
 .text.nothing  0x00006300        0x2 C:\Users\Numaan\Documents\Atmel Studio\7.0\RM\RM\ArduinoCore\Debug\libArduinoCore.a(WInterrupts.o)
 .text.__vector_1
                0x00006302       0x4e C:\Users\Numaan\Documents\Atmel Studio\7.0\RM\RM\ArduinoCore\Debug\libArduinoCore.a(WInterrupts.o)
                0x00006302                __vector_1
 .text.__vector_2
                0x00006350       0x4e C:\Users\Numaan\Documents\Atmel Studio\7.0\RM\RM\ArduinoCore\Debug\libArduinoCore.a(WInterrupts.o)
                0x00006350                __vector_2
 .text.avr-libc.fplib
                0x0000639e        0xa c:/program files (x86)/atmel/studio/7.0/toolchain/avr8/avr8-gnu-toolchain/bin/../lib/gcc/avr/5.4.0/../../../../avr/lib/avr5\libm.a(cmpsf2.o)
                0x0000639e                __nesf2
                0x0000639e                __eqsf2
                0x0000639e                __cmpsf2
                0x0000639e                __ltsf2
                0x0000639e                __lesf2
 .text.avr-libc.fplib
                0x000063a8        0xa c:/program files (x86)/atmel/studio/7.0/toolchain/avr8/avr8-gnu-toolchain/bin/../lib/gcc/avr/5.4.0/../../../../avr/lib/avr5\libm.a(unordsf2.o)
                0x000063a8                __unordsf2
 .text.libgcc.mul
                0x000063b2       0x20 c:/program files (x86)/atmel/studio/7.0/toolchain/avr8/avr8-gnu-toolchain/bin/../lib/gcc/avr/5.4.0/avr5\libgcc.a(_mulsi3.o)
                0x000063b2                __mulsi3
 .text.libgcc.div
                0x000063d2       0x28 c:/program files (x86)/atmel/studio/7.0/toolchain/avr8/avr8-gnu-toolchain/bin/../lib/gcc/avr/5.4.0/avr5\libgcc.a(_divmodhi4.o)
                0x000063d2                _div
                0x000063d2                __divmodhi4
 .text.libgcc.div
                0x000063fa       0x44 c:/program files (x86)/atmel/studio/7.0/toolchain/avr8/avr8-gnu-toolchain/bin/../lib/gcc/avr/5.4.0/avr5\libgcc.a(_udivmodsi4.o)
                0x000063fa                __udivmodsi4
 .text.libgcc.div
                0x0000643e       0x2e c:/program files (x86)/atmel/studio/7.0/toolchain/avr8/avr8-gnu-toolchain/bin/../lib/gcc/avr/5.4.0/avr5\libgcc.a(_divmodsi4.o)
                0x0000643e                __divmodsi4
 .text.libgcc.div
                0x0000646c       0x10 c:/program files (x86)/atmel/studio/7.0/toolchain/avr8/avr8-gnu-toolchain/bin/../lib/gcc/avr/5.4.0/avr5\libgcc.a(_negsi2.o)
                0x0000646c                __negsi2
 .text.libgcc   0x0000647c        0xc c:/program files (x86)/atmel/studio/7.0/toolchain/avr8/avr8-gnu-toolchain/bin/../lib/gcc/avr/5.4.0/avr5\libgcc.a(_tablejump2.o)
                0x0000647c                __tablejump2__
 .text.libgcc.mul
                0x00006488       0x16 c:/program files (x86)/atmel/studio/7.0/toolchain/avr8/avr8-gnu-toolchain/bin/../lib/gcc/avr/5.4.0/avr5\libgcc.a(_muluhisi3.o)
                0x00006488                __muluhisi3
 .text.libgcc.div
                0x0000649e       0x28 c:/program files (x86)/atmel/studio/7.0/toolchain/avr8/avr8-gnu-toolchain/bin/../lib/gcc/avr/5.4.0/avr5\libgcc.a(_udivmodhi4.o)
                0x0000649e                __udivmodhi4
 .text.libgcc.mul
                0x000064c6       0x1e c:/program files (x86)/atmel/studio/7.0/toolchain/avr8/avr8-gnu-toolchain/bin/../lib/gcc/avr/5.4.0/avr5\libgcc.a(_umulhisi3.o)
                0x000064c6                __umulhisi3
 .text.avr-libc
                0x000064e4      0x242 c:/program files (x86)/atmel/studio/7.0/toolchain/avr8/avr8-gnu-toolchain/bin/../lib/gcc/avr/5.4.0/../../../../avr/lib/avr5\libc.a(malloc.o)
                0x000064e4                malloc
                0x00006614                free
 .text.avr-libc
                0x00006726      0x18c c:/program files (x86)/atmel/studio/7.0/toolchain/avr8/avr8-gnu-toolchain/bin/../lib/gcc/avr/5.4.0/../../../../avr/lib/avr5\libc.a(realloc.o)
                0x00006726                realloc
 .text.avr-libc
                0x000068b2       0x3c c:/program files (x86)/atmel/studio/7.0/toolchain/avr8/avr8-gnu-toolchain/bin/../lib/gcc/avr/5.4.0/../../../../avr/lib/avr5\libc.a(atoi.o)
                0x000068b2                atoi
 .text.avr-libc
                0x000068ee       0x12 c:/program files (x86)/atmel/studio/7.0/toolchain/avr8/avr8-gnu-toolchain/bin/../lib/gcc/avr/5.4.0/../../../../avr/lib/avr5\libc.a(strcmp_P.o)
                0x000068ee                strcmp_P
 .text.avr-libc
                0x00006900       0x12 c:/program files (x86)/atmel/studio/7.0/toolchain/avr8/avr8-gnu-toolchain/bin/../lib/gcc/avr/5.4.0/../../../../avr/lib/avr5\libc.a(strlen_P.o)
                0x00006900                __strlen_P
 .text.avr-libc
                0x00006912       0x34 c:/program files (x86)/atmel/studio/7.0/toolchain/avr8/avr8-gnu-toolchain/bin/../lib/gcc/avr/5.4.0/../../../../avr/lib/avr5\libc.a(strstr_P.o)
                0x00006912                strstr_P
 .text.avr-libc
                0x00006946       0x12 c:/program files (x86)/atmel/studio/7.0/toolchain/avr8/avr8-gnu-toolchain/bin/../lib/gcc/avr/5.4.0/../../../../avr/lib/avr5\libc.a(memcpy.o)
                0x00006946                memcpy
 .text.avr-libc
                0x00006958       0x16 c:/program files (x86)/atmel/studio/7.0/toolchain/avr8/avr8-gnu-toolchain/bin/../lib/gcc/avr/5.4.0/../../../../avr/lib/avr5\libc.a(strchr.o)
                0x00006958                strchr
 .text.avr-libc
                0x0000696e       0x12 c:/program files (x86)/atmel/studio/7.0/toolchain/avr8/avr8-gnu-toolchain/bin/../lib/gcc/avr/5.4.0/../../../../avr/lib/avr5\libc.a(strcmp.o)
                0x0000696e                strcmp
 .text.avr-libc
                0x00006980        0xe c:/program files (x86)/atmel/studio/7.0/toolchain/avr8/avr8-gnu-toolchain/bin/../lib/gcc/avr/5.4.0/../../../../avr/lib/avr5\libc.a(strcpy.o)
                0x00006980                strcpy
 .text.avr-libc
                0x0000698e       0x1e c:/program files (x86)/atmel/studio/7.0/toolchain/avr8/avr8-gnu-toolchain/bin/../lib/gcc/avr/5.4.0/../../../../avr/lib/avr5\libc.a(strncpy.o)
                0x0000698e                strncpy
 .text.avr-libc
                0x000069ac       0x34 c:/program files (x86)/atmel/studio/7.0/toolchain/avr8/avr8-gnu-toolchain/bin/../lib/gcc/avr/5.4.0/../../../../avr/lib/avr5\libc.a(strstr.o)
                0x000069ac                strstr
 .text.avr-libc
                0x000069e0       0x10 c:/program files (x86)/atmel/studio/7.0/toolchain/avr8/avr8-gnu-toolchain/bin/../lib/gcc/avr/5.4.0/../../../../avr/lib/avr5\libc.a(mul10.o)
                0x000069e0                __mulhi_const_10
 .text.avr-libc
                0x000069f0       0x34 c:/program files (x86)/atmel/studio/7.0/toolchain/avr8/avr8-gnu-toolchain/bin/../lib/gcc/avr/5.4.0/../../../../avr/lib/avr5\libc.a(utoa_ncheck.o)
                0x000069f0                __utoa_ncheck
                0x000069f2                __utoa_common
 .text.avr-libc
                0x00006a24       0x20 c:/program files (x86)/atmel/studio/7.0/toolchain/avr8/avr8-gnu-toolchain/bin/../lib/gcc/avr/5.4.0/../../../../avr/lib/avr5\libc.a(strrev.o)
                0x00006a24                strrev
 .text.avr-libc
                0x00006a44       0x10 C:/Program Files (x86)/Atmel/Studio/7.0/Packs/atmel/ATmega_DFP/1.2.132/gcc/dev/atmega328p/avr5\libatmega328p.a(eerd_byte.o)
                0x00006a44                eeprom_read_byte
 .text.avr-libc
                0x00006a54       0x1c C:/Program Files (x86)/Atmel/Studio/7.0/Packs/atmel/ATmega_DFP/1.2.132/gcc/dev/atmega328p/avr5\libatmega328p.a(eewr_byte.o)
                0x00006a54                eeprom_write_byte
                0x00006a56                eeprom_write_r18
 .text.libgcc.prologue
                0x00006a70       0x38 c:/program files (x86)/atmel/studio/7.0/toolchain/avr8/avr8-gnu-toolchain/bin/../lib/gcc/avr/5.4.0/avr5\libgcc.a(_prologue.o)
                0x00006a70                __prologue_saves__
 .text.libgcc.prologue
                0x00006aa8       0x36 c:/program files (x86)/atmel/studio/7.0/toolchain/avr8/avr8-gnu-toolchain/bin/../lib/gcc/avr/5.4.0/avr5\libgcc.a(_epilogue.o)
                0x00006aa8                __epilogue_restores__
                0x00006ade                . = ALIGN (0x2)
 *(.fini9)
 .fini9         0x00006ade        0x0 c:/program files (x86)/atmel/studio/7.0/toolchain/avr8/avr8-gnu-toolchain/bin/../lib/gcc/avr/5.4.0/avr5\libgcc.a(_exit.o)
                0x00006ade                _exit
                0x00006ade                exit
 *(.fini9)
 *(.fini8)
 *(.fini8)
 *(.fini7)
 *(.fini7)
 *(.fini6)
 .fini6         0x00006ade       0x16 c:/program files (x86)/atmel/studio/7.0/toolchain/avr8/avr8-gnu-toolchain/bin/../lib/gcc/avr/5.4.0/avr5\libgcc.a(_dtors.o)
                0x00006ade                __do_global_dtors
 *(.fini6)
 *(.fini5)
 *(.fini5)
 *(.fini4)
 *(.fini4)
 *(.fini3)
 *(.fini3)
 *(.fini2)
 *(.fini2)
 *(.fini1)
 *(.fini1)
 *(.fini0)
 .fini0         0x00006af4        0x4 c:/program files (x86)/atmel/studio/7.0/toolchain/avr8/avr8-gnu-toolchain/bin/../lib/gcc/avr/5.4.0/avr5\libgcc.a(_exit.o)
 *(.fini0)
                0x00006af8                _etext = .

.data           0x00800100      0x30c load address 0x00006af8
                0x00800100                PROVIDE (__data_start, .)
 *(.data)
 .data          0x00800100        0x6 c:/program files (x86)/atmel/studio/7.0/toolchain/avr8/avr8-gnu-toolchain/bin/../lib/gcc/avr/5.4.0/../../../../avr/lib/avr5\libc.a(malloc.o)
                0x00800100                __malloc_heap_end
                0x00800102                __malloc_heap_start
                0x00800104                __malloc_margin
 *(.data*)
 .data._ledTopState
                0x00800106        0x1 RmMemManager.o
                0x00800106                _ledTopState
 .data._ledBottomState
                0x00800107        0x1 RmMemManager.o
                0x00800107                _ledBottomState
 .data._dailyCycleData
                0x00800108       0x11 Sketch.o
                0x00800108                _dailyCycleData
 .data._currSystemState
                0x00800119        0x2 Sketch.o
                0x00800119                _currSystemState
 .data.analog_reference
                0x0080011b        0x1 C:\Users\Numaan\Documents\Atmel Studio\7.0\RM\RM\ArduinoCore\Debug\libArduinoCore.a(wiring_analog.o)
                0x0080011b                analog_reference
 .data.intFunc  0x0080011c        0x4 C:\Users\Numaan\Documents\Atmel Studio\7.0\RM\RM\ArduinoCore\Debug\libArduinoCore.a(WInterrupts.o)
 *(.rodata)
 .rodata        0x00800120       0x15 GsmManager.o
 .rodata        0x00800135       0x27 Sketch.o
 .rodata        0x0080015c       0xd1 C:\Users\Numaan\Documents\Atmel Studio\7.0\RM\RM\ArduinoCore\Debug\libArduinoCore.a(Adafruit_FONA.o)
 *(.rodata*)
 .rodata.str1.1
                0x0080022d       0x1c GsmManager.o
 .rodata.str1.1
                0x00800249      0x119 Sketch.o
                                0x11e (size before relaxing)
 .rodata._ZTV7TwoWire
                0x00800362       0x10 src/libraries/Wire/src/Wire.o
                0x00800362                _ZTV7TwoWire
 .rodata._ZTV14HardwareSerial
                0x00800372       0x10 C:\Users\Numaan\Documents\Atmel Studio\7.0\RM\RM\ArduinoCore\Debug\libArduinoCore.a(HardwareSerial.o)
                0x00800372                _ZTV14HardwareSerial
 .rodata.str1.1
                0x00800382       0x11 C:\Users\Numaan\Documents\Atmel Studio\7.0\RM\RM\ArduinoCore\Debug\libArduinoCore.a(Print.o)
 .rodata.str1.1
                0x00800393       0x59 C:\Users\Numaan\Documents\Atmel Studio\7.0\RM\RM\ArduinoCore\Debug\libArduinoCore.a(Adafruit_FONA.o)
                                 0x5e (size before relaxing)
 .rodata._ZTV13Adafruit_FONA
                0x008003ec       0x10 C:\Users\Numaan\Documents\Atmel Studio\7.0\RM\RM\ArduinoCore\Debug\libArduinoCore.a(Adafruit_FONA.o)
                0x008003ec                _ZTV13Adafruit_FONA
 .rodata._ZTV14SoftwareSerial
                0x008003fc       0x10 C:\Users\Numaan\Documents\Atmel Studio\7.0\RM\RM\ArduinoCore\Debug\libArduinoCore.a(SoftwareSerial.o)
                0x008003fc                _ZTV14SoftwareSerial
 *(.gnu.linkonce.d*)
                0x0080040c                . = ALIGN (0x2)
                0x0080040c                _edata = .
                0x0080040c                PROVIDE (__data_end, .)

.bss            0x0080040c      0x30b
                0x0080040c                PROVIDE (__bss_start, .)
 *(.bss)
 *(.bss*)
 .bss._flashCallCount
                0x0080040c        0x1 RmMemManager.o
                0x0080040c                _flashCallCount
 .bss._ledTopPinGreen
                0x0080040d        0x1 RmMemManager.o
                0x0080040d                _ledTopPinGreen
 .bss._ledTopPinRed
                0x0080040e        0x1 RmMemManager.o
                0x0080040e                _ledTopPinRed
 .bss._ledBottomPinGreen
                0x0080040f        0x1 RmMemManager.o
                0x0080040f                _ledBottomPinGreen
 .bss._ledBottomPinRed
                0x00800410        0x1 RmMemManager.o
                0x00800410                _ledBottomPinRed
 .bss._testFullCycleLoopCount
                0x00800411        0x2 Sketch.o
                0x00800411                _testFullCycleLoopCount
 .bss._mockNo   0x00800413        0x2 Sketch.o
                0x00800413                _mockNo
 .bss.currSensorData
                0x00800415        0x2 Sketch.o
                0x00800415                currSensorData
 .bss.noTempReadings
                0x00800417        0x1 Sketch.o
                0x00800417                noTempReadings
 .bss.nocurrReadings
                0x00800418        0x1 Sketch.o
                0x00800418                nocurrReadings
 .bss.noPVReadings
                0x00800419        0x1 Sketch.o
                0x00800419                noPVReadings
 .bss.noBattReadings
                0x0080041a        0x1 Sketch.o
                0x0080041a                noBattReadings
 .bss._chargingInProgress
                0x0080041b        0x1 Sketch.o
                0x0080041b                _chargingInProgress
 .bss._currCycleNumber
                0x0080041c        0x4 Sketch.o
                0x0080041c                _currCycleNumber
 .bss._moduleHasShutdown
                0x00800420        0x1 Sketch.o
                0x00800420                _moduleHasShutdown
 .bss._isDailyCycle
                0x00800421        0x1 Sketch.o
                0x00800421                _isDailyCycle
 .bss._isAtCycleStart
                0x00800422        0x1 Sketch.o
                0x00800422                _isAtCycleStart
 .bss.timer     0x00800423       0x25 Sketch.o
                0x00800423                timer
 .bss.gsm       0x00800448      0x121 Sketch.o
                0x00800448                gsm
 .bss.mem       0x00800569        0x1 Sketch.o
                0x00800569                mem
 .bss.twi_error
                0x0080056a        0x1 src/libraries/Wire/src/utility/twi.o
 .bss.twi_rxBufferIndex
                0x0080056b        0x1 src/libraries/Wire/src/utility/twi.o
 .bss.twi_rxBuffer
                0x0080056c       0x20 src/libraries/Wire/src/utility/twi.o
 .bss.twi_txBufferLength
                0x0080058c        0x1 src/libraries/Wire/src/utility/twi.o
 .bss.twi_txBufferIndex
                0x0080058d        0x1 src/libraries/Wire/src/utility/twi.o
 .bss.twi_txBuffer
                0x0080058e       0x20 src/libraries/Wire/src/utility/twi.o
 .bss.twi_masterBufferLength
                0x008005ae        0x1 src/libraries/Wire/src/utility/twi.o
 .bss.twi_masterBufferIndex
                0x008005af        0x1 src/libraries/Wire/src/utility/twi.o
 .bss.twi_masterBuffer
                0x008005b0       0x20 src/libraries/Wire/src/utility/twi.o
 .bss.twi_onSlaveReceive
                0x008005d0        0x2 src/libraries/Wire/src/utility/twi.o
 .bss.twi_onSlaveTransmit
                0x008005d2        0x2 src/libraries/Wire/src/utility/twi.o
 .bss.twi_inRepStart
                0x008005d4        0x1 src/libraries/Wire/src/utility/twi.o
 .bss.twi_sendStop
                0x008005d5        0x1 src/libraries/Wire/src/utility/twi.o
 .bss.twi_slarw
                0x008005d6        0x1 src/libraries/Wire/src/utility/twi.o
 .bss.twi_state
                0x008005d7        0x1 src/libraries/Wire/src/utility/twi.o
 .bss.Wire      0x008005d8        0xc src/libraries/Wire/src/Wire.o
                0x008005d8                Wire
 .bss._ZN7TwoWire12transmittingE
                0x008005e4        0x1 src/libraries/Wire/src/Wire.o
                0x008005e4                _ZN7TwoWire12transmittingE
 .bss._ZN7TwoWire14txBufferLengthE
                0x008005e5        0x1 src/libraries/Wire/src/Wire.o
                0x008005e5                _ZN7TwoWire14txBufferLengthE
 .bss._ZN7TwoWire13txBufferIndexE
                0x008005e6        0x1 src/libraries/Wire/src/Wire.o
                0x008005e6                _ZN7TwoWire13txBufferIndexE
 .bss._ZN7TwoWire8txBufferE
                0x008005e7       0x20 src/libraries/Wire/src/Wire.o
                0x008005e7                _ZN7TwoWire8txBufferE
 .bss._ZN7TwoWire14rxBufferLengthE
                0x00800607        0x1 src/libraries/Wire/src/Wire.o
                0x00800607                _ZN7TwoWire14rxBufferLengthE
 .bss._ZN7TwoWire13rxBufferIndexE
                0x00800608        0x1 src/libraries/Wire/src/Wire.o
                0x00800608                _ZN7TwoWire13rxBufferIndexE
 .bss._ZN7TwoWire8rxBufferE
                0x00800609       0x20 src/libraries/Wire/src/Wire.o
                0x00800609                _ZN7TwoWire8rxBufferE
 .bss.Serial    0x00800629       0x9d C:\Users\Numaan\Documents\Atmel Studio\7.0\RM\RM\ArduinoCore\Debug\libArduinoCore.a(HardwareSerial0.o)
                0x00800629                Serial
 .bss.timer0_fract
                0x008006c6        0x1 C:\Users\Numaan\Documents\Atmel Studio\7.0\RM\RM\ArduinoCore\Debug\libArduinoCore.a(wiring.o)
 .bss.timer0_millis
                0x008006c7        0x4 C:\Users\Numaan\Documents\Atmel Studio\7.0\RM\RM\ArduinoCore\Debug\libArduinoCore.a(wiring.o)
                0x008006c7                timer0_millis
 .bss.timer0_overflow_count
                0x008006cb        0x4 C:\Users\Numaan\Documents\Atmel Studio\7.0\RM\RM\ArduinoCore\Debug\libArduinoCore.a(wiring.o)
                0x008006cb                timer0_overflow_count
 .bss._ZN14SoftwareSerial20_receive_buffer_headE
                0x008006cf        0x1 C:\Users\Numaan\Documents\Atmel Studio\7.0\RM\RM\ArduinoCore\Debug\libArduinoCore.a(SoftwareSerial.o)
                0x008006cf                _ZN14SoftwareSerial20_receive_buffer_headE
 .bss._ZN14SoftwareSerial20_receive_buffer_tailE
                0x008006d0        0x1 C:\Users\Numaan\Documents\Atmel Studio\7.0\RM\RM\ArduinoCore\Debug\libArduinoCore.a(SoftwareSerial.o)
                0x008006d0                _ZN14SoftwareSerial20_receive_buffer_tailE
 .bss._ZN14SoftwareSerial15_receive_bufferE
                0x008006d1       0x40 C:\Users\Numaan\Documents\Atmel Studio\7.0\RM\RM\ArduinoCore\Debug\libArduinoCore.a(SoftwareSerial.o)
                0x008006d1                _ZN14SoftwareSerial15_receive_bufferE
 .bss._ZN14SoftwareSerial13active_objectE
                0x00800711        0x2 C:\Users\Numaan\Documents\Atmel Studio\7.0\RM\RM\ArduinoCore\Debug\libArduinoCore.a(SoftwareSerial.o)
                0x00800711                _ZN14SoftwareSerial13active_objectE
 *(COMMON)
 COMMON         0x00800713        0x4 c:/program files (x86)/atmel/studio/7.0/toolchain/avr8/avr8-gnu-toolchain/bin/../lib/gcc/avr/5.4.0/../../../../avr/lib/avr5\libc.a(malloc.o)
                0x00800713                __brkval
                0x00800715                __flp
                0x00800717                PROVIDE (__bss_end, .)
                0x00006af8                __data_load_start = LOADADDR (.data)
                0x00006e04                __data_load_end = (__data_load_start + SIZEOF (.data))

.noinit         0x00800717        0x0
                [!provide]                PROVIDE (__noinit_start, .)
 *(.noinit*)
                [!provide]                PROVIDE (__noinit_end, .)
                0x00800717                _end = .
                0x00800717                PROVIDE (__heap_start, .)

.eeprom         0x00810000        0x0
 *(.eeprom*)
                0x00810000                __eeprom_end = .

.fuse
 *(.fuse)
 *(.lfuse)
 *(.hfuse)
 *(.efuse)

.lock
 *(.lock*)

.signature
 *(.signature*)

.user_signatures
 *(.user_signatures*)

.stab
 *(.stab)

.stabstr
 *(.stabstr)

.stab.excl
 *(.stab.excl)

.stab.exclstr
 *(.stab.exclstr)

.stab.index
 *(.stab.index)

.stab.indexstr
 *(.stab.indexstr)

.comment        0x00000000       0x30
 *(.comment)
 .comment       0x00000000       0x30 GsmManager.o
                                 0x31 (size before relaxing)
 .comment       0x00000030       0x31 Helpers.o
 .comment       0x00000030       0x31 RmMemManager.o
 .comment       0x00000030       0x31 Sketch.o
 .comment       0x00000030       0x31 src/libraries/Wire/src/utility/twi.o
 .comment       0x00000030       0x31 src/libraries/Wire/src/Wire.o
 .comment       0x00000030       0x31 Timing.o
 .comment       0x00000030       0x31 C:\Users\Numaan\Documents\Atmel Studio\7.0\RM\RM\ArduinoCore\Debug\libArduinoCore.a(HardwareSerial.o)
 .comment       0x00000030       0x31 C:\Users\Numaan\Documents\Atmel Studio\7.0\RM\RM\ArduinoCore\Debug\libArduinoCore.a(HardwareSerial0.o)
 .comment       0x00000030       0x31 C:\Users\Numaan\Documents\Atmel Studio\7.0\RM\RM\ArduinoCore\Debug\libArduinoCore.a(main.o)
 .comment       0x00000030       0x31 C:\Users\Numaan\Documents\Atmel Studio\7.0\RM\RM\ArduinoCore\Debug\libArduinoCore.a(Print.o)
 .comment       0x00000030       0x31 C:\Users\Numaan\Documents\Atmel Studio\7.0\RM\RM\ArduinoCore\Debug\libArduinoCore.a(wiring.o)
 .comment       0x00000030       0x31 C:\Users\Numaan\Documents\Atmel Studio\7.0\RM\RM\ArduinoCore\Debug\libArduinoCore.a(wiring_analog.o)
 .comment       0x00000030       0x31 C:\Users\Numaan\Documents\Atmel Studio\7.0\RM\RM\ArduinoCore\Debug\libArduinoCore.a(wiring_digital.o)
 .comment       0x00000030       0x31 C:\Users\Numaan\Documents\Atmel Studio\7.0\RM\RM\ArduinoCore\Debug\libArduinoCore.a(WString.o)
 .comment       0x00000030       0x31 C:\Users\Numaan\Documents\Atmel Studio\7.0\RM\RM\ArduinoCore\Debug\libArduinoCore.a(Adafruit_FONA.o)
 .comment       0x00000030       0x31 C:\Users\Numaan\Documents\Atmel Studio\7.0\RM\RM\ArduinoCore\Debug\libArduinoCore.a(SoftwareSerial.o)
 .comment       0x00000030       0x31 C:\Users\Numaan\Documents\Atmel Studio\7.0\RM\RM\ArduinoCore\Debug\libArduinoCore.a(hooks.o)
 .comment       0x00000030       0x31 C:\Users\Numaan\Documents\Atmel Studio\7.0\RM\RM\ArduinoCore\Debug\libArduinoCore.a(WInterrupts.o)
 .comment       0x00000030       0x31 c:/program files (x86)/atmel/studio/7.0/toolchain/avr8/avr8-gnu-toolchain/bin/../lib/gcc/avr/5.4.0/../../../../avr/lib/avr5\libc.a(malloc.o)
 .comment       0x00000030       0x31 c:/program files (x86)/atmel/studio/7.0/toolchain/avr8/avr8-gnu-toolchain/bin/../lib/gcc/avr/5.4.0/../../../../avr/lib/avr5\libc.a(realloc.o)

.note.gnu.avr.deviceinfo
                0x00000000       0x40
 .note.gnu.avr.deviceinfo
                0x00000000       0x40 C:/Program Files (x86)/Atmel/Studio/7.0/Packs/atmel/ATmega_DFP/1.2.132/gcc/dev/atmega328p/avr5/crtatmega328p.o

.note.gnu.build-id
 *(.note.gnu.build-id)

.debug
 *(.debug)

.line
 *(.line)

.debug_srcinfo
 *(.debug_srcinfo)

.debug_sfnames
 *(.debug_sfnames)

.debug_aranges  0x00000000      0xe20
 *(.debug_aranges)
 .debug_aranges
                0x00000000       0x60 GsmManager.o
 .debug_aranges
                0x00000060       0x40 Helpers.o
 .debug_aranges