Archive member included to satisfy reference by file (symbol)

c:/program files (x86)/atmel/studio/7.0/toolchain/avr8/avr8-gnu-toolchain/bin/../lib/gcc/avr/5.4.0/../../../../avr/lib/avr5\libm.a(floatsisf.o)
                              SensorManager.o (__floatsisf)
C:\Users\Saba Baig\Documents\Atmel Studio\7.0\RM\RM\ArduinoCore\Debug\libArduinoCore.a(HardwareSerial.o)
                              Main_SignalLogging.o (_ZN14HardwareSerial5beginEmh)
C:\Users\Saba Baig\Documents\Atmel Studio\7.0\RM\RM\ArduinoCore\Debug\libArduinoCore.a(HardwareSerial0.o)
                              Adafruit_FONA.o (Serial)
C:\Users\Saba Baig\Documents\Atmel Studio\7.0\RM\RM\ArduinoCore\Debug\libArduinoCore.a(main.o)
                              C:/Program Files (x86)/Atmel/Studio/7.0/Packs/atmel/ATmega_DFP/1.2.132/gcc/dev/atmega328p/avr5/crtatmega328p.o (main)
C:\Users\Saba Baig\Documents\Atmel Studio\7.0\RM\RM\ArduinoCore\Debug\libArduinoCore.a(new.o)
                              Adafruit_FONA.o (_Znwj)
C:\Users\Saba Baig\Documents\Atmel Studio\7.0\RM\RM\ArduinoCore\Debug\libArduinoCore.a(Print.o)
                              Adafruit_FONA.o (_ZN5Print5writeEPKhj)
C:\Users\Saba Baig\Documents\Atmel Studio\7.0\RM\RM\ArduinoCore\Debug\libArduinoCore.a(wiring.o)
                              Adafruit_FONA.o (delay)
C:\Users\Saba Baig\Documents\Atmel Studio\7.0\RM\RM\ArduinoCore\Debug\libArduinoCore.a(wiring_analog.o)
                              SensorManager.o (analogRead)
C:\Users\Saba Baig\Documents\Atmel Studio\7.0\RM\RM\ArduinoCore\Debug\libArduinoCore.a(wiring_digital.o)
                              Adafruit_FONA.o (pinMode)
C:\Users\Saba Baig\Documents\Atmel Studio\7.0\RM\RM\ArduinoCore\Debug\libArduinoCore.a(WString.o)
                              Adafruit_FONA.o (_ZN6StringD1Ev)
C:\Users\Saba Baig\Documents\Atmel Studio\7.0\RM\RM\ArduinoCore\Debug\libArduinoCore.a(SoftwareSerial.o)
                              Adafruit_FONA.o (_ZN14SoftwareSerialC1Ehhb)
C:\Users\Saba Baig\Documents\Atmel Studio\7.0\RM\RM\ArduinoCore\Debug\libArduinoCore.a(abi.o)
                              C:\Users\Saba Baig\Documents\Atmel Studio\7.0\RM\RM\ArduinoCore\Debug\libArduinoCore.a(Print.o) (__cxa_pure_virtual)
C:\Users\Saba Baig\Documents\Atmel Studio\7.0\RM\RM\ArduinoCore\Debug\libArduinoCore.a(hooks.o)
                              C:\Users\Saba Baig\Documents\Atmel Studio\7.0\RM\RM\ArduinoCore\Debug\libArduinoCore.a(wiring.o) (yield)
c:/program files (x86)/atmel/studio/7.0/toolchain/avr8/avr8-gnu-toolchain/bin/../lib/gcc/avr/5.4.0/../../../../avr/lib/avr5\libm.a(addsf3.o)
                              C:\Users\Saba Baig\Documents\Atmel Studio\7.0\RM\RM\ArduinoCore\Debug\libArduinoCore.a(Print.o) (__subsf3)
c:/program files (x86)/atmel/studio/7.0/toolchain/avr8/avr8-gnu-toolchain/bin/../lib/gcc/avr/5.4.0/../../../../avr/lib/avr5\libm.a(addsf3x.o)
                              c:/program files (x86)/atmel/studio/7.0/toolchain/avr8/avr8-gnu-toolchain/bin/../lib/gcc/avr/5.4.0/../../../../avr/lib/avr5\libm.a(addsf3.o) (__addsf3x)
c:/program files (x86)/atmel/studio/7.0/toolchain/avr8/avr8-gnu-toolchain/bin/../lib/gcc/avr/5.4.0/../../../../avr/lib/avr5\libm.a(cmpsf2.o)
                              C:\Users\Saba Baig\Documents\Atmel Studio\7.0\RM\RM\ArduinoCore\Debug\libArduinoCore.a(Print.o) (__ltsf2)
c:/program files (x86)/atmel/studio/7.0/toolchain/avr8/avr8-gnu-toolchain/bin/../lib/gcc/avr/5.4.0/../../../../avr/lib/avr5\libm.a(divsf3.o)
                              C:\Users\Saba Baig\Documents\Atmel Studio\7.0\RM\RM\ArduinoCore\Debug\libArduinoCore.a(Print.o) (__divsf3)
c:/program files (x86)/atmel/studio/7.0/toolchain/avr8/avr8-gnu-toolchain/bin/../lib/gcc/avr/5.4.0/../../../../avr/lib/avr5\libm.a(divsf3x.o)
                              c:/program files (x86)/atmel/studio/7.0/toolchain/avr8/avr8-gnu-toolchain/bin/../lib/gcc/avr/5.4.0/../../../../avr/lib/avr5\libm.a(divsf3.o) (__divsf3x)
c:/program files (x86)/atmel/studio/7.0/toolchain/avr8/avr8-gnu-toolchain/bin/../lib/gcc/avr/5.4.0/../../../../avr/lib/avr5\libm.a(fixsfsi.o)
                              C:\Users\Saba Baig\Documents\Atmel Studio\7.0\RM\RM\ArduinoCore\Debug\libArduinoCore.a(Print.o) (__fixsfsi)
c:/program files (x86)/atmel/studio/7.0/toolchain/avr8/avr8-gnu-toolchain/bin/../lib/gcc/avr/5.4.0/../../../../avr/lib/avr5\libm.a(fixunssfsi.o)
                              C:\Users\Saba Baig\Documents\Atmel Studio\7.0\RM\RM\ArduinoCore\Debug\libArduinoCore.a(Print.o) (__fixunssfsi)
c:/program files (x86)/atmel/studio/7.0/toolchain/avr8/avr8-gnu-toolchain/bin/../lib/gcc/avr/5.4.0/../../../../avr/lib/avr5\libm.a(fp_cmp.o)
                              c:/program files (x86)/atmel/studio/7.0/toolchain/avr8/avr8-gnu-toolchain/bin/../lib/gcc/avr/5.4.0/../../../../avr/lib/avr5\libm.a(cmpsf2.o) (__fp_cmp)
c:/program files (x86)/atmel/studio/7.0/toolchain/avr8/avr8-gnu-toolchain/bin/../lib/gcc/avr/5.4.0/../../../../avr/lib/avr5\libm.a(fp_inf.o)
[...]
Memory Configuration

Name             Origin             Length             Attributes
text             0x00000000         0x00020000         xr
data             0x00800060         0x0000ffa0         rw !x
eeprom           0x00810000         0x00010000         rw !x
fuse             0x00820000         0x00000003         rw !x
lock             0x00830000         0x00000400         rw !x
signature        0x00840000         0x00000400         rw !x
user_signatures  0x00850000         0x00000400         rw !x
*default*        0x00000000         0xffffffff

Linker script and memory map

Address of section .data set to 0x800100
LOAD C:/Program Files (x86)/Atmel/Studio/7.0/Packs/atmel/ATmega_DFP/1.2.132/gcc/dev/atmega328p/avr5/crtatmega328p.o
LOAD Adafruit_FONA.o
LOAD GpsManager.o
LOAD GsmManager.o
LOAD GsmPayload.o
LOAD Helpers.o
LOAD Main_SignalLogging.o
LOAD RmMemManager.o
LOAD SensorManager.o
LOAD src/libraries/Wire/src/utility/twi.o
LOAD src/libraries/Wire/src/Wire.o
LOAD ExtendedTests.o
LOAD Timing.o
START GROUP
LOAD c:/program files (x86)/atmel/studio/7.0/toolchain/avr8/avr8-gnu-toolchain/bin/../lib/gcc/avr/5.4.0/../../../../avr/lib/avr5\libm.a
LOAD C:\Users\Saba Baig\Documents\Atmel Studio\7.0\RM\RM\ArduinoCore\Debug\libArduinoCore.a
END GROUP
LOAD c:/program files (x86)/atmel/studio/7.0/toolchain/avr8/avr8-gnu-toolchain/bin/../lib/gcc/avr/5.4.0/avr5\libgcc.a
LOAD c:/program files (x86)/atmel/studio/7.0/toolchain/avr8/avr8-gnu-toolchain/bin/../lib/gcc/avr/5.4.0/../../../../avr/lib/avr5\libm.a
START GROUP
LOAD c:/program files (x86)/atmel/studio/7.0/toolchain/avr8/avr8-gnu-toolchain/bin/../lib/gcc/avr/5.4.0/avr5\libgcc.a
LOAD c:/program files (x86)/atmel/studio/7.0/toolchain/avr8/avr8-gnu-toolchain/bin/../lib/gcc/avr/5.4.0/../../../../avr/lib/avr5\libm.a
LOAD c:/program files (x86)/atmel/studio/7.0/toolchain/avr8/avr8-gnu-toolchain/bin/../lib/gcc/avr/5.4.0/../../../../avr/lib/avr5\libc.a
LOAD C:/Program Files (x86)/Atmel/Studio/7.0/Packs/atmel/ATmega_DFP/1.2.132/gcc/dev/atmega328p/avr5\libatmega328p.a
END GROUP
                0x00000000                __TEXT_REGION_ORIGIN__ = DEFINED (__TEXT_REGION_ORIGIN__)?__TEXT_REGION_ORIGIN__:0x0
                0x00800060                __DATA_REGION_ORIGIN__ = DEFINED (__DATA_REGION_ORIGIN__)?__DATA_REGION_ORIGIN__:0x800060
                0x00020000                __TEXT_REGION_LENGTH__ = DEFINED (__TEXT_REGION_LENGTH__)?__TEXT_REGION_LENGTH__:0x20000
                0x0000ffa0                __DATA_REGION_LENGTH__ = DEFINED (__DATA_REGION_LENGTH__)?__DATA_REGION_LENGTH__:0xffa0
                0x00010000                __EEPROM_REGION_LENGTH__ = DEFINED (__EEPROM_REGION_LENGTH__)?__EEPROM_REGION_LENGTH__:0x10000
                [0x00000003]                __FUSE_REGION_LENGTH__ = DEFINED (__FUSE_REGION_LENGTH__)?__FUSE_REGION_LENGTH__:0x400
                0x00000400                __LOCK_REGION_LENGTH__ = DEFINED (__LOCK_REGION_LENGTH__)?__LOCK_REGION_LENGTH__:0x400
                0x00000400                __SIGNATURE_REGION_LENGTH__ = DEFINED (__SIGNATURE_REGION_LENGTH__)?__SIGNATURE_REGION_LENGTH__:0x400
                0x00000400                __USER_SIGNATURE_REGION_LENGTH__ = DEFINED (__USER_SIGNATURE_REGION_LENGTH__)?__USER_SIGNATURE_REGION_LENGTH__:0x400

.hash
 *(.hash)

.dynsym
 *(.dynsym)

.dynstr
 *(.dynstr)

.gnu.version
 *(.gnu.version)

.gnu.version_d
 *(.gnu.version_d)

.gnu.version_r
 *(.gnu.version_r)

.rel.init
 *(.rel.init)

.rela.init
 *(.rela.init)

.rel.text
 *(.rel.text)
 *(.rel.text.*)
 *(.rel.gnu.linkonce.t*)

.rela.text
 *(.rela.text)
 *(.rela.text.*)
 *(.rela.gnu.linkonce.t*)

.rel.fini
 *(.rel.fini)

.rela.fini
 *(.rela.fini)

.rel.rodata
 *(.rel.rodata)
 *(.rel.rodata.*)
 *(.rel.gnu.linkonce.r*)

.rela.rodata
 *(.rela.rodata)
 *(.rela.rodata.*)
 *(.rela.gnu.linkonce.r*)

.rel.data
 *(.rel.data)
 *(.rel.data.*)
 *(.rel.gnu.linkonce.d*)

.rela.data
 *(.rela.data)
 *(.rela.data.*)
 *(.rela.gnu.linkonce.d*)

.rel.ctors
 *(.rel.ctors)

.rela.ctors
 *(.rela.ctors)

.rel.dtors
 *(.rel.dtors)

.rela.dtors
 *(.rela.dtors)

.rel.got
 *(.rel.got)

.rela.got
 *(.rela.got)

.rel.bss
 *(.rel.bss)

.rela.bss
 *(.rela.bss)

.rel.plt
 *(.rel.plt)

.rela.plt
 *(.rela.plt)

.text           0x00000000     0x4880
 *(.vectors)
 .vectors       0x00000000       0x68 C:/Program Files (x86)/Atmel/Studio/7.0/Packs/atmel/ATmega_DFP/1.2.132/gcc/dev/atmega328p/avr5/crtatmega328p.o
                0x00000000                __vector_default
                0x00000000                __vectors
 *(.vectors)
 *(.progmem.gcc*)
                0x00000068                . = ALIGN (0x2)
                0x00000068                __trampolines_start = .
 *(.trampolines)
 .trampolines   0x00000068        0x0 linker stubs
 *(.trampolines*)
                0x00000068                __trampolines_end = .
 *libprintf_flt.a:*(.progmem.data)
 *libc.a:*(.progmem.data)
 *(.progmem*)
 .progmem.data._ZZN13Adafruit_FONA14getReplyQuotedEPK19__FlashStringHelperS2_jE3__c_0
                0x00000068        0x7 Adafruit_FONA.o
 .progmem.data._ZZN13Adafruit_FONA14getReplyQuotedEPK19__FlashStringHelperS2_jE3__c
                0x0000006f        0x7 Adafruit_FONA.o
 .progmem.data._ZZN13Adafruit_FONA8getReplyEPK19__FlashStringHelperljE3__c_0
                0x00000076        0x7 Adafruit_FONA.o
 .progmem.data._ZZN13Adafruit_FONA8getReplyEPK19__FlashStringHelperljE3__c
                0x0000007d        0x7 Adafruit_FONA.o
 .progmem.data._ZZN13Adafruit_FONA8getReplyEPK19__FlashStringHelperjE3__c_0
                0x00000084        0x7 Adafruit_FONA.o
 .progmem.data._ZZN13Adafruit_FONA8getReplyEPK19__FlashStringHelperjE3__c
                0x0000008b        0x7 Adafruit_FONA.o
 .progmem.data._ZZN13Adafruit_FONA8readlineEjbE3__c
                0x00000092        0x6 Adafruit_FONA.o
 .progmem.data._ZZN13Adafruit_FONA11expectReplyEPK19__FlashStringHelperjE3__c
                0x00000098        0x7 Adafruit_FONA.o
 .progmem.data._ZZN13Adafruit_FONA10HTTP_setupEPK19__FlashStringHelperE3__c_1
                0x0000009f        0x3 Adafruit_FONA.o
 .progmem.data._ZZN13Adafruit_FONA10HTTP_setupEPK19__FlashStringHelperE3__c_0
                0x000000a2        0x4 Adafruit_FONA.o
 .progmem.data._ZZN13Adafruit_FONA10HTTP_setupEPK19__FlashStringHelperE3__c
                0x000000a6        0x4 Adafruit_FONA.o
 .progmem.data._ZZN13Adafruit_FONA15HTTP_POST_startEPK19__FlashStringHelperS2_PKhjPjjS5_S5_E3__c
                0x000000aa        0x8 Adafruit_FONA.o
 .progmem.data._ZZN13Adafruit_FONA12HTTP_readallEjPjE3__c_0
                0x000000b2        0xb Adafruit_FONA.o
 .progmem.data._ZZN13Adafruit_FONA12HTTP_readallEjPjE3__c
                0x000000bd        0xd Adafruit_FONA.o
 .progmem.data._ZZN13Adafruit_FONA11HTTP_actionEhPjS0_lE3__c_1
                0x000000ca        0xd Adafruit_FONA.o
 .progmem.data._ZZN13Adafruit_FONA11HTTP_actionEhPjS0_lE3__c_0
                0x000000d7        0xd Adafruit_FONA.o
 .progmem.data._ZZN13Adafruit_FONA11HTTP_actionEhPjS0_lE3__c
                0x000000e4        0xf Adafruit_FONA.o
 .progmem.data._ZZN13Adafruit_FONA9HTTP_dataEmmE3__c_2
                0x000000f3        0x9 Adafruit_FONA.o
 .progmem.data._ZZN13Adafruit_FONA9HTTP_dataEmmE3__c_1
                0x000000fc        0xd Adafruit_FONA.o
 .progmem.data._ZZN13Adafruit_FONA9HTTP_dataEmmE3__c_0
                0x00000109        0xd Adafruit_FONA.o
 .progmem.data._ZZN13Adafruit_FONA9HTTP_dataEmmE3__c
                0x00000116        0x7 Adafruit_FONA.o
 .progmem.data._ZZN13Adafruit_FONA15HTTP_para_startEPK19__FlashStringHelperbE3__c_3
                0x0000011d        0x3 Adafruit_FONA.o
 .progmem.data._ZZN13Adafruit_FONA15HTTP_para_startEPK19__FlashStringHelperbE3__c_2
                0x00000120        0x4 Adafruit_FONA.o
 .progmem.data._ZZN13Adafruit_FONA15HTTP_para_startEPK19__FlashStringHelperbE3__c_1
                0x00000124        0xe Adafruit_FONA.o
 .progmem.data._ZZN13Adafruit_FONA15HTTP_para_startEPK19__FlashStringHelperbE3__c_0
                0x00000132        0xe Adafruit_FONA.o
 .progmem.data._ZZN13Adafruit_FONA15HTTP_para_startEPK19__FlashStringHelperbE3__c
                0x00000140        0x7 Adafruit_FONA.o
 .progmem.data._ZZN13Adafruit_FONA9HTTP_termEvE3__c
                0x00000147        0xc Adafruit_FONA.o
 .progmem.data._ZZN13Adafruit_FONA9HTTP_initEvE3__c
                0x00000153        0xc Adafruit_FONA.o
 .progmem.data._ZZN13Adafruit_FONA16sendDataOverGprsEPhjPcjPjS2_S2_E3__c_5
                0x0000015f        0x9 Adafruit_FONA.o
 .progmem.data._ZZN13Adafruit_FONA16sendDataOverGprsEPhjPcjPjS2_S2_E3__c_4
                0x00000168       0x1d Adafruit_FONA.o
 .progmem.data._ZZN13Adafruit_FONA16sendDataOverGprsEPhjPcjPjS2_S2_E3__c_3
                0x00000185       0x15 Adafruit_FONA.o
 .progmem.data._ZZN13Adafruit_FONA16sendDataOverGprsEPhjPcjPjS2_S2_E3__c_2
                0x0000019a       0x1d Adafruit_FONA.o
 .progmem.data._ZZN13Adafruit_FONA16sendDataOverGprsEPhjPcjPjS2_S2_E3__c_1
                0x000001b7       0x23 Adafruit_FONA.o
 .progmem.data._ZZN13Adafruit_FONA16sendDataOverGprsEPhjPcjPjS2_S2_E3__c_0
                0x000001da        0xb Adafruit_FONA.o
 .progmem.data._ZZN13Adafruit_FONA16sendDataOverGprsEPhjPcjPjS2_S2_E3__c
                0x000001e5       0x23 Adafruit_FONA.o
 .progmem.data._ZZN13Adafruit_FONA10enableGPRSEbE3__c_14
                0x00000208        0xb Adafruit_FONA.o
 .progmem.data._ZZN13Adafruit_FONA10enableGPRSEbE3__c_13
                0x00000213        0xd Adafruit_FONA.o
 .progmem.data._ZZN13Adafruit_FONA10enableGPRSEbE3__c_11
                0x00000220        0xb Adafruit_FONA.o
 .progmem.data._ZZN13Adafruit_FONA10enableGPRSEbE3__c_12
                0x0000022b        0x8 Adafruit_FONA.o
 .progmem.data._ZZN13Adafruit_FONA10enableGPRSEbE3__c_10
                0x00000233        0x9 Adafruit_FONA.o
 .progmem.data._ZZN13Adafruit_FONA10enableGPRSEbE3__c_9
                0x0000023c        0xd Adafruit_FONA.o
 .progmem.data._ZZN13Adafruit_FONA10enableGPRSEbE3__c_8
                0x00000249       0x14 Adafruit_FONA.o
 .progmem.data._ZZN13Adafruit_FONA10enableGPRSEbE3__c_7
                0x0000025d       0x15 Adafruit_FONA.o
 .progmem.data._ZZN13Adafruit_FONA10enableGPRSEbE3__c_6
                0x00000272        0xa Adafruit_FONA.o
 .progmem.data._ZZN13Adafruit_FONA10enableGPRSEbE3__c_5
                0x0000027c        0x7 Adafruit_FONA.o
 .progmem.data._ZZN13Adafruit_FONA10enableGPRSEbE3__c_4
                0x00000283        0xa Adafruit_FONA.o
 .progmem.data._ZZN13Adafruit_FONA10enableGPRSEbE3__c_3
                0x0000028d       0x14 Adafruit_FONA.o
 .progmem.data._ZZN13Adafruit_FONA10enableGPRSEbE3__c_2
                0x000002a1       0x1e Adafruit_FONA.o
 .progmem.data._ZZN13Adafruit_FONA10enableGPRSEbE3__c_1
                0x000002bf        0xb Adafruit_FONA.o
 .progmem.data._ZZN13Adafruit_FONA10enableGPRSEbE3__c
                0x000002ca        0xb Adafruit_FONA.o
 .progmem.data._ZZN13Adafruit_FONA10enableGPRSEbE3__c_0
                0x000002d5        0x8 Adafruit_FONA.o
 .progmem.data._ZZN13Adafruit_FONA7getRSSIEvE3__c_5
                0x000002dd        0x9 Adafruit_FONA.o
 .progmem.data._ZZN13Adafruit_FONA7getRSSIEvE3__c_6
                0x000002e6        0x8 Adafruit_FONA.o
 .progmem.data._ZZN13Adafruit_FONA7getRSSIEvE3__c_3
                0x000002ee        0x9 Adafruit_FONA.o
 .progmem.data._ZZN13Adafruit_FONA7getRSSIEvE3__c_4
                0x000002f7        0x8 Adafruit_FONA.o
 .progmem.data._ZZN13Adafruit_FONA7getRSSIEvE3__c_1
                0x000002ff        0x7 Adafruit_FONA.o
 .progmem.data._ZZN13Adafruit_FONA7getRSSIEvE3__c_2
                0x00000306        0x7 Adafruit_FONA.o
 .progmem.data._ZZN13Adafruit_FONA7getRSSIEvE3__c
                0x0000030d        0x7 Adafruit_FONA.o
 .progmem.data._ZZN13Adafruit_FONA7getRSSIEvE3__c_0
                0x00000314        0x7 Adafruit_FONA.o
 .progmem.data._ZZN13Adafruit_FONA14getBattPercentEPjE3__c
                0x0000031b        0x7 Adafruit_FONA.o
 .progmem.data._ZZN13Adafruit_FONA14getBattPercentEPjE3__c_0
                0x00000322        0x7 Adafruit_FONA.o
 .progmem.data._ZZN13Adafruit_FONA5beginEhhE3__c_11
                0x00000329        0xb Adafruit_FONA.o
 .progmem.data._ZZN13Adafruit_FONA5beginEhhE3__c_10
                0x00000334        0x7 Adafruit_FONA.o
 .progmem.data._ZZN13Adafruit_FONA5beginEhhE3__c_9
                0x0000033b        0x7 Adafruit_FONA.o
 .progmem.data._ZZN13Adafruit_FONA5beginEhhE3__c_8
                0x00000342        0x5 Adafruit_FONA.o
 .progmem.data._ZZN13Adafruit_FONA5beginEhhE3__c_7
                0x00000347        0x5 Adafruit_FONA.o
 .progmem.data._ZZN13Adafruit_FONA5beginEhhE3__c_6
                0x0000034c       0x1f Adafruit_FONA.o
 .progmem.data._ZZN13Adafruit_FONA5beginEhhE3__c_5
                0x0000036b        0x3 Adafruit_FONA.o
 .progmem.data._ZZN13Adafruit_FONA5beginEhhE3__c_4
                0x0000036e        0x3 Adafruit_FONA.o
 .progmem.data._ZZN13Adafruit_FONA5beginEhhE3__c_3
                0x00000371        0x3 Adafruit_FONA.o
 .progmem.data._ZZN13Adafruit_FONA5beginEhhE3__c_1
                0x00000374        0x3 Adafruit_FONA.o
 .progmem.data._ZZN13Adafruit_FONA5beginEhhE3__c_2
                0x00000377        0x3 Adafruit_FONA.o
 .progmem.data._ZZN13Adafruit_FONA5beginEhhE3__c_0
                0x0000037a        0x3 Adafruit_FONA.o
 .progmem.data._ZZN13Adafruit_FONA5beginEhhE3__c
                0x0000037d       0x21 Adafruit_FONA.o
 .progmem.data._ZZN13Adafruit_FONAC4EabE3__c_0
                0x0000039e        0x3 Adafruit_FONA.o
 .progmem.data._ZZN13Adafruit_FONAC4EabE3__c
                0x000003a1        0x8 Adafruit_FONA.o
 .progmem.data._ZZN7Helpers15printSensorDataEP10SensorDataE3__c_7
                0x000003a9        0x7 Helpers.o
 .progmem.data._ZZN7Helpers15printSensorDataEP10SensorDataE3__c_6
                0x000003b0        0x4 Helpers.o
 .progmem.data._ZZN7Helpers15printSensorDataEP10SensorDataE3__c_5
                0x000003b4        0x6 Helpers.o
 .progmem.data._ZZN7Helpers15printSensorDataEP10SensorDataE3__c_4
                0x000003ba        0x4 Helpers.o
 .progmem.data._ZZN7Helpers15printSensorDataEP10SensorDataE3__c_3
                0x000003be        0x9 Helpers.o
 .progmem.data._ZZN7Helpers15printSensorDataEP10SensorDataE3__c_2
                0x000003c7        0x4 Helpers.o
 .progmem.data._ZZN7Helpers15printSensorDataEP10SensorDataE3__c_1
                0x000003cb        0x6 Helpers.o
 .progmem.data._ZZN7Helpers15printSensorDataEP10SensorDataE3__c_0
                0x000003d1        0x4 Helpers.o
 .progmem.data._ZZN7Helpers15printSensorDataEP10SensorDataE3__c
                0x000003d5        0x8 Helpers.o
 .progmem.data._ZZN7Helpers9printRSSIEP13FONA_GET_RSSIE3__c_7
                0x000003dd        0xd Helpers.o
 .progmem.data._ZZN7Helpers9printRSSIEP13FONA_GET_RSSIE3__c_6
                0x000003ea        0x4 Helpers.o
 .progmem.data._ZZN7Helpers9printRSSIEP13FONA_GET_RSSIE3__c_5
                0x000003ee        0x9 Helpers.o
 .progmem.data._ZZN7Helpers9printRSSIEP13FONA_GET_RSSIE3__c_4
                0x000003f7        0xa Helpers.o
 .progmem.data._ZZN7Helpers9printRSSIEP13FONA_GET_RSSIE3__c_3
                0x00000401       0x15 Helpers.o
 .progmem.data._ZZN7Helpers9printRSSIEP13FONA_GET_RSSIE3__c_2
                0x00000416        0x4 Helpers.o
 .progmem.data._ZZN7Helpers9printRSSIEP13FONA_GET_RSSIE3__c_1
                0x0000041a        0x5 Helpers.o
 .progmem.data._ZZN7Helpers9printRSSIEP13FONA_GET_RSSIE3__c_0
                0x0000041f        0x4 Helpers.o
 .progmem.data._ZZN7Helpers9printRSSIEP13FONA_GET_RSSIE3__c
                0x00000423        0x6 Helpers.o
 .progmem.data._ZL12b64_alphabet
                0x00000429       0x41 Helpers.o
 .progmem.data._ZZ4loopE3__c
                0x0000046a        0xa Main_SignalLogging.o
 .progmem.data._ZZ8sendDatavE3__c_3
                0x00000474       0x14 Main_SignalLogging.o
 .progmem.data._ZZ8sendDatavE3__c_2
                0x00000488       0x29 Main_SignalLogging.o
 .progmem.data._ZZ8sendDatavE3__c_1
                0x000004b1       0x13 Main_SignalLogging.o
 .progmem.data._ZZ8sendDatavE3__c_0
                0x000004c4       0x18 Main_SignalLogging.o
 .progmem.data._ZZ8sendDatavE3__c
                0x000004dc       0x1f Main_SignalLogging.o
 .progmem.data._ZZ17createEncodedDataPcPhhP14DailyCycleDataE3__c
                0x000004fb       0x30 Main_SignalLogging.o
 .progmem.data._ZZ12takeReadingsvE3__c
                0x0000052b       0x13 Main_SignalLogging.o
 .progmem.data._ZZ21ensureFonaInitialisedbE3__c_9
                0x0000053e       0x26 Main_SignalLogging.o
 .progmem.data._ZZ21ensureFonaInitialisedbE3__c_8
                0x00000564       0x38 Main_SignalLogging.o
 .progmem.data._ZZ21ensureFonaInitialisedbE3__c_7
                0x0000059c       0x2f Main_SignalLogging.o
 .progmem.data._ZZ21ensureFonaInitialisedbE3__c_6
                0x000005cb       0x1b Main_SignalLogging.o
 .progmem.data._ZZ21ensureFonaInitialisedbE3__c_5
                0x000005e6       0x20 Main_SignalLogging.o
 .progmem.data._ZZ21ensureFonaInitialisedbE3__c_4
                0x00000606       0x23 Main_SignalLogging.o
 .progmem.data._ZZ21ensureFonaInitialisedbE3__c_3
                0x00000629       0x26 Main_SignalLogging.o
 .progmem.data._ZZ21ensureFonaInitialisedbE3__c_2
                0x0000064f       0x18 Main_SignalLogging.o
 .progmem.data._ZZ21ensureFonaInitialisedbE3__c_1
                0x00000667       0x1d Main_SignalLogging.o
 .progmem.data._ZZ21ensureFonaInitialisedbE3__c_0
                0x00000684       0x1b Main_SignalLogging.o
 .progmem.data._ZZ21ensureFonaInitialisedbE3__c
                0x0000069f       0x15 Main_SignalLogging.o
 .progmem.data._ZZ5setupE3__c
                0x000006b4        0xc Main_SignalLogging.o
 .progmem.data._ZZN13ExtendedTests20startExtendedGsmTestEP13Adafruit_FONAP12RmMemManagerE3__c_0
                0x000006c0       0x27 ExtendedTests.o
 .progmem.data._ZZN13ExtendedTests20startExtendedGsmTestEP13Adafruit_FONAP12RmMemManagerE3__c
                0x000006e7        0x5 ExtendedTests.o
 .progmem.data._ZZN13ExtendedTests18endExtendedGsmTestEvE3__c
                0x000006ec       0x3b ExtendedTests.o
 .progmem.data.digital_pin_to_timer_PGM
                0x00000727       0x14 C:\Users\Saba Baig\Documents\Atmel Studio\7.0\RM\RM\ArduinoCore\Debug\libArduinoCore.a(wiring_digital.o)
                0x00000727                digital_pin_to_timer_PGM
 .progmem.data.digital_pin_to_bit_mask_PGM
                0x0000073b       0x14 C:\Users\Saba Baig\Documents\Atmel Studio\7.0\RM\RM\ArduinoCore\Debug\libArduinoCore.a(wiring_digital.o)
                0x0000073b                digital_pin_to_bit_mask_PGM
 .progmem.data.digital_pin_to_port_PGM
                0x0000074f       0x14 C:\Users\Saba Baig\Documents\Atmel Studio\7.0\RM\RM\ArduinoCore\Debug\libArduinoCore.a(wiring_digital.o)
                0x0000074f                digital_pin_to_port_PGM
 .progmem.data.port_to_input_PGM
                0x00000763        0xa C:\Users\Saba Baig\Documents\Atmel Studio\7.0\RM\RM\ArduinoCore\Debug\libArduinoCore.a(wiring_digital.o)
                0x00000763                port_to_input_PGM
 .progmem.data.port_to_output_PGM
                0x0000076d        0xa C:\Users\Saba Baig\Documents\Atmel Studio\7.0\RM\RM\ArduinoCore\Debug\libArduinoCore.a(wiring_digital.o)
                0x0000076d                port_to_output_PGM
 .progmem.data.port_to_mode_PGM
                0x00000777        0xa C:\Users\Saba Baig\Documents\Atmel Studio\7.0\RM\RM\ArduinoCore\Debug\libArduinoCore.a(wiring_digital.o)
                0x00000777                port_to_mode_PGM
                0x00000782                . = ALIGN (0x2)
 *fill*         0x00000781        0x1 
 *(.jumptables)
 *(.jumptables*)
 *(.lowtext)
 *(.lowtext*)
                0x00000782                __ctors_start = .
 *(.ctors)
 .ctors         0x00000782        0x2 Main_SignalLogging.o
 .ctors         0x00000784        0x2 src/libraries/Wire/src/Wire.o
 .ctors         0x00000786        0x2 C:\Users\Saba Baig\Documents\Atmel Studio\7.0\RM\RM\ArduinoCore\Debug\libArduinoCore.a(HardwareSerial0.o)
                0x00000788                __ctors_end = .
                0x00000788                __dtors_start = .
 *(.dtors)
 .dtors         0x00000788        0x2 Main_SignalLogging.o
                0x0000078a                __dtors_end = .
 SORT(*)(.ctors)
 SORT(*)(.dtors)
 *(.init0)
 .init0         0x0000078a        0x0 C:/Program Files (x86)/Atmel/Studio/7.0/Packs/atmel/ATmega_DFP/1.2.132/gcc/dev/atmega328p/avr5/crtatmega328p.o
                0x0000078a                __init
 *(.init0)
 *(.init1)
 *(.init1)
 *(.init2)
 .init2         0x0000078a        0xc C:/Program Files (x86)/Atmel/Studio/7.0/Packs/atmel/ATmega_DFP/1.2.132/gcc/dev/atmega328p/avr5/crtatmega328p.o
 *(.init2)
 *(.init3)
 *(.init3)
 *(.init4)
 .init4         0x00000796       0x16 c:/program files (x86)/atmel/studio/7.0/toolchain/avr8/avr8-gnu-toolchain/bin/../lib/gcc/avr/5.4.0/avr5\libgcc.a(_copy_data.o)
                0x00000796                __do_copy_data
 .init4         0x000007ac       0x10 c:/program files (x86)/atmel/studio/7.0/toolchain/avr8/avr8-gnu-toolchain/bin/../lib/gcc/avr/5.4.0/avr5\libgcc.a(_clear_bss.o)
                0x000007ac                __do_clear_bss
 *(.init4)
 *(.init5)
 *(.init5)
 *(.init6)
 .init6         0x000007bc       0x16 c:/program files (x86)/atmel/studio/7.0/toolchain/avr8/avr8-gnu-toolchain/bin/../lib/gcc/avr/5.4.0/avr5\libgcc.a(_ctors.o)
                0x000007bc                __do_global_ctors
 *(.init6)
 *(.init7)
 *(.init7)
 *(.init8)
 *(.init8)
 *(.init9)
 .init9         0x000007d2        0x8 C:/Program Files (x86)/Atmel/Studio/7.0/Packs/atmel/ATmega_DFP/1.2.132/gcc/dev/atmega328p/avr5/crtatmega328p.o
 *(.init9)
 *(.text)
 .text          0x000007da        0x4 C:/Program Files (x86)/Atmel/Studio/7.0/Packs/atmel/ATmega_DFP/1.2.132/gcc/dev/atmega328p/avr5/crtatmega328p.o
                0x000007da                __vector_22
                0x000007da                __vector_1
                0x000007da                __vector_12
                0x000007da                __bad_interrupt
                0x000007da                __vector_6
                0x000007da                __vector_23
                0x000007da                __vector_25
                0x000007da                __vector_11
                0x000007da                __vector_13
                0x000007da                __vector_17
                0x000007da                __vector_7
                0x000007da                __vector_9
                0x000007da                __vector_2
                0x000007da                __vector_21
                0x000007da                __vector_15
                0x000007da                __vector_8
                0x000007da                __vector_14
                0x000007da                __vector_10
                0x000007da                __vector_20
                0x000007de                . = ALIGN (0x2)
 *(.text.*)
 .text._ZN13Adafruit_FONA9availableEv
                0x000007de       0x18 Adafruit_FONA.o
                0x000007de                _ZN13Adafruit_FONA9availableEv
 .text._ZN13Adafruit_FONA5writeEh
                0x000007f6       0x18 Adafruit_FONA.o
                0x000007f6                _ZN13Adafruit_FONA5writeEh
 .text._ZN13Adafruit_FONA4readEv
                0x0000080e       0x18 Adafruit_FONA.o
                0x0000080e                _ZN13Adafruit_FONA4readEv
 .text._ZN13Adafruit_FONA4peekEv
                0x00000826       0x18 Adafruit_FONA.o
                0x00000826                _ZN13Adafruit_FONA4peekEv
 .text._ZN13Adafruit_FONA5flushEv
                0x0000083e       0x18 Adafruit_FONA.o
                0x0000083e                _ZN13Adafruit_FONA5flushEv
 .text._ZN13Adafruit_FONAC2Eab
                0x00000856       0x7a Adafruit_FONA.o
                0x00000856                _ZN13Adafruit_FONAC2Eab
                0x00000856                _ZN13Adafruit_FONAC1Eab
 .text._ZN13Adafruit_FONA12setUserAgentE6String
                0x000008d0        0x8 Adafruit_FONA.o
                0x000008d0                _ZN13Adafruit_FONA12setUserAgentE6String
 .text._ZN13Adafruit_FONA10flushInputEv
                0x000008d8       0x58 Adafruit_FONA.o
                0x000008d8                _ZN13Adafruit_FONA10flushInputEv
 .text._ZN13Adafruit_FONA15HTTP_para_startEPK19__FlashStringHelperb
                0x00000930       0x7a Adafruit_FONA.o
                0x00000930                _ZN13Adafruit_FONA15HTTP_para_startEPK19__FlashStringHelperb
 .text._ZN13Adafruit_FONA8readlineEjb
                0x000009aa       0xc4 Adafruit_FONA.o
                0x000009aa                _ZN13Adafruit_FONA8readlineEjb
 .text._ZN13Adafruit_FONA11expectReplyEPK19__FlashStringHelperj
                0x00000a6e       0x48 Adafruit_FONA.o
                0x00000a6e                _ZN13Adafruit_FONA11expectReplyEPK19__FlashStringHelperj
 .text._ZN13Adafruit_FONA13HTTP_para_endEb
                0x00000ab6       0x3c Adafruit_FONA.o
                0x00000ab6                _ZN13Adafruit_FONA13HTTP_para_endEb
 .text._ZN13Adafruit_FONA9HTTP_paraEPK19__FlashStringHelper6String
                0x00000af2       0x32 Adafruit_FONA.o
                0x00000af2                _ZN13Adafruit_FONA9HTTP_paraEPK19__FlashStringHelper6String
 .text._ZN13Adafruit_FONA9HTTP_paraEPK19__FlashStringHelperS2_
                0x00000b24       0x32 Adafruit_FONA.o
                0x00000b24                _ZN13Adafruit_FONA9HTTP_paraEPK19__FlashStringHelperS2_
 .text._ZN13Adafruit_FONA9HTTP_paraEPK19__FlashStringHelperl
                0x00000b56       0x42 Adafruit_FONA.o
                0x00000b56                _ZN13Adafruit_FONA9HTTP_paraEPK19__FlashStringHelperl
 .text._ZN13Adafruit_FONA9HTTP_dataEmm
                0x00000b98       0xd4 Adafruit_FONA.o
                0x00000b98                _ZN13Adafruit_FONA9HTTP_dataEmm
 .text._ZN13Adafruit_FONA8getReplyEPK19__FlashStringHelperj
                0x00000c6c       0x72 Adafruit_FONA.o
                0x00000c6c                _ZN13Adafruit_FONA8getReplyEPK19__FlashStringHelperj
 .text._ZN13Adafruit_FONA8getReplyEPK19__FlashStringHelperlj
                0x00000cde       0xb4 Adafruit_FONA.o
                0x00000cde                _ZN13Adafruit_FONA8getReplyEPK19__FlashStringHelperlj
 .text._ZN13Adafruit_FONA14getReplyQuotedEPK19__FlashStringHelperS2_j
                0x00000d92       0xc8 Adafruit_FONA.o
                0x00000d92                _ZN13Adafruit_FONA14getReplyQuotedEPK19__FlashStringHelperS2_j
 .text._ZN13Adafruit_FONA14sendCheckReplyEPK19__FlashStringHelperS2_j
                0x00000e5a       0x34 Adafruit_FONA.o
                0x00000e5a                _ZN13Adafruit_FONA14sendCheckReplyEPK19__FlashStringHelperS2_j
 .text._ZN13Adafruit_FONA5beginEhh
                0x00000e8e      0x26e Adafruit_FONA.o
                0x00000e8e                _ZN13Adafruit_FONA5beginEhh
 .text._ZN13Adafruit_FONA9HTTP_initEv
                0x000010fc       0x16 Adafruit_FONA.o
                0x000010fc                _ZN13Adafruit_FONA9HTTP_initEv
 .text._ZN13Adafruit_FONA9HTTP_termEv
                0x00001112       0x16 Adafruit_FONA.o
                0x00001112                _ZN13Adafruit_FONA9HTTP_termEv
 .text._ZN13Adafruit_FONA10HTTP_setupEPK19__FlashStringHelper
                0x00001128       0xa6 Adafruit_FONA.o
                0x00001128                _ZN13Adafruit_FONA10HTTP_setupEPK19__FlashStringHelper
 .text._ZN13Adafruit_FONA14sendCheckReplyEPK19__FlashStringHelperlS2_j
                0x000011ce       0x40 Adafruit_FONA.o
                0x000011ce                _ZN13Adafruit_FONA14sendCheckReplyEPK19__FlashStringHelperlS2_j
 .text._ZN13Adafruit_FONA20sendCheckReplyQuotedEPK19__FlashStringHelperS2_S2_j
                0x0000120e       0x38 Adafruit_FONA.o
                0x0000120e                _ZN13Adafruit_FONA20sendCheckReplyQuotedEPK19__FlashStringHelperS2_S2_j
 .text._ZN13Adafruit_FONA10enableGPRSEb
                0x00001246      0x2e8 Adafruit_FONA.o
                0x00001246                _ZN13Adafruit_FONA10enableGPRSEb
 .text._ZN13Adafruit_FONA10parseReplyEPK19__FlashStringHelperPjch
                0x0000152e       0x6a Adafruit_FONA.o
                0x0000152e                _ZN13Adafruit_FONA10parseReplyEPK19__FlashStringHelperPjch
 .text._ZN13Adafruit_FONA12HTTP_readallEjPj
                0x00001598       0x42 Adafruit_FONA.o
                0x00001598                _ZN13Adafruit_FONA12HTTP_readallEjPj
 .text._ZN13Adafruit_FONA11HTTP_actionEhPjS0_l
                0x000015da       0xbc Adafruit_FONA.o
                0x000015da                _ZN13Adafruit_FONA11HTTP_actionEhPjS0_l
 .text._ZN13Adafruit_FONA15HTTP_POST_startEPK19__FlashStringHelperS2_PKhjPjjS5_S5_
                0x00001696      0x12e Adafruit_FONA.o
                0x00001696                _ZN13Adafruit_FONA15HTTP_POST_startEPK19__FlashStringHelperS2_PKhjPjjS5_S5_
 .text._ZN13Adafruit_FONA16sendDataOverGprsEPhjPcjPjS2_S2_
                0x000017c4      0x1a0 Adafruit_FONA.o
                0x000017c4                _ZN13Adafruit_FONA16sendDataOverGprsEPhjPcjPjS2_S2_
 .text._ZN13Adafruit_FONA14sendParseReplyEPK19__FlashStringHelperS2_Pjch
                0x00001964       0x58 Adafruit_FONA.o
                0x00001964                _ZN13Adafruit_FONA14sendParseReplyEPK19__FlashStringHelperS2_Pjch
 .text._ZN13Adafruit_FONA14getBattPercentEPj
                0x000019bc       0x1e Adafruit_FONA.o
                0x000019bc                _ZN13Adafruit_FONA14getBattPercentEPj
 .text._ZN13Adafruit_FONA7getRSSIEv
                0x000019da       0xde Adafruit_FONA.o
                0x000019da                _ZN13Adafruit_FONA7getRSSIEv
 .text._ZN10GsmPayloadC2Ev
                0x00001ab8       0x1c GsmPayload.o
                0x00001ab8                _ZN10GsmPayloadC1Ev
                0x00001ab8                _ZN10GsmPayloadC2Ev
 .text._ZN10GsmPayload23getEncodedPayloadSize_SEh
                0x00001ad4        0xe GsmPayload.o
                0x00001ad4                _ZN10GsmPayload23getEncodedPayloadSize_SEh
 .text._ZN10GsmPayload16createRawPayloadEPh
                0x00001ae2       0x2e GsmPayload.o
                0x00001ae2                _ZN10GsmPayload16createRawPayloadEPh
 .text._ZN10GsmPayload20createEncodedPayloadEPc
                0x00001b10       0x78 GsmPayload.o
                0x00001b10                _ZN10GsmPayload20createEncodedPayloadEPc
 .text._ZN10GsmPayload13setSensorDataEP10SensorDatah
                0x00001b88        0xa GsmPayload.o
                0x00001b88                _ZN10GsmPayload13setSensorDataEP10SensorDatah
 .text._ZN10GsmPayload11setModuleIdEh
                0x00001b92        0x6 GsmPayload.o
                0x00001b92                _ZN10GsmPayload11setModuleIdEh
 .text._ZN10GsmPayload13getBootNumberEv
                0x00001b98        0x8 GsmPayload.o
                0x00001b98                _ZN10GsmPayload13getBootNumberEv
 .text._ZN10GsmPayload13setBootNumberEj
                0x00001ba0        0x8 GsmPayload.o
                0x00001ba0                _ZN10GsmPayload13setBootNumberEj
 .text._ZN10GsmPayload7setRSSIE13FONA_GET_RSSI
                0x00001ba8        0xc GsmPayload.o
                0x00001ba8                _ZN10GsmPayload7setRSSIE13FONA_GET_RSSI
 .text._ZN7Helpers9printRSSIEP13FONA_GET_RSSI
                0x00001bb4       0xe2 Helpers.o
                0x00001bb4                _ZN7Helpers9printRSSIEP13FONA_GET_RSSI
 .text._ZN7Helpers12isSignalGoodEP13FONA_GET_RSSI
                0x00001c96       0x18 Helpers.o
                0x00001c96                _ZN7Helpers12isSignalGoodEP13FONA_GET_RSSI
 .text._ZN7Helpers15printSensorDataEP10SensorData
                0x00001cae       0xc4 Helpers.o
                0x00001cae                _ZN7Helpers15printSensorDataEP10SensorData
 .text._ZN7Helpers12freeListSizeEv
                0x00001d72       0x24 Helpers.o
                0x00001d72                _ZN7Helpers12freeListSizeEv
 .text._ZN7Helpers10freeMemoryEv
                0x00001d96       0x50 Helpers.o
                0x00001d96                _ZN7Helpers10freeMemoryEv
 .text._ZN7Helpers14base64_enc_lenEi
                0x00001de6       0x2e Helpers.o
                0x00001de6                _ZN7Helpers14base64_enc_lenEi
 .text._Z8a3_to_a4PhS_
                0x00001e14       0x48 Helpers.o
                0x00001e14                _Z8a3_to_a4PhS_
 .text._ZN7Helpers13base64_encodeEPcPhi
                0x00001e5c      0x154 Helpers.o
                0x00001e5c                _ZN7Helpers13base64_encodeEPcPhi
 .text.setup    0x00001fb0       0x4e Main_SignalLogging.o
                0x00001fb0                setup
 .text._Z21ensureFonaInitialisedb
                0x00001ffe      0x266 Main_SignalLogging.o
                0x00001ffe                _Z21ensureFonaInitialisedb
 .text._Z15switchOffSystemv
                0x00002264       0x20 Main_SignalLogging.o
                0x00002264                _Z15switchOffSystemv
 .text._Z12takeReadingsv
                0x00002284       0x58 Main_SignalLogging.o
                0x00002284                _Z12takeReadingsv
 .text._Z17createEncodedDataPcPhhP14DailyCycleData
                0x000022dc      0x162 Main_SignalLogging.o
                0x000022dc                _Z17createEncodedDataPcPhhP14DailyCycleData
 .text._Z8sendDatav
                0x0000243e      0x1ce Main_SignalLogging.o
                0x0000243e                _Z8sendDatav
 .text.loop     0x0000260c       0xbe Main_SignalLogging.o
                0x0000260c                loop
 .text.startup._GLOBAL__sub_I___fona
                0x000026ca       0x36 Main_SignalLogging.o
 .text.exit._GLOBAL__sub_D___fona
                0x00002700       0x14 Main_SignalLogging.o
 .text._ZN7TwoWire5writeEi
                0x00002714        0xe RmMemManager.o
                0x00002714                _ZN7TwoWire5writeEi
 .text._ZN12RmMemManagerC2Eb
                0x00002722       0x22 RmMemManager.o
                0x00002722                _ZN12RmMemManagerC1Eb
                0x00002722                _ZN12RmMemManagerC2Eb
 .text._ZN12RmMemManager14loadSensorDataEP10SensorDatah
                0x00002744       0x20 RmMemManager.o
                0x00002744                _ZN12RmMemManager14loadSensorDataEP10SensorDatah
 .text._ZN12RmMemManager16appendDailyEntryEP14DailyCycleData
                0x00002764        0x2 RmMemManager.o
                0x00002764                _ZN12RmMemManager16appendDailyEntryEP14DailyCycleData
 .text._Z12internalReadjPhh
                0x00002766       0x86 RmMemManager.o
                0x00002766                _Z12internalReadjPhh
 .text._ZN12RmMemManager18getUCharFromMemoryEj
                0x000027ec       0x22 RmMemManager.o
                0x000027ec                _ZN12RmMemManager18getUCharFromMemoryEj
 .text._ZN12RmMemManager11getModuleIdEv
                0x0000280e        0x8 RmMemManager.o
                0x0000280e                _ZN12RmMemManager11getModuleIdEv
 .text._ZN13SensorManagerC2Eb
                0x00002816        0x6 SensorManager.o
                0x00002816                _ZN13SensorManagerC1Eb
                0x00002816                _ZN13SensorManagerC2Eb
 .text._ZN13SensorManager16takeSampleAnalogEh
                0x0000281c       0x14 SensorManager.o
                0x0000281c                _ZN13SensorManager16takeSampleAnalogEh
 .text._ZN13SensorManager11getMockDataEP10SensorData
                0x00002830       0x4e SensorManager.o
                0x00002830                _ZN13SensorManager11getMockDataEP10SensorData
 .text._ZN13SensorManager8readDataEP10SensorData
                0x0000287e       0x78 SensorManager.o
                0x0000287e                _ZN13SensorManager8readDataEP10SensorData
 .text.twi_init
                0x000028f6       0x3c src/libraries/Wire/src/utility/twi.o
                0x000028f6                twi_init
 .text.twi_readFrom
                0x00002932       0x90 src/libraries/Wire/src/utility/twi.o
                0x00002932                twi_readFrom
 .text.twi_writeTo
                0x000029c2       0xac src/libraries/Wire/src/utility/twi.o
                0x000029c2                twi_writeTo
 .text.twi_transmit
                0x00002a6e       0x50 src/libraries/Wire/src/utility/twi.o
                0x00002a6e                twi_transmit
 .text.twi_attachSlaveRxEvent
                0x00002abe        0xa src/libraries/Wire/src/utility/twi.o
                0x00002abe                twi_attachSlaveRxEvent
 .text.twi_attachSlaveTxEvent
                0x00002ac8        0xa src/libraries/Wire/src/utility/twi.o
                0x00002ac8                twi_attachSlaveTxEvent
 .text.twi_stop
                0x00002ad2       0x14 src/libraries/Wire/src/utility/twi.o
                0x00002ad2                twi_stop
 .text.twi_releaseBus
                0x00002ae6        0xc src/libraries/Wire/src/utility/twi.o
                0x00002ae6                twi_releaseBus
 .text.__vector_24
                0x00002af2      0x25a src/libraries/Wire/src/utility/twi.o
                0x00002af2                __vector_24
 .text._ZN7TwoWire9availableEv
                0x00002d4c       0x10 src/libraries/Wire/src/Wire.o
                0x00002d4c                _ZN7TwoWire9availableEv
 .text._ZN7TwoWire4readEv
                0x00002d5c       0x28 src/libraries/Wire/src/Wire.o
                0x00002d5c                _ZN7TwoWire4readEv
 .text._ZN7TwoWire4peekEv
                0x00002d84       0x1e src/libraries/Wire/src/Wire.o
                0x00002d84                _ZN7TwoWire4peekEv
 .text._ZN7TwoWire5flushEv
                0x00002da2        0x2 src/libraries/Wire/src/Wire.o
                0x00002da2                _ZN7TwoWire5flushEv
 .text._ZN7TwoWire16onReceiveServiceEPhi
                0x00002da4       0x54 src/libraries/Wire/src/Wire.o
                0x00002da4                _ZN7TwoWire16onReceiveServiceEPhi
 .text._ZN7TwoWire16onRequestServiceEv
                0x00002df8       0x18 src/libraries/Wire/src/Wire.o
                0x00002df8                _ZN7TwoWire16onRequestServiceEv
 .text._ZN7TwoWire5writeEPKhj
                0x00002e10       0x5a src/libraries/Wire/src/Wire.o
                0x00002e10                _ZN7TwoWire5writeEPKhj
 .text._ZN7TwoWire5writeEh
                0x00002e6a       0x5e src/libraries/Wire/src/Wire.o
                0x00002e6a                _ZN7TwoWire5writeEh
 .text._ZN7TwoWireC2Ev
                0x00002ec8       0x20 src/libraries/Wire/src/Wire.o
                0x00002ec8                _ZN7TwoWireC1Ev
                0x00002ec8                _ZN7TwoWireC2Ev
 .text._ZN7TwoWire5beginEv
                0x00002ee8       0x24 src/libraries/Wire/src/Wire.o
                0x00002ee8                _ZN7TwoWire5beginEv
 .text._ZN7TwoWire17beginTransmissionEh
                0x00002f0c       0x14 src/libraries/Wire/src/Wire.o
                0x00002f0c                _ZN7TwoWire17beginTransmissionEh
 .text._ZN7TwoWire17beginTransmissionEi
                0x00002f20        0x4 src/libraries/Wire/src/Wire.o
                0x00002f20                _ZN7TwoWire17beginTransmissionEi
 .text._ZN7TwoWire15endTransmissionEh
                0x00002f24       0x26 src/libraries/Wire/src/Wire.o
                0x00002f24                _ZN7TwoWire15endTransmissionEh
 .text._ZN7TwoWire11requestFromEhhmhh
                0x00002f4a       0xa8 src/libraries/Wire/src/Wire.o
                0x00002f4a                _ZN7TwoWire11requestFromEhhmhh
 .text._ZN7TwoWire11requestFromEhhh
                0x00002ff2       0x20 src/libraries/Wire/src/Wire.o
                0x00002ff2                _ZN7TwoWire11requestFromEhhh
 .text._ZN7TwoWire11requestFromEii
                0x00003012        0x6 src/libraries/Wire/src/Wire.o
                0x00003012                _ZN7TwoWire11requestFromEii
 .text._ZN7TwoWire15endTransmissionEv
                0x00003018        0x6 src/libraries/Wire/src/Wire.o
                0x00003018                _ZN7TwoWire15endTransmissionEv
 .text.startup._GLOBAL__sub_I__ZN7TwoWire8rxBufferE
                0x0000301e        0x8 src/libraries/Wire/src/Wire.o
 .text._ZN13ExtendedTests18endExtendedGsmTestEv
                0x00003026       0x18 ExtendedTests.o
                0x00003026                _ZN13ExtendedTests18endExtendedGsmTestEv
 .text._ZN13ExtendedTests20startExtendedGsmTestEP13Adafruit_FONAP12RmMemManager
                0x0000303e       0xa6 ExtendedTests.o
                0x0000303e                _ZN13ExtendedTests20startExtendedGsmTestEP13Adafruit_FONAP12RmMemManager
 .text._ZN14HardwareSerial9availableEv
                0x000030e4       0x18 C:\Users\Saba Baig\Documents\Atmel Studio\7.0\RM\RM\ArduinoCore\Debug\libArduinoCore.a(HardwareSerial.o)
                0x000030e4                _ZN14HardwareSerial9availableEv
 .text._ZN14HardwareSerial4peekEv
                0x000030fc       0x1c C:\Users\Saba Baig\Documents\Atmel Studio\7.0\RM\RM\ArduinoCore\Debug\libArduinoCore.a(HardwareSerial.o)
                0x000030fc                _ZN14HardwareSerial4peekEv
 .text._ZN14HardwareSerial4readEv
                0x00003118       0x28 C:\Users\Saba Baig\Documents\Atmel Studio\7.0\RM\RM\ArduinoCore\Debug\libArduinoCore.a(HardwareSerial.o)
                0x00003118                _ZN14HardwareSerial4readEv
 .text._Z14serialEventRunv
                0x00003140       0x1c C:\Users\Saba Baig\Documents\Atmel Studio\7.0\RM\RM\ArduinoCore\Debug\libArduinoCore.a(HardwareSerial.o)
                0x00003140                _Z14serialEventRunv
 .text._ZN14HardwareSerial17_tx_udr_empty_irqEv
                0x0000315c       0x42 C:\Users\Saba Baig\Documents\Atmel Studio\7.0\RM\RM\ArduinoCore\Debug\libArduinoCore.a(HardwareSerial.o)
                0x0000315c                _ZN14HardwareSerial17_tx_udr_empty_irqEv
 .text._ZN14HardwareSerial5writeEh
                0x0000319e       0x8e C:\Users\Saba Baig\Documents\Atmel Studio\7.0\RM\RM\ArduinoCore\Debug\libArduinoCore.a(HardwareSerial.o)
                0x0000319e                _ZN14HardwareSerial5writeEh
 .text._ZN14HardwareSerial5flushEv
                0x0000322c       0x44 C:\Users\Saba Baig\Documents\Atmel Studio\7.0\RM\RM\ArduinoCore\Debug\libArduinoCore.a(HardwareSerial.o)
                0x0000322c                _ZN14HardwareSerial5flushEv
 .text._ZN14HardwareSerial5beginEmh
                0x00003270       0xca C:\Users\Saba Baig\Documents\Atmel Studio\7.0\RM\RM\ArduinoCore\Debug\libArduinoCore.a(HardwareSerial.o)
                0x00003270                _ZN14HardwareSerial5beginEmh
 .text.__vector_18
                0x0000333a       0x64 C:\Users\Saba Baig\Documents\Atmel Studio\7.0\RM\RM\ArduinoCore\Debug\libArduinoCore.a(HardwareSerial0.o)
                0x0000333a                __vector_18
 .text.__vector_19
                0x0000339e       0x4c C:\Users\Saba Baig\Documents\Atmel Studio\7.0\RM\RM\ArduinoCore\Debug\libArduinoCore.a(HardwareSerial0.o)
                0x0000339e                __vector_19
 .text._Z17Serial0_availablev
                0x000033ea       0x14 C:\Users\Saba Baig\Documents\Atmel Studio\7.0\RM\RM\ArduinoCore\Debug\libArduinoCore.a(HardwareSerial0.o)
                0x000033ea                _Z17Serial0_availablev
 .text.startup._GLOBAL__sub_I___vector_18
                0x000033fe       0x5a C:\Users\Saba Baig\Documents\Atmel Studio\7.0\RM\RM\ArduinoCore\Debug\libArduinoCore.a(HardwareSerial0.o)
 .text.initVariant
                0x00003458        0x2 C:\Users\Saba Baig\Documents\Atmel Studio\7.0\RM\RM\ArduinoCore\Debug\libArduinoCore.a(main.o)
                0x00003458                initVariant
 .text.startup.main
                0x0000345a       0x1e C:\Users\Saba Baig\Documents\Atmel Studio\7.0\RM\RM\ArduinoCore\Debug\libArduinoCore.a(main.o)
                0x0000345a                main
 .text._Znwj    0x00003478        0x4 C:\Users\Saba Baig\Documents\Atmel Studio\7.0\RM\RM\ArduinoCore\Debug\libArduinoCore.a(new.o)
                0x00003478                _Znwj
 .text._ZN5Print5writeEPKhj
                0x0000347c       0x54 C:\Users\Saba Baig\Documents\Atmel Studio\7.0\RM\RM\ArduinoCore\Debug\libArduinoCore.a(Print.o)
                0x0000347c                _ZN5Print5writeEPKhj
 .text._ZN5Print5writeEPKc
                0x000034d0       0x2a C:\Users\Saba Baig\Documents\Atmel Studio\7.0\RM\RM\ArduinoCore\Debug\libArduinoCore.a(Print.o)
                0x000034d0                _ZN5Print5writeEPKc
 .text._ZN5Print5printEPK19__FlashStringHelper
                0x000034fa       0x48 C:\Users\Saba Baig\Documents\Atmel Studio\7.0\RM\RM\ArduinoCore\Debug\libArduinoCore.a(Print.o)
                0x000034fa                _ZN5Print5printEPK19__FlashStringHelper
 .text._ZN5Print5printERK6String
                0x00003542       0x1c C:\Users\Saba Baig\Documents\Atmel Studio\7.0\RM\RM\ArduinoCore\Debug\libArduinoCore.a(Print.o)
                0x00003542                _ZN5Print5printERK6String
 .text._ZN5Print5printEPKc
                0x0000355e        0x4 C:\Users\Saba Baig\Documents\Atmel Studio\7.0\RM\RM\ArduinoCore\Debug\libArduinoCore.a(Print.o)
                0x0000355e                _ZN5Print5printEPKc
 .text._ZN5Print5printEc
                0x00003562        0xe C:\Users\Saba Baig\Documents\Atmel Studio\7.0\RM\RM\ArduinoCore\Debug\libArduinoCore.a(Print.o)
                0x00003562                _ZN5Print5printEc
 .text._ZN5Print7printlnEv
                0x00003570        0x8 C:\Users\Saba Baig\Documents\Atmel Studio\7.0\RM\RM\ArduinoCore\Debug\libArduinoCore.a(Print.o)
                0x00003570                _ZN5Print7printlnEv
 .text._ZN5Print7printlnEPK19__FlashStringHelper
                0x00003578       0x24 C:\Users\Saba Baig\Documents\Atmel Studio\7.0\RM\RM\ArduinoCore\Debug\libArduinoCore.a(Print.o)
                0x00003578                _ZN5Print7printlnEPK19__FlashStringHelper
 .text._ZN5Print7printlnEPKc
                0x0000359c       0x24 C:\Users\Saba Baig\Documents\Atmel Studio\7.0\RM\RM\ArduinoCore\Debug\libArduinoCore.a(Print.o)
                0x0000359c                _ZN5Print7printlnEPKc
 .text._ZN5Print7printlnEc
                0x000035c0       0x24 C:\Users\Saba Baig\Documents\Atmel Studio\7.0\RM\RM\ArduinoCore\Debug\libArduinoCore.a(Print.o)
                0x000035c0                _ZN5Print7printlnEc
 .text._ZN5Print11printNumberEmh
                0x000035e4       0x92 C:\Users\Saba Baig\Documents\Atmel Studio\7.0\RM\RM\ArduinoCore\Debug\libArduinoCore.a(Print.o)
                0x000035e4                _ZN5Print11printNumberEmh
 .text._ZN5Print5printEmi
                0x00003676       0x1a C:\Users\Saba Baig\Documents\Atmel Studio\7.0\RM\RM\ArduinoCore\Debug\libArduinoCore.a(Print.o)
                0x00003676                _ZN5Print5printEmi
 .text._ZN5Print5printEhi
                0x00003690        0xe C:\Users\Saba Baig\Documents\Atmel Studio\7.0\RM\RM\ArduinoCore\Debug\libArduinoCore.a(Print.o)
                0x00003690                _ZN5Print5printEhi
 .text._ZN5Print7printlnEhi
                0x0000369e       0x24 C:\Users\Saba Baig\Documents\Atmel Studio\7.0\RM\RM\ArduinoCore\Debug\libArduinoCore.a(Print.o)
                0x0000369e                _ZN5Print7printlnEhi
 .text._ZN5Print5printEji
                0x000036c2        0xc C:\Users\Saba Baig\Documents\Atmel Studio\7.0\RM\RM\ArduinoCore\Debug\libArduinoCore.a(Print.o)
                0x000036c2                _ZN5Print5printEji
 .text._ZN5Print7printlnEji
                0x000036ce       0x24 C:\Users\Saba Baig\Documents\Atmel Studio\7.0\RM\RM\ArduinoCore\Debug\libArduinoCore.a(Print.o)
                0x000036ce                _ZN5Print7printlnEji
 .text._ZN5Print7printlnEmi
                0x000036f2       0x24 C:\Users\Saba Baig\Documents\Atmel Studio\7.0\RM\RM\ArduinoCore\Debug\libArduinoCore.a(Print.o)
                0x000036f2                _ZN5Print7printlnEmi
 .text._ZN5Print5printEli
                0x00003716       0x90 C:\Users\Saba Baig\Documents\Atmel Studio\7.0\RM\RM\ArduinoCore\Debug\libArduinoCore.a(Print.o)
                0x00003716                _ZN5Print5printEli
 .text._ZN5Print5printEii
                0x000037a6        0xe C:\Users\Saba Baig\Documents\Atmel Studio\7.0\RM\RM\ArduinoCore\Debug\libArduinoCore.a(Print.o)
                0x000037a6                _ZN5Print5printEii
 .text._ZN5Print7printlnEii
                0x000037b4       0x24 C:\Users\Saba Baig\Documents\Atmel Studio\7.0\RM\RM\ArduinoCore\Debug\libArduinoCore.a(Print.o)
                0x000037b4                _ZN5Print7printlnEii
 .text._ZN5Print7printlnEli
                0x000037d8       0x24 C:\Users\Saba Baig\Documents\Atmel Studio\7.0\RM\RM\ArduinoCore\Debug\libArduinoCore.a(Print.o)
                0x000037d8                _ZN5Print7printlnEli
 .text.__vector_16
                0x000037fc       0x94 C:\Users\Saba Baig\Documents\Atmel Studio\7.0\RM\RM\ArduinoCore\Debug\libArduinoCore.a(wiring.o)
                0x000037fc                __vector_16
 .text.micros   0x00003890       0x4a C:\Users\Saba Baig\Documents\Atmel Studio\7.0\RM\RM\ArduinoCore\Debug\libArduinoCore.a(wiring.o)
                0x00003890                micros
 .text.delay    0x000038da       0x78 C:\Users\Saba Baig\Documents\Atmel Studio\7.0\RM\RM\ArduinoCore\Debug\libArduinoCore.a(wiring.o)
                0x000038da                delay
 .text.init     0x00003952       0x76 C:\Users\Saba Baig\Documents\Atmel Studio\7.0\RM\RM\ArduinoCore\Debug\libArduinoCore.a(wiring.o)
                0x00003952                init
 .text.analogRead
                0x000039c8       0x3a C:\Users\Saba Baig\Documents\Atmel Studio\7.0\RM\RM\ArduinoCore\Debug\libArduinoCore.a(wiring_analog.o)
                0x000039c8                analogRead
 .text.turnOffPWM
                0x00003a02       0x52 C:\Users\Saba Baig\Documents\Atmel Studio\7.0\RM\RM\ArduinoCore\Debug\libArduinoCore.a(wiring_digital.o)
 .text.pinMode  0x00003a54       0x78 C:\Users\Saba Baig\Documents\Atmel Studio\7.0\RM\RM\ArduinoCore\Debug\libArduinoCore.a(wiring_digital.o)
                0x00003a54                pinMode
 .text.digitalWrite
                0x00003acc       0x5e C:\Users\Saba Baig\Documents\Atmel Studio\7.0\RM\RM\ArduinoCore\Debug\libArduinoCore.a(wiring_digital.o)
                0x00003acc                digitalWrite
 .text._ZN6StringD2Ev
                0x00003b2a        0xa C:\Users\Saba Baig\Documents\Atmel Studio\7.0\RM\RM\ArduinoCore\Debug\libArduinoCore.a(WString.o)
                0x00003b2a                _ZN6StringD2Ev
                0x00003b2a                _ZN6StringD1Ev
 .text._ZN6String10invalidateEv
                0x00003b34       0x24 C:\Users\Saba Baig\Documents\Atmel Studio\7.0\RM\RM\ArduinoCore\Debug\libArduinoCore.a(WString.o)
                0x00003b34                _ZN6String10invalidateEv
 .text._ZN6String12changeBufferEj
                0x00003b58       0x34 C:\Users\Saba Baig\Documents\Atmel Studio\7.0\RM\RM\ArduinoCore\Debug\libArduinoCore.a(WString.o)
                0x00003b58                _ZN6String12changeBufferEj
 .text._ZN6String7reserveEj
                0x00003b8c       0x38 C:\Users\Saba Baig\Documents\Atmel Studio\7.0\RM\RM\ArduinoCore\Debug\libArduinoCore.a(WString.o)
                0x00003b8c                _ZN6String7reserveEj
 .text._ZN6String4copyEPKcj
                0x00003bc4       0x42 C:\Users\Saba Baig\Documents\Atmel Studio\7.0\RM\RM\ArduinoCore\Debug\libArduinoCore.a(WString.o)
                0x00003bc4                _ZN6String4copyEPKcj
 .text._ZN6StringC2EPKc
                0x00003c06       0x2a C:\Users\Saba Baig\Documents\Atmel Studio\7.0\RM\RM\ArduinoCore\Debug\libArduinoCore.a(WString.o)
                0x00003c06                _ZN6StringC2EPKc
                0x00003c06                _ZN6StringC1EPKc
 .text._ZN6StringaSERKS_
                0x00003c30       0x2e C:\Users\Saba Baig\Documents\Atmel Studio\7.0\RM\RM\ArduinoCore\Debug\libArduinoCore.a(WString.o)
                0x00003c30                _ZN6StringaSERKS_
 .text._ZN6StringC2ERKS_
                0x00003c5e       0x12 C:\Users\Saba Baig\Documents\Atmel Studio\7.0\RM\RM\ArduinoCore\Debug\libArduinoCore.a(WString.o)
                0x00003c5e                _ZN6StringC2ERKS_
                0x00003c5e                _ZN6StringC1ERKS_
 .text._ZN6String6concatEPKcj
                0x00003c70       0x5c C:\Users\Saba Baig\Documents\Atmel Studio\7.0\RM\RM\ArduinoCore\Debug\libArduinoCore.a(WString.o)
                0x00003c70                _ZN6String6concatEPKcj
 .text._ZN6String6concatEh
                0x00003ccc       0x56 C:\Users\Saba Baig\Documents\Atmel Studio\7.0\RM\RM\ArduinoCore\Debug\libArduinoCore.a(WString.o)
                0x00003ccc                _ZN6String6concatEh
 .text._ZN14SoftwareSerial4readEv
                0x00003d22       0x42 C:\Users\Saba Baig\Documents\Atmel Studio\7.0\RM\RM\ArduinoCore\Debug\libArduinoCore.a(SoftwareSerial.o)
                0x00003d22                _ZN14SoftwareSerial4readEv
 .text._ZN14SoftwareSerial5writeEh
                0x00003d64       0xa0 C:\Users\Saba Baig\Documents\Atmel Studio\7.0\RM\RM\ArduinoCore\Debug\libArduinoCore.a(SoftwareSerial.o)
                0x00003d64                _ZN14SoftwareSerial5writeEh
 .text._ZN14SoftwareSerial5flushEv
                0x00003e04        0x2 C:\Users\Saba Baig\Documents\Atmel Studio\7.0\RM\RM\ArduinoCore\Debug\libArduinoCore.a(SoftwareSerial.o)
                0x00003e04                _ZN14SoftwareSerial5flushEv
 .text._ZN14SoftwareSerial4peekEv
                0x00003e06       0x30 C:\Users\Saba Baig\Documents\Atmel Studio\7.0\RM\RM\ArduinoCore\Debug\libArduinoCore.a(SoftwareSerial.o)
                0x00003e06                _ZN14SoftwareSerial4peekEv
 .text._ZN14SoftwareSerial9availableEv
                0x00003e36       0x30 C:\Users\Saba Baig\Documents\Atmel Studio\7.0\RM\RM\ArduinoCore\Debug\libArduinoCore.a(SoftwareSerial.o)
                0x00003e36                _ZN14SoftwareSerial9availableEv
 .text._ZN14SoftwareSerial13stopListeningEv
                0x00003e66       0x2c C:\Users\Saba Baig\Documents\Atmel Studio\7.0\RM\RM\ArduinoCore\Debug\libArduinoCore.a(SoftwareSerial.o)
                0x00003e66                _ZN14SoftwareSerial13stopListeningEv
 .text._ZN14SoftwareSerial6listenEv
                0x00003e92       0x52 C:\Users\Saba Baig\Documents\Atmel Studio\7.0\RM\RM\ArduinoCore\Debug\libArduinoCore.a(SoftwareSerial.o)
                0x00003e92                _ZN14SoftwareSerial6listenEv
 .text.__vector_3
                0x00003ee4       0xf4 C:\Users\Saba Baig\Documents\Atmel Studio\7.0\RM\RM\ArduinoCore\Debug\libArduinoCore.a(SoftwareSerial.o)
                0x00003ee4                __vector_5
                0x00003ee4                __vector_4
                0x00003ee4                __vector_3
 .text._ZN14SoftwareSerial5setTXEh
                0x00003fd8       0x52 C:\Users\Saba Baig\Documents\Atmel Studio\7.0\RM\RM\ArduinoCore\Debug\libArduinoCore.a(SoftwareSerial.o)
                0x00003fd8                _ZN14SoftwareSerial5setTXEh
 .text._ZN14SoftwareSerial5setRXEh
                0x0000402a       0x52 C:\Users\Saba Baig\Documents\Atmel Studio\7.0\RM\RM\ArduinoCore\Debug\libArduinoCore.a(SoftwareSerial.o)
                0x0000402a                _ZN14SoftwareSerial5setRXEh
 .text._ZN14SoftwareSerialC2Ehhb
                0x0000407c       0x56 C:\Users\Saba Baig\Documents\Atmel Studio\7.0\RM\RM\ArduinoCore\Debug\libArduinoCore.a(SoftwareSerial.o)
                0x0000407c                _ZN14SoftwareSerialC1Ehhb
                0x0000407c                _ZN14SoftwareSerialC2Ehhb
 .text._ZN14SoftwareSerial5beginEl
                0x000040d2      0x11c C:\Users\Saba Baig\Documents\Atmel Studio\7.0\RM\RM\ArduinoCore\Debug\libArduinoCore.a(SoftwareSerial.o)
                0x000040d2                _ZN14SoftwareSerial5beginEl
 .text.__empty  0x000041ee        0x2 C:\Users\Saba Baig\Documents\Atmel Studio\7.0\RM\RM\ArduinoCore\Debug\libArduinoCore.a(hooks.o)
                0x000041ee                yield
 .text.libgcc.div
                0x000041f0       0x18 c:/program files (x86)/atmel/studio/7.0/toolchain/avr8/avr8-gnu-toolchain/bin/../lib/gcc/avr/5.4.0/avr5\libgcc.a(_udivmodqi4.o)
                0x000041f0                __udivmodqi4
 .text.libgcc.div
                0x00004208       0x28 c:/program files (x86)/atmel/studio/7.0/toolchain/avr8/avr8-gnu-toolchain/bin/../lib/gcc/avr/5.4.0/avr5\libgcc.a(_udivmodhi4.o)
                0x00004208                __udivmodhi4
 .text.libgcc.div
                0x00004230       0x28 c:/program files (x86)/atmel/studio/7.0/toolchain/avr8/avr8-gnu-toolchain/bin/../lib/gcc/avr/5.4.0/avr5\libgcc.a(_divmodhi4.o)
                0x00004230                _div
                0x00004230                __divmodhi4
 .text.libgcc.div
                0x00004258       0x44 c:/program files (x86)/atmel/studio/7.0/toolchain/avr8/avr8-gnu-toolchain/bin/../lib/gcc/avr/5.4.0/avr5\libgcc.a(_udivmodsi4.o)
                0x00004258                __udivmodsi4
 .text.libgcc.div
                0x0000429c       0x2e c:/program files (x86)/atmel/studio/7.0/toolchain/avr8/avr8-gnu-toolchain/bin/../lib/gcc/avr/5.4.0/avr5\libgcc.a(_divmodsi4.o)
                0x0000429c                __divmodsi4
 .text.libgcc.div
                0x000042ca       0x10 c:/program files (x86)/atmel/studio/7.0/toolchain/avr8/avr8-gnu-toolchain/bin/../lib/gcc/avr/5.4.0/avr5\libgcc.a(_negsi2.o)
                0x000042ca                __negsi2
 .text.libgcc   0x000042da        0xc c:/program files (x86)/atmel/studio/7.0/toolchain/avr8/avr8-gnu-toolchain/bin/../lib/gcc/avr/5.4.0/avr5\libgcc.a(_tablejump2.o)
                0x000042da                __tablejump2__
 .text.avr-libc
                0x000042e6      0x242 c:/program files (x86)/atmel/studio/7.0/toolchain/avr8/avr8-gnu-toolchain/bin/../lib/gcc/avr/5.4.0/../../../../avr/lib/avr5\libc.a(malloc.o)
                0x000042e6                malloc
                0x00004416                free
 .text.avr-libc
                0x00004528      0x18c c:/program files (x86)/atmel/studio/7.0/toolchain/avr8/avr8-gnu-toolchain/bin/../lib/gcc/avr/5.4.0/../../../../avr/lib/avr5\libc.a(realloc.o)
                0x00004528                realloc
 .text.avr-libc
                0x000046b4       0x3c c:/program files (x86)/atmel/studio/7.0/toolchain/avr8/avr8-gnu-toolchain/bin/../lib/gcc/avr/5.4.0/../../../../avr/lib/avr5\libc.a(atoi.o)
                0x000046b4                atoi
 .text.avr-libc
                0x000046f0       0x12 c:/program files (x86)/atmel/studio/7.0/toolchain/avr8/avr8-gnu-toolchain/bin/../lib/gcc/avr/5.4.0/../../../../avr/lib/avr5\libc.a(strcmp_P.o)
                0x000046f0                strcmp_P
 .text.avr-libc
                0x00004702       0x12 c:/program files (x86)/atmel/studio/7.0/toolchain/avr8/avr8-gnu-toolchain/bin/../lib/gcc/avr/5.4.0/../../../../avr/lib/avr5\libc.a(strlen_P.o)
                0x00004702                __strlen_P
 .text.avr-libc
                0x00004714       0x34 c:/program files (x86)/atmel/studio/7.0/toolchain/avr8/avr8-gnu-toolchain/bin/../lib/gcc/avr/5.4.0/../../../../avr/lib/avr5\libc.a(strstr_P.o)
                0x00004714                strstr_P
 .text.avr-libc
                0x00004748       0x12 c:/program files (x86)/atmel/studio/7.0/toolchain/avr8/avr8-gnu-toolchain/bin/../lib/gcc/avr/5.4.0/../../../../avr/lib/avr5\libc.a(memcpy.o)
                0x00004748                memcpy
 .text.avr-libc
                0x0000475a       0x16 c:/program files (x86)/atmel/studio/7.0/toolchain/avr8/avr8-gnu-toolchain/bin/../lib/gcc/avr/5.4.0/../../../../avr/lib/avr5\libc.a(strchr.o)
                0x0000475a                strchr
 .text.avr-libc
                0x00004770        0xe c:/program files (x86)/atmel/studio/7.0/toolchain/avr8/avr8-gnu-toolchain/bin/../lib/gcc/avr/5.4.0/../../../../avr/lib/avr5\libc.a(strcpy.o)
                0x00004770                strcpy
 .text.avr-libc
                0x0000477e       0x16 c:/program files (x86)/atmel/studio/7.0/toolchain/avr8/avr8-gnu-toolchain/bin/../lib/gcc/avr/5.4.0/../../../../avr/lib/avr5\libc.a(itoa_ncheck.o)
                0x0000477e                __itoa_ncheck
 .text.avr-libc
                0x00004794       0x10 c:/program files (x86)/atmel/studio/7.0/toolchain/avr8/avr8-gnu-toolchain/bin/../lib/gcc/avr/5.4.0/../../../../avr/lib/avr5\libc.a(mul10.o)
                0x00004794                __mulhi_const_10
 .text.avr-libc
                0x000047a4       0x34 c:/program files (x86)/atmel/studio/7.0/toolchain/avr8/avr8-gnu-toolchain/bin/../lib/gcc/avr/5.4.0/../../../../avr/lib/avr5\libc.a(utoa_ncheck.o)
                0x000047a4                __utoa_ncheck
                0x000047a6                __utoa_common
 .text.avr-libc
                0x000047d8       0x20 c:/program files (x86)/atmel/studio/7.0/toolchain/avr8/avr8-gnu-toolchain/bin/../lib/gcc/avr/5.4.0/../../../../avr/lib/avr5\libc.a(strrev.o)
                0x000047d8                strrev
 .text.libgcc.prologue
                0x000047f8       0x38 c:/program files (x86)/atmel/studio/7.0/toolchain/avr8/avr8-gnu-toolchain/bin/../lib/gcc/avr/5.4.0/avr5\libgcc.a(_prologue.o)
                0x000047f8                __prologue_saves__
 .text.libgcc.prologue
                0x00004830       0x36 c:/program files (x86)/atmel/studio/7.0/toolchain/avr8/avr8-gnu-toolchain/bin/../lib/gcc/avr/5.4.0/avr5\libgcc.a(_epilogue.o)
                0x00004830                __epilogue_restores__
                0x00004866                . = ALIGN (0x2)
 *(.fini9)
 .fini9         0x00004866        0x0 c:/program files (x86)/atmel/studio/7.0/toolchain/avr8/avr8-gnu-toolchain/bin/../lib/gcc/avr/5.4.0/avr5\libgcc.a(_exit.o)
                0x00004866                _exit
                0x00004866                exit
 *(.fini9)
 *(.fini8)
 *(.fini8)
 *(.fini7)
 *(.fini7)
 *(.fini6)
 .fini6         0x00004866       0x16 c:/program files (x86)/atmel/studio/7.0/toolchain/avr8/avr8-gnu-toolchain/bin/../lib/gcc/avr/5.4.0/avr5\libgcc.a(_dtors.o)
                0x00004866                __do_global_dtors
 *(.fini6)
 *(.fini5)
 *(.fini5)
 *(.fini4)
 *(.fini4)
 *(.fini3)
 *(.fini3)
 *(.fini2)
 *(.fini2)
 *(.fini1)
 *(.fini1)
 *(.fini0)
 .fini0         0x0000487c        0x4 c:/program files (x86)/atmel/studio/7.0/toolchain/avr8/avr8-gnu-toolchain/bin/../lib/gcc/avr/5.4.0/avr5\libgcc.a(_exit.o)
 *(.fini0)
                0x00004880                _etext = .

.data           0x00800100       0x9a load address 0x00004880
                0x00800100                PROVIDE (__data_start, .)
 *(.data)
 .data          0x00800100        0x6 c:/program files (x86)/atmel/studio/7.0/toolchain/avr8/avr8-gnu-toolchain/bin/../lib/gcc/avr/5.4.0/../../../../avr/lib/avr5\libc.a(malloc.o)
                0x00800100                __malloc_heap_end
                0x00800102                __malloc_heap_start
                0x00800104                __malloc_margin
 *(.data*)
 .data.analog_reference
                0x00800106        0x1 C:\Users\Saba Baig\Documents\Atmel Studio\7.0\RM\RM\ArduinoCore\Debug\libArduinoCore.a(wiring_analog.o)
                0x00800106                analog_reference
 *(.gnu.linkonce.d*)
 *(.rodata)
 *(.rodata*)
 .rodata.str1.1
                0x00800107       0x24 Adafruit_FONA.o
                                 0x27 (size before relaxing)
 .rodata._ZTV13Adafruit_FONA
                0x0080012b       0x10 Adafruit_FONA.o
                0x0080012b                _ZTV13Adafruit_FONA
 .rodata.str1.1
                0x0080013b       0x1f Main_SignalLogging.o
                                 0x21 (size before relaxing)
 .rodata._ZTV7TwoWire
                0x0080015a       0x10 src/libraries/Wire/src/Wire.o
                0x0080015a                _ZTV7TwoWire
 .rodata._ZTV14HardwareSerial
                0x0080016a       0x10 C:\Users\Saba Baig\Documents\Atmel Studio\7.0\RM\RM\ArduinoCore\Debug\libArduinoCore.a(HardwareSerial.o)
                0x0080016a                _ZTV14HardwareSerial
 .rodata.str1.1
                0x0080017a        0xf C:\Users\Saba Baig\Documents\Atmel Studio\7.0\RM\RM\ArduinoCore\Debug\libArduinoCore.a(Print.o)
                                 0x11 (size before relaxing)
 .rodata._ZTV14SoftwareSerial
                0x00800189       0x10 C:\Users\Saba Baig\Documents\Atmel Studio\7.0\RM\RM\ArduinoCore\Debug\libArduinoCore.a(SoftwareSerial.o)
                0x00800189                _ZTV14SoftwareSerial
 *(.gnu.linkonce.r*)
                0x0080019a                . = ALIGN (0x2)
 *fill*         0x00800199        0x1 
                0x0080019a                _edata = .
                0x0080019a                PROVIDE (__data_end, .)

.bss            0x0080019a      0x2f2
                0x0080019a                PROVIDE (__bss_start, .)
 *(.bss)
 *(.bss*)
 .bss._timerCounter
                0x0080019a        0x2 Main_SignalLogging.o
                0x0080019a                _timerCounter
 .bss._sendDataLoopCount
                0x0080019c        0x2 Main_SignalLogging.o
                0x0080019c                _sendDataLoopCount
 .bss.__initState
                0x0080019e        0xd Main_SignalLogging.o
                0x0080019e                __initState
 .bss._behaviour
                0x008001ab        0x1 Main_SignalLogging.o
                0x008001ab                _behaviour
 .bss.sensorMgr
                0x008001ac        0x2 Main_SignalLogging.o
                0x008001ac                sensorMgr
 .bss.mem       0x008001ae        0xb Main_SignalLogging.o
                0x008001ae                mem
 .bss.__fona    0x008001b9      0x11f Main_SignalLogging.o
                0x008001b9                __fona
 .bss.twi_error
                0x008002d8        0x1 src/libraries/Wire/src/utility/twi.o
 .bss.twi_rxBufferIndex
                0x008002d9        0x1 src/libraries/Wire/src/utility/twi.o
 .bss.twi_rxBuffer
                0x008002da       0x20 src/libraries/Wire/src/utility/twi.o
 .bss.twi_txBufferLength
                0x008002fa        0x1 src/libraries/Wire/src/utility/twi.o
 .bss.twi_txBufferIndex
                0x008002fb        0x1 src/libraries/Wire/src/utility/twi.o
 .bss.twi_txBuffer
                0x008002fc       0x20 src/libraries/Wire/src/utility/twi.o
 .bss.twi_masterBufferLength
                0x0080031c        0x1 src/libraries/Wire/src/utility/twi.o
 .bss.twi_masterBufferIndex
                0x0080031d        0x1 src/libraries/Wire/src/utility/twi.o
 .bss.twi_masterBuffer
                0x0080031e       0x20 src/libraries/Wire/src/utility/twi.o
 .bss.twi_onSlaveReceive
                0x0080033e        0x2 src/libraries/Wire/src/utility/twi.o
 .bss.twi_onSlaveTransmit
                0x00800340        0x2 src/libraries/Wire/src/utility/twi.o
 .bss.twi_inRepStart
                0x00800342        0x1 src/libraries/Wire/src/utility/twi.o
 .bss.twi_sendStop
                0x00800343        0x1 src/libraries/Wire/src/utility/twi.o
 .bss.twi_slarw
                0x00800344        0x1 src/libraries/Wire/src/utility/twi.o
 .bss.twi_state
                0x00800345        0x1 src/libraries/Wire/src/utility/twi.o
 .bss.Wire      0x00800346        0xc src/libraries/Wire/src/Wire.o
                0x00800346                Wire
 .bss._ZN7TwoWire14user_onReceiveE
                0x00800352        0x2 src/libraries/Wire/src/Wire.o
                0x00800352                _ZN7TwoWire14user_onReceiveE
 .bss._ZN7TwoWire14user_onRequestE
                0x00800354        0x2 src/libraries/Wire/src/Wire.o
                0x00800354                _ZN7TwoWire14user_onRequestE
 .bss._ZN7TwoWire12transmittingE
                0x00800356        0x1 src/libraries/Wire/src/Wire.o
                0x00800356                _ZN7TwoWire12transmittingE
 .bss._ZN7TwoWire14txBufferLengthE
                0x00800357        0x1 src/libraries/Wire/src/Wire.o
                0x00800357                _ZN7TwoWire14txBufferLengthE
 .bss._ZN7TwoWire13txBufferIndexE
                0x00800358        0x1 src/libraries/Wire/src/Wire.o
                0x00800358                _ZN7TwoWire13txBufferIndexE
 .bss._ZN7TwoWire8txBufferE
                0x00800359       0x20 src/libraries/Wire/src/Wire.o
                0x00800359                _ZN7TwoWire8txBufferE
 .bss._ZN7TwoWire9txAddressE
                0x00800379        0x1 src/libraries/Wire/src/Wire.o
                0x00800379                _ZN7TwoWire9txAddressE
 .bss._ZN7TwoWire14rxBufferLengthE
                0x0080037a        0x1 src/libraries/Wire/src/Wire.o
                0x0080037a                _ZN7TwoWire14rxBufferLengthE
 .bss._ZN7TwoWire13rxBufferIndexE
                0x0080037b        0x1 src/libraries/Wire/src/Wire.o
                0x0080037b                _ZN7TwoWire13rxBufferIndexE
 .bss._ZN7TwoWire8rxBufferE
                0x0080037c       0x20 src/libraries/Wire/src/Wire.o
                0x0080037c                _ZN7TwoWire8rxBufferE
 .bss._mockData
                0x0080039c        0x2 ExtendedTests.o
                0x0080039c                _mockData
 .bss.Serial    0x0080039e       0x9d C:\Users\Saba Baig\Documents\Atmel Studio\7.0\RM\RM\ArduinoCore\Debug\libArduinoCore.a(HardwareSerial0.o)
                0x0080039e                Serial
 .bss.timer0_fract
                0x0080043b        0x1 C:\Users\Saba Baig\Documents\Atmel Studio\7.0\RM\RM\ArduinoCore\Debug\libArduinoCore.a(wiring.o)
 .bss.timer0_millis
                0x0080043c        0x4 C:\Users\Saba Baig\Documents\Atmel Studio\7.0\RM\RM\ArduinoCore\Debug\libArduinoCore.a(wiring.o)
                0x0080043c                timer0_millis
 .bss.timer0_overflow_count
                0x00800440        0x4 C:\Users\Saba Baig\Documents\Atmel Studio\7.0\RM\RM\ArduinoCore\Debug\libArduinoCore.a(wiring.o)
                0x00800440                timer0_overflow_count
 .bss._ZN14SoftwareSerial20_receive_buffer_headE
                0x00800444        0x1 C:\Users\Saba Baig\Documents\Atmel Studio\7.0\RM\RM\ArduinoCore\Debug\libArduinoCore.a(SoftwareSerial.o)
                0x00800444                _ZN14SoftwareSerial20_receive_buffer_headE
 .bss._ZN14SoftwareSerial20_receive_buffer_tailE
                0x00800445        0x1 C:\Users\Saba Baig\Documents\Atmel Studio\7.0\RM\RM\ArduinoCore\Debug\libArduinoCore.a(SoftwareSerial.o)
                0x00800445                _ZN14SoftwareSerial20_receive_buffer_tailE
 .bss._ZN14SoftwareSerial15_receive_bufferE
                0x00800446       0x40 C:\Users\Saba Baig\Documents\Atmel Studio\7.0\RM\RM\ArduinoCore\Debug\libArduinoCore.a(SoftwareSerial.o)
                0x00800446                _ZN14SoftwareSerial15_receive_bufferE
 .bss._ZN14SoftwareSerial13active_objectE
                0x00800486        0x2 C:\Users\Saba Baig\Documents\Atmel Studio\7.0\RM\RM\ArduinoCore\Debug\libArduinoCore.a(SoftwareSerial.o)
                0x00800486                _ZN14SoftwareSerial13active_objectE
 *(COMMON)
 COMMON         0x00800488        0x4 c:/program files (x86)/atmel/studio/7.0/toolchain/avr8/avr8-gnu-toolchain/bin/../lib/gcc/avr/5.4.0/../../../../avr/lib/avr5\libc.a(malloc.o)
                0x00800488                __brkval
                0x0080048a                __flp
                0x0080048c                PROVIDE (__bss_end, .)
                0x00004880                __data_load_start = LOADADDR (.data)
                0x0000491a                __data_load_end = (__data_load_start + SIZEOF (.data))

.noinit         0x0080048c        0x0
                [!provide]                PROVIDE (__noinit_start, .)
 *(.noinit*)
                [!provide]                PROVIDE (__noinit_end, .)
                0x0080048c                _end = .
                0x0080048c                PROVIDE (__heap_start, .)

.eeprom         0x00810000        0x0
 *(.eeprom*)
                0x00810000                __eeprom_end = .

.fuse
 *(.fuse)
 *(.lfuse)
 *(.hfuse)
 *(.efuse)

.lock
 *(.lock*)

.signature
 *(.signature*)

.user_signatures
 *(.user_signatures*)

.stab
 *(.stab)

.stabstr
 *(.stabstr)

.stab.excl
 *(.stab.excl)

.stab.exclstr
 *(.stab.exclstr)

.stab.index
 *(.stab.index)

.stab.indexstr
 *(.stab.indexstr)

.comment        0x00000000       0x30
 *(.comment)
 .comment       0x00000000       0x30 Adafruit_FONA.o
                                 0x31 (size before relaxing)
 .comment       0x00000030       0x31 GsmPayload.o
 .comment       0x00000030       0x31 Helpers.o
 .comment       0x00000030       0x31 Main_SignalLogging.o
 .comment       0x00000030       0x31 RmMemManager.o
 .comment       0x00000030       0x31 SensorManager.o
 .comment       0x00000030       0x31 src/libraries/Wire/src/utility/twi.o
 .comment       0x00000030       0x31 src/libraries/Wire/src/Wire.o
 .comment       0x00000030       0x31 ExtendedTests.o
 .comment       0x00000030       0x31 C:\Users\Saba Baig\Documents\Atmel Studio\7.0\RM\RM\ArduinoCore\Debug\libArduinoCore.a(HardwareSerial.o)
 .comment       0x00000030       0x31 C:\Users\Saba Baig\Documents\Atmel Studio\7.0\RM\RM\ArduinoCore\Debug\libArduinoCore.a(HardwareSerial0.o)
 .comment       0x00000030       0x31 C:\Users\Saba Baig\Documents\Atmel Studio\7.0\RM\RM\ArduinoCore\Debug\libArduinoCore.a(main.o)
 .comment       0x00000030       0x31 C:\Users\Saba Baig\Documents\Atmel Studio\7.0\RM\RM\ArduinoCore\Debug\libArduinoCore.a(new.o)
 .comment       0x00000030       0x31 C:\Users\Saba Baig\Documents\Atmel Studio\7.0\RM\RM\ArduinoCore\Debug\libArduinoCore.a(Print.o)
 .comment       0x00000030       0x31 C:\Users\Saba Baig\Documents\Atmel Studio\7.0\RM\RM\ArduinoCore\Debug\libArduinoCore.a(wiring.o)
 .comment       0x00000030       0x31 C:\Users\Saba Baig\Documents\Atmel Studio\7.0\RM\RM\ArduinoCore\Debug\libArduinoCore.a(wiring_analog.o)
 .comment       0x00000030       0x31 C:\Users\Saba Baig\Documents\Atmel Studio\7.0\RM\RM\ArduinoCore\Debug\libArduinoCore.a(wiring_digital.o)
 .comment       0x00000030       0x31 C:\Users\Saba Baig\Documents\Atmel Studio\7.0\RM\RM\ArduinoCore\Debug\libArduinoCore.a(WString.o)
 .comment       0x00000030       0x31 C:\Users\Saba Baig\Documents\Atmel Studio\7.0\RM\RM\ArduinoCore\Debug\libArduinoCore.a(SoftwareSerial.o)
 .comment       0x00000030       0x31 C:\Users\Saba Baig\Documents\Atmel Studio\7.0\RM\RM\ArduinoCore\Debug\libArduinoCore.a(hooks.o)
 .comment       0x00000030       0x31 c:/program files (x86)/atmel/studio/7.0/toolchain/avr8/avr8-gnu-toolchain/bin/../lib/gcc/avr/5.4.0/../../../../avr/lib/avr5\libc.a(malloc.o)
 .comment       0x00000030       0x31 c:/program files (x86)/atmel/studio/7.0/toolchain/avr8/avr8-gnu-toolchain/bin/../lib/gcc/avr/5.4.0/../../../../avr/lib/avr5\libc.a(realloc.o)

.note.gnu.avr.deviceinfo
                0x00000000       0x40
 .note.gnu.avr.deviceinfo
                0x00000000       0x40 C:/Program Files (x86)/Atmel/Studio/7.0/Packs/atmel/ATmega_DFP/1.2.132/gcc/dev/atmega328p/avr5/crtatmega328p.o

.note.gnu.build-id
 *(.note.gnu.build-id)

.debug
 *(.debug)

.line
 *(.line)

.debug_srcinfo
 *(.debug_srcinfo)

.debug_sfnames
 *(.debug_sfnames)

.debug_aranges  0x00000000      0xce8
 *(.debug_aranges)
 .debug_aranges
                0x00000000      0x258 Adafruit_FONA.o
 .debug_aranges
                0x00000258       0xc8 GsmPayload.o
 .debug_aranges
                0x00000320       0x88 Helpers.o
 .debug_aranges
                0x000003a8       0x68 Main_SignalLogging.o
 .debug_aranges
                0x00000410       0xf0 RmMemManager.o
 .debug_aranges
                0x00000500       0x40 SensorManager.o
 .debug_aranges
                0x00000540       0x80 src/libraries/Wire/src/utility/twi.o
 .debug_aranges
                0x000005c0       0xe8 src/libraries/Wire/src/Wire.o
 .debug_aranges
                0x000006a8       0x48 ExtendedTests.o
 .debug_aranges
                0x000006f0       0x68 C:\Users\Saba Baig\Documents\Atmel Studio\7.0\RM\RM\ArduinoCore\Debug\libArduinoCore.a(HardwareSerial.o)
 .debug_aranges
                0x00000758       0x38 C:\Users\Saba Baig\Documents\Atmel Studio\7.0\RM\RM\ArduinoCore\Debug\libArduinoCore.a(HardwareSerial0.o)
 .debug_aranges
                0x00000790       0x30 C:\Users\Saba Baig\Documents\Atmel Studio\7.0\RM\RM\ArduinoCore\Debug\libArduinoCore.a(main.o)
 .debug_aranges
                0x000007c0       0x28 C:\Users\Saba Baig\Documents\Atmel Studio\7.0\RM\RM\ArduinoCore\Debug\libArduinoCore.a(new.o)
 .debug_aranges
                0x000007e8       0xf0 C:\Users\Saba Baig\Documents\Atmel Studio\7.0\RM\RM\ArduinoCore\Debug\libArduinoCore.a(Print.o)
 .debug_aranges
                0x000008d8       0x48 C:\Users\Saba Baig\Documents\Atmel Studio\7.0\RM\RM\ArduinoCore\Debug\libArduinoCore.a(wiring.o)
 .debug_aranges
                0x00000920       0x30 C:\Users\Saba Baig\Documents\Atmel Studio\7.0\RM\RM\ArduinoCore\Debug\libArduinoCore.a(wiring_analog.o)
 .debug_aranges
                0x00000950       0x38 C:\Users\Saba Baig\Documents\Atmel Studio\7.0\RM\RM\ArduinoCore\Debug\libArduinoCore.a(wiring_digital.o)
 .debug_aranges
                0x00000988      0x2a8 C:\Users\Saba Baig\Documents\Atmel Studio\7.0\RM\RM\ArduinoCore\Debug\libArduinoCore.a(WString.o)
 .debug_aranges
                0x00000c30       0x98 C:\Users\Saba Baig\Documents\Atmel Studio\7.0\RM\RM\ArduinoCore\Debug\libArduinoCore.a(SoftwareSerial.o)
 .debug_aranges
                0x00000cc8       0x20 C:\Users\Saba Baig\Documents\Atmel Studio\7.0\RM\RM\ArduinoCore\Debug\libArduinoCore.a(hooks.o)

.debug_pubnames
 *(.debug_pubnames)

.debug_info     0x00000000    0x20595
 *(.debug_info .gnu.linkonce.wi.*)
 .debug_info    0x00000000      0x5f4 C:/Program Files (x86)/Atmel/Studio/7.0/Packs/atmel/ATmega_DFP/1.2.132/gcc/dev/atmega328p/avr5/crtatmega328p.o
 .debug_info    0x000005f4     0x76b4 Adafruit_FONA.o
 .debug_info    0x00007ca8     0x101e GsmPayload.o
 .debug_info    0x00008cc6      0xeda Helpers.o
 .debug_info    0x00009ba0     0x302f Main_SignalLogging.o
 .debug_info    0x0000cbcf     0x1d9d RmMemManager.o
 .debug_info    0x0000e96c      0x78f SensorManager.o
 .debug_info    0x0000f0fb      0x604 src/libraries/Wire/src/utility/twi.o
 .debug_info    0x0000f6ff     0x26b3 src/libraries/Wire/src/Wire.o
 .debug_info    0x00011db2      0xe52 ExtendedTests.o
 .debug_info    0x00012c04     0x1e25 C:\Users\Saba Baig\Documents\Atmel Studio\7.0\RM\RM\ArduinoCore\Debug\libArduinoCore.a(HardwareSerial.o)
 .debug_info    0x00014a29     0x1a19 C:\Users\Saba Baig\Documents\Atmel Studio\7.0\RM\RM\ArduinoCore\Debug\libArduinoCore.a(HardwareSerial0.o)
 .debug_info    0x00016442      0x237 C:\Users\Saba Baig\Documents\Atmel Studio\7.0\RM\RM\ArduinoCore\Debug\libArduinoCore.a(main.o)
 .debug_info    0x00016679      0x11c C:\Users\Saba Baig\Documents\Atmel Studio\7.0\RM\RM\ArduinoCore\Debug\libArduinoCore.a(new.o)
 .debug_info    0x00016795     0x2824 C:\Users\Saba Baig\Documents\Atmel Studio\7.0\RM\RM\ArduinoCore\Debug\libArduinoCore.a(Print.o)
 .debug_info    0x00018fb9      0x2cb C:\Users\Saba Baig\Documents\Atmel Studio\7.0\RM\RM\ArduinoCore\Debug\libArduinoCore.a(wiring.o)
 .debug_info    0x00019284      0x26d C:\Users\Saba Baig\Documents\Atmel Studio\7.0\RM\RM\ArduinoCore\Debug\libArduinoCore.a(wiring_analog.o)
 .debug_info    0x000194f1      0x5fe C:\Users\Saba Baig\Documents\Atmel Studio\7.0\RM\RM\ArduinoCore\Debug\libArduinoCore.a(wiring_digital.o)
 .debug_info    0x00019aef     0x4273 C:\Users\Saba Baig\Documents\Atmel Studio\7.0\RM\RM\ArduinoCore\Debug\libArduinoCore.a(WString.o)
 .debug_info    0x0001dd62     0x27f5 C:\Users\Saba Baig\Documents\Atmel Studio\7.0\RM\RM\ArduinoCore\Debug\libArduinoCore.a(SoftwareSerial.o)
 .debug_info    0x00020557       0x3e C:\Users\Saba Baig\Documents\Atmel Studio\7.0\RM\RM\ArduinoCore\Debug\libArduinoCore.a(hooks.o)

.debug_abbrev   0x00000000     0x49a8
 *(.debug_abbrev)
 .debug_abbrev  0x00000000      0x5a2 C:/Program Files (x86)/Atmel/Studio/7.0/Packs/atmel/ATmega_DFP/1.2.132/gcc/dev/atmega328p/avr5/crtatmega328p.o
 .debug_abbrev  0x000005a2      0x6d6 Adafruit_FONA.o
 .debug_abbrev  0x00000c78      0x376 GsmPayload.o
 .debug_abbrev  0x00000fee      0x317 Helpers.o
 .debug_abbrev  0x00001305      0x629 Main_SignalLogging.o
 .debug_abbrev  0x0000192e      0x4c3 RmMemManager.o
 .debug_abbrev  0x00001df1      0x2ee SensorManager.o
 .debug_abbrev  0x000020df      0x260 src/libraries/Wire/src/utility/twi.o
 .debug_abbrev  0x0000233f      0x583 src/libraries/Wire/src/Wire.o
 .debug_abbrev  0x000028c2      0x3c8 ExtendedTests.o
 .debug_abbrev  0x00002c8a      0x432 C:\Users\Saba Baig\Documents\Atmel Studio\7.0\RM\RM\ArduinoCore\Debug\libArduinoCore.a(HardwareSerial.o)
 .debug_abbrev  0x000030bc      0x3a2 C:\Users\Saba Baig\Documents\Atmel Studio\7.0\RM\RM\ArduinoCore\Debug\libArduinoCore.a(HardwareSerial0.o)
 .debug_abbrev  0x0000345e      0x12d C:\Users\Saba Baig\Documents\Atmel Studio\7.0\RM\RM\ArduinoCore\Debug\libArduinoCore.a(main.o)
 .debug_abbrev  0x0000358b       0xce C:\Users\Saba Baig\Documents\Atmel Studio\7.0\RM\RM\ArduinoCore\Debug\libArduinoCore.a(new.o)
 .debug_abbrev  0x00003659      0x469 C:\Users\Saba Baig\Documents\Atmel Studio\7.0\RM\RM\ArduinoCore\Debug\libArduinoCore.a(Print.o)
 .debug_abbrev  0x00003ac2      0x146 C:\Users\Saba Baig\Documents\Atmel Studio\7.0\RM\RM\ArduinoCore\Debug\libArduinoCore.a(wiring.o)
 .debug_abbrev  0x00003c08      0x16b C:\Users\Saba Baig\Documents\Atmel Studio\7.0\RM\RM\ArduinoCore\Debug\libArduinoCore.a(wiring_analog.o)
 .debug_abbrev  0x00003d73      0x15b C:\Users\Saba Baig\Documents\Atmel Studio\7.0\RM\RM\ArduinoCore\Debug\libArduinoCore.a(wiring_digital.o)
 .debug_abbrev  0x00003ece      0x4a3 C:\Users\Saba Baig\Documents\Atmel Studio\7.0\RM\RM\ArduinoCore\Debug\libArduinoCore.a(WString.o)
 .debug_abbrev  0x00004371      0x60d C:\Users\Saba Baig\Documents\Atmel Studio\7.0\RM\RM\ArduinoCore\Debug\libArduinoCore.a(SoftwareSerial.o)
 .debug_abbrev  0x0000497e       0x2a C:\Users\Saba Baig\Documents\Atmel Studio\7.0\RM\RM\ArduinoCore\Debug\libArduinoCore.a(hooks.o)

.debug_line     0x00000000     0x7184
 *(.debug_line .debug_line.* .debug_line_end)
 .debug_line    0x00000000      0x133 C:/Program Files (x86)/Atmel/Studio/7.0/Packs/atmel/ATmega_DFP/1.2.132/gcc/dev/atmega328p/avr5/crtatmega328p.o
 .debug_line    0x00000133     0x1760 Adafruit_FONA.o
 .debug_line    0x00001893      0x3b1 GsmPayload.o
 .debug_line    0x00001c44      0x68d Helpers.o
 .debug_line    0x000022d1      0x674 Main_SignalLogging.o
 .debug_line    0x00002945      0x76a RmMemManager.o
 .debug_line    0x000030af      0x23f SensorManager.o
 .debug_line    0x000032ee      0x519 src/libraries/Wire/src/utility/twi.o
 .debug_line    0x00003807      0x5ad src/libraries/Wire/src/Wire.o
 .debug_line    0x00003db4      0x31e ExtendedTests.o
 .debug_line    0x000040d2      0x426 C:\Users\Saba Baig\Documents\Atmel Studio\7.0\RM\RM\ArduinoCore\Debug\libArduinoCore.a(HardwareSerial.o)
 .debug_line    0x000044f8      0x257 C:\Users\Saba Baig\Documents\Atmel Studio\7.0\RM\RM\ArduinoCore\Debug\libArduinoCore.a(HardwareSerial0.o)
 .debug_line    0x0000474f      0x165 C:\Users\Saba Baig\Documents\Atmel Studio\7.0\RM\RM\ArduinoCore\Debug\libArduinoCore.a(main.o)
 .debug_line    0x000048b4      0x12f C:\Users\Saba Baig\Documents\Atmel Studio\7.0\RM\RM\ArduinoCore\Debug\libArduinoCore.a(new.o)
 .debug_line    0x000049e3      0x62e C:\Users\Saba Baig\Documents\Atmel Studio\7.0\RM\RM\ArduinoCore\Debug\libArduinoCore.a(Print.o)
 .debug_line    0x00005011      0x299 C:\Users\Saba Baig\Documents\Atmel Studio\7.0\RM\RM\ArduinoCore\Debug\libArduinoCore.a(wiring.o)
 .debug_line    0x000052aa      0x20f C:\Users\Saba Baig\Documents\Atmel Studio\7.0\RM\RM\ArduinoCore\Debug\libArduinoCore.a(wiring_analog.o)
 .debug_line    0x000054b9      0x252 C:\Users\Saba Baig\Documents\Atmel Studio\7.0\RM\RM\ArduinoCore\Debug\libArduinoCore.a(wiring_digital.o)
 .debug_line    0x0000570b     0x12ae C:\Users\Saba Baig\Documents\Atmel Studio\7.0\RM\RM\ArduinoCore\Debug\libArduinoCore.a(WString.o)
 .debug_line    0x000069b9      0x78a C:\Users\Saba Baig\Documents\Atmel Studio\7.0\RM\RM\ArduinoCore\Debug\libArduinoCore.a(SoftwareSerial.o)
 .debug_line    0x00007143       0x41 C:\Users\Saba Baig\Documents\Atmel Studio\7.0\RM\RM\ArduinoCore\Debug\libArduinoCore.a(hooks.o)

.debug_frame    0x00000000     0x2fbc
 *(.debug_frame)
 .debug_frame   0x00000000      0xe30 Adafruit_FONA.o
 .debug_frame   0x00000e30      0x218 GsmPayload.o
 .debug_frame   0x00001048      0x1f4 Helpers.o
 .debug_frame   0x0000123c      0x194 Main_SignalLogging.o
 .debug_frame   0x000013d0      0x36c RmMemManager.o
 .debug_frame   0x0000173c       0x98 SensorManager.o
 .debug_frame   0x000017d4      0x134 src/libraries/Wire/src/utility/twi.o
 .debug_frame   0x00001908      0x260 src/libraries/Wire/src/Wire.o
 .debug_frame   0x00001b68       0xa4 ExtendedTests.o
 .debug_frame   0x00001c0c      0x110 C:\Users\Saba Baig\Documents\Atmel Studio\7.0\RM\RM\ArduinoCore\Debug\libArduinoCore.a(HardwareSerial.o)
 .debug_frame   0x00001d1c       0xc0 C:\Users\Saba Baig\Documents\Atmel Studio\7.0\RM\RM\ArduinoCore\Debug\libArduinoCore.a(HardwareSerial0.o)
 .debug_frame   0x00001ddc       0x54 C:\Users\Saba Baig\Documents\Atmel Studio\7.0\RM\RM\ArduinoCore\Debug\libArduinoCore.a(main.o)
 .debug_frame   0x00001e30       0x54 C:\Users\Saba Baig\Documents\Atmel Studio\7.0\RM\RM\ArduinoCore\Debug\libArduinoCore.a(new.o)
 .debug_frame   0x00001e84      0x38c C:\Users\Saba Baig\Documents\Atmel Studio\7.0\RM\RM\ArduinoCore\Debug\libArduinoCore.a(Print.o)
 .debug_frame   0x00002210       0xc4 C:\Users\Saba Baig\Documents\Atmel Studio\7.0\RM\RM\ArduinoCore\Debug\libArduinoCore.a(wiring.o)
 .debug_frame   0x000022d4       0x54 C:\Users\Saba Baig\Documents\Atmel Studio\7.0\RM\RM\ArduinoCore\Debug\libArduinoCore.a(wiring_analog.o)
 .debug_frame   0x00002328       0x7c C:\Users\Saba Baig\Documents\Atmel Studio\7.0\RM\RM\ArduinoCore\Debug\libArduinoCore.a(wiring_digital.o)
 .debug_frame   0x000023a4      0xa40 C:\Users\Saba Baig\Documents\Atmel Studio\7.0\RM\RM\ArduinoCore\Debug\libArduinoCore.a(WString.o)
 .debug_frame   0x00002de4      0x1b4 C:\Users\Saba Baig\Documents\Atmel Studio\7.0\RM\RM\ArduinoCore\Debug\libArduinoCore.a(SoftwareSerial.o)
 .debug_frame   0x00002f98       0x24 C:\Users\Saba Baig\Documents\Atmel Studio\7.0\RM\RM\ArduinoCore\Debug\libArduinoCore.a(hooks.o)

.debug_str      0x00000000     0x5d33
 *(.debug_str)
 .debug_str     0x00000000      0x208 C:/Program Files (x86)/Atmel/Studio/7.0/Packs/atmel/ATmega_DFP/1.2.132/gcc/dev/atmega328p/avr5/crtatmega328p.o
 .debug_str     0x00000208     0x28bf Adafruit_FONA.o
                               0x2a34 (size before relaxing)
 .debug_str     0x00002ac7      0x874 GsmPayload.o
                                0xbdc (size before relaxing)
 .debug_str     0x0000333b      0x10d Helpers.o
                                0x9f1 (size before relaxing)
 .debug_str     0x00003448      0xc58 Main_SignalLogging.o
                               0x27a0 (size before relaxing)
 .debug_str     0x000040a0      0x307 RmMemManager.o
                               0x112c (size before relaxing)
 .debug_str     0x000043a7       0x65 SensorManager.o
                                0x723 (size before relaxing)
 .debug_str     0x0000440c      0x2bb src/libraries/Wire/src/utility/twi.o
                                0x3bc (size before relaxing)
 .debug_str     0x000046c7      0x452 src/libraries/Wire/src/Wire.o
                               0x1819 (size before relaxing)
 .debug_str     0x00004b19       0x6e ExtendedTests.o
                               0x120f (size before relaxing)
 .debug_str     0x00004b87      0x3de C:\Users\Saba Baig\Documents\Atmel Studio\7.0\RM\RM\ArduinoCore\Debug\libArduinoCore.a(HardwareSerial.o)
                               0x1586 (size before relaxing)
 .debug_str     0x00004f65       0x47 C:\Users\Saba Baig\Documents\Atmel Studio\7.0\RM\RM\ArduinoCore\Debug\libArduinoCore.a(HardwareSerial0.o)
                               0x135f (size before relaxing)
 .debug_str     0x00004fac       0x37 C:\Users\Saba Baig\Documents\Atmel Studio\7.0\RM\RM\ArduinoCore\Debug\libArduinoCore.a(main.o)
                                0x2a5 (size before relaxing)
 .debug_str     0x00004fe3       0x44 C:\Users\Saba Baig\Documents\Atmel Studio\7.0\RM\RM\ArduinoCore\Debug\libArduinoCore.a(new.o)
                                0x1bb (size before relaxing)
 .debug_str     0x00005027      0x20b C:\Users\Saba Baig\Documents\Atmel Studio\7.0\RM\RM\ArduinoCore\Debug\libArduinoCore.a(Print.o)
                               0x11a4 (size before relaxing)
 .debug_str     0x00005232       0x79 C:\Users\Saba Baig\Documents\Atmel Studio\7.0\RM\RM\ArduinoCore\Debug\libArduinoCore.a(wiring.o)
                                0x23b (size before relaxing)
 .debug_str     0x000052ab       0x6c C:\Users\Saba Baig\Documents\Atmel Studio\7.0\RM\RM\ArduinoCore\Debug\libArduinoCore.a(wiring_analog.o)
                                0x23f (size before relaxing)
 .debug_str     0x00005317       0xa9 C:\Users\Saba Baig\Documents\Atmel Studio\7.0\RM\RM\ArduinoCore\Debug\libArduinoCore.a(wiring_digital.o)
                                0x2a0 (size before relaxing)
 .debug_str     0x000053c0      0x3a9 C:\Users\Saba Baig\Documents\Atmel Studio\7.0\RM\RM\ArduinoCore\Debug\libArduinoCore.a(WString.o)
                               0x1140 (size before relaxing)
 .debug_str     0x00005769      0x5ae C:\Users\Saba Baig\Documents\Atmel Studio\7.0\RM\RM\ArduinoCore\Debug\libArduinoCore.a(SoftwareSerial.o)
                               0x1882 (size before relaxing)
 .debug_str     0x00005d17       0x1c C:\Users\Saba Baig\Documents\Atmel Studio\7.0\RM\RM\ArduinoCore\Debug\libArduinoCore.a(hooks.o)
                                0x130 (size before relaxing)

.debug_loc      0x00000000    0x1144f
 *(.debug_loc)
 .debug_loc     0x00000000     0x5926 Adafruit_FONA.o
 .debug_loc     0x00005926      0x796 GsmPayload.o
 .debug_loc     0x000060bc      0xb61 Helpers.o
 .debug_loc     0x00006c1d      0x602 Main_SignalLogging.o
 .debug_loc     0x0000721f     0x12df RmMemManager.o
 .debug_loc     0x000084fe      0x2d2 SensorManager.o
 .debug_loc     0x000087d0      0x3e6 src/libraries/Wire/src/utility/twi.o
 .debug_loc     0x00008bb6      0xbc0 src/libraries/Wire/src/Wire.o
 .debug_loc     0x00009776      0x1ca ExtendedTests.o
 .debug_loc     0x00009940      0x482 C:\Users\Saba Baig\Documents\Atmel Studio\7.0\RM\RM\ArduinoCore\Debug\libArduinoCore.a(HardwareSerial.o)
 .debug_loc     0x00009dc2      0x18a C:\Users\Saba Baig\Documents\Atmel Studio\7.0\RM\RM\ArduinoCore\Debug\libArduinoCore.a(HardwareSerial0.o)
 .debug_loc     0x00009f4c       0x4c C:\Users\Saba Baig\Documents\Atmel Studio\7.0\RM\RM\ArduinoCore\Debug\libArduinoCore.a(new.o)
 .debug_loc     0x00009f98     0x1c79 C:\Users\Saba Baig\Documents\Atmel Studio\7.0\RM\RM\ArduinoCore\Debug\libArduinoCore.a(Print.o)
 .debug_loc     0x0000bc11      0x28d C:\Users\Saba Baig\Documents\Atmel Studio\7.0\RM\RM\ArduinoCore\Debug\libArduinoCore.a(wiring.o)
 .debug_loc     0x0000be9e       0xfe C:\Users\Saba Baig\Documents\Atmel Studio\7.0\RM\RM\ArduinoCore\Debug\libArduinoCore.a(wiring_analog.o)
 .debug_loc     0x0000bf9c      0x5fc C:\Users\Saba Baig\Documents\Atmel Studio\7.0\RM\RM\ArduinoCore\Debug\libArduinoCore.a(wiring_digital.o)
 .debug_loc     0x0000c598     0x4247 C:\Users\Saba Baig\Documents\Atmel Studio\7.0\RM\RM\ArduinoCore\Debug\libArduinoCore.a(WString.o)
 .debug_loc     0x000107df      0xc70 C:\Users\Saba Baig\Documents\Atmel Studio\7.0\RM\RM\ArduinoCore\Debug\libArduinoCore.a(SoftwareSerial.o)

.debug_macinfo
 *(.debug_macinfo)

.debug_weaknames
 *(.debug_weaknames)

.debug_funcnames
 *(.debug_funcnames)

.debug_typenames
 *(.debug_typenames)

.debug_varnames
 *(.debug_varnames)

.debug_pubtypes
 *(.debug_pubtypes)

.debug_ranges   0x00000000      0xce8
 *(.debug_ranges)
 .debug_ranges  0x00000000      0x290 Adafruit_FONA.o
 .debug_ranges  0x00000290       0xb8 GsmPayload.o
 .debug_ranges  0x00000348       0x90 Helpers.o
 .debug_ranges  0x000003d8       0x70 Main_SignalLogging.o
 .debug_ranges  0x00000448       0xf8 RmMemManager.o
 .debug_ranges  0x00000540       0x30 SensorManager.o
 .debug_ranges  0x00000570       0x70 src/libraries/Wire/src/utility/twi.o
 .debug_ranges  0x000005e0       0xd8 src/libraries/Wire/src/Wire.o
 .debug_ranges  0x000006b8       0x38 ExtendedTests.o
 .debug_ranges  0x000006f0       0x58 C:\Users\Saba Baig\Documents\Atmel Studio\7.0\RM\RM\ArduinoCore\Debug\libArduinoCore.a(HardwareSerial.o)
 .debug_ranges  0x00000748       0x28 C:\Users\Saba Baig\Documents\Atmel Studio\7.0\RM\RM\ArduinoCore\Debug\libArduinoCore.a(HardwareSerial0.o)
 .debug_ranges  0x00000770       0x20 C:\Users\Saba Baig\Documents\Atmel Studio\7.0\RM\RM\ArduinoCore\Debug\libArduinoCore.a(main.o)
 .debug_ranges  0x00000790       0x18 C:\Users\Saba Baig\Documents\Atmel Studio\7.0\RM\RM\ArduinoCore\Debug\libArduinoCore.a(new.o)
 .debug_ranges  0x000007a8      0x110 C:\Users\Saba Baig\Documents\Atmel Studio\7.0\RM\RM\ArduinoCore\Debug\libArduinoCore.a(Print.o)
 .debug_ranges  0x000008b8       0x38 C:\Users\Saba Baig\Documents\Atmel Studio\7.0\RM\RM\ArduinoCore\Debug\libArduinoCore.a(wiring.o)
 .debug_ranges  0x000008f0       0x20 C:\Users\Saba Baig\Documents\Atmel Studio\7.0\RM\RM\ArduinoCore\Debug\libArduinoCore.a(wiring_analog.o)
 .debug_ranges  0x00000910       0x28 C:\Users\Saba Baig\Documents\Atmel Studio\7.0\RM\RM\ArduinoCore\Debug\libArduinoCore.a(wiring_digital.o)
 .debug_ranges  0x00000938      0x2d0 C:\Users\Saba Baig\Documents\Atmel Studio\7.0\RM\RM\ArduinoCore\Debug\libArduinoCore.a(WString.o)
 .debug_ranges  0x00000c08       0xd0 C:\Users\Saba Baig\Documents\Atmel Studio\7.0\RM\RM\ArduinoCore\Debug\libArduinoCore.a(SoftwareSerial.o)
 .debug_ranges  0x00000cd8       0x10 C:\Users\Saba Baig\Documents\Atmel Studio\7.0\RM\RM\ArduinoCore\Debug\libArduinoCore.a(hooks.o)

.debug_macro
 *(.debug_macro)
OUTPUT(IAAAE_RM.elf elf32-avr)
LOAD linker stubs