Archive member included to satisfy reference by file (symbol)

c:/program files (x86)/atmel/studio/7.0/toolchain/avr8/avr8-gnu-toolchain/bin/../lib/gcc/avr/5.4.0/../../../../avr/lib/avr5\libm.a(floatsisf.o)
                              SensorManager.o (__floatsisf)
C:\Users\Numaan\Documents\Atmel Studio\7.0\RM\RM\ArduinoCore\Debug\libArduinoCore.a(HardwareSerial.o)
                              Main_SignalLogging.o (_ZN14HardwareSerial5beginEmh)
C:\Users\Numaan\Documents\Atmel Studio\7.0\RM\RM\ArduinoCore\Debug\libArduinoCore.a(HardwareSerial0.o)
                              Adafruit_FONA.o (Serial)
C:\Users\Numaan\Documents\Atmel Studio\7.0\RM\RM\ArduinoCore\Debug\libArduinoCore.a(main.o)
                              C:/Program Files (x86)/Atmel/Studio/7.0/Packs/atmel/ATmega_DFP/1.2.132/gcc/dev/atmega328p/avr5/crtatmega328p.o (main)
C:\Users\Numaan\Documents\Atmel Studio\7.0\RM\RM\ArduinoCore\Debug\libArduinoCore.a(new.o)
                              Adafruit_FONA.o (_Znwj)
C:\Users\Numaan\Documents\Atmel Studio\7.0\RM\RM\ArduinoCore\Debug\libArduinoCore.a(Print.o)
                              Adafruit_FONA.o (_ZN5Print5writeEPKhj)
C:\Users\Numaan\Documents\Atmel Studio\7.0\RM\RM\ArduinoCore\Debug\libArduinoCore.a(wiring.o)
                              Adafruit_FONA.o (delay)
C:\Users\Numaan\Documents\Atmel Studio\7.0\RM\RM\ArduinoCore\Debug\libArduinoCore.a(wiring_analog.o)
                              SensorManager.o (analogRead)
C:\Users\Numaan\Documents\Atmel Studio\7.0\RM\RM\ArduinoCore\Debug\libArduinoCore.a(wiring_digital.o)
                              Adafruit_FONA.o (pinMode)
C:\Users\Numaan\Documents\Atmel Studio\7.0\RM\RM\ArduinoCore\Debug\libArduinoCore.a(WString.o)
                              Adafruit_FONA.o (_ZN6StringD1Ev)
C:\Users\Numaan\Documents\Atmel Studio\7.0\RM\RM\ArduinoCore\Debug\libArduinoCore.a(SoftwareSerial.o)
                              Adafruit_FONA.o (_ZN14SoftwareSerialC1Ehhb)
C:\Users\Numaan\Documents\Atmel Studio\7.0\RM\RM\ArduinoCore\Debug\libArduinoCore.a(abi.o)
                              C:\Users\Numaan\Documents\Atmel Studio\7.0\RM\RM\ArduinoCore\Debug\libArduinoCore.a(Print.o) (__cxa_pure_virtual)
C:\Users\Numaan\Documents\Atmel Studio\7.0\RM\RM\ArduinoCore\Debug\libArduinoCore.a(hooks.o)
                              C:\Users\Numaan\Documents\Atmel Studio\7.0\RM\RM\ArduinoCore\Debug\libArduinoCore.a(wiring.o) (yield)
c:/program files (x86)/atmel/studio/7.0/toolchain/avr8/avr8-gnu-toolchain/bin/../lib/gcc/avr/5.4.0/../../../../avr/lib/avr5\libm.a(addsf3.o)
                              C:\Users\Numaan\Documents\Atmel Studio\7.0\RM\RM\ArduinoCore\Debug\libArduinoCore.a(Print.o) (__subsf3)
c:/program files (x86)/atmel/studio/7.0/toolchain/avr8/avr8-gnu-toolchain/bin/../lib/gcc/avr/5.4.0/../../../../avr/lib/avr5\libm.a(addsf3x.o)
                              c:/program files (x86)/atmel/studio/7.0/toolchain/avr8/avr8-gnu-toolchain/bin/../lib/gcc/avr/5.4.0/../../../../avr/lib/avr5\libm.a(addsf3.o) (__addsf3x)
c:/program files (x86)/atmel/studio/7.0/toolchain/avr8/avr8-gnu-toolchain/bin/../lib/gcc/avr/5.4.0/../../../../avr/lib/avr5\libm.a(cmpsf2.o)
                              C:\Users\Numaan\Documents\Atmel Studio\7.0\RM\RM\ArduinoCore\Debug\libArduinoCore.a(Print.o) (__ltsf2)
c:/program files (x86)/atmel/studio/7.0/toolchain/avr8/avr8-gnu-toolchain/bin/../lib/gcc/avr/5.4.0/../../../../avr/lib/avr5\libm.a(divsf3.o)
                              C:\Users\Numaan\Documents\Atmel Studio\7.0\RM\RM\ArduinoCore\Debug\libArduinoCore.a(Print.o) (__divsf3)
c:/program files (x86)/atmel/studio/7.0/toolchain/avr8/avr8-gnu-toolchain/bin/../lib/gcc/avr/5.4.0/../../../../avr/lib/avr5\libm.a(divsf3x.o)
                              c:/program files (x86)/atmel/studio/7.0/toolchain/avr8/avr8-gnu-toolchain/bin/../lib/gcc/avr/5.4.0/../../../../avr/lib/avr5\libm.a(divsf3.o) (__divsf3x)
c:/program files (x86)/atmel/studio/7.0/toolchain/avr8/avr8-gnu-toolchain/bin/../lib/gcc/avr/5.4.0/../../../../avr/lib/avr5\libm.a(fixsfsi.o)
                              C:\Users\Numaan\Documents\Atmel Studio\7.0\RM\RM\ArduinoCore\Debug\libArduinoCore.a(Print.o) (__fixsfsi)
c:/program files (x86)/atmel/studio/7.0/toolchain/avr8/avr8-gnu-toolchain/bin/../lib/gcc/avr/5.4.0/../../../../avr/lib/avr5\libm.a(fixunssfsi.o)
                              C:\Users\Numaan\Documents\Atmel Studio\7.0\RM\RM\ArduinoCore\Debug\libArduinoCore.a(Print.o) (__fixunssfsi)
c:/program files (x86)/atmel/studio/7.0/toolchain/avr8/avr8-gnu-toolchain/bin/../lib/gcc/avr/5.4.0/../../../../avr/lib/avr5\libm.a(fp_cmp.o)
                              c:/program files (x86)/atmel/studio/7.0/toolchain/avr8/avr8-gnu-toolchain/bin/../lib/gcc/avr/5.4.0/../../../../avr/lib/avr5\libm.a(cmpsf2.o) (__fp_cmp)
c:/program files (x86)/atmel/studio/7.0/toolchain/avr8/avr8-gnu-toolchain/bin/../lib/gcc/avr/5.4.0/../../../../avr/lib/avr5\libm.a(fp_inf.o)
[...]
Memory Configuration

Name             Origin             Length             Attributes
text             0x00000000         0x00020000         xr
data             0x00800060         0x0000ffa0         rw !x
eeprom           0x00810000         0x00010000         rw !x
fuse             0x00820000         0x00000003         rw !x
lock             0x00830000         0x00000400         rw !x
signature        0x00840000         0x00000400         rw !x
user_signatures  0x00850000         0x00000400         rw !x
*default*        0x00000000         0xffffffff

Linker script and memory map

Address of section .data set to 0x800100
LOAD C:/Program Files (x86)/Atmel/Studio/7.0/Packs/atmel/ATmega_DFP/1.2.132/gcc/dev/atmega328p/avr5/crtatmega328p.o
LOAD Adafruit_FONA.o
LOAD GpsManager.o
LOAD GsmManager.o
LOAD GsmPayload.o
LOAD Helpers.o
LOAD Main_SignalLogging.o
LOAD RmMemManager.o
LOAD SensorManager.o
LOAD src/libraries/Wire/src/utility/twi.o
LOAD src/libraries/Wire/src/Wire.o
LOAD ExtendedTests.o
LOAD Timing.o
START GROUP
LOAD c:/program files (x86)/atmel/studio/7.0/toolchain/avr8/avr8-gnu-toolchain/bin/../lib/gcc/avr/5.4.0/../../../../avr/lib/avr5\libm.a
LOAD C:\Users\Numaan\Documents\Atmel Studio\7.0\RM\RM\ArduinoCore\Debug\libArduinoCore.a
END GROUP
LOAD c:/program files (x86)/atmel/studio/7.0/toolchain/avr8/avr8-gnu-toolchain/bin/../lib/gcc/avr/5.4.0/avr5\libgcc.a
LOAD c:/program files (x86)/atmel/studio/7.0/toolchain/avr8/avr8-gnu-toolchain/bin/../lib/gcc/avr/5.4.0/../../../../avr/lib/avr5\libm.a
START GROUP
LOAD c:/program files (x86)/atmel/studio/7.0/toolchain/avr8/avr8-gnu-toolchain/bin/../lib/gcc/avr/5.4.0/avr5\libgcc.a
LOAD c:/program files (x86)/atmel/studio/7.0/toolchain/avr8/avr8-gnu-toolchain/bin/../lib/gcc/avr/5.4.0/../../../../avr/lib/avr5\libm.a
LOAD c:/program files (x86)/atmel/studio/7.0/toolchain/avr8/avr8-gnu-toolchain/bin/../lib/gcc/avr/5.4.0/../../../../avr/lib/avr5\libc.a
LOAD C:/Program Files (x86)/Atmel/Studio/7.0/Packs/atmel/ATmega_DFP/1.2.132/gcc/dev/atmega328p/avr5\libatmega328p.a
END GROUP
                0x00020000                __TEXT_REGION_LENGTH__ = DEFINED (__TEXT_REGION_LENGTH__)?__TEXT_REGION_LENGTH__:0x20000
                0x0000ffa0                __DATA_REGION_LENGTH__ = DEFINED (__DATA_REGION_LENGTH__)?__DATA_REGION_LENGTH__:0xffa0
                0x00010000                __EEPROM_REGION_LENGTH__ = DEFINED (__EEPROM_REGION_LENGTH__)?__EEPROM_REGION_LENGTH__:0x10000
                [0x00000003]                __FUSE_REGION_LENGTH__ = DEFINED (__FUSE_REGION_LENGTH__)?__FUSE_REGION_LENGTH__:0x400
                0x00000400                __LOCK_REGION_LENGTH__ = DEFINED (__LOCK_REGION_LENGTH__)?__LOCK_REGION_LENGTH__:0x400
                0x00000400                __SIGNATURE_REGION_LENGTH__ = DEFINED (__SIGNATURE_REGION_LENGTH__)?__SIGNATURE_REGION_LENGTH__:0x400
                0x00000400                __USER_SIGNATURE_REGION_LENGTH__ = DEFINED (__USER_SIGNATURE_REGION_LENGTH__)?__USER_SIGNATURE_REGION_LENGTH__:0x400

.hash
 *(.hash)

.dynsym
 *(.dynsym)

.dynstr
 *(.dynstr)

.gnu.version
 *(.gnu.version)

.gnu.version_d
 *(.gnu.version_d)

.gnu.version_r
 *(.gnu.version_r)

.rel.init
 *(.rel.init)

.rela.init
 *(.rela.init)

.rel.text
 *(.rel.text)
 *(.rel.text.*)
 *(.rel.gnu.linkonce.t*)

.rela.text
 *(.rela.text)
 *(.rela.text.*)
 *(.rela.gnu.linkonce.t*)

.rel.fini
 *(.rel.fini)

.rela.fini
 *(.rela.fini)

.rel.rodata
 *(.rel.rodata)
 *(.rel.rodata.*)
 *(.rel.gnu.linkonce.r*)

.rela.rodata
 *(.rela.rodata)
 *(.rela.rodata.*)
 *(.rela.gnu.linkonce.r*)

.rel.data
 *(.rel.data)
 *(.rel.data.*)
 *(.rel.gnu.linkonce.d*)

.rela.data
 *(.rela.data)
 *(.rela.data.*)
 *(.rela.gnu.linkonce.d*)

.rel.ctors
 *(.rel.ctors)

.rela.ctors
 *(.rela.ctors)

.rel.dtors
 *(.rel.dtors)

.rela.dtors
 *(.rela.dtors)

.rel.got
 *(.rel.got)

.rela.got
 *(.rela.got)

.rel.bss
 *(.rel.bss)

.rela.bss
 *(.rela.bss)

.rel.plt
 *(.rel.plt)

.rela.plt
 *(.rela.plt)

.text           0x00000000     0x4cf8
 *(.vectors)
 .vectors       0x00000000       0x68 C:/Program Files (x86)/Atmel/Studio/7.0/Packs/atmel/ATmega_DFP/1.2.132/gcc/dev/atmega328p/avr5/crtatmega328p.o
                0x00000000                __vector_default
                0x00000000                __vectors
 *(.vectors)
 *(.progmem.gcc*)
                0x00000068                . = ALIGN (0x2)
                0x00000068                __trampolines_start = .
 *(.trampolines)
 .trampolines   0x00000068        0x0 linker stubs
 *(.trampolines*)
                0x00000068                __trampolines_end = .
 *libprintf_flt.a:*(.progmem.data)
 *libc.a:*(.progmem.data)
 *(.progmem*)
 .progmem.data._ZZN13Adafruit_FONA14getReplyQuotedEPK19__FlashStringHelperS2_jE3__c_0
                0x00000068        0x7 Adafruit_FONA.o
 .progmem.data._ZZN13Adafruit_FONA14getReplyQuotedEPK19__FlashStringHelperS2_jE3__c
                0x0000006f        0x7 Adafruit_FONA.o
 .progmem.data._ZZN13Adafruit_FONA8getReplyEPK19__FlashStringHelperljE3__c_0
                0x00000076        0x7 Adafruit_FONA.o
 .progmem.data._ZZN13Adafruit_FONA8getReplyEPK19__FlashStringHelperljE3__c
                0x0000007d        0x7 Adafruit_FONA.o
 .progmem.data._ZZN13Adafruit_FONA8getReplyEPK19__FlashStringHelperjE3__c_0
                0x00000084        0x7 Adafruit_FONA.o
 .progmem.data._ZZN13Adafruit_FONA8getReplyEPK19__FlashStringHelperjE3__c
                0x0000008b        0x7 Adafruit_FONA.o
 .progmem.data._ZZN13Adafruit_FONA8readlineEjbE3__c
                0x00000092        0x6 Adafruit_FONA.o
 .progmem.data._ZZN13Adafruit_FONA11expectReplyEPK19__FlashStringHelperjE3__c
                0x00000098        0x7 Adafruit_FONA.o
 .progmem.data._ZZN13Adafruit_FONA10HTTP_setupEPK19__FlashStringHelperE3__c_1
                0x0000009f        0x3 Adafruit_FONA.o
 .progmem.data._ZZN13Adafruit_FONA10HTTP_setupEPK19__FlashStringHelperE3__c_0
                0x000000a2        0x4 Adafruit_FONA.o
 .progmem.data._ZZN13Adafruit_FONA10HTTP_setupEPK19__FlashStringHelperE3__c
                0x000000a6        0x4 Adafruit_FONA.o
 .progmem.data._ZZN13Adafruit_FONA15HTTP_POST_startEPK19__FlashStringHelperS2_PKhjPjjS5_PcE3__c
                0x000000aa        0x8 Adafruit_FONA.o
 .progmem.data._ZZN13Adafruit_FONA12HTTP_readallEjPcE3__c_0
                0x000000b2        0xc Adafruit_FONA.o
 .progmem.data._ZZN13Adafruit_FONA12HTTP_readallEjPcE3__c
                0x000000be        0xf Adafruit_FONA.o
 .progmem.data._ZZN13Adafruit_FONA11HTTP_actionEhPjS0_lE3__c_1
                0x000000cd        0xd Adafruit_FONA.o
 .progmem.data._ZZN13Adafruit_FONA11HTTP_actionEhPjS0_lE3__c_0
                0x000000da        0xd Adafruit_FONA.o
 .progmem.data._ZZN13Adafruit_FONA11HTTP_actionEhPjS0_lE3__c
                0x000000e7        0xf Adafruit_FONA.o
 .progmem.data._ZZN13Adafruit_FONA9HTTP_dataEmmE3__c_2
                0x000000f6        0x9 Adafruit_FONA.o
 .progmem.data._ZZN13Adafruit_FONA9HTTP_dataEmmE3__c_1
                0x000000ff        0xd Adafruit_FONA.o
 .progmem.data._ZZN13Adafruit_FONA9HTTP_dataEmmE3__c_0
                0x0000010c        0xd Adafruit_FONA.o
 .progmem.data._ZZN13Adafruit_FONA9HTTP_dataEmmE3__c
                0x00000119        0x7 Adafruit_FONA.o
 .progmem.data._ZZN13Adafruit_FONA15HTTP_para_startEPK19__FlashStringHelperbE3__c_3
                0x00000120        0x3 Adafruit_FONA.o
 .progmem.data._ZZN13Adafruit_FONA15HTTP_para_startEPK19__FlashStringHelperbE3__c_2
                0x00000123        0x4 Adafruit_FONA.o
 .progmem.data._ZZN13Adafruit_FONA15HTTP_para_startEPK19__FlashStringHelperbE3__c_1
                0x00000127        0xe Adafruit_FONA.o
 .progmem.data._ZZN13Adafruit_FONA15HTTP_para_startEPK19__FlashStringHelperbE3__c_0
                0x00000135        0xe Adafruit_FONA.o
 .progmem.data._ZZN13Adafruit_FONA15HTTP_para_startEPK19__FlashStringHelperbE3__c
                0x00000143        0x7 Adafruit_FONA.o
 .progmem.data._ZZN13Adafruit_FONA9HTTP_termEvE3__c
                0x0000014a        0xc Adafruit_FONA.o
 .progmem.data._ZZN13Adafruit_FONA9HTTP_initEvE3__c
                0x00000156        0xc Adafruit_FONA.o
 .progmem.data._ZZN13Adafruit_FONA16sendDataOverGprsEPhjPcjPjS2_E3__c_4
                0x00000162        0xe Adafruit_FONA.o
 .progmem.data._ZZN13Adafruit_FONA16sendDataOverGprsEPhjPcjPjS2_E3__c_3
                0x00000170       0x13 Adafruit_FONA.o
 .progmem.data._ZZN13Adafruit_FONA16sendDataOverGprsEPhjPcjPjS2_E3__c_2
                0x00000183       0x1d Adafruit_FONA.o
 .progmem.data._ZZN13Adafruit_FONA16sendDataOverGprsEPhjPcjPjS2_E3__c_1
                0x000001a0       0x23 Adafruit_FONA.o
 .progmem.data._ZZN13Adafruit_FONA16sendDataOverGprsEPhjPcjPjS2_E3__c_0
                0x000001c3        0xb Adafruit_FONA.o
 .progmem.data._ZZN13Adafruit_FONA16sendDataOverGprsEPhjPcjPjS2_E3__c
                0x000001ce       0x22 Adafruit_FONA.o
 .progmem.data._ZZN13Adafruit_FONA10enableGPRSEbE3__c_14
                0x000001f0        0xb Adafruit_FONA.o
 .progmem.data._ZZN13Adafruit_FONA10enableGPRSEbE3__c_13
                0x000001fb        0xd Adafruit_FONA.o
 .progmem.data._ZZN13Adafruit_FONA10enableGPRSEbE3__c_11
                0x00000208        0xb Adafruit_FONA.o
 .progmem.data._ZZN13Adafruit_FONA10enableGPRSEbE3__c_12
                0x00000213        0x8 Adafruit_FONA.o
 .progmem.data._ZZN13Adafruit_FONA10enableGPRSEbE3__c_10
                0x0000021b        0x9 Adafruit_FONA.o
 .progmem.data._ZZN13Adafruit_FONA10enableGPRSEbE3__c_9
                0x00000224        0xd Adafruit_FONA.o
 .progmem.data._ZZN13Adafruit_FONA10enableGPRSEbE3__c_8
                0x00000231       0x14 Adafruit_FONA.o
 .progmem.data._ZZN13Adafruit_FONA10enableGPRSEbE3__c_7
                0x00000245       0x15 Adafruit_FONA.o
 .progmem.data._ZZN13Adafruit_FONA10enableGPRSEbE3__c_6
                0x0000025a        0xa Adafruit_FONA.o
 .progmem.data._ZZN13Adafruit_FONA10enableGPRSEbE3__c_5
                0x00000264        0x7 Adafruit_FONA.o
 .progmem.data._ZZN13Adafruit_FONA10enableGPRSEbE3__c_4
                0x0000026b        0xa Adafruit_FONA.o
 .progmem.data._ZZN13Adafruit_FONA10enableGPRSEbE3__c_3
                0x00000275       0x14 Adafruit_FONA.o
 .progmem.data._ZZN13Adafruit_FONA10enableGPRSEbE3__c_2
                0x00000289       0x1e Adafruit_FONA.o
 .progmem.data._ZZN13Adafruit_FONA10enableGPRSEbE3__c_1
                0x000002a7        0xb Adafruit_FONA.o
 .progmem.data._ZZN13Adafruit_FONA10enableGPRSEbE3__c
                0x000002b2        0xb Adafruit_FONA.o
 .progmem.data._ZZN13Adafruit_FONA10enableGPRSEbE3__c_0
                0x000002bd        0x8 Adafruit_FONA.o
 .progmem.data._ZZN13Adafruit_FONA7getRSSIEvE3__c_5
                0x000002c5        0x9 Adafruit_FONA.o
 .progmem.data._ZZN13Adafruit_FONA7getRSSIEvE3__c_6
                0x000002ce        0x8 Adafruit_FONA.o
 .progmem.data._ZZN13Adafruit_FONA7getRSSIEvE3__c_3
                0x000002d6        0x9 Adafruit_FONA.o
 .progmem.data._ZZN13Adafruit_FONA7getRSSIEvE3__c_4
                0x000002df        0x8 Adafruit_FONA.o
 .progmem.data._ZZN13Adafruit_FONA7getRSSIEvE3__c_1
                0x000002e7        0x7 Adafruit_FONA.o
 .progmem.data._ZZN13Adafruit_FONA7getRSSIEvE3__c_2
                0x000002ee        0x7 Adafruit_FONA.o
 .progmem.data._ZZN13Adafruit_FONA7getRSSIEvE3__c
                0x000002f5        0x7 Adafruit_FONA.o
 .progmem.data._ZZN13Adafruit_FONA7getRSSIEvE3__c_0
                0x000002fc        0x7 Adafruit_FONA.o
 .progmem.data._ZZN13Adafruit_FONA14getBattPercentEPjE3__c
                0x00000303        0x7 Adafruit_FONA.o
 .progmem.data._ZZN13Adafruit_FONA14getBattPercentEPjE3__c_0
                0x0000030a        0x7 Adafruit_FONA.o
 .progmem.data._ZZN13Adafruit_FONA5beginEhhE3__c_11
                0x00000311        0xb Adafruit_FONA.o
 .progmem.data._ZZN13Adafruit_FONA5beginEhhE3__c_10
                0x0000031c        0x7 Adafruit_FONA.o
 .progmem.data._ZZN13Adafruit_FONA5beginEhhE3__c_9
                0x00000323        0x7 Adafruit_FONA.o
 .progmem.data._ZZN13Adafruit_FONA5beginEhhE3__c_8
                0x0000032a        0x5 Adafruit_FONA.o
 .progmem.data._ZZN13Adafruit_FONA5beginEhhE3__c_7
                0x0000032f        0x5 Adafruit_FONA.o
 .progmem.data._ZZN13Adafruit_FONA5beginEhhE3__c_6
                0x00000334       0x1f Adafruit_FONA.o
 .progmem.data._ZZN13Adafruit_FONA5beginEhhE3__c_5
                0x00000353        0x3 Adafruit_FONA.o
 .progmem.data._ZZN13Adafruit_FONA5beginEhhE3__c_4
                0x00000356        0x3 Adafruit_FONA.o
 .progmem.data._ZZN13Adafruit_FONA5beginEhhE3__c_3
                0x00000359        0x3 Adafruit_FONA.o
 .progmem.data._ZZN13Adafruit_FONA5beginEhhE3__c_1
                0x0000035c        0x3 Adafruit_FONA.o
 .progmem.data._ZZN13Adafruit_FONA5beginEhhE3__c_2
                0x0000035f        0x3 Adafruit_FONA.o
 .progmem.data._ZZN13Adafruit_FONA5beginEhhE3__c_0
                0x00000362        0x3 Adafruit_FONA.o
 .progmem.data._ZZN13Adafruit_FONA5beginEhhE3__c
                0x00000365       0x21 Adafruit_FONA.o
 .progmem.data._ZZN13Adafruit_FONAC4EabE3__c_0
                0x00000386        0x3 Adafruit_FONA.o
 .progmem.data._ZZN13Adafruit_FONAC4EabE3__c
                0x00000389        0x8 Adafruit_FONA.o
 .progmem.data._ZZN7Helpers18printDailySendDataEP14DailyCycleDataE3__c_17
                0x00000391        0x4 Helpers.o
 .progmem.data._ZZN7Helpers18printDailySendDataEP14DailyCycleDataE3__c_16
                0x00000395        0xf Helpers.o
 .progmem.data._ZZN7Helpers18printDailySendDataEP14DailyCycleDataE3__c_15
                0x000003a4        0x4 Helpers.o
 .progmem.data._ZZN7Helpers18printDailySendDataEP14DailyCycleDataE3__c_14
                0x000003a8        0xe Helpers.o
 .progmem.data._ZZN7Helpers18printDailySendDataEP14DailyCycleDataE3__c_13
                0x000003b6        0x4 Helpers.o
 .progmem.data._ZZN7Helpers18printDailySendDataEP14DailyCycleDataE3__c_12
                0x000003ba        0xe Helpers.o
 .progmem.data._ZZN7Helpers18printDailySendDataEP14DailyCycleDataE3__c_11
                0x000003c8        0x4 Helpers.o
 .progmem.data._ZZN7Helpers18printDailySendDataEP14DailyCycleDataE3__c_10
                0x000003cc        0xd Helpers.o
 .progmem.data._ZZN7Helpers18printDailySendDataEP14DailyCycleDataE3__c_9
                0x000003d9        0x4 Helpers.o
 .progmem.data._ZZN7Helpers18printDailySendDataEP14DailyCycleDataE3__c_8
                0x000003dd        0xd Helpers.o
 .progmem.data._ZZN7Helpers18printDailySendDataEP14DailyCycleDataE3__c_7
                0x000003ea        0x4 Helpers.o
 .progmem.data._ZZN7Helpers18printDailySendDataEP14DailyCycleDataE3__c_6
                0x000003ee        0xe Helpers.o
 .progmem.data._ZZN7Helpers18printDailySendDataEP14DailyCycleDataE3__c_5
                0x000003fc        0x2 Helpers.o
 .progmem.data._ZZN7Helpers18printDailySendDataEP14DailyCycleDataE3__c_4
                0x000003fe        0x4 Helpers.o
 .progmem.data._ZZN7Helpers18printDailySendDataEP14DailyCycleDataE3__c_3
                0x00000402        0x7 Helpers.o
 .progmem.data._ZZN7Helpers18printDailySendDataEP14DailyCycleDataE3__c_2
                0x00000409        0x4 Helpers.o
 .progmem.data._ZZN7Helpers18printDailySendDataEP14DailyCycleDataE3__c_1
                0x0000040d        0xb Helpers.o
 .progmem.data._ZZN7Helpers18printDailySendDataEP14DailyCycleDataE3__c_0
                0x00000418        0x4 Helpers.o
 .progmem.data._ZZN7Helpers18printDailySendDataEP14DailyCycleDataE3__c
                0x0000041c        0x8 Helpers.o
 .progmem.data._ZZN7Helpers15printSensorDataEP10SensorDataE3__c_7
                0x00000424        0x7 Helpers.o
 .progmem.data._ZZN7Helpers15printSensorDataEP10SensorDataE3__c_6
                0x0000042b        0x4 Helpers.o
 .progmem.data._ZZN7Helpers15printSensorDataEP10SensorDataE3__c_5
                0x0000042f        0x6 Helpers.o
 .progmem.data._ZZN7Helpers15printSensorDataEP10SensorDataE3__c_4
                0x00000435        0x4 Helpers.o
 .progmem.data._ZZN7Helpers15printSensorDataEP10SensorDataE3__c_3
                0x00000439        0x9 Helpers.o
 .progmem.data._ZZN7Helpers15printSensorDataEP10SensorDataE3__c_2
                0x00000442        0x4 Helpers.o
 .progmem.data._ZZN7Helpers15printSensorDataEP10SensorDataE3__c_1
                0x00000446        0x6 Helpers.o
 .progmem.data._ZZN7Helpers15printSensorDataEP10SensorDataE3__c_0
                0x0000044c        0x4 Helpers.o
 .progmem.data._ZZN7Helpers15printSensorDataEP10SensorDataE3__c
                0x00000450        0x8 Helpers.o
 .progmem.data._ZZN7Helpers9printRSSIEP13FONA_GET_RSSIE3__c_7
                0x00000458        0xd Helpers.o
 .progmem.data._ZZN7Helpers9printRSSIEP13FONA_GET_RSSIE3__c_6
                0x00000465        0x4 Helpers.o
 .progmem.data._ZZN7Helpers9printRSSIEP13FONA_GET_RSSIE3__c_5
                0x00000469        0x9 Helpers.o
 .progmem.data._ZZN7Helpers9printRSSIEP13FONA_GET_RSSIE3__c_4
                0x00000472        0xa Helpers.o
 .progmem.data._ZZN7Helpers9printRSSIEP13FONA_GET_RSSIE3__c_3
                0x0000047c       0x15 Helpers.o
 .progmem.data._ZZN7Helpers9printRSSIEP13FONA_GET_RSSIE3__c_2
                0x00000491        0x4 Helpers.o
 .progmem.data._ZZN7Helpers9printRSSIEP13FONA_GET_RSSIE3__c_1
                0x00000495        0x5 Helpers.o
 .progmem.data._ZZN7Helpers9printRSSIEP13FONA_GET_RSSIE3__c_0
                0x0000049a        0x4 Helpers.o
 .progmem.data._ZZN7Helpers9printRSSIEP13FONA_GET_RSSIE3__c
                0x0000049e        0x6 Helpers.o
 .progmem.data._ZL12b64_alphabet
                0x000004a4       0x41 Helpers.o
 .progmem.data._ZZ4loopE3__c
                0x000004e5        0xa Main_SignalLogging.o
 .progmem.data._ZZ8sendDatavE3__c_3
                0x000004ef       0x17 Main_SignalLogging.o
 .progmem.data._ZZ8sendDatavE3__c_2
                0x00000506       0x29 Main_SignalLogging.o
 .progmem.data._ZZ8sendDatavE3__c_1
                0x0000052f       0x13 Main_SignalLogging.o
 .progmem.data._ZZ8sendDatavE3__c_0
                0x00000542       0x18 Main_SignalLogging.o
 .progmem.data._ZZ8sendDatavE3__c
                0x0000055a       0x1f Main_SignalLogging.o
 .progmem.data._ZZ17createEncodedDataPcPhh13FONA_GET_RSSIE3__c
                0x00000579       0x30 Main_SignalLogging.o
 .progmem.data._ZZ12takeReadingsvE3__c
                0x000005a9       0x13 Main_SignalLogging.o
 .progmem.data._ZZ21ensureFonaInitialisedbE3__c_10
                0x000005bc       0x26 Main_SignalLogging.o
 .progmem.data._ZZ21ensureFonaInitialisedbE3__c_9
                0x000005e2       0x38 Main_SignalLogging.o
 .progmem.data._ZZ21ensureFonaInitialisedbE3__c_8
                0x0000061a       0x2f Main_SignalLogging.o
 .progmem.data._ZZ21ensureFonaInitialisedbE3__c_7
                0x00000649       0x1b Main_SignalLogging.o
 .progmem.data._ZZ21ensureFonaInitialisedbE3__c_6
                0x00000664       0x20 Main_SignalLogging.o
 .progmem.data._ZZ21ensureFonaInitialisedbE3__c_5
                0x00000684       0x23 Main_SignalLogging.o
 .progmem.data._ZZ21ensureFonaInitialisedbE3__c_4
                0x000006a7       0x26 Main_SignalLogging.o
 .progmem.data._ZZ21ensureFonaInitialisedbE3__c_3
                0x000006cd       0x18 Main_SignalLogging.o
 .progmem.data._ZZ21ensureFonaInitialisedbE3__c_2
                0x000006e5       0x1d Main_SignalLogging.o
 .progmem.data._ZZ21ensureFonaInitialisedbE3__c_1
                0x00000702       0x1b Main_SignalLogging.o
 .progmem.data._ZZ21ensureFonaInitialisedbE3__c_0
                0x0000071d       0x15 Main_SignalLogging.o
 .progmem.data._ZZ21ensureFonaInitialisedbE3__c
                0x00000732       0x15 Main_SignalLogging.o
 .progmem.data._ZZ5setupE3__c
                0x00000747        0xc Main_SignalLogging.o
 .progmem.data._ZZN13ExtendedTests20startExtendedGsmTestEP12RmMemManagerE3__c_0
                0x00000753       0x25 ExtendedTests.o
 .progmem.data._ZZN13ExtendedTests20startExtendedGsmTestEP12RmMemManagerE3__c
                0x00000778        0x5 ExtendedTests.o
 .progmem.data._ZZN13ExtendedTests18endExtendedGsmTestEvE3__c
                0x0000077d       0x3b ExtendedTests.o
 .progmem.data.digital_pin_to_timer_PGM
                0x000007b8       0x14 C:\Users\Numaan\Documents\Atmel Studio\7.0\RM\RM\ArduinoCore\Debug\libArduinoCore.a(wiring_digital.o)
                0x000007b8                digital_pin_to_timer_PGM
 .progmem.data.digital_pin_to_bit_mask_PGM
                0x000007cc       0x14 C:\Users\Numaan\Documents\Atmel Studio\7.0\RM\RM\ArduinoCore\Debug\libArduinoCore.a(wiring_digital.o)
                0x000007cc                digital_pin_to_bit_mask_PGM
 .progmem.data.digital_pin_to_port_PGM
                0x000007e0       0x14 C:\Users\Numaan\Documents\Atmel Studio\7.0\RM\RM\ArduinoCore\Debug\libArduinoCore.a(wiring_digital.o)
                0x000007e0                digital_pin_to_port_PGM
 .progmem.data.port_to_input_PGM
                0x000007f4        0xa C:\Users\Numaan\Documents\Atmel Studio\7.0\RM\RM\ArduinoCore\Debug\libArduinoCore.a(wiring_digital.o)
                0x000007f4                port_to_input_PGM
 .progmem.data.port_to_output_PGM
                0x000007fe        0xa C:\Users\Numaan\Documents\Atmel Studio\7.0\RM\RM\ArduinoCore\Debug\libArduinoCore.a(wiring_digital.o)
                0x000007fe                port_to_output_PGM
 .progmem.data.port_to_mode_PGM
                0x00000808        0xa C:\Users\Numaan\Documents\Atmel Studio\7.0\RM\RM\ArduinoCore\Debug\libArduinoCore.a(wiring_digital.o)
                0x00000808                port_to_mode_PGM
                0x00000812                . = ALIGN (0x2)
 *(.jumptables)
 *(.jumptables*)
 *(.lowtext)
 *(.lowtext*)
                0x00000812                __ctors_start = .
 *(.ctors)
 .ctors         0x00000812        0x2 Main_SignalLogging.o
 .ctors         0x00000814        0x2 src/libraries/Wire/src/Wire.o
 .ctors         0x00000816        0x2 C:\Users\Numaan\Documents\Atmel Studio\7.0\RM\RM\ArduinoCore\Debug\libArduinoCore.a(HardwareSerial0.o)
                0x00000818                __ctors_end = .
                0x00000818                __dtors_start = .
 *(.dtors)
 .dtors         0x00000818        0x2 Main_SignalLogging.o
                0x0000081a                __dtors_end = .
 SORT(*)(.ctors)
 SORT(*)(.dtors)
 *(.init0)
 .init0         0x0000081a        0x0 C:/Program Files (x86)/Atmel/Studio/7.0/Packs/atmel/ATmega_DFP/1.2.132/gcc/dev/atmega328p/avr5/crtatmega328p.o
                0x0000081a                __init
 *(.init0)
 *(.init1)
 *(.init1)
 *(.init2)
 .init2         0x0000081a        0xc C:/Program Files (x86)/Atmel/Studio/7.0/Packs/atmel/ATmega_DFP/1.2.132/gcc/dev/atmega328p/avr5/crtatmega328p.o
 *(.init2)
 *(.init3)
 *(.init3)
 *(.init4)
 .init4         0x00000826       0x16 c:/program files (x86)/atmel/studio/7.0/toolchain/avr8/avr8-gnu-toolchain/bin/../lib/gcc/avr/5.4.0/avr5\libgcc.a(_copy_data.o)
                0x00000826                __do_copy_data
 .init4         0x0000083c       0x10 c:/program files (x86)/atmel/studio/7.0/toolchain/avr8/avr8-gnu-toolchain/bin/../lib/gcc/avr/5.4.0/avr5\libgcc.a(_clear_bss.o)
                0x0000083c                __do_clear_bss
 *(.init4)
 *(.init5)
 *(.init5)
 *(.init6)
 .init6         0x0000084c       0x16 c:/program files (x86)/atmel/studio/7.0/toolchain/avr8/avr8-gnu-toolchain/bin/../lib/gcc/avr/5.4.0/avr5\libgcc.a(_ctors.o)
                0x0000084c                __do_global_ctors
 *(.init6)
 *(.init7)
 *(.init7)
 *(.init8)
 *(.init8)
 *(.init9)
 .init9         0x00000862        0x8 C:/Program Files (x86)/Atmel/Studio/7.0/Packs/atmel/ATmega_DFP/1.2.132/gcc/dev/atmega328p/avr5/crtatmega328p.o
 *(.init9)
 *(.text)
 .text          0x0000086a        0x4 C:/Program Files (x86)/Atmel/Studio/7.0/Packs/atmel/ATmega_DFP/1.2.132/gcc/dev/atmega328p/avr5/crtatmega328p.o
                0x0000086a                __vector_22
                0x0000086a                __vector_1
                0x0000086a                __vector_12
                0x0000086a                __bad_interrupt
                0x0000086a                __vector_6
                0x0000086a                __vector_23
                0x0000086a                __vector_25
                0x0000086a                __vector_11
                0x0000086a                __vector_13
                0x0000086a                __vector_17
                0x0000086a                __vector_7
                0x0000086a                __vector_9
                0x0000086a                __vector_2
                0x0000086a                __vector_21
                0x0000086a                __vector_15
                0x0000086a                __vector_8
                0x0000086a                __vector_14
                0x0000086a                __vector_10
                0x0000086a                __vector_20
                0x0000086e                . = ALIGN (0x2)
 *(.text.*)
 .text._ZN13Adafruit_FONA9availableEv
                0x0000086e       0x18 Adafruit_FONA.o
                0x0000086e                _ZN13Adafruit_FONA9availableEv
 .text._ZN13Adafruit_FONA5writeEh
                0x00000886       0x18 Adafruit_FONA.o
                0x00000886                _ZN13Adafruit_FONA5writeEh
 .text._ZN13Adafruit_FONA4readEv
                0x0000089e       0x18 Adafruit_FONA.o
                0x0000089e                _ZN13Adafruit_FONA4readEv
 .text._ZN13Adafruit_FONA4peekEv
                0x000008b6       0x18 Adafruit_FONA.o
                0x000008b6                _ZN13Adafruit_FONA4peekEv
 .text._ZN13Adafruit_FONA5flushEv
                0x000008ce       0x18 Adafruit_FONA.o
                0x000008ce                _ZN13Adafruit_FONA5flushEv
 .text._ZN13Adafruit_FONAC2Eab
                0x000008e6       0x7a Adafruit_FONA.o
                0x000008e6                _ZN13Adafruit_FONAC2Eab
                0x000008e6                _ZN13Adafruit_FONAC1Eab
 .text._ZN13Adafruit_FONA19internalReadRawDataEPcj
                0x00000960       0x84 Adafruit_FONA.o
                0x00000960                _ZN13Adafruit_FONA19internalReadRawDataEPcj
 .text._ZN13Adafruit_FONA12setUserAgentE6String
                0x000009e4        0x8 Adafruit_FONA.o
                0x000009e4                _ZN13Adafruit_FONA12setUserAgentE6String
 .text._ZN13Adafruit_FONA10flushInputEv
                0x000009ec       0x58 Adafruit_FONA.o
                0x000009ec                _ZN13Adafruit_FONA10flushInputEv
 .text._ZN13Adafruit_FONA15HTTP_para_startEPK19__FlashStringHelperb
                0x00000a44       0x7a Adafruit_FONA.o
                0x00000a44                _ZN13Adafruit_FONA15HTTP_para_startEPK19__FlashStringHelperb
 .text._ZN13Adafruit_FONA8readlineEjb
                0x00000abe       0xc4 Adafruit_FONA.o
                0x00000abe                _ZN13Adafruit_FONA8readlineEjb
 .text._ZN13Adafruit_FONA11expectReplyEPK19__FlashStringHelperj
                0x00000b82       0x48 Adafruit_FONA.o
                0x00000b82                _ZN13Adafruit_FONA11expectReplyEPK19__FlashStringHelperj
 .text._ZN13Adafruit_FONA13HTTP_para_endEb
                0x00000bca       0x3c Adafruit_FONA.o
                0x00000bca                _ZN13Adafruit_FONA13HTTP_para_endEb
 .text._ZN13Adafruit_FONA9HTTP_paraEPK19__FlashStringHelper6String
                0x00000c06       0x32 Adafruit_FONA.o
                0x00000c06                _ZN13Adafruit_FONA9HTTP_paraEPK19__FlashStringHelper6String
 .text._ZN13Adafruit_FONA9HTTP_paraEPK19__FlashStringHelperS2_
                0x00000c38       0x32 Adafruit_FONA.o
                0x00000c38                _ZN13Adafruit_FONA9HTTP_paraEPK19__FlashStringHelperS2_
 .text._ZN13Adafruit_FONA9HTTP_paraEPK19__FlashStringHelperl
                0x00000c6a       0x42 Adafruit_FONA.o
                0x00000c6a                _ZN13Adafruit_FONA9HTTP_paraEPK19__FlashStringHelperl
 .text._ZN13Adafruit_FONA9HTTP_dataEmm
                0x00000cac       0xd4 Adafruit_FONA.o
                0x00000cac                _ZN13Adafruit_FONA9HTTP_dataEmm
 .text._ZN13Adafruit_FONA8getReplyEPK19__FlashStringHelperj
                0x00000d80       0x72 Adafruit_FONA.o
                0x00000d80                _ZN13Adafruit_FONA8getReplyEPK19__FlashStringHelperj
 .text._ZN13Adafruit_FONA8getReplyEPK19__FlashStringHelperlj
                0x00000df2       0xb4 Adafruit_FONA.o
                0x00000df2                _ZN13Adafruit_FONA8getReplyEPK19__FlashStringHelperlj
 .text._ZN13Adafruit_FONA14getReplyQuotedEPK19__FlashStringHelperS2_j
                0x00000ea6       0xc8 Adafruit_FONA.o
                0x00000ea6                _ZN13Adafruit_FONA14getReplyQuotedEPK19__FlashStringHelperS2_j
 .text._ZN13Adafruit_FONA14sendCheckReplyEPK19__FlashStringHelperS2_j
                0x00000f6e       0x34 Adafruit_FONA.o
                0x00000f6e                _ZN13Adafruit_FONA14sendCheckReplyEPK19__FlashStringHelperS2_j
 .text._ZN13Adafruit_FONA5beginEhh
                0x00000fa2      0x26e Adafruit_FONA.o
                0x00000fa2                _ZN13Adafruit_FONA5beginEhh
 .text._ZN13Adafruit_FONA9HTTP_initEv
                0x00001210       0x16 Adafruit_FONA.o
                0x00001210                _ZN13Adafruit_FONA9HTTP_initEv
 .text._ZN13Adafruit_FONA9HTTP_termEv
                0x00001226       0x16 Adafruit_FONA.o
                0x00001226                _ZN13Adafruit_FONA9HTTP_termEv
 .text._ZN13Adafruit_FONA10HTTP_setupEPK19__FlashStringHelper
                0x0000123c       0xa6 Adafruit_FONA.o
                0x0000123c                _ZN13Adafruit_FONA10HTTP_setupEPK19__FlashStringHelper
 .text._ZN13Adafruit_FONA14sendCheckReplyEPK19__FlashStringHelperlS2_j
                0x000012e2       0x40 Adafruit_FONA.o
                0x000012e2                _ZN13Adafruit_FONA14sendCheckReplyEPK19__FlashStringHelperlS2_j
 .text._ZN13Adafruit_FONA20sendCheckReplyQuotedEPK19__FlashStringHelperS2_S2_j
                0x00001322       0x38 Adafruit_FONA.o
                0x00001322                _ZN13Adafruit_FONA20sendCheckReplyQuotedEPK19__FlashStringHelperS2_S2_j
 .text._ZN13Adafruit_FONA10enableGPRSEb
                0x0000135a      0x2e8 Adafruit_FONA.o
                0x0000135a                _ZN13Adafruit_FONA10enableGPRSEb
 .text._ZN13Adafruit_FONA10parseReplyEPK19__FlashStringHelperPjch
                0x00001642       0x6a Adafruit_FONA.o
                0x00001642                _ZN13Adafruit_FONA10parseReplyEPK19__FlashStringHelperPjch
 .text._ZN13Adafruit_FONA12HTTP_readallEjPc
                0x000016ac       0x76 Adafruit_FONA.o
                0x000016ac                _ZN13Adafruit_FONA12HTTP_readallEjPc
 .text._ZN13Adafruit_FONA11HTTP_actionEhPjS0_l
                0x00001722       0xbc Adafruit_FONA.o
                0x00001722                _ZN13Adafruit_FONA11HTTP_actionEhPjS0_l
 .text._ZN13Adafruit_FONA15HTTP_POST_startEPK19__FlashStringHelperS2_PKhjPjjS5_Pc
                0x000017de      0x12e Adafruit_FONA.o
                0x000017de                _ZN13Adafruit_FONA15HTTP_POST_startEPK19__FlashStringHelperS2_PKhjPjjS5_Pc
 .text._ZN13Adafruit_FONA16sendDataOverGprsEPhjPcjPjS2_
                0x0000190c       0xf8 Adafruit_FONA.o
                0x0000190c                _ZN13Adafruit_FONA16sendDataOverGprsEPhjPcjPjS2_
 .text._ZN13Adafruit_FONA14sendParseReplyEPK19__FlashStringHelperS2_Pjch
                0x00001a04       0x58 Adafruit_FONA.o
                0x00001a04                _ZN13Adafruit_FONA14sendParseReplyEPK19__FlashStringHelperS2_Pjch
 .text._ZN13Adafruit_FONA14getBattPercentEPj
                0x00001a5c       0x1e Adafruit_FONA.o
                0x00001a5c                _ZN13Adafruit_FONA14getBattPercentEPj
 .text._ZN13Adafruit_FONA7getRSSIEv
                0x00001a7a       0xde Adafruit_FONA.o
                0x00001a7a                _ZN13Adafruit_FONA7getRSSIEv
 .text._ZN10GsmPayloadC2Ev
                0x00001b58       0x1c GsmPayload.o
                0x00001b58                _ZN10GsmPayloadC1Ev
                0x00001b58                _ZN10GsmPayloadC2Ev
 .text._ZN10GsmPayload23getEncodedPayloadSize_SEh
                0x00001b74        0xe GsmPayload.o
                0x00001b74                _ZN10GsmPayload23getEncodedPayloadSize_SEh
 .text._ZN10GsmPayload16createRawPayloadEPh
                0x00001b82       0x2e GsmPayload.o
                0x00001b82                _ZN10GsmPayload16createRawPayloadEPh
 .text._ZN10GsmPayload20createEncodedPayloadEPc
                0x00001bb0       0x78 GsmPayload.o
                0x00001bb0                _ZN10GsmPayload20createEncodedPayloadEPc
 .text._ZN10GsmPayload13setSensorDataEP10SensorDatah
                0x00001c28        0xa GsmPayload.o
                0x00001c28                _ZN10GsmPayload13setSensorDataEP10SensorDatah
 .text._ZN10GsmPayload11setModuleIdEh
                0x00001c32        0x6 GsmPayload.o
                0x00001c32                _ZN10GsmPayload11setModuleIdEh
 .text._ZN10GsmPayload13setBootNumberEj
                0x00001c38        0x8 GsmPayload.o
                0x00001c38                _ZN10GsmPayload13setBootNumberEj
 .text._ZN10GsmPayload7setRSSIE13FONA_GET_RSSI
                0x00001c40        0xc GsmPayload.o
                0x00001c40                _ZN10GsmPayload7setRSSIE13FONA_GET_RSSI
 .text._ZN7Helpers9printRSSIEP13FONA_GET_RSSI
                0x00001c4c       0xe2 Helpers.o
                0x00001c4c                _ZN7Helpers9printRSSIEP13FONA_GET_RSSI
 .text._ZN7Helpers12isSignalGoodEP13FONA_GET_RSSI
                0x00001d2e       0x18 Helpers.o
                0x00001d2e                _ZN7Helpers12isSignalGoodEP13FONA_GET_RSSI
 .text._ZN7Helpers15printSensorDataEP10SensorData
                0x00001d46       0xc4 Helpers.o
                0x00001d46                _ZN7Helpers15printSensorDataEP10SensorData
 .text._ZN7Helpers18printDailySendDataEP14DailyCycleData
                0x00001e0a      0x188 Helpers.o
                0x00001e0a                _ZN7Helpers18printDailySendDataEP14DailyCycleData
 .text._ZN7Helpers12freeListSizeEv
                0x00001f92       0x24 Helpers.o
                0x00001f92                _ZN7Helpers12freeListSizeEv
 .text._ZN7Helpers10freeMemoryEv
                0x00001fb6       0x50 Helpers.o
                0x00001fb6                _ZN7Helpers10freeMemoryEv
 .text._ZN7Helpers14base64_enc_lenEi
                0x00002006       0x2e Helpers.o
                0x00002006                _ZN7Helpers14base64_enc_lenEi
 .text._Z8a3_to_a4PhS_
                0x00002034       0x48 Helpers.o
                0x00002034                _Z8a3_to_a4PhS_
 .text._ZN7Helpers13base64_encodeEPcPhi
                0x0000207c      0x154 Helpers.o
                0x0000207c                _ZN7Helpers13base64_encodeEPcPhi
 .text.setup    0x000021d0       0x5e Main_SignalLogging.o
                0x000021d0                setup
 .text._Z21ensureFonaInitialisedb
                0x0000222e      0x286 Main_SignalLogging.o
                0x0000222e                _Z21ensureFonaInitialisedb
 .text._Z15switchOffSystemv
                0x000024b4       0x20 Main_SignalLogging.o
                0x000024b4                _Z15switchOffSystemv
 .text._Z12takeReadingsv
                0x000024d4       0x58 Main_SignalLogging.o
                0x000024d4                _Z12takeReadingsv
 .text._Z17createEncodedDataPcPhh13FONA_GET_RSSI
                0x0000252c      0x166 Main_SignalLogging.o
                0x0000252c                _Z17createEncodedDataPcPhh13FONA_GET_RSSI
 .text._Z8sendDatav
                0x00002692      0x208 Main_SignalLogging.o
                0x00002692                _Z8sendDatav
 .text.loop     0x0000289a       0xba Main_SignalLogging.o
                0x0000289a                loop
 .text.startup._GLOBAL__sub_I___fona
                0x00002954       0x36 Main_SignalLogging.o
 .text.exit._GLOBAL__sub_D___fona
                0x0000298a       0x14 Main_SignalLogging.o
 .text._ZN7TwoWire5writeEi
                0x0000299e        0xe RmMemManager.o
                0x0000299e                _ZN7TwoWire5writeEi
 .text._ZN12RmMemManagerC2Eb
                0x000029ac       0x22 RmMemManager.o
                0x000029ac                _ZN12RmMemManagerC1Eb
                0x000029ac                _ZN12RmMemManagerC2Eb
 .text._Z13internalWritejPhh
                0x000029ce       0x72 RmMemManager.o
                0x000029ce                _Z13internalWritejPhh
 .text._Z12internalReadjPhh
                0x00002a40       0x86 RmMemManager.o
                0x00002a40                _Z12internalReadjPhh
 .text._ZN12RmMemManager18getUCharFromMemoryEj
                0x00002ac6       0x22 RmMemManager.o
                0x00002ac6                _ZN12RmMemManager18getUCharFromMemoryEj
 .text._ZN12RmMemManager19incrementCycleCountEv
                0x00002ae8       0x2e RmMemManager.o
                0x00002ae8                _ZN12RmMemManager19incrementCycleCountEv
 .text._ZN12RmMemManager11getModuleIdEv
                0x00002b16        0x8 RmMemManager.o
                0x00002b16                _ZN12RmMemManager11getModuleIdEv
 .text._ZN12RmMemManager19getUShortFromMemoryEj
                0x00002b1e       0x26 RmMemManager.o
                0x00002b1e                _ZN12RmMemManager19getUShortFromMemoryEj
 .text._ZN12RmMemManager12getBootCountEv
                0x00002b44        0x8 RmMemManager.o
                0x00002b44                _ZN12RmMemManager12getBootCountEv
 .text._ZN12RmMemManager16appendDailyEntryEP14DailyCycleData
                0x00002b4c       0x6e RmMemManager.o
                0x00002b4c                _ZN12RmMemManager16appendDailyEntryEP14DailyCycleData
 .text._ZN12RmMemManager14loadSensorDataEP10SensorDatah
                0x00002bba       0x9a RmMemManager.o
                0x00002bba                _ZN12RmMemManager14loadSensorDataEP10SensorDatah
 .text._ZN13SensorManagerC2Eb
                0x00002c54        0x6 SensorManager.o
                0x00002c54                _ZN13SensorManagerC1Eb
                0x00002c54                _ZN13SensorManagerC2Eb
 .text._ZN13SensorManager16takeSampleAnalogEh
                0x00002c5a       0x14 SensorManager.o
                0x00002c5a                _ZN13SensorManager16takeSampleAnalogEh
 .text._ZN13SensorManager11getMockDataEP10SensorData
                0x00002c6e       0x4c SensorManager.o
                0x00002c6e                _ZN13SensorManager11getMockDataEP10SensorData
 .text._ZN13SensorManager8readDataEP10SensorData
                0x00002cba       0x78 SensorManager.o
                0x00002cba                _ZN13SensorManager8readDataEP10SensorData
 .text.twi_init
                0x00002d32       0x3c src/libraries/Wire/src/utility/twi.o
                0x00002d32                twi_init
 .text.twi_readFrom
                0x00002d6e       0x90 src/libraries/Wire/src/utility/twi.o
                0x00002d6e                twi_readFrom
 .text.twi_writeTo
                0x00002dfe       0xac src/libraries/Wire/src/utility/twi.o
                0x00002dfe                twi_writeTo
 .text.twi_transmit
                0x00002eaa       0x50 src/libraries/Wire/src/utility/twi.o
                0x00002eaa                twi_transmit
 .text.twi_attachSlaveRxEvent
                0x00002efa        0xa src/libraries/Wire/src/utility/twi.o
                0x00002efa                twi_attachSlaveRxEvent
 .text.twi_attachSlaveTxEvent
                0x00002f04        0xa src/libraries/Wire/src/utility/twi.o
                0x00002f04                twi_attachSlaveTxEvent
 .text.twi_stop
                0x00002f0e       0x14 src/libraries/Wire/src/utility/twi.o
                0x00002f0e                twi_stop
 .text.twi_releaseBus
                0x00002f22        0xc src/libraries/Wire/src/utility/twi.o
                0x00002f22                twi_releaseBus
 .text.__vector_24
                0x00002f2e      0x25a src/libraries/Wire/src/utility/twi.o
                0x00002f2e                __vector_24
 .text._ZN7TwoWire9availableEv
                0x00003188       0x10 src/libraries/Wire/src/Wire.o
                0x00003188                _ZN7TwoWire9availableEv
 .text._ZN7TwoWire4readEv
                0x00003198       0x28 src/libraries/Wire/src/Wire.o
                0x00003198                _ZN7TwoWire4readEv
 .text._ZN7TwoWire4peekEv
                0x000031c0       0x1e src/libraries/Wire/src/Wire.o
                0x000031c0                _ZN7TwoWire4peekEv
 .text._ZN7TwoWire5flushEv
                0x000031de        0x2 src/libraries/Wire/src/Wire.o
                0x000031de                _ZN7TwoWire5flushEv
 .text._ZN7TwoWire16onReceiveServiceEPhi
                0x000031e0       0x54 src/libraries/Wire/src/Wire.o
                0x000031e0                _ZN7TwoWire16onReceiveServiceEPhi
 .text._ZN7TwoWire16onRequestServiceEv
                0x00003234       0x18 src/libraries/Wire/src/Wire.o
                0x00003234                _ZN7TwoWire16onRequestServiceEv
 .text._ZN7TwoWire5writeEPKhj
                0x0000324c       0x5a src/libraries/Wire/src/Wire.o
                0x0000324c                _ZN7TwoWire5writeEPKhj
 .text._ZN7TwoWire5writeEh
                0x000032a6       0x5e src/libraries/Wire/src/Wire.o
                0x000032a6                _ZN7TwoWire5writeEh
 .text._ZN7TwoWireC2Ev
                0x00003304       0x20 src/libraries/Wire/src/Wire.o
                0x00003304                _ZN7TwoWireC1Ev
                0x00003304                _ZN7TwoWireC2Ev
 .text._ZN7TwoWire5beginEv
                0x00003324       0x24 src/libraries/Wire/src/Wire.o
                0x00003324                _ZN7TwoWire5beginEv
 .text._ZN7TwoWire17beginTransmissionEh
                0x00003348       0x14 src/libraries/Wire/src/Wire.o
                0x00003348                _ZN7TwoWire17beginTransmissionEh
 .text._ZN7TwoWire17beginTransmissionEi
                0x0000335c        0x4 src/libraries/Wire/src/Wire.o
                0x0000335c                _ZN7TwoWire17beginTransmissionEi
 .text._ZN7TwoWire15endTransmissionEh
                0x00003360       0x26 src/libraries/Wire/src/Wire.o
                0x00003360                _ZN7TwoWire15endTransmissionEh
 .text._ZN7TwoWire11requestFromEhhmhh
                0x00003386       0xa8 src/libraries/Wire/src/Wire.o
                0x00003386                _ZN7TwoWire11requestFromEhhmhh
 .text._ZN7TwoWire11requestFromEhhh
                0x0000342e       0x20 src/libraries/Wire/src/Wire.o
                0x0000342e                _ZN7TwoWire11requestFromEhhh
 .text._ZN7TwoWire11requestFromEii
                0x0000344e        0x6 src/libraries/Wire/src/Wire.o
                0x0000344e                _ZN7TwoWire11requestFromEii
 .text._ZN7TwoWire15endTransmissionEv
                0x00003454        0x6 src/libraries/Wire/src/Wire.o
                0x00003454                _ZN7TwoWire15endTransmissionEv
 .text.startup._GLOBAL__sub_I__ZN7TwoWire8rxBufferE
                0x0000345a        0x8 src/libraries/Wire/src/Wire.o
 .text._Z11writeMockSDP10SensorDatah
                0x00003462       0x4e ExtendedTests.o
                0x00003462                _Z11writeMockSDP10SensorDatah
 .text._ZN13ExtendedTests18endExtendedGsmTestEv
                0x000034b0       0x18 ExtendedTests.o
                0x000034b0                _ZN13ExtendedTests18endExtendedGsmTestEv
 .text._ZN13ExtendedTests20startExtendedGsmTestEP12RmMemManager
                0x000034c8       0x94 ExtendedTests.o
                0x000034c8                _ZN13ExtendedTests20startExtendedGsmTestEP12RmMemManager
 .text._ZN14HardwareSerial9availableEv
                0x0000355c       0x18 C:\Users\Numaan\Documents\Atmel Studio\7.0\RM\RM\ArduinoCore\Debug\libArduinoCore.a(HardwareSerial.o)
                0x0000355c                _ZN14HardwareSerial9availableEv
 .text._ZN14HardwareSerial4peekEv
                0x00003574       0x1c C:\Users\Numaan\Documents\Atmel Studio\7.0\RM\RM\ArduinoCore\Debug\libArduinoCore.a(HardwareSerial.o)
                0x00003574                _ZN14HardwareSerial4peekEv
 .text._ZN14HardwareSerial4readEv
                0x00003590       0x28 C:\Users\Numaan\Documents\Atmel Studio\7.0\RM\RM\ArduinoCore\Debug\libArduinoCore.a(HardwareSerial.o)
                0x00003590                _ZN14HardwareSerial4readEv
 .text._Z14serialEventRunv
                0x000035b8       0x1c C:\Users\Numaan\Documents\Atmel Studio\7.0\RM\RM\ArduinoCore\Debug\libArduinoCore.a(HardwareSerial.o)
                0x000035b8                _Z14serialEventRunv
 .text._ZN14HardwareSerial17_tx_udr_empty_irqEv
                0x000035d4       0x42 C:\Users\Numaan\Documents\Atmel Studio\7.0\RM\RM\ArduinoCore\Debug\libArduinoCore.a(HardwareSerial.o)
                0x000035d4                _ZN14HardwareSerial17_tx_udr_empty_irqEv
 .text._ZN14HardwareSerial5writeEh
                0x00003616       0x8e C:\Users\Numaan\Documents\Atmel Studio\7.0\RM\RM\ArduinoCore\Debug\libArduinoCore.a(HardwareSerial.o)
                0x00003616                _ZN14HardwareSerial5writeEh
 .text._ZN14HardwareSerial5flushEv
                0x000036a4       0x44 C:\Users\Numaan\Documents\Atmel Studio\7.0\RM\RM\ArduinoCore\Debug\libArduinoCore.a(HardwareSerial.o)
                0x000036a4                _ZN14HardwareSerial5flushEv
 .text._ZN14HardwareSerial5beginEmh
                0x000036e8       0xca C:\Users\Numaan\Documents\Atmel Studio\7.0\RM\RM\ArduinoCore\Debug\libArduinoCore.a(HardwareSerial.o)
                0x000036e8                _ZN14HardwareSerial5beginEmh
 .text.__vector_18
                0x000037b2       0x64 C:\Users\Numaan\Documents\Atmel Studio\7.0\RM\RM\ArduinoCore\Debug\libArduinoCore.a(HardwareSerial0.o)
                0x000037b2                __vector_18
 .text.__vector_19
                0x00003816       0x4c C:\Users\Numaan\Documents\Atmel Studio\7.0\RM\RM\ArduinoCore\Debug\libArduinoCore.a(HardwareSerial0.o)
                0x00003816                __vector_19
 .text._Z17Serial0_availablev
                0x00003862       0x14 C:\Users\Numaan\Documents\Atmel Studio\7.0\RM\RM\ArduinoCore\Debug\libArduinoCore.a(HardwareSerial0.o)
                0x00003862                _Z17Serial0_availablev
 .text.startup._GLOBAL__sub_I___vector_18
                0x00003876       0x5a C:\Users\Numaan\Documents\Atmel Studio\7.0\RM\RM\ArduinoCore\Debug\libArduinoCore.a(HardwareSerial0.o)
 .text.initVariant
                0x000038d0        0x2 C:\Users\Numaan\Documents\Atmel Studio\7.0\RM\RM\ArduinoCore\Debug\libArduinoCore.a(main.o)
                0x000038d0                initVariant
 .text.startup.main
                0x000038d2       0x1e C:\Users\Numaan\Documents\Atmel Studio\7.0\RM\RM\ArduinoCore\Debug\libArduinoCore.a(main.o)
                0x000038d2                main
 .text._Znwj    0x000038f0        0x4 C:\Users\Numaan\Documents\Atmel Studio\7.0\RM\RM\ArduinoCore\Debug\libArduinoCore.a(new.o)
                0x000038f0                _Znwj
 .text._ZN5Print5writeEPKhj
                0x000038f4       0x54 C:\Users\Numaan\Documents\Atmel Studio\7.0\RM\RM\ArduinoCore\Debug\libArduinoCore.a(Print.o)
                0x000038f4                _ZN5Print5writeEPKhj
 .text._ZN5Print5writeEPKc
                0x00003948       0x2a C:\Users\Numaan\Documents\Atmel Studio\7.0\RM\RM\ArduinoCore\Debug\libArduinoCore.a(Print.o)
                0x00003948                _ZN5Print5writeEPKc
 .text._ZN5Print5printEPK19__FlashStringHelper
                0x00003972       0x48 C:\Users\Numaan\Documents\Atmel Studio\7.0\RM\RM\ArduinoCore\Debug\libArduinoCore.a(Print.o)
                0x00003972                _ZN5Print5printEPK19__FlashStringHelper
 .text._ZN5Print5printERK6String
                0x000039ba       0x1c C:\Users\Numaan\Documents\Atmel Studio\7.0\RM\RM\ArduinoCore\Debug\libArduinoCore.a(Print.o)
                0x000039ba                _ZN5Print5printERK6String
 .text._ZN5Print5printEPKc
                0x000039d6        0x4 C:\Users\Numaan\Documents\Atmel Studio\7.0\RM\RM\ArduinoCore\Debug\libArduinoCore.a(Print.o)
                0x000039d6                _ZN5Print5printEPKc
 .text._ZN5Print5printEc
                0x000039da        0xe C:\Users\Numaan\Documents\Atmel Studio\7.0\RM\RM\ArduinoCore\Debug\libArduinoCore.a(Print.o)
                0x000039da                _ZN5Print5printEc
 .text._ZN5Print7printlnEv
                0x000039e8        0x8 C:\Users\Numaan\Documents\Atmel Studio\7.0\RM\RM\ArduinoCore\Debug\libArduinoCore.a(Print.o)
                0x000039e8                _ZN5Print7printlnEv
 .text._ZN5Print7printlnEPK19__FlashStringHelper
                0x000039f0       0x24 C:\Users\Numaan\Documents\Atmel Studio\7.0\RM\RM\ArduinoCore\Debug\libArduinoCore.a(Print.o)
                0x000039f0                _ZN5Print7printlnEPK19__FlashStringHelper
 .text._ZN5Print7printlnEPKc
                0x00003a14       0x24 C:\Users\Numaan\Documents\Atmel Studio\7.0\RM\RM\ArduinoCore\Debug\libArduinoCore.a(Print.o)
                0x00003a14                _ZN5Print7printlnEPKc
 .text._ZN5Print7printlnEc
                0x00003a38       0x24 C:\Users\Numaan\Documents\Atmel Studio\7.0\RM\RM\ArduinoCore\Debug\libArduinoCore.a(Print.o)
                0x00003a38                _ZN5Print7printlnEc
 .text._ZN5Print11printNumberEmh
                0x00003a5c       0x92 C:\Users\Numaan\Documents\Atmel Studio\7.0\RM\RM\ArduinoCore\Debug\libArduinoCore.a(Print.o)
                0x00003a5c                _ZN5Print11printNumberEmh
 .text._ZN5Print5printEmi
                0x00003aee       0x1a C:\Users\Numaan\Documents\Atmel Studio\7.0\RM\RM\ArduinoCore\Debug\libArduinoCore.a(Print.o)
                0x00003aee                _ZN5Print5printEmi
 .text._ZN5Print5printEhi
                0x00003b08        0xe C:\Users\Numaan\Documents\Atmel Studio\7.0\RM\RM\ArduinoCore\Debug\libArduinoCore.a(Print.o)
                0x00003b08                _ZN5Print5printEhi
 .text._ZN5Print7printlnEhi
                0x00003b16       0x24 C:\Users\Numaan\Documents\Atmel Studio\7.0\RM\RM\ArduinoCore\Debug\libArduinoCore.a(Print.o)
                0x00003b16                _ZN5Print7printlnEhi
 .text._ZN5Print5printEji
                0x00003b3a        0xc C:\Users\Numaan\Documents\Atmel Studio\7.0\RM\RM\ArduinoCore\Debug\libArduinoCore.a(Print.o)
                0x00003b3a                _ZN5Print5printEji
 .text._ZN5Print7printlnEji
                0x00003b46       0x24 C:\Users\Numaan\Documents\Atmel Studio\7.0\RM\RM\ArduinoCore\Debug\libArduinoCore.a(Print.o)
                0x00003b46                _ZN5Print7printlnEji
 .text._ZN5Print7printlnEmi
                0x00003b6a       0x24 C:\Users\Numaan\Documents\Atmel Studio\7.0\RM\RM\ArduinoCore\Debug\libArduinoCore.a(Print.o)
                0x00003b6a                _ZN5Print7printlnEmi
 .text._ZN5Print5printEli
                0x00003b8e       0x90 C:\Users\Numaan\Documents\Atmel Studio\7.0\RM\RM\ArduinoCore\Debug\libArduinoCore.a(Print.o)
                0x00003b8e                _ZN5Print5printEli
 .text._ZN5Print5printEii
                0x00003c1e        0xe C:\Users\Numaan\Documents\Atmel Studio\7.0\RM\RM\ArduinoCore\Debug\libArduinoCore.a(Print.o)
                0x00003c1e                _ZN5Print5printEii
 .text._ZN5Print7printlnEii
                0x00003c2c       0x24 C:\Users\Numaan\Documents\Atmel Studio\7.0\RM\RM\ArduinoCore\Debug\libArduinoCore.a(Print.o)
                0x00003c2c                _ZN5Print7printlnEii
 .text._ZN5Print7printlnEli
                0x00003c50       0x24 C:\Users\Numaan\Documents\Atmel Studio\7.0\RM\RM\ArduinoCore\Debug\libArduinoCore.a(Print.o)
                0x00003c50                _ZN5Print7printlnEli
 .text.__vector_16
                0x00003c74       0x94 C:\Users\Numaan\Documents\Atmel Studio\7.0\RM\RM\ArduinoCore\Debug\libArduinoCore.a(wiring.o)
                0x00003c74                __vector_16
 .text.micros   0x00003d08       0x4a C:\Users\Numaan\Documents\Atmel Studio\7.0\RM\RM\ArduinoCore\Debug\libArduinoCore.a(wiring.o)
                0x00003d08                micros
 .text.delay    0x00003d52       0x78 C:\Users\Numaan\Documents\Atmel Studio\7.0\RM\RM\ArduinoCore\Debug\libArduinoCore.a(wiring.o)
                0x00003d52                delay
 .text.init     0x00003dca       0x76 C:\Users\Numaan\Documents\Atmel Studio\7.0\RM\RM\ArduinoCore\Debug\libArduinoCore.a(wiring.o)
                0x00003dca                init
 .text.analogRead
                0x00003e40       0x3a C:\Users\Numaan\Documents\Atmel Studio\7.0\RM\RM\ArduinoCore\Debug\libArduinoCore.a(wiring_analog.o)
                0x00003e40                analogRead
 .text.turnOffPWM
                0x00003e7a       0x52 C:\Users\Numaan\Documents\Atmel Studio\7.0\RM\RM\ArduinoCore\Debug\libArduinoCore.a(wiring_digital.o)
 .text.pinMode  0x00003ecc       0x78 C:\Users\Numaan\Documents\Atmel Studio\7.0\RM\RM\ArduinoCore\Debug\libArduinoCore.a(wiring_digital.o)
                0x00003ecc                pinMode
 .text.digitalWrite
                0x00003f44       0x5e C:\Users\Numaan\Documents\Atmel Studio\7.0\RM\RM\ArduinoCore\Debug\libArduinoCore.a(wiring_digital.o)
                0x00003f44                digitalWrite
 .text._ZN6StringD2Ev
                0x00003fa2        0xa C:\Users\Numaan\Documents\Atmel Studio\7.0\RM\RM\ArduinoCore\Debug\libArduinoCore.a(WString.o)
                0x00003fa2                _ZN6StringD2Ev
                0x00003fa2                _ZN6StringD1Ev
 .text._ZN6String10invalidateEv
                0x00003fac       0x24 C:\Users\Numaan\Documents\Atmel Studio\7.0\RM\RM\ArduinoCore\Debug\libArduinoCore.a(WString.o)
                0x00003fac                _ZN6String10invalidateEv
 .text._ZN6String12changeBufferEj
                0x00003fd0       0x34 C:\Users\Numaan\Documents\Atmel Studio\7.0\RM\RM\ArduinoCore\Debug\libArduinoCore.a(WString.o)
                0x00003fd0                _ZN6String12changeBufferEj
 .text._ZN6String7reserveEj
                0x00004004       0x38 C:\Users\Numaan\Documents\Atmel Studio\7.0\RM\RM\ArduinoCore\Debug\libArduinoCore.a(WString.o)
                0x00004004                _ZN6String7reserveEj
 .text._ZN6String4copyEPKcj
                0x0000403c       0x42 C:\Users\Numaan\Documents\Atmel Studio\7.0\RM\RM\ArduinoCore\Debug\libArduinoCore.a(WString.o)
                0x0000403c                _ZN6String4copyEPKcj
 .text._ZN6StringC2EPKc
                0x0000407e       0x2a C:\Users\Numaan\Documents\Atmel Studio\7.0\RM\RM\ArduinoCore\Debug\libArduinoCore.a(WString.o)
                0x0000407e                _ZN6StringC2EPKc
                0x0000407e                _ZN6StringC1EPKc
 .text._ZN6StringaSERKS_
                0x000040a8       0x2e C:\Users\Numaan\Documents\Atmel Studio\7.0\RM\RM\ArduinoCore\Debug\libArduinoCore.a(WString.o)
                0x000040a8                _ZN6StringaSERKS_
 .text._ZN6StringC2ERKS_
                0x000040d6       0x12 C:\Users\Numaan\Documents\Atmel Studio\7.0\RM\RM\ArduinoCore\Debug\libArduinoCore.a(WString.o)
                0x000040d6                _ZN6StringC2ERKS_
                0x000040d6                _ZN6StringC1ERKS_
 .text._ZN6String6concatEPKcj
                0x000040e8       0x5c C:\Users\Numaan\Documents\Atmel Studio\7.0\RM\RM\ArduinoCore\Debug\libArduinoCore.a(WString.o)
                0x000040e8                _ZN6String6concatEPKcj
 .text._ZN6String6concatEh
                0x00004144       0x56 C:\Users\Numaan\Documents\Atmel Studio\7.0\RM\RM\ArduinoCore\Debug\libArduinoCore.a(WString.o)
                0x00004144                _ZN6String6concatEh
 .text._ZN14SoftwareSerial4readEv
                0x0000419a       0x42 C:\Users\Numaan\Documents\Atmel Studio\7.0\RM\RM\ArduinoCore\Debug\libArduinoCore.a(SoftwareSerial.o)
                0x0000419a                _ZN14SoftwareSerial4readEv
 .text._ZN14SoftwareSerial5writeEh
                0x000041dc       0xa0 C:\Users\Numaan\Documents\Atmel Studio\7.0\RM\RM\ArduinoCore\Debug\libArduinoCore.a(SoftwareSerial.o)
                0x000041dc                _ZN14SoftwareSerial5writeEh
 .text._ZN14SoftwareSerial5flushEv
                0x0000427c        0x2 C:\Users\Numaan\Documents\Atmel Studio\7.0\RM\RM\ArduinoCore\Debug\libArduinoCore.a(SoftwareSerial.o)
                0x0000427c                _ZN14SoftwareSerial5flushEv
 .text._ZN14SoftwareSerial4peekEv
                0x0000427e       0x30 C:\Users\Numaan\Documents\Atmel Studio\7.0\RM\RM\ArduinoCore\Debug\libArduinoCore.a(SoftwareSerial.o)
                0x0000427e                _ZN14SoftwareSerial4peekEv
 .text._ZN14SoftwareSerial9availableEv
                0x000042ae       0x30 C:\Users\Numaan\Documents\Atmel Studio\7.0\RM\RM\ArduinoCore\Debug\libArduinoCore.a(SoftwareSerial.o)
                0x000042ae                _ZN14SoftwareSerial9availableEv
 .text._ZN14SoftwareSerial13stopListeningEv
                0x000042de       0x2c C:\Users\Numaan\Documents\Atmel Studio\7.0\RM\RM\ArduinoCore\Debug\libArduinoCore.a(SoftwareSerial.o)
                0x000042de                _ZN14SoftwareSerial13stopListeningEv
 .text._ZN14SoftwareSerial6listenEv
                0x0000430a       0x52 C:\Users\Numaan\Documents\Atmel Studio\7.0\RM\RM\ArduinoCore\Debug\libArduinoCore.a(SoftwareSerial.o)
                0x0000430a                _ZN14SoftwareSerial6listenEv
 .text.__vector_3
                0x0000435c       0xf4 C:\Users\Numaan\Documents\Atmel Studio\7.0\RM\RM\ArduinoCore\Debug\libArduinoCore.a(SoftwareSerial.o)
                0x0000435c                __vector_5
                0x0000435c                __vector_4
                0x0000435c                __vector_3
 .text._ZN14SoftwareSerial5setTXEh
                0x00004450       0x52 C:\Users\Numaan\Documents\Atmel Studio\7.0\RM\RM\ArduinoCore\Debug\libArduinoCore.a(SoftwareSerial.o)
                0x00004450                _ZN14SoftwareSerial5setTXEh
 .text._ZN14SoftwareSerial5setRXEh
                0x000044a2       0x52 C:\Users\Numaan\Documents\Atmel Studio\7.0\RM\RM\ArduinoCore\Debug\libArduinoCore.a(SoftwareSerial.o)
                0x000044a2                _ZN14SoftwareSerial5setRXEh
 .text._ZN14SoftwareSerialC2Ehhb
                0x000044f4       0x56 C:\Users\Numaan\Documents\Atmel Studio\7.0\RM\RM\ArduinoCore\Debug\libArduinoCore.a(SoftwareSerial.o)
                0x000044f4                _ZN14SoftwareSerialC1Ehhb
                0x000044f4                _ZN14SoftwareSerialC2Ehhb
 .text._ZN14SoftwareSerial5beginEl
                0x0000454a      0x11c C:\Users\Numaan\Documents\Atmel Studio\7.0\RM\RM\ArduinoCore\Debug\libArduinoCore.a(SoftwareSerial.o)
                0x0000454a                _ZN14SoftwareSerial5beginEl
 .text.__empty  0x00004666        0x2 C:\Users\Numaan\Documents\Atmel Studio\7.0\RM\RM\ArduinoCore\Debug\libArduinoCore.a(hooks.o)
                0x00004666                yield
 .text.libgcc.div
                0x00004668       0x18 c:/program files (x86)/atmel/studio/7.0/toolchain/avr8/avr8-gnu-toolchain/bin/../lib/gcc/avr/5.4.0/avr5\libgcc.a(_udivmodqi4.o)
                0x00004668                __udivmodqi4
 .text.libgcc.div
                0x00004680       0x28 c:/program files (x86)/atmel/studio/7.0/toolchain/avr8/avr8-gnu-toolchain/bin/../lib/gcc/avr/5.4.0/avr5\libgcc.a(_udivmodhi4.o)
                0x00004680                __udivmodhi4
 .text.libgcc.div
                0x000046a8       0x28 c:/program files (x86)/atmel/studio/7.0/toolchain/avr8/avr8-gnu-toolchain/bin/../lib/gcc/avr/5.4.0/avr5\libgcc.a(_divmodhi4.o)
                0x000046a8                _div
                0x000046a8                __divmodhi4
 .text.libgcc.div
                0x000046d0       0x44 c:/program files (x86)/atmel/studio/7.0/toolchain/avr8/avr8-gnu-toolchain/bin/../lib/gcc/avr/5.4.0/avr5\libgcc.a(_udivmodsi4.o)
                0x000046d0                __udivmodsi4
 .text.libgcc.div
                0x00004714       0x2e c:/program files (x86)/atmel/studio/7.0/toolchain/avr8/avr8-gnu-toolchain/bin/../lib/gcc/avr/5.4.0/avr5\libgcc.a(_divmodsi4.o)
                0x00004714                __divmodsi4
 .text.libgcc.div
                0x00004742       0x10 c:/program files (x86)/atmel/studio/7.0/toolchain/avr8/avr8-gnu-toolchain/bin/../lib/gcc/avr/5.4.0/avr5\libgcc.a(_negsi2.o)
                0x00004742                __negsi2
 .text.libgcc   0x00004752        0xc c:/program files (x86)/atmel/studio/7.0/toolchain/avr8/avr8-gnu-toolchain/bin/../lib/gcc/avr/5.4.0/avr5\libgcc.a(_tablejump2.o)
                0x00004752                __tablejump2__
 .text.avr-libc
                0x0000475e      0x242 c:/program files (x86)/atmel/studio/7.0/toolchain/avr8/avr8-gnu-toolchain/bin/../lib/gcc/avr/5.4.0/../../../../avr/lib/avr5\libc.a(malloc.o)
                0x0000475e                malloc
                0x0000488e                free
 .text.avr-libc
                0x000049a0      0x18c c:/program files (x86)/atmel/studio/7.0/toolchain/avr8/avr8-gnu-toolchain/bin/../lib/gcc/avr/5.4.0/../../../../avr/lib/avr5\libc.a(realloc.o)
                0x000049a0                realloc
 .text.avr-libc
                0x00004b2c       0x3c c:/program files (x86)/atmel/studio/7.0/toolchain/avr8/avr8-gnu-toolchain/bin/../lib/gcc/avr/5.4.0/../../../../avr/lib/avr5\libc.a(atoi.o)
                0x00004b2c                atoi
 .text.avr-libc
                0x00004b68       0x12 c:/program files (x86)/atmel/studio/7.0/toolchain/avr8/avr8-gnu-toolchain/bin/../lib/gcc/avr/5.4.0/../../../../avr/lib/avr5\libc.a(strcmp_P.o)
                0x00004b68                strcmp_P
 .text.avr-libc
                0x00004b7a       0x12 c:/program files (x86)/atmel/studio/7.0/toolchain/avr8/avr8-gnu-toolchain/bin/../lib/gcc/avr/5.4.0/../../../../avr/lib/avr5\libc.a(strlen_P.o)
                0x00004b7a                __strlen_P
 .text.avr-libc
                0x00004b8c       0x34 c:/program files (x86)/atmel/studio/7.0/toolchain/avr8/avr8-gnu-toolchain/bin/../lib/gcc/avr/5.4.0/../../../../avr/lib/avr5\libc.a(strstr_P.o)
                0x00004b8c                strstr_P
 .text.avr-libc
                0x00004bc0       0x12 c:/program files (x86)/atmel/studio/7.0/toolchain/avr8/avr8-gnu-toolchain/bin/../lib/gcc/avr/5.4.0/../../../../avr/lib/avr5\libc.a(memcpy.o)
                0x00004bc0                memcpy
 .text.avr-libc
                0x00004bd2       0x16 c:/program files (x86)/atmel/studio/7.0/toolchain/avr8/avr8-gnu-toolchain/bin/../lib/gcc/avr/5.4.0/../../../../avr/lib/avr5\libc.a(strchr.o)
                0x00004bd2                strchr
 .text.avr-libc
                0x00004be8        0xe c:/program files (x86)/atmel/studio/7.0/toolchain/avr8/avr8-gnu-toolchain/bin/../lib/gcc/avr/5.4.0/../../../../avr/lib/avr5\libc.a(strcpy.o)
                0x00004be8                strcpy
 .text.avr-libc
                0x00004bf6       0x16 c:/program files (x86)/atmel/studio/7.0/toolchain/avr8/avr8-gnu-toolchain/bin/../lib/gcc/avr/5.4.0/../../../../avr/lib/avr5\libc.a(itoa_ncheck.o)
                0x00004bf6                __itoa_ncheck
 .text.avr-libc
                0x00004c0c       0x10 c:/program files (x86)/atmel/studio/7.0/toolchain/avr8/avr8-gnu-toolchain/bin/../lib/gcc/avr/5.4.0/../../../../avr/lib/avr5\libc.a(mul10.o)
                0x00004c0c                __mulhi_const_10
 .text.avr-libc
                0x00004c1c       0x34 c:/program files (x86)/atmel/studio/7.0/toolchain/avr8/avr8-gnu-toolchain/bin/../lib/gcc/avr/5.4.0/../../../../avr/lib/avr5\libc.a(utoa_ncheck.o)
                0x00004c1c                __utoa_ncheck
                0x00004c1e                __utoa_common
 .text.avr-libc
                0x00004c50       0x20 c:/program files (x86)/atmel/studio/7.0/toolchain/avr8/avr8-gnu-toolchain/bin/../lib/gcc/avr/5.4.0/../../../../avr/lib/avr5\libc.a(strrev.o)
                0x00004c50                strrev
 .text.libgcc.prologue
                0x00004c70       0x38 c:/program files (x86)/atmel/studio/7.0/toolchain/avr8/avr8-gnu-toolchain/bin/../lib/gcc/avr/5.4.0/avr5\libgcc.a(_prologue.o)
                0x00004c70                __prologue_saves__
 .text.libgcc.prologue
                0x00004ca8       0x36 c:/program files (x86)/atmel/studio/7.0/toolchain/avr8/avr8-gnu-toolchain/bin/../lib/gcc/avr/5.4.0/avr5\libgcc.a(_epilogue.o)
                0x00004ca8                __epilogue_restores__
                0x00004cde                . = ALIGN (0x2)
 *(.fini9)
 .fini9         0x00004cde        0x0 c:/program files (x86)/atmel/studio/7.0/toolchain/avr8/avr8-gnu-toolchain/bin/../lib/gcc/avr/5.4.0/avr5\libgcc.a(_exit.o)
                0x00004cde                _exit
                0x00004cde                exit
 *(.fini9)
 *(.fini8)
 *(.fini8)
 *(.fini7)
 *(.fini7)
 *(.fini6)
 .fini6         0x00004cde       0x16 c:/program files (x86)/atmel/studio/7.0/toolchain/avr8/avr8-gnu-toolchain/bin/../lib/gcc/avr/5.4.0/avr5\libgcc.a(_dtors.o)
                0x00004cde                __do_global_dtors
 *(.fini6)
 *(.fini5)
 *(.fini5)
 *(.fini4)
 *(.fini4)
 *(.fini3)
 *(.fini3)
 *(.fini2)
 *(.fini2)
 *(.fini1)
 *(.fini1)
 *(.fini0)
 .fini0         0x00004cf4        0x4 c:/program files (x86)/atmel/studio/7.0/toolchain/avr8/avr8-gnu-toolchain/bin/../lib/gcc/avr/5.4.0/avr5\libgcc.a(_exit.o)
 *(.fini0)
                0x00004cf8                _etext = .

.data           0x00800100       0x9a load address 0x00004cf8
                0x00800100                PROVIDE (__data_start, .)
 *(.data)
 .data          0x00800100        0x6 c:/program files (x86)/atmel/studio/7.0/toolchain/avr8/avr8-gnu-toolchain/bin/../lib/gcc/avr/5.4.0/../../../../avr/lib/avr5\libc.a(malloc.o)
                0x00800100                __malloc_heap_end
                0x00800102                __malloc_heap_start
                0x00800104                __malloc_margin
 *(.data*)
 .data.analog_reference
                0x00800106        0x1 C:\Users\Numaan\Documents\Atmel Studio\7.0\RM\RM\ArduinoCore\Debug\libArduinoCore.a(wiring_analog.o)
                0x00800106                analog_reference
 *(.rodata)
 *(.rodata*)
 .rodata.str1.1
                0x00800107       0x22 Adafruit_FONA.o
                                 0x25 (size before relaxing)
 .rodata._ZTV13Adafruit_FONA
                0x00800129       0x10 Adafruit_FONA.o
                0x00800129                _ZTV13Adafruit_FONA
 .rodata.str1.1
                0x00800139       0x21 Main_SignalLogging.o
 .rodata._ZTV7TwoWire
                0x0080015a       0x10 src/libraries/Wire/src/Wire.o
                0x0080015a                _ZTV7TwoWire
 .rodata._ZTV14HardwareSerial
                0x0080016a       0x10 C:\Users\Numaan\Documents\Atmel Studio\7.0\RM\RM\ArduinoCore\Debug\libArduinoCore.a(HardwareSerial.o)
                0x0080016a                _ZTV14HardwareSerial
 .rodata.str1.1
                0x0080017a        0xf C:\Users\Numaan\Documents\Atmel Studio\7.0\RM\RM\ArduinoCore\Debug\libArduinoCore.a(Print.o)
                                 0x11 (size before relaxing)
 .rodata._ZTV14SoftwareSerial
                0x00800189       0x10 C:\Users\Numaan\Documents\Atmel Studio\7.0\RM\RM\ArduinoCore\Debug\libArduinoCore.a(SoftwareSerial.o)
                0x00800189                _ZTV14SoftwareSerial
 *(.gnu.linkonce.d*)
                0x0080019a                . = ALIGN (0x2)
 *fill*         0x00800199        0x1 
                0x0080019a                _edata = .
                0x0080019a                PROVIDE (__data_end, .)

.bss            0x0080019a      0x2f2
                0x0080019a                PROVIDE (__bss_start, .)
 *(.bss)
 *(.bss*)
 .bss._timerCounter
                0x0080019a        0x2 Main_SignalLogging.o
                0x0080019a                _timerCounter
 .bss._sendDataLoopCount
                0x0080019c        0x2 Main_SignalLogging.o
                0x0080019c                _sendDataLoopCount
 .bss.__initState
                0x0080019e        0xd Main_SignalLogging.o
                0x0080019e                __initState
 .bss._behaviour
                0x008001ab        0x1 Main_SignalLogging.o
                0x008001ab                _behaviour
 .bss.sensorMgr
                0x008001ac        0x2 Main_SignalLogging.o
                0x008001ac                sensorMgr
 .bss.mem       0x008001ae        0xb Main_SignalLogging.o
                0x008001ae                mem
 .bss.__fona    0x008001b9      0x11f Main_SignalLogging.o
                0x008001b9                __fona
 .bss.twi_error
                0x008002d8        0x1 src/libraries/Wire/src/utility/twi.o
 .bss.twi_rxBufferIndex
                0x008002d9        0x1 src/libraries/Wire/src/utility/twi.o
 .bss.twi_rxBuffer
                0x008002da       0x20 src/libraries/Wire/src/utility/twi.o
 .bss.twi_txBufferLength
                0x008002fa        0x1 src/libraries/Wire/src/utility/twi.o
 .bss.twi_txBufferIndex
                0x008002fb        0x1 src/libraries/Wire/src/utility/twi.o
 .bss.twi_txBuffer
                0x008002fc       0x20 src/libraries/Wire/src/utility/twi.o
 .bss.twi_masterBufferLength
                0x0080031c        0x1 src/libraries/Wire/src/utility/twi.o
 .bss.twi_masterBufferIndex
                0x0080031d        0x1 src/libraries/Wire/src/utility/twi.o
 .bss.twi_masterBuffer
                0x0080031e       0x20 src/libraries/Wire/src/utility/twi.o
 .bss.twi_onSlaveReceive
                0x0080033e        0x2 src/libraries/Wire/src/utility/twi.o
 .bss.twi_onSlaveTransmit
                0x00800340        0x2 src/libraries/Wire/src/utility/twi.o
 .bss.twi_inRepStart
                0x00800342        0x1 src/libraries/Wire/src/utility/twi.o
 .bss.twi_sendStop
                0x00800343        0x1 src/libraries/Wire/src/utility/twi.o
 .bss.twi_slarw
                0x00800344        0x1 src/libraries/Wire/src/utility/twi.o
 .bss.twi_state
                0x00800345        0x1 src/libraries/Wire/src/utility/twi.o
 .bss.Wire      0x00800346        0xc src/libraries/Wire/src/Wire.o
                0x00800346                Wire
 .bss._ZN7TwoWire14user_onReceiveE
                0x00800352        0x2 src/libraries/Wire/src/Wire.o
                0x00800352                _ZN7TwoWire14user_onReceiveE
 .bss._ZN7TwoWire14user_onRequestE
                0x00800354        0x2 src/libraries/Wire/src/Wire.o
                0x00800354                _ZN7TwoWire14user_onRequestE
 .bss._ZN7TwoWire12transmittingE
                0x00800356        0x1 src/libraries/Wire/src/Wire.o
                0x00800356                _ZN7TwoWire12transmittingE
 .bss._ZN7TwoWire14txBufferLengthE
                0x00800357        0x1 src/libraries/Wire/src/Wire.o
                0x00800357                _ZN7TwoWire14txBufferLengthE
 .bss._ZN7TwoWire13txBufferIndexE
                0x00800358        0x1 src/libraries/Wire/src/Wire.o
                0x00800358                _ZN7TwoWire13txBufferIndexE
 .bss._ZN7TwoWire8txBufferE
                0x00800359       0x20 src/libraries/Wire/src/Wire.o
                0x00800359                _ZN7TwoWire8txBufferE
 .bss._ZN7TwoWire9txAddressE
                0x00800379        0x1 src/libraries/Wire/src/Wire.o
                0x00800379                _ZN7TwoWire9txAddressE
 .bss._ZN7TwoWire14rxBufferLengthE
                0x0080037a        0x1 src/libraries/Wire/src/Wire.o
                0x0080037a                _ZN7TwoWire14rxBufferLengthE
 .bss._ZN7TwoWire13rxBufferIndexE
                0x0080037b        0x1 src/libraries/Wire/src/Wire.o
                0x0080037b                _ZN7TwoWire13rxBufferIndexE
 .bss._ZN7TwoWire8rxBufferE
                0x0080037c       0x20 src/libraries/Wire/src/Wire.o
                0x0080037c                _ZN7TwoWire8rxBufferE
 .bss._mockData
                0x0080039c        0x2 ExtendedTests.o
                0x0080039c                _mockData
 .bss.Serial    0x0080039e       0x9d C:\Users\Numaan\Documents\Atmel Studio\7.0\RM\RM\ArduinoCore\Debug\libArduinoCore.a(HardwareSerial0.o)
                0x0080039e                Serial
 .bss.timer0_fract
                0x0080043b        0x1 C:\Users\Numaan\Documents\Atmel Studio\7.0\RM\RM\ArduinoCore\Debug\libArduinoCore.a(wiring.o)
 .bss.timer0_millis
                0x0080043c        0x4 C:\Users\Numaan\Documents\Atmel Studio\7.0\RM\RM\ArduinoCore\Debug\libArduinoCore.a(wiring.o)
                0x0080043c                timer0_millis
 .bss.timer0_overflow_count
                0x00800440        0x4 C:\Users\Numaan\Documents\Atmel Studio\7.0\RM\RM\ArduinoCore\Debug\libArduinoCore.a(wiring.o)
                0x00800440                timer0_overflow_count
 .bss._ZN14SoftwareSerial20_receive_buffer_headE
                0x00800444        0x1 C:\Users\Numaan\Documents\Atmel Studio\7.0\RM\RM\ArduinoCore\Debug\libArduinoCore.a(SoftwareSerial.o)
                0x00800444                _ZN14SoftwareSerial20_receive_buffer_headE
 .bss._ZN14SoftwareSerial20_receive_buffer_tailE
                0x00800445        0x1 C:\Users\Numaan\Documents\Atmel Studio\7.0\RM\RM\ArduinoCore\Debug\libArduinoCore.a(SoftwareSerial.o)
                0x00800445                _ZN14SoftwareSerial20_receive_buffer_tailE
 .bss._ZN14SoftwareSerial15_receive_bufferE
                0x00800446       0x40 C:\Users\Numaan\Documents\Atmel Studio\7.0\RM\RM\ArduinoCore\Debug\libArduinoCore.a(SoftwareSerial.o)
                0x00800446                _ZN14SoftwareSerial15_receive_bufferE
 .bss._ZN14SoftwareSerial13active_objectE
                0x00800486        0x2 C:\Users\Numaan\Documents\Atmel Studio\7.0\RM\RM\ArduinoCore\Debug\libArduinoCore.a(SoftwareSerial.o)
                0x00800486                _ZN14SoftwareSerial13active_objectE
 *(COMMON)
 COMMON         0x00800488        0x4 c:/program files (x86)/atmel/studio/7.0/toolchain/avr8/avr8-gnu-toolchain/bin/../lib/gcc/avr/5.4.0/../../../../avr/lib/avr5\libc.a(malloc.o)
                0x00800488                __brkval
                0x0080048a                __flp
                0x0080048c                PROVIDE (__bss_end, .)
                0x00004cf8                __data_load_start = LOADADDR (.data)
                0x00004d92                __data_load_end = (__data_load_start + SIZEOF (.data))

.noinit         0x0080048c        0x0
                [!provide]                PROVIDE (__noinit_start, .)
 *(.noinit*)
                [!provide]                PROVIDE (__noinit_end, .)
                0x0080048c                _end = .
                0x0080048c                PROVIDE (__heap_start, .)

.eeprom         0x00810000        0x0
 *(.eeprom*)
                0x00810000                __eeprom_end = .

.fuse
 *(.fuse)
 *(.lfuse)
 *(.hfuse)
 *(.efuse)

.lock
 *(.lock*)

.signature
 *(.signature*)

.user_signatures
 *(.user_signatures*)

.stab
 *(.stab)

.stabstr
 *(.stabstr)

.stab.excl
 *(.stab.excl)

.stab.exclstr
 *(.stab.exclstr)

.stab.index
 *(.stab.index)

.stab.indexstr
 *(.stab.indexstr)

.comment        0x00000000       0x60
 *(.comment)
 .comment       0x00000000       0x30 Adafruit_FONA.o
                                 0x31 (size before relaxing)
 .comment       0x00000030       0x31 GsmPayload.o
 .comment       0x00000030       0x31 Helpers.o
 .comment       0x00000030       0x31 Main_SignalLogging.o
 .comment       0x00000030       0x31 RmMemManager.o
 .comment       0x00000030       0x31 SensorManager.o
 .comment       0x00000030       0x31 src/libraries/Wire/src/utility/twi.o
 .comment       0x00000030       0x31 src/libraries/Wire/src/Wire.o
 .comment       0x00000030       0x31 ExtendedTests.o
 .comment       0x00000030       0x30 C:\Users\Numaan\Documents\Atmel Studio\7.0\RM\RM\ArduinoCore\Debug\libArduinoCore.a(HardwareSerial.o)
                                 0x31 (size before relaxing)
 .comment       0x00000060       0x31 C:\Users\Numaan\Documents\Atmel Studio\7.0\RM\RM\ArduinoCore\Debug\libArduinoCore.a(HardwareSerial0.o)
 .comment       0x00000060       0x31 C:\Users\Numaan\Documents\Atmel Studio\7.0\RM\RM\ArduinoCore\Debug\libArduinoCore.a(main.o)
 .comment       0x00000060       0x31 C:\Users\Numaan\Documents\Atmel Studio\7.0\RM\RM\ArduinoCore\Debug\libArduinoCore.a(new.o)
 .comment       0x00000060       0x31 C:\Users\Numaan\Documents\Atmel Studio\7.0\RM\RM\ArduinoCore\Debug\libArduinoCore.a(Print.o)
 .comment       0x00000060       0x31 C:\Users\Numaan\Documents\Atmel Studio\7.0\RM\RM\ArduinoCore\Debug\libArduinoCore.a(wiring.o)
 .comment       0x00000060       0x31 C:\Users\Numaan\Documents\Atmel Studio\7.0\RM\RM\ArduinoCore\Debug\libArduinoCore.a(wiring_analog.o)
 .comment       0x00000060       0x31 C:\Users\Numaan\Documents\Atmel Studio\7.0\RM\RM\ArduinoCore\Debug\libArduinoCore.a(wiring_digital.o)
 .comment       0x00000060       0x31 C:\Users\Numaan\Documents\Atmel Studio\7.0\RM\RM\ArduinoCore\Debug\libArduinoCore.a(WString.o)
 .comment       0x00000060       0x31 C:\Users\Numaan\Documents\Atmel Studio\7.0\RM\RM\ArduinoCore\Debug\libArduinoCore.a(SoftwareSerial.o)
 .comment       0x00000060       0x31 C:\Users\Numaan\Documents\Atmel Studio\7.0\RM\RM\ArduinoCore\Debug\libArduinoCore.a(hooks.o)
 .comment       0x00000060       0x31 c:/program files (x86)/atmel/studio/7.0/toolchain/avr8/avr8-gnu-toolchain/bin/../lib/gcc/avr/5.4.0/../../../../avr/lib/avr5\libc.a(malloc.o)
 .comment       0x00000060       0x31 c:/program files (x86)/atmel/studio/7.0/toolchain/avr8/avr8-gnu-toolchain/bin/../lib/gcc/avr/5.4.0/../../../../avr/lib/avr5\libc.a(realloc.o)

.note.gnu.avr.deviceinfo
                0x00000000       0x40
 .note.gnu.avr.deviceinfo
                0x00000000       0x40 C:/Program Files (x86)/Atmel/Studio/7.0/Packs/atmel/ATmega_DFP/1.2.132/gcc/dev/atmega328p/avr5/crtatmega328p.o

.note.gnu.build-id
 *(.note.gnu.build-id)

.debug
 *(.debug)

.line
 *(.line)

.debug_srcinfo
 *(.debug_srcinfo)

.debug_sfnames
 *(.debug_sfnames)

.debug_aranges  0x00000000      0xd00
 *(.debug_aranges)
 .debug_aranges
                0x00000000      0x260 Adafruit_FONA.o
 .debug_aranges
                0x00000260       0xc8 GsmPayload.o
 .debug_aranges
                0x00000328       0x90 Helpers.o
 .debug_aranges
                0x000003b8       0x60 Main_SignalLogging.o
 .debug_aranges
                0x00000418      0x100 RmMemManager.o
 .debug_aranges
                0x00000518       0x40 SensorManager.o
 .debug_aranges
                0x00000558       0x80 src/libraries/Wire/src/utility/twi.o
 .debug_aranges
                0x000005d8       0xe8 src/libraries/Wire/src/Wire.o
 .debug_aranges
                0x000006c0       0x48 ExtendedTests.o
 .debug_aranges
                0x00000708       0x68 C:\Users\Numaan\Documents\Atmel Studio\7.0\RM\RM\ArduinoCore\Debug\libArduinoCore.a(HardwareSerial.o)
 .debug_aranges
                0x00000770       0x38 C:\Users\Numaan\Documents\Atmel Studio\7.0\RM\RM\ArduinoCore\Debug\libArduinoCore.a(HardwareSerial0.o)
 .debug_aranges
                0x000007a8       0x30 C:\Users\Numaan\Documents\Atmel Studio\7.0\RM\RM\ArduinoCore\Debug\libArduinoCore.a(main.o)
 .debug_aranges
                0x000007d8       0x28 C:\Users\Numaan\Documents\Atmel Studio\7.0\RM\RM\ArduinoCore\Debug\libArduinoCore.a(new.o)
 .debug_aranges
                0x00000800       0xf0 C:\Users\Numaan\Documents\Atmel Studio\7.0\RM\RM\ArduinoCore\Debug\libArduinoCore.a(Print.o)
 .debug_aranges
                0x000008f0       0x48 C:\Users\Numaan\Documents\Atmel Studio\7.0\RM\RM\ArduinoCore\Debug\libArduinoCore.a(wiring.o)
 .debug_aranges
                0x00000938       0x30 C:\Users\Numaan\Documents\Atmel Studio\7.0\RM\RM\ArduinoCore\Debug\libArduinoCore.a(wiring_analog.o)
 .debug_aranges
                0x00000968       0x38 C:\Users\Numaan\Documents\Atmel Studio\7.0\RM\RM\ArduinoCore\Debug\libArduinoCore.a(wiring_digital.o)
 .debug_aranges
                0x000009a0      0x2a8 C:\Users\Numaan\Documents\Atmel Studio\7.0\RM\RM\ArduinoCore\Debug\libArduinoCore.a(WString.o)
 .debug_aranges
                0x00000c48       0x98 C:\Users\Numaan\Documents\Atmel Studio\7.0\RM\RM\ArduinoCore\Debug\libArduinoCore.a(SoftwareSerial.o)
 .debug_aranges
                0x00000ce0       0x20 C:\Users\Numaan\Documents\Atmel Studio\7.0\RM\RM\ArduinoCore\Debug\libArduinoCore.a(hooks.o)

.debug_pubnames
 *(.debug_pubnames)

.debug_info     0x00000000    0x2142c
 *(.debug_info .gnu.linkonce.wi.*)
 .debug_info    0x00000000      0x5f4 C:/Program Files (x86)/Atmel/Studio/7.0/Packs/atmel/ATmega_DFP/1.2.132/gcc/dev/atmega328p/avr5/crtatmega328p.o
 .debug_info    0x000005f4     0x76ed Adafruit_FONA.o
 .debug_info    0x00007ce1     0x11ec GsmPayload.o
 .debug_info    0x00008ecd     0x1316 Helpers.o
 .debug_info    0x0000a1e3     0x3375 Main_SignalLogging.o
 .debug_info    0x0000d558     0x2095 RmMemManager.o
 .debug_info    0x0000f5ed      0x968 SensorManager.o
 .debug_info    0x0000ff55      0x604 src/libraries/Wire/src/utility/twi.o
 .debug_info    0x00010559     0x26b3 src/libraries/Wire/src/Wire.o
 .debug_info    0x00012c0c      0xe8f ExtendedTests.o
 .debug_info    0x00013a9b     0x1e25 C:\Users\Numaan\Documents\Atmel Studio\7.0\RM\RM\ArduinoCore\Debug\libArduinoCore.a(HardwareSerial.o)
 .debug_info    0x000158c0     0x1a19 C:\Users\Numaan\Documents\Atmel Studio\7.0\RM\RM\ArduinoCore\Debug\libArduinoCore.a(HardwareSerial0.o)
 .debug_info    0x000172d9      0x237 C:\Users\Numaan\Documents\Atmel Studio\7.0\RM\RM\ArduinoCore\Debug\libArduinoCore.a(main.o)
 .debug_info    0x00017510      0x11c C:\Users\Numaan\Documents\Atmel Studio\7.0\RM\RM\ArduinoCore\Debug\libArduinoCore.a(new.o)
 .debug_info    0x0001762c     0x2824 C:\Users\Numaan\Documents\Atmel Studio\7.0\RM\RM\ArduinoCore\Debug\libArduinoCore.a(Print.o)
 .debug_info    0x00019e50      0x2cb C:\Users\Numaan\Documents\Atmel Studio\7.0\RM\RM\ArduinoCore\Debug\libArduinoCore.a(wiring.o)
 .debug_info    0x0001a11b      0x26d C:\Users\Numaan\Documents\Atmel Studio\7.0\RM\RM\ArduinoCore\Debug\libArduinoCore.a(wiring_analog.o)
 .debug_info    0x0001a388      0x5fe C:\Users\Numaan\Documents\Atmel Studio\7.0\RM\RM\ArduinoCore\Debug\libArduinoCore.a(wiring_digital.o)
 .debug_info    0x0001a986     0x4273 C:\Users\Numaan\Documents\Atmel Studio\7.0\RM\RM\ArduinoCore\Debug\libArduinoCore.a(WString.o)
 .debug_info    0x0001ebf9     0x27f5 C:\Users\Numaan\Documents\Atmel Studio\7.0\RM\RM\ArduinoCore\Debug\libArduinoCore.a(SoftwareSerial.o)
 .debug_info    0x000213ee       0x3e C:\Users\Numaan\Documents\Atmel Studio\7.0\RM\RM\ArduinoCore\Debug\libArduinoCore.a(hooks.o)

.debug_abbrev   0x00000000     0x4a34
 *(.debug_abbrev)
 .debug_abbrev  0x00000000      0x5a2 C:/Program Files (x86)/Atmel/Studio/7.0/Packs/atmel/ATmega_DFP/1.2.132/gcc/dev/atmega328p/avr5/crtatmega328p.o
 .debug_abbrev  0x000005a2      0x6d6 Adafruit_FONA.o
 .debug_abbrev  0x00000c78      0x376 GsmPayload.o
 .debug_abbrev  0x00000fee      0x378 Helpers.o
 .debug_abbrev  0x00001366      0x65f Main_SignalLogging.o
 .debug_abbrev  0x000019c5      0x4b5 RmMemManager.o
 .debug_abbrev  0x00001e7a      0x2ee SensorManager.o
 .debug_abbrev  0x00002168      0x260 src/libraries/Wire/src/utility/twi.o
 .debug_abbrev  0x000023c8      0x583 src/libraries/Wire/src/Wire.o
 .debug_abbrev  0x0000294b      0x3cb ExtendedTests.o
 .debug_abbrev  0x00002d16      0x432 C:\Users\Numaan\Documents\Atmel Studio\7.0\RM\RM\ArduinoCore\Debug\libArduinoCore.a(HardwareSerial.o)
 .debug_abbrev  0x00003148      0x3a2 C:\Users\Numaan\Documents\Atmel Studio\7.0\RM\RM\ArduinoCore\Debug\libArduinoCore.a(HardwareSerial0.o)
 .debug_abbrev  0x000034ea      0x12d C:\Users\Numaan\Documents\Atmel Studio\7.0\RM\RM\ArduinoCore\Debug\libArduinoCore.a(main.o)
 .debug_abbrev  0x00003617       0xce C:\Users\Numaan\Documents\Atmel Studio\7.0\RM\RM\ArduinoCore\Debug\libArduinoCore.a(new.o)
 .debug_abbrev  0x000036e5      0x469 C:\Users\Numaan\Documents\Atmel Studio\7.0\RM\RM\ArduinoCore\Debug\libArduinoCore.a(Print.o)
 .debug_abbrev  0x00003b4e      0x146 C:\Users\Numaan\Documents\Atmel Studio\7.0\RM\RM\ArduinoCore\Debug\libArduinoCore.a(wiring.o)
 .debug_abbrev  0x00003c94      0x16b C:\Users\Numaan\Documents\Atmel Studio\7.0\RM\RM\ArduinoCore\Debug\libArduinoCore.a(wiring_analog.o)
 .debug_abbrev  0x00003dff      0x15b C:\Users\Numaan\Documents\Atmel Studio\7.0\RM\RM\ArduinoCore\Debug\libArduinoCore.a(wiring_digital.o)
 .debug_abbrev  0x00003f5a      0x4a3 C:\Users\Numaan\Documents\Atmel Studio\7.0\RM\RM\ArduinoCore\Debug\libArduinoCore.a(WString.o)
 .debug_abbrev  0x000043fd      0x60d C:\Users\Numaan\Documents\Atmel Studio\7.0\RM\RM\ArduinoCore\Debug\libArduinoCore.a(SoftwareSerial.o)
 .debug_abbrev  0x00004a0a       0x2a C:\Users\Numaan\Documents\Atmel Studio\7.0\RM\RM\ArduinoCore\Debug\libArduinoCore.a(hooks.o)

.debug_line     0x00000000     0x7337
 *(.debug_line .debug_line.* .debug_line_end)
 .debug_line    0x00000000      0x133 C:/Program Files (x86)/Atmel/Studio/7.0/Packs/atmel/ATmega_DFP/1.2.132/gcc/dev/atmega328p/avr5/crtatmega328p.o
 .debug_line    0x00000133     0x1771 Adafruit_FONA.o
 .debug_line    0x000018a4      0x3b1 GsmPayload.o
 .debug_line    0x00001c55      0x758 Helpers.o
 .debug_line    0x000023ad      0x6a7 Main_SignalLogging.o
 .debug_line    0x00002a54      0x830 RmMemManager.o
 .debug_line    0x00003284      0x23f SensorManager.o
 .debug_line    0x000034c3      0x519 src/libraries/Wire/src/utility/twi.o
 .debug_line    0x000039dc      0x5ad src/libraries/Wire/src/Wire.o
 .debug_line    0x00003f89      0x2fc ExtendedTests.o
 .debug_line    0x00004285      0x426 C:\Users\Numaan\Documents\Atmel Studio\7.0\RM\RM\ArduinoCore\Debug\libArduinoCore.a(HardwareSerial.o)
 .debug_line    0x000046ab      0x257 C:\Users\Numaan\Documents\Atmel Studio\7.0\RM\RM\ArduinoCore\Debug\libArduinoCore.a(HardwareSerial0.o)
 .debug_line    0x00004902      0x165 C:\Users\Numaan\Documents\Atmel Studio\7.0\RM\RM\ArduinoCore\Debug\libArduinoCore.a(main.o)
 .debug_line    0x00004a67      0x12f C:\Users\Numaan\Documents\Atmel Studio\7.0\RM\RM\ArduinoCore\Debug\libArduinoCore.a(new.o)
 .debug_line    0x00004b96      0x62e C:\Users\Numaan\Documents\Atmel Studio\7.0\RM\RM\ArduinoCore\Debug\libArduinoCore.a(Print.o)
 .debug_line    0x000051c4      0x299 C:\Users\Numaan\Documents\Atmel Studio\7.0\RM\RM\ArduinoCore\Debug\libArduinoCore.a(wiring.o)
 .debug_line    0x0000545d      0x20f C:\Users\Numaan\Documents\Atmel Studio\7.0\RM\RM\ArduinoCore\Debug\libArduinoCore.a(wiring_analog.o)
 .debug_line    0x0000566c      0x252 C:\Users\Numaan\Documents\Atmel Studio\7.0\RM\RM\ArduinoCore\Debug\libArduinoCore.a(wiring_digital.o)
 .debug_line    0x000058be     0x12ae C:\Users\Numaan\Documents\Atmel Studio\7.0\RM\RM\ArduinoCore\Debug\libArduinoCore.a(WString.o)
 .debug_line    0x00006b6c      0x78a C:\Users\Numaan\Documents\Atmel Studio\7.0\RM\RM\ArduinoCore\Debug\libArduinoCore.a(SoftwareSerial.o)
 .debug_line    0x000072f6       0x41 C:\Users\Numaan\Documents\Atmel Studio\7.0\RM\RM\ArduinoCore\Debug\libArduinoCore.a(hooks.o)

.debug_frame    0x00000000     0x30c4
 *(.debug_frame)
 .debug_frame   0x00000000      0xe84 Adafruit_FONA.o
 .debug_frame   0x00000e84      0x218 GsmPayload.o
 .debug_frame   0x0000109c      0x210 Helpers.o
 .debug_frame   0x000012ac      0x188 Main_SignalLogging.o
 .debug_frame   0x00001434      0x3fc RmMemManager.o
 .debug_frame   0x00001830       0x98 SensorManager.o
 .debug_frame   0x000018c8      0x134 src/libraries/Wire/src/utility/twi.o
 .debug_frame   0x000019fc      0x260 src/libraries/Wire/src/Wire.o
 .debug_frame   0x00001c5c       0xb8 ExtendedTests.o
 .debug_frame   0x00001d14      0x110 C:\Users\Numaan\Documents\Atmel Studio\7.0\RM\RM\ArduinoCore\Debug\libArduinoCore.a(HardwareSerial.o)
 .debug_frame   0x00001e24       0xc0 C:\Users\Numaan\Documents\Atmel Studio\7.0\RM\RM\ArduinoCore\Debug\libArduinoCore.a(HardwareSerial0.o)
 .debug_frame   0x00001ee4       0x54 C:\Users\Numaan\Documents\Atmel Studio\7.0\RM\RM\ArduinoCore\Debug\libArduinoCore.a(main.o)
 .debug_frame   0x00001f38       0x54 C:\Users\Numaan\Documents\Atmel Studio\7.0\RM\RM\ArduinoCore\Debug\libArduinoCore.a(new.o)
 .debug_frame   0x00001f8c      0x38c C:\Users\Numaan\Documents\Atmel Studio\7.0\RM\RM\ArduinoCore\Debug\libArduinoCore.a(Print.o)
 .debug_frame   0x00002318       0xc4 C:\Users\Numaan\Documents\Atmel Studio\7.0\RM\RM\ArduinoCore\Debug\libArduinoCore.a(wiring.o)
 .debug_frame   0x000023dc       0x54 C:\Users\Numaan\Documents\Atmel Studio\7.0\RM\RM\ArduinoCore\Debug\libArduinoCore.a(wiring_analog.o)
 .debug_frame   0x00002430       0x7c C:\Users\Numaan\Documents\Atmel Studio\7.0\RM\RM\ArduinoCore\Debug\libArduinoCore.a(wiring_digital.o)
 .debug_frame   0x000024ac      0xa40 C:\Users\Numaan\Documents\Atmel Studio\7.0\RM\RM\ArduinoCore\Debug\libArduinoCore.a(WString.o)
 .debug_frame   0x00002eec      0x1b4 C:\Users\Numaan\Documents\Atmel Studio\7.0\RM\RM\ArduinoCore\Debug\libArduinoCore.a(SoftwareSerial.o)
 .debug_frame   0x000030a0       0x24 C:\Users\Numaan\Documents\Atmel Studio\7.0\RM\RM\ArduinoCore\Debug\libArduinoCore.a(hooks.o)

.debug_str      0x00000000     0x5f5d
 *(.debug_str)
 .debug_str     0x00000000      0x208 C:/Program Files (x86)/Atmel/Studio/7.0/Packs/atmel/ATmega_DFP/1.2.132/gcc/dev/atmega328p/avr5/crtatmega328p.o
 .debug_str     0x00000208     0x28dd Adafruit_FONA.o
                               0x2a52 (size before relaxing)
 .debug_str     0x00002ae5      0x91f GsmPayload.o
                                0xf19 (size before relaxing)
 .debug_str     0x00003404      0x10d Helpers.o
                                0xb05 (size before relaxing)
 .debug_str     0x00003511      0xdb6 Main_SignalLogging.o
                               0x29af (size before relaxing)
 .debug_str     0x000042c7      0x30a RmMemManager.o
                               0x11a8 (size before relaxing)
 .debug_str     0x000045d1       0x65 SensorManager.o
                                0xa67 (size before relaxing)
 .debug_str     0x00004636      0x2bb src/libraries/Wire/src/utility/twi.o
                                0x3b9 (size before relaxing)
 .debug_str     0x000048f1      0x452 src/libraries/Wire/src/Wire.o
                               0x1816 (size before relaxing)
 .debug_str     0x00004d43       0x6e ExtendedTests.o
                               0x12bf (size before relaxing)
 .debug_str     0x00004db1      0x3de C:\Users\Numaan\Documents\Atmel Studio\7.0\RM\RM\ArduinoCore\Debug\libArduinoCore.a(HardwareSerial.o)
                               0x1586 (size before relaxing)
 .debug_str     0x0000518f       0x47 C:\Users\Numaan\Documents\Atmel Studio\7.0\RM\RM\ArduinoCore\Debug\libArduinoCore.a(HardwareSerial0.o)
                               0x135f (size before relaxing)
 .debug_str     0x000051d6       0x37 C:\Users\Numaan\Documents\Atmel Studio\7.0\RM\RM\ArduinoCore\Debug\libArduinoCore.a(main.o)
                                0x2a5 (size before relaxing)
 .debug_str     0x0000520d       0x44 C:\Users\Numaan\Documents\Atmel Studio\7.0\RM\RM\ArduinoCore\Debug\libArduinoCore.a(new.o)
                                0x1bb (size before relaxing)
 .debug_str     0x00005251      0x20b C:\Users\Numaan\Documents\Atmel Studio\7.0\RM\RM\ArduinoCore\Debug\libArduinoCore.a(Print.o)
                               0x11a4 (size before relaxing)
 .debug_str     0x0000545c       0x79 C:\Users\Numaan\Documents\Atmel Studio\7.0\RM\RM\ArduinoCore\Debug\libArduinoCore.a(wiring.o)
                                0x23b (size before relaxing)
 .debug_str     0x000054d5       0x6c C:\Users\Numaan\Documents\Atmel Studio\7.0\RM\RM\ArduinoCore\Debug\libArduinoCore.a(wiring_analog.o)
                                0x23f (size before relaxing)
 .debug_str     0x00005541       0xa9 C:\Users\Numaan\Documents\Atmel Studio\7.0\RM\RM\ArduinoCore\Debug\libArduinoCore.a(wiring_digital.o)
                                0x2a0 (size before relaxing)
 .debug_str     0x000055ea      0x3a9 C:\Users\Numaan\Documents\Atmel Studio\7.0\RM\RM\ArduinoCore\Debug\libArduinoCore.a(WString.o)
                               0x1140 (size before relaxing)
 .debug_str     0x00005993      0x5ae C:\Users\Numaan\Documents\Atmel Studio\7.0\RM\RM\ArduinoCore\Debug\libArduinoCore.a(SoftwareSerial.o)
                               0x1882 (size before relaxing)
 .debug_str     0x00005f41       0x1c C:\Users\Numaan\Documents\Atmel Studio\7.0\RM\RM\ArduinoCore\Debug\libArduinoCore.a(hooks.o)
                                0x130 (size before relaxing)

.debug_loc      0x00000000    0x11bce
 *(.debug_loc)
 .debug_loc     0x00000000     0x5a74 Adafruit_FONA.o
 .debug_loc     0x00005a74      0x796 GsmPayload.o
 .debug_loc     0x0000620a      0xbc6 Helpers.o
 .debug_loc     0x00006dd0      0x686 Main_SignalLogging.o
 .debug_loc     0x00007456     0x1854 RmMemManager.o
 .debug_loc     0x00008caa      0x2d2 SensorManager.o
 .debug_loc     0x00008f7c      0x3e6 src/libraries/Wire/src/utility/twi.o
 .debug_loc     0x00009362      0xbc0 src/libraries/Wire/src/Wire.o
 .debug_loc     0x00009f22      0x19d ExtendedTests.o
 .debug_loc     0x0000a0bf      0x482 C:\Users\Numaan\Documents\Atmel Studio\7.0\RM\RM\ArduinoCore\Debug\libArduinoCore.a(HardwareSerial.o)
 .debug_loc     0x0000a541      0x18a C:\Users\Numaan\Documents\Atmel Studio\7.0\RM\RM\ArduinoCore\Debug\libArduinoCore.a(HardwareSerial0.o)
 .debug_loc     0x0000a6cb       0x4c C:\Users\Numaan\Documents\Atmel Studio\7.0\RM\RM\ArduinoCore\Debug\libArduinoCore.a(new.o)
 .debug_loc     0x0000a717     0x1c79 C:\Users\Numaan\Documents\Atmel Studio\7.0\RM\RM\ArduinoCore\Debug\libArduinoCore.a(Print.o)
 .debug_loc     0x0000c390      0x28d C:\Users\Numaan\Documents\Atmel Studio\7.0\RM\RM\ArduinoCore\Debug\libArduinoCore.a(wiring.o)
 .debug_loc     0x0000c61d       0xfe C:\Users\Numaan\Documents\Atmel Studio\7.0\RM\RM\ArduinoCore\Debug\libArduinoCore.a(wiring_analog.o)
 .debug_loc     0x0000c71b      0x5fc C:\Users\Numaan\Documents\Atmel Studio\7.0\RM\RM\ArduinoCore\Debug\libArduinoCore.a(wiring_digital.o)
 .debug_loc     0x0000cd17     0x4247 C:\Users\Numaan\Documents\Atmel Studio\7.0\RM\RM\ArduinoCore\Debug\libArduinoCore.a(WString.o)
 .debug_loc     0x00010f5e      0xc70 C:\Users\Numaan\Documents\Atmel Studio\7.0\RM\RM\ArduinoCore\Debug\libArduinoCore.a(SoftwareSerial.o)

.debug_macinfo
 *(.debug_macinfo)

.debug_weaknames
 *(.debug_weaknames)

.debug_funcnames
 *(.debug_funcnames)

.debug_typenames
 *(.debug_typenames)

.debug_varnames
 *(.debug_varnames)

.debug_pubtypes
 *(.debug_pubtypes)

.debug_ranges   0x00000000      0xd00
 *(.debug_ranges)
 .debug_ranges  0x00000000      0x298 Adafruit_FONA.o
 .debug_ranges  0x00000298       0xb8 GsmPayload.o