Archive member included to satisfy reference by file (symbol)

c:/program files (x86)/atmel/studio/7.0/toolchain/avr8/avr8-gnu-toolchain/bin/../lib/gcc/avr/5.4.0/../../../../avr/lib/avr5\libm.a(floatsisf.o)
                              SensorManager.o (__floatsisf)
C:\Users\Saba Baig\Documents\Atmel Studio\7.0\RM\RM\ArduinoCore\Debug\libArduinoCore.a(HardwareSerial.o)
                              Main_SignalLogging.o (_ZN14HardwareSerial5beginEmh)
C:\Users\Saba Baig\Documents\Atmel Studio\7.0\RM\RM\ArduinoCore\Debug\libArduinoCore.a(HardwareSerial0.o)
                              Adafruit_FONA.o (Serial)
C:\Users\Saba Baig\Documents\Atmel Studio\7.0\RM\RM\ArduinoCore\Debug\libArduinoCore.a(main.o)
                              C:/Program Files (x86)/Atmel/Studio/7.0/Packs/atmel/ATmega_DFP/1.2.132/gcc/dev/atmega328p/avr5/crtatmega328p.o (main)
C:\Users\Saba Baig\Documents\Atmel Studio\7.0\RM\RM\ArduinoCore\Debug\libArduinoCore.a(new.o)
                              Adafruit_FONA.o (_Znwj)
C:\Users\Saba Baig\Documents\Atmel Studio\7.0\RM\RM\ArduinoCore\Debug\libArduinoCore.a(Print.o)
                              Adafruit_FONA.o (_ZN5Print5writeEPKhj)
C:\Users\Saba Baig\Documents\Atmel Studio\7.0\RM\RM\ArduinoCore\Debug\libArduinoCore.a(wiring.o)
                              Adafruit_FONA.o (delay)
C:\Users\Saba Baig\Documents\Atmel Studio\7.0\RM\RM\ArduinoCore\Debug\libArduinoCore.a(wiring_analog.o)
                              SensorManager.o (analogRead)
C:\Users\Saba Baig\Documents\Atmel Studio\7.0\RM\RM\ArduinoCore\Debug\libArduinoCore.a(wiring_digital.o)
                              Adafruit_FONA.o (pinMode)
C:\Users\Saba Baig\Documents\Atmel Studio\7.0\RM\RM\ArduinoCore\Debug\libArduinoCore.a(WString.o)
                              Adafruit_FONA.o (_ZN6StringD1Ev)
C:\Users\Saba Baig\Documents\Atmel Studio\7.0\RM\RM\ArduinoCore\Debug\libArduinoCore.a(SoftwareSerial.o)
                              Adafruit_FONA.o (_ZN14SoftwareSerialC1Ehhb)
C:\Users\Saba Baig\Documents\Atmel Studio\7.0\RM\RM\ArduinoCore\Debug\libArduinoCore.a(abi.o)
                              C:\Users\Saba Baig\Documents\Atmel Studio\7.0\RM\RM\ArduinoCore\Debug\libArduinoCore.a(Print.o) (__cxa_pure_virtual)
C:\Users\Saba Baig\Documents\Atmel Studio\7.0\RM\RM\ArduinoCore\Debug\libArduinoCore.a(hooks.o)
                              C:\Users\Saba Baig\Documents\Atmel Studio\7.0\RM\RM\ArduinoCore\Debug\libArduinoCore.a(wiring.o) (yield)
c:/program files (x86)/atmel/studio/7.0/toolchain/avr8/avr8-gnu-toolchain/bin/../lib/gcc/avr/5.4.0/../../../../avr/lib/avr5\libm.a(addsf3.o)
                              C:\Users\Saba Baig\Documents\Atmel Studio\7.0\RM\RM\ArduinoCore\Debug\libArduinoCore.a(Print.o) (__subsf3)
c:/program files (x86)/atmel/studio/7.0/toolchain/avr8/avr8-gnu-toolchain/bin/../lib/gcc/avr/5.4.0/../../../../avr/lib/avr5\libm.a(addsf3x.o)
                              c:/program files (x86)/atmel/studio/7.0/toolchain/avr8/avr8-gnu-toolchain/bin/../lib/gcc/avr/5.4.0/../../../../avr/lib/avr5\libm.a(addsf3.o) (__addsf3x)
c:/program files (x86)/atmel/studio/7.0/toolchain/avr8/avr8-gnu-toolchain/bin/../lib/gcc/avr/5.4.0/../../../../avr/lib/avr5\libm.a(cmpsf2.o)
                              C:\Users\Saba Baig\Documents\Atmel Studio\7.0\RM\RM\ArduinoCore\Debug\libArduinoCore.a(Print.o) (__ltsf2)
c:/program files (x86)/atmel/studio/7.0/toolchain/avr8/avr8-gnu-toolchain/bin/../lib/gcc/avr/5.4.0/../../../../avr/lib/avr5\libm.a(divsf3.o)
                              C:\Users\Saba Baig\Documents\Atmel Studio\7.0\RM\RM\ArduinoCore\Debug\libArduinoCore.a(Print.o) (__divsf3)
c:/program files (x86)/atmel/studio/7.0/toolchain/avr8/avr8-gnu-toolchain/bin/../lib/gcc/avr/5.4.0/../../../../avr/lib/avr5\libm.a(divsf3x.o)
                              c:/program files (x86)/atmel/studio/7.0/toolchain/avr8/avr8-gnu-toolchain/bin/../lib/gcc/avr/5.4.0/../../../../avr/lib/avr5\libm.a(divsf3.o) (__divsf3x)
c:/program files (x86)/atmel/studio/7.0/toolchain/avr8/avr8-gnu-toolchain/bin/../lib/gcc/avr/5.4.0/../../../../avr/lib/avr5\libm.a(fixsfsi.o)
                              C:\Users\Saba Baig\Documents\Atmel Studio\7.0\RM\RM\ArduinoCore\Debug\libArduinoCore.a(Print.o) (__fixsfsi)
c:/program files (x86)/atmel/studio/7.0/toolchain/avr8/avr8-gnu-toolchain/bin/../lib/gcc/avr/5.4.0/../../../../avr/lib/avr5\libm.a(fixunssfsi.o)
                              C:\Users\Saba Baig\Documents\Atmel Studio\7.0\RM\RM\ArduinoCore\Debug\libArduinoCore.a(Print.o) (__fixunssfsi)
c:/program files (x86)/atmel/studio/7.0/toolchain/avr8/avr8-gnu-toolchain/bin/../lib/gcc/avr/5.4.0/../../../../avr/lib/avr5\libm.a(fp_cmp.o)
                              c:/program files (x86)/atmel/studio/7.0/toolchain/avr8/avr8-gnu-toolchain/bin/../lib/gcc/avr/5.4.0/../../../../avr/lib/avr5\libm.a(cmpsf2.o) (__fp_cmp)
c:/program files (x86)/atmel/studio/7.0/toolchain/avr8/avr8-gnu-toolchain/bin/../lib/gcc/avr/5.4.0/../../../../avr/lib/avr5\libm.a(fp_inf.o)
[...]
Memory Configuration

Name             Origin             Length             Attributes
text             0x00000000         0x00020000         xr
data             0x00800060         0x0000ffa0         rw !x
eeprom           0x00810000         0x00010000         rw !x
fuse             0x00820000         0x00000003         rw !x
lock             0x00830000         0x00000400         rw !x
signature        0x00840000         0x00000400         rw !x
user_signatures  0x00850000         0x00000400         rw !x
*default*        0x00000000         0xffffffff

Linker script and memory map

Address of section .data set to 0x800100
LOAD C:/Program Files (x86)/Atmel/Studio/7.0/Packs/atmel/ATmega_DFP/1.2.132/gcc/dev/atmega328p/avr5/crtatmega328p.o
LOAD Adafruit_FONA.o
LOAD GpsManager.o
LOAD GsmManager.o
LOAD GsmPayload.o
LOAD Helpers.o
LOAD Main_SignalLogging.o
LOAD RmMemManager.o
LOAD SensorManager.o
LOAD src/libraries/Wire/src/utility/twi.o
LOAD src/libraries/Wire/src/Wire.o
LOAD ExtendedTests.o
LOAD Timing.o
START GROUP
LOAD c:/program files (x86)/atmel/studio/7.0/toolchain/avr8/avr8-gnu-toolchain/bin/../lib/gcc/avr/5.4.0/../../../../avr/lib/avr5\libm.a
LOAD C:\Users\Saba Baig\Documents\Atmel Studio\7.0\RM\RM\ArduinoCore\Debug\libArduinoCore.a
END GROUP
LOAD c:/program files (x86)/atmel/studio/7.0/toolchain/avr8/avr8-gnu-toolchain/bin/../lib/gcc/avr/5.4.0/avr5\libgcc.a
LOAD c:/program files (x86)/atmel/studio/7.0/toolchain/avr8/avr8-gnu-toolchain/bin/../lib/gcc/avr/5.4.0/../../../../avr/lib/avr5\libm.a
START GROUP
LOAD c:/program files (x86)/atmel/studio/7.0/toolchain/avr8/avr8-gnu-toolchain/bin/../lib/gcc/avr/5.4.0/avr5\libgcc.a
LOAD c:/program files (x86)/atmel/studio/7.0/toolchain/avr8/avr8-gnu-toolchain/bin/../lib/gcc/avr/5.4.0/../../../../avr/lib/avr5\libm.a
LOAD c:/program files (x86)/atmel/studio/7.0/toolchain/avr8/avr8-gnu-toolchain/bin/../lib/gcc/avr/5.4.0/../../../../avr/lib/avr5\libc.a
LOAD C:/Program Files (x86)/Atmel/Studio/7.0/Packs/atmel/ATmega_DFP/1.2.132/gcc/dev/atmega328p/avr5\libatmega328p.a
END GROUP
                0x00000000                __TEXT_REGION_ORIGIN__ = DEFINED (__TEXT_REGION_ORIGIN__)?__TEXT_REGION_ORIGIN__:0x0
                0x00800060                __DATA_REGION_ORIGIN__ = DEFINED (__DATA_REGION_ORIGIN__)?__DATA_REGION_ORIGIN__:0x800060
                0x00020000                __TEXT_REGION_LENGTH__ = DEFINED (__TEXT_REGION_LENGTH__)?__TEXT_REGION_LENGTH__:0x20000
                0x0000ffa0                __DATA_REGION_LENGTH__ = DEFINED (__DATA_REGION_LENGTH__)?__DATA_REGION_LENGTH__:0xffa0
                0x00010000                __EEPROM_REGION_LENGTH__ = DEFINED (__EEPROM_REGION_LENGTH__)?__EEPROM_REGION_LENGTH__:0x10000
                [0x00000003]                __FUSE_REGION_LENGTH__ = DEFINED (__FUSE_REGION_LENGTH__)?__FUSE_REGION_LENGTH__:0x400
                0x00000400                __LOCK_REGION_LENGTH__ = DEFINED (__LOCK_REGION_LENGTH__)?__LOCK_REGION_LENGTH__:0x400
                0x00000400                __SIGNATURE_REGION_LENGTH__ = DEFINED (__SIGNATURE_REGION_LENGTH__)?__SIGNATURE_REGION_LENGTH__:0x400
                0x00000400                __USER_SIGNATURE_REGION_LENGTH__ = DEFINED (__USER_SIGNATURE_REGION_LENGTH__)?__USER_SIGNATURE_REGION_LENGTH__:0x400

.hash
 *(.hash)

.dynsym
 *(.dynsym)

.dynstr
 *(.dynstr)

.gnu.version
 *(.gnu.version)

.gnu.version_d
 *(.gnu.version_d)

.gnu.version_r
 *(.gnu.version_r)

.rel.init
 *(.rel.init)

.rela.init
 *(.rela.init)

.rel.text
 *(.rel.text)
 *(.rel.text.*)
 *(.rel.gnu.linkonce.t*)

.rela.text
 *(.rela.text)
 *(.rela.text.*)
 *(.rela.gnu.linkonce.t*)

.rel.fini
 *(.rel.fini)

.rela.fini
 *(.rela.fini)

.rel.rodata
 *(.rel.rodata)
 *(.rel.rodata.*)
 *(.rel.gnu.linkonce.r*)

.rela.rodata
 *(.rela.rodata)
 *(.rela.rodata.*)
 *(.rela.gnu.linkonce.r*)

.rel.data
 *(.rel.data)
 *(.rel.data.*)
 *(.rel.gnu.linkonce.d*)

.rela.data
 *(.rela.data)
 *(.rela.data.*)
 *(.rela.gnu.linkonce.d*)

.rel.ctors
 *(.rel.ctors)

.rela.ctors
 *(.rela.ctors)

.rel.dtors
 *(.rel.dtors)

.rela.dtors
 *(.rela.dtors)

.rel.got
 *(.rel.got)

.rela.got
 *(.rela.got)

.rel.bss
 *(.rel.bss)

.rela.bss
 *(.rela.bss)

.rel.plt
 *(.rel.plt)

.rela.plt
 *(.rela.plt)

.text           0x00000000     0x4afa
 *(.vectors)
 .vectors       0x00000000       0x68 C:/Program Files (x86)/Atmel/Studio/7.0/Packs/atmel/ATmega_DFP/1.2.132/gcc/dev/atmega328p/avr5/crtatmega328p.o
                0x00000000                __vector_default
                0x00000000                __vectors
 *(.vectors)
 *(.progmem.gcc*)
                0x00000068                . = ALIGN (0x2)
                0x00000068                __trampolines_start = .
 *(.trampolines)
 .trampolines   0x00000068        0x0 linker stubs
 *(.trampolines*)
                0x00000068                __trampolines_end = .
 *libprintf_flt.a:*(.progmem.data)
 *libc.a:*(.progmem.data)
 *(.progmem*)
 .progmem.data._ZZN13Adafruit_FONA14getReplyQuotedEPK19__FlashStringHelperS2_jE3__c_0
                0x00000068        0x7 Adafruit_FONA.o
 .progmem.data._ZZN13Adafruit_FONA14getReplyQuotedEPK19__FlashStringHelperS2_jE3__c
                0x0000006f        0x7 Adafruit_FONA.o
 .progmem.data._ZZN13Adafruit_FONA8getReplyEPK19__FlashStringHelperljE3__c_0
                0x00000076        0x7 Adafruit_FONA.o
 .progmem.data._ZZN13Adafruit_FONA8getReplyEPK19__FlashStringHelperljE3__c
                0x0000007d        0x7 Adafruit_FONA.o
 .progmem.data._ZZN13Adafruit_FONA8getReplyEPK19__FlashStringHelperjE3__c_0
                0x00000084        0x7 Adafruit_FONA.o
 .progmem.data._ZZN13Adafruit_FONA8getReplyEPK19__FlashStringHelperjE3__c
                0x0000008b        0x7 Adafruit_FONA.o
 .progmem.data._ZZN13Adafruit_FONA8readlineEjbE3__c
                0x00000092        0x6 Adafruit_FONA.o
 .progmem.data._ZZN13Adafruit_FONA11expectReplyEPK19__FlashStringHelperjE3__c
                0x00000098        0x7 Adafruit_FONA.o
 .progmem.data._ZZN13Adafruit_FONA10HTTP_setupEPK19__FlashStringHelperE3__c_1
                0x0000009f        0x3 Adafruit_FONA.o
 .progmem.data._ZZN13Adafruit_FONA10HTTP_setupEPK19__FlashStringHelperE3__c_0
                0x000000a2        0x4 Adafruit_FONA.o
 .progmem.data._ZZN13Adafruit_FONA10HTTP_setupEPK19__FlashStringHelperE3__c
                0x000000a6        0x4 Adafruit_FONA.o
 .progmem.data._ZZN13Adafruit_FONA15HTTP_POST_startEPK19__FlashStringHelperS2_PKhjPjjS5_PcE3__c
                0x000000aa        0x8 Adafruit_FONA.o
 .progmem.data._ZZN13Adafruit_FONA12HTTP_readallEjPcE3__c_0
                0x000000b2        0xc Adafruit_FONA.o
 .progmem.data._ZZN13Adafruit_FONA12HTTP_readallEjPcE3__c
                0x000000be        0xf Adafruit_FONA.o
 .progmem.data._ZZN13Adafruit_FONA11HTTP_actionEhPjS0_lE3__c_1
                0x000000cd        0xd Adafruit_FONA.o
 .progmem.data._ZZN13Adafruit_FONA11HTTP_actionEhPjS0_lE3__c_0
                0x000000da        0xd Adafruit_FONA.o
 .progmem.data._ZZN13Adafruit_FONA11HTTP_actionEhPjS0_lE3__c
                0x000000e7        0xf Adafruit_FONA.o
 .progmem.data._ZZN13Adafruit_FONA9HTTP_dataEmmE3__c_2
                0x000000f6        0x9 Adafruit_FONA.o
 .progmem.data._ZZN13Adafruit_FONA9HTTP_dataEmmE3__c_1
                0x000000ff        0xd Adafruit_FONA.o
 .progmem.data._ZZN13Adafruit_FONA9HTTP_dataEmmE3__c_0
                0x0000010c        0xd Adafruit_FONA.o
 .progmem.data._ZZN13Adafruit_FONA9HTTP_dataEmmE3__c
                0x00000119        0x7 Adafruit_FONA.o
 .progmem.data._ZZN13Adafruit_FONA15HTTP_para_startEPK19__FlashStringHelperbE3__c_3
                0x00000120        0x3 Adafruit_FONA.o
 .progmem.data._ZZN13Adafruit_FONA15HTTP_para_startEPK19__FlashStringHelperbE3__c_2
                0x00000123        0x4 Adafruit_FONA.o
 .progmem.data._ZZN13Adafruit_FONA15HTTP_para_startEPK19__FlashStringHelperbE3__c_1
                0x00000127        0xe Adafruit_FONA.o
 .progmem.data._ZZN13Adafruit_FONA15HTTP_para_startEPK19__FlashStringHelperbE3__c_0
                0x00000135        0xe Adafruit_FONA.o
 .progmem.data._ZZN13Adafruit_FONA15HTTP_para_startEPK19__FlashStringHelperbE3__c
                0x00000143        0x7 Adafruit_FONA.o
 .progmem.data._ZZN13Adafruit_FONA9HTTP_termEvE3__c
                0x0000014a        0xc Adafruit_FONA.o
 .progmem.data._ZZN13Adafruit_FONA9HTTP_initEvE3__c
                0x00000156        0xc Adafruit_FONA.o
 .progmem.data._ZZN13Adafruit_FONA16sendDataOverGprsEPhjPcjPjS2_E3__c_4
                0x00000162        0xe Adafruit_FONA.o
 .progmem.data._ZZN13Adafruit_FONA16sendDataOverGprsEPhjPcjPjS2_E3__c_3
                0x00000170       0x13 Adafruit_FONA.o
 .progmem.data._ZZN13Adafruit_FONA16sendDataOverGprsEPhjPcjPjS2_E3__c_2
                0x00000183       0x1d Adafruit_FONA.o
 .progmem.data._ZZN13Adafruit_FONA16sendDataOverGprsEPhjPcjPjS2_E3__c_1
                0x000001a0       0x23 Adafruit_FONA.o
 .progmem.data._ZZN13Adafruit_FONA16sendDataOverGprsEPhjPcjPjS2_E3__c_0
                0x000001c3        0xb Adafruit_FONA.o
 .progmem.data._ZZN13Adafruit_FONA16sendDataOverGprsEPhjPcjPjS2_E3__c
                0x000001ce       0x22 Adafruit_FONA.o
 .progmem.data._ZZN13Adafruit_FONA10enableGPRSEbE3__c_14
                0x000001f0        0xb Adafruit_FONA.o
 .progmem.data._ZZN13Adafruit_FONA10enableGPRSEbE3__c_13
                0x000001fb        0xd Adafruit_FONA.o
 .progmem.data._ZZN13Adafruit_FONA10enableGPRSEbE3__c_11
                0x00000208        0xb Adafruit_FONA.o
 .progmem.data._ZZN13Adafruit_FONA10enableGPRSEbE3__c_12
                0x00000213        0x8 Adafruit_FONA.o
 .progmem.data._ZZN13Adafruit_FONA10enableGPRSEbE3__c_10
                0x0000021b        0x9 Adafruit_FONA.o
 .progmem.data._ZZN13Adafruit_FONA10enableGPRSEbE3__c_9
                0x00000224        0xd Adafruit_FONA.o
 .progmem.data._ZZN13Adafruit_FONA10enableGPRSEbE3__c_8
                0x00000231       0x14 Adafruit_FONA.o
 .progmem.data._ZZN13Adafruit_FONA10enableGPRSEbE3__c_7
                0x00000245       0x15 Adafruit_FONA.o
 .progmem.data._ZZN13Adafruit_FONA10enableGPRSEbE3__c_6
                0x0000025a        0xa Adafruit_FONA.o
 .progmem.data._ZZN13Adafruit_FONA10enableGPRSEbE3__c_5
                0x00000264        0x7 Adafruit_FONA.o
 .progmem.data._ZZN13Adafruit_FONA10enableGPRSEbE3__c_4
                0x0000026b        0xa Adafruit_FONA.o
 .progmem.data._ZZN13Adafruit_FONA10enableGPRSEbE3__c_3
                0x00000275       0x14 Adafruit_FONA.o
 .progmem.data._ZZN13Adafruit_FONA10enableGPRSEbE3__c_2
                0x00000289       0x1e Adafruit_FONA.o
 .progmem.data._ZZN13Adafruit_FONA10enableGPRSEbE3__c_1
                0x000002a7        0xb Adafruit_FONA.o
 .progmem.data._ZZN13Adafruit_FONA10enableGPRSEbE3__c
                0x000002b2        0xb Adafruit_FONA.o
 .progmem.data._ZZN13Adafruit_FONA10enableGPRSEbE3__c_0
                0x000002bd        0x8 Adafruit_FONA.o
 .progmem.data._ZZN13Adafruit_FONA7getRSSIEvE3__c_5
                0x000002c5        0x9 Adafruit_FONA.o
 .progmem.data._ZZN13Adafruit_FONA7getRSSIEvE3__c_6
                0x000002ce        0x8 Adafruit_FONA.o
 .progmem.data._ZZN13Adafruit_FONA7getRSSIEvE3__c_3
                0x000002d6        0x9 Adafruit_FONA.o
 .progmem.data._ZZN13Adafruit_FONA7getRSSIEvE3__c_4
                0x000002df        0x8 Adafruit_FONA.o
 .progmem.data._ZZN13Adafruit_FONA7getRSSIEvE3__c_1
                0x000002e7        0x7 Adafruit_FONA.o
 .progmem.data._ZZN13Adafruit_FONA7getRSSIEvE3__c_2
                0x000002ee        0x7 Adafruit_FONA.o
 .progmem.data._ZZN13Adafruit_FONA7getRSSIEvE3__c
                0x000002f5        0x7 Adafruit_FONA.o
 .progmem.data._ZZN13Adafruit_FONA7getRSSIEvE3__c_0
                0x000002fc        0x7 Adafruit_FONA.o
 .progmem.data._ZZN13Adafruit_FONA14getBattPercentEPjE3__c
                0x00000303        0x7 Adafruit_FONA.o
 .progmem.data._ZZN13Adafruit_FONA14getBattPercentEPjE3__c_0
                0x0000030a        0x7 Adafruit_FONA.o
 .progmem.data._ZZN13Adafruit_FONA5beginEhhE3__c_11
                0x00000311        0xb Adafruit_FONA.o
 .progmem.data._ZZN13Adafruit_FONA5beginEhhE3__c_10
                0x0000031c        0x7 Adafruit_FONA.o
 .progmem.data._ZZN13Adafruit_FONA5beginEhhE3__c_9
                0x00000323        0x7 Adafruit_FONA.o
 .progmem.data._ZZN13Adafruit_FONA5beginEhhE3__c_8
                0x0000032a        0x5 Adafruit_FONA.o
 .progmem.data._ZZN13Adafruit_FONA5beginEhhE3__c_7
                0x0000032f        0x5 Adafruit_FONA.o
 .progmem.data._ZZN13Adafruit_FONA5beginEhhE3__c_6
                0x00000334       0x1f Adafruit_FONA.o
 .progmem.data._ZZN13Adafruit_FONA5beginEhhE3__c_5
                0x00000353        0x3 Adafruit_FONA.o
 .progmem.data._ZZN13Adafruit_FONA5beginEhhE3__c_4
                0x00000356        0x3 Adafruit_FONA.o
 .progmem.data._ZZN13Adafruit_FONA5beginEhhE3__c_3
                0x00000359        0x3 Adafruit_FONA.o
 .progmem.data._ZZN13Adafruit_FONA5beginEhhE3__c_1
                0x0000035c        0x3 Adafruit_FONA.o
 .progmem.data._ZZN13Adafruit_FONA5beginEhhE3__c_2
                0x0000035f        0x3 Adafruit_FONA.o
 .progmem.data._ZZN13Adafruit_FONA5beginEhhE3__c_0
                0x00000362        0x3 Adafruit_FONA.o
 .progmem.data._ZZN13Adafruit_FONA5beginEhhE3__c
                0x00000365       0x21 Adafruit_FONA.o
 .progmem.data._ZZN13Adafruit_FONAC4EabE3__c_0
                0x00000386        0x3 Adafruit_FONA.o
 .progmem.data._ZZN13Adafruit_FONAC4EabE3__c
                0x00000389        0x8 Adafruit_FONA.o
 .progmem.data._ZZN7Helpers18printDailySendDataEP14DailyCycleDataE3__c_17
                0x00000391        0x4 Helpers.o
 .progmem.data._ZZN7Helpers18printDailySendDataEP14DailyCycleDataE3__c_16
                0x00000395        0xf Helpers.o
 .progmem.data._ZZN7Helpers18printDailySendDataEP14DailyCycleDataE3__c_15
                0x000003a4        0x4 Helpers.o
 .progmem.data._ZZN7Helpers18printDailySendDataEP14DailyCycleDataE3__c_14
                0x000003a8        0xe Helpers.o
 .progmem.data._ZZN7Helpers18printDailySendDataEP14DailyCycleDataE3__c_13
                0x000003b6        0x4 Helpers.o
 .progmem.data._ZZN7Helpers18printDailySendDataEP14DailyCycleDataE3__c_12
                0x000003ba        0xe Helpers.o
 .progmem.data._ZZN7Helpers18printDailySendDataEP14DailyCycleDataE3__c_11
                0x000003c8        0x4 Helpers.o
 .progmem.data._ZZN7Helpers18printDailySendDataEP14DailyCycleDataE3__c_10
                0x000003cc        0xc Helpers.o
 .progmem.data._ZZN7Helpers18printDailySendDataEP14DailyCycleDataE3__c_9
                0x000003d8        0x4 Helpers.o
 .progmem.data._ZZN7Helpers18printDailySendDataEP14DailyCycleDataE3__c_8
                0x000003dc        0xc Helpers.o
 .progmem.data._ZZN7Helpers18printDailySendDataEP14DailyCycleDataE3__c_7
                0x000003e8        0x4 Helpers.o
 .progmem.data._ZZN7Helpers18printDailySendDataEP14DailyCycleDataE3__c_6
                0x000003ec        0xd Helpers.o
 .progmem.data._ZZN7Helpers18printDailySendDataEP14DailyCycleDataE3__c_5
                0x000003f9        0x2 Helpers.o
 .progmem.data._ZZN7Helpers18printDailySendDataEP14DailyCycleDataE3__c_4
                0x000003fb        0x4 Helpers.o
 .progmem.data._ZZN7Helpers18printDailySendDataEP14DailyCycleDataE3__c_3
                0x000003ff        0x7 Helpers.o
 .progmem.data._ZZN7Helpers18printDailySendDataEP14DailyCycleDataE3__c_2
                0x00000406        0x4 Helpers.o
 .progmem.data._ZZN7Helpers18printDailySendDataEP14DailyCycleDataE3__c_1
                0x0000040a        0xb Helpers.o
 .progmem.data._ZZN7Helpers18printDailySendDataEP14DailyCycleDataE3__c_0
                0x00000415        0x4 Helpers.o
 .progmem.data._ZZN7Helpers18printDailySendDataEP14DailyCycleDataE3__c
                0x00000419        0x8 Helpers.o
 .progmem.data._ZZN7Helpers15printSensorDataEP10SensorDataE3__c_7
                0x00000421        0x7 Helpers.o
 .progmem.data._ZZN7Helpers15printSensorDataEP10SensorDataE3__c_6
                0x00000428        0x4 Helpers.o
 .progmem.data._ZZN7Helpers15printSensorDataEP10SensorDataE3__c_5
                0x0000042c        0x6 Helpers.o
 .progmem.data._ZZN7Helpers15printSensorDataEP10SensorDataE3__c_4
                0x00000432        0x4 Helpers.o
 .progmem.data._ZZN7Helpers15printSensorDataEP10SensorDataE3__c_3
                0x00000436        0x9 Helpers.o
 .progmem.data._ZZN7Helpers15printSensorDataEP10SensorDataE3__c_2
                0x0000043f        0x4 Helpers.o
 .progmem.data._ZZN7Helpers15printSensorDataEP10SensorDataE3__c_1
                0x00000443        0x6 Helpers.o
 .progmem.data._ZZN7Helpers15printSensorDataEP10SensorDataE3__c_0
                0x00000449        0x4 Helpers.o
 .progmem.data._ZZN7Helpers15printSensorDataEP10SensorDataE3__c
                0x0000044d        0x8 Helpers.o
 .progmem.data._ZZN7Helpers9printRSSIEP13FONA_GET_RSSIE3__c_7
                0x00000455        0xd Helpers.o
 .progmem.data._ZZN7Helpers9printRSSIEP13FONA_GET_RSSIE3__c_6
                0x00000462        0x4 Helpers.o
 .progmem.data._ZZN7Helpers9printRSSIEP13FONA_GET_RSSIE3__c_5
                0x00000466        0x9 Helpers.o
 .progmem.data._ZZN7Helpers9printRSSIEP13FONA_GET_RSSIE3__c_4
                0x0000046f        0xa Helpers.o
 .progmem.data._ZZN7Helpers9printRSSIEP13FONA_GET_RSSIE3__c_3
                0x00000479       0x15 Helpers.o
 .progmem.data._ZZN7Helpers9printRSSIEP13FONA_GET_RSSIE3__c_2
                0x0000048e        0x4 Helpers.o
 .progmem.data._ZZN7Helpers9printRSSIEP13FONA_GET_RSSIE3__c_1
                0x00000492        0x5 Helpers.o
 .progmem.data._ZZN7Helpers9printRSSIEP13FONA_GET_RSSIE3__c_0
                0x00000497        0x4 Helpers.o
 .progmem.data._ZZN7Helpers9printRSSIEP13FONA_GET_RSSIE3__c
                0x0000049b        0x6 Helpers.o
 .progmem.data._ZL12b64_alphabet
                0x000004a1       0x41 Helpers.o
 .progmem.data._ZZ4loopE3__c
                0x000004e2        0xa Main_SignalLogging.o
 .progmem.data._ZZ8sendDatavE3__c_3
                0x000004ec       0x17 Main_SignalLogging.o
 .progmem.data._ZZ8sendDatavE3__c_2
                0x00000503       0x29 Main_SignalLogging.o
 .progmem.data._ZZ8sendDatavE3__c_1
                0x0000052c       0x13 Main_SignalLogging.o
 .progmem.data._ZZ8sendDatavE3__c_0
                0x0000053f       0x18 Main_SignalLogging.o
 .progmem.data._ZZ8sendDatavE3__c
                0x00000557       0x1f Main_SignalLogging.o
 .progmem.data._ZZ17createEncodedDataPcPhh13FONA_GET_RSSIE3__c
                0x00000576       0x30 Main_SignalLogging.o
 .progmem.data._ZZ12takeReadingsvE3__c
                0x000005a6       0x13 Main_SignalLogging.o
 .progmem.data._ZZ21ensureFonaInitialisedbE3__c_9
                0x000005b9       0x26 Main_SignalLogging.o
 .progmem.data._ZZ21ensureFonaInitialisedbE3__c_8
                0x000005df       0x38 Main_SignalLogging.o
 .progmem.data._ZZ21ensureFonaInitialisedbE3__c_7
                0x00000617       0x2f Main_SignalLogging.o
 .progmem.data._ZZ21ensureFonaInitialisedbE3__c_6
                0x00000646       0x1b Main_SignalLogging.o
 .progmem.data._ZZ21ensureFonaInitialisedbE3__c_5
                0x00000661       0x20 Main_SignalLogging.o
 .progmem.data._ZZ21ensureFonaInitialisedbE3__c_4
                0x00000681       0x23 Main_SignalLogging.o
 .progmem.data._ZZ21ensureFonaInitialisedbE3__c_3
                0x000006a4       0x26 Main_SignalLogging.o
 .progmem.data._ZZ21ensureFonaInitialisedbE3__c_2
                0x000006ca       0x18 Main_SignalLogging.o
 .progmem.data._ZZ21ensureFonaInitialisedbE3__c_1
                0x000006e2       0x1d Main_SignalLogging.o
 .progmem.data._ZZ21ensureFonaInitialisedbE3__c_0
                0x000006ff       0x1b Main_SignalLogging.o
 .progmem.data._ZZ21ensureFonaInitialisedbE3__c
                0x0000071a       0x15 Main_SignalLogging.o
 .progmem.data._ZZ5setupE3__c
                0x0000072f        0xc Main_SignalLogging.o
 .progmem.data._ZZN13ExtendedTests20startExtendedGsmTestEP13Adafruit_FONAP12RmMemManagerE3__c_0
                0x0000073b       0x27 ExtendedTests.o
 .progmem.data._ZZN13ExtendedTests20startExtendedGsmTestEP13Adafruit_FONAP12RmMemManagerE3__c
                0x00000762        0x5 ExtendedTests.o
 .progmem.data._ZZN13ExtendedTests18endExtendedGsmTestEvE3__c
                0x00000767       0x3b ExtendedTests.o
 .progmem.data.digital_pin_to_timer_PGM
                0x000007a2       0x14 C:\Users\Saba Baig\Documents\Atmel Studio\7.0\RM\RM\ArduinoCore\Debug\libArduinoCore.a(wiring_digital.o)
                0x000007a2                digital_pin_to_timer_PGM
 .progmem.data.digital_pin_to_bit_mask_PGM
                0x000007b6       0x14 C:\Users\Saba Baig\Documents\Atmel Studio\7.0\RM\RM\ArduinoCore\Debug\libArduinoCore.a(wiring_digital.o)
                0x000007b6                digital_pin_to_bit_mask_PGM
 .progmem.data.digital_pin_to_port_PGM
                0x000007ca       0x14 C:\Users\Saba Baig\Documents\Atmel Studio\7.0\RM\RM\ArduinoCore\Debug\libArduinoCore.a(wiring_digital.o)
                0x000007ca                digital_pin_to_port_PGM
 .progmem.data.port_to_input_PGM
                0x000007de        0xa C:\Users\Saba Baig\Documents\Atmel Studio\7.0\RM\RM\ArduinoCore\Debug\libArduinoCore.a(wiring_digital.o)
                0x000007de                port_to_input_PGM
 .progmem.data.port_to_output_PGM
                0x000007e8        0xa C:\Users\Saba Baig\Documents\Atmel Studio\7.0\RM\RM\ArduinoCore\Debug\libArduinoCore.a(wiring_digital.o)
                0x000007e8                port_to_output_PGM
 .progmem.data.port_to_mode_PGM
                0x000007f2        0xa C:\Users\Saba Baig\Documents\Atmel Studio\7.0\RM\RM\ArduinoCore\Debug\libArduinoCore.a(wiring_digital.o)
                0x000007f2                port_to_mode_PGM
                0x000007fc                . = ALIGN (0x2)
 *(.jumptables)
 *(.jumptables*)
 *(.lowtext)
 *(.lowtext*)
                0x000007fc                __ctors_start = .
 *(.ctors)
 .ctors         0x000007fc        0x2 Main_SignalLogging.o
 .ctors         0x000007fe        0x2 src/libraries/Wire/src/Wire.o
 .ctors         0x00000800        0x2 C:\Users\Saba Baig\Documents\Atmel Studio\7.0\RM\RM\ArduinoCore\Debug\libArduinoCore.a(HardwareSerial0.o)
                0x00000802                __ctors_end = .
                0x00000802                __dtors_start = .
 *(.dtors)
 .dtors         0x00000802        0x2 Main_SignalLogging.o
                0x00000804                __dtors_end = .
 SORT(*)(.ctors)
 SORT(*)(.dtors)
 *(.init0)
 .init0         0x00000804        0x0 C:/Program Files (x86)/Atmel/Studio/7.0/Packs/atmel/ATmega_DFP/1.2.132/gcc/dev/atmega328p/avr5/crtatmega328p.o
                0x00000804                __init
 *(.init0)
 *(.init1)
 *(.init1)
 *(.init2)
 .init2         0x00000804        0xc C:/Program Files (x86)/Atmel/Studio/7.0/Packs/atmel/ATmega_DFP/1.2.132/gcc/dev/atmega328p/avr5/crtatmega328p.o
 *(.init2)
 *(.init3)
 *(.init3)
 *(.init4)
 .init4         0x00000810       0x16 c:/program files (x86)/atmel/studio/7.0/toolchain/avr8/avr8-gnu-toolchain/bin/../lib/gcc/avr/5.4.0/avr5\libgcc.a(_copy_data.o)
                0x00000810                __do_copy_data
 .init4         0x00000826       0x10 c:/program files (x86)/atmel/studio/7.0/toolchain/avr8/avr8-gnu-toolchain/bin/../lib/gcc/avr/5.4.0/avr5\libgcc.a(_clear_bss.o)
                0x00000826                __do_clear_bss
 *(.init4)
 *(.init5)
 *(.init5)
 *(.init6)
 .init6         0x00000836       0x16 c:/program files (x86)/atmel/studio/7.0/toolchain/avr8/avr8-gnu-toolchain/bin/../lib/gcc/avr/5.4.0/avr5\libgcc.a(_ctors.o)
                0x00000836                __do_global_ctors
 *(.init6)
 *(.init7)
 *(.init7)
 *(.init8)
 *(.init8)
 *(.init9)
 .init9         0x0000084c        0x8 C:/Program Files (x86)/Atmel/Studio/7.0/Packs/atmel/ATmega_DFP/1.2.132/gcc/dev/atmega328p/avr5/crtatmega328p.o
 *(.init9)
 *(.text)
 .text          0x00000854        0x4 C:/Program Files (x86)/Atmel/Studio/7.0/Packs/atmel/ATmega_DFP/1.2.132/gcc/dev/atmega328p/avr5/crtatmega328p.o
                0x00000854                __vector_22
                0x00000854                __vector_1
                0x00000854                __vector_12
                0x00000854                __bad_interrupt
                0x00000854                __vector_6
                0x00000854                __vector_23
                0x00000854                __vector_25
                0x00000854                __vector_11
                0x00000854                __vector_13
                0x00000854                __vector_17
                0x00000854                __vector_7
                0x00000854                __vector_9
                0x00000854                __vector_2
                0x00000854                __vector_21
                0x00000854                __vector_15
                0x00000854                __vector_8
                0x00000854                __vector_14
                0x00000854                __vector_10
                0x00000854                __vector_20
                0x00000858                . = ALIGN (0x2)
 *(.text.*)
 .text._ZN13Adafruit_FONA9availableEv
                0x00000858       0x18 Adafruit_FONA.o
                0x00000858                _ZN13Adafruit_FONA9availableEv
 .text._ZN13Adafruit_FONA5writeEh
                0x00000870       0x18 Adafruit_FONA.o
                0x00000870                _ZN13Adafruit_FONA5writeEh
 .text._ZN13Adafruit_FONA4readEv
                0x00000888       0x18 Adafruit_FONA.o
                0x00000888                _ZN13Adafruit_FONA4readEv
 .text._ZN13Adafruit_FONA4peekEv
                0x000008a0       0x18 Adafruit_FONA.o
                0x000008a0                _ZN13Adafruit_FONA4peekEv
 .text._ZN13Adafruit_FONA5flushEv
                0x000008b8       0x18 Adafruit_FONA.o
                0x000008b8                _ZN13Adafruit_FONA5flushEv
 .text._ZN13Adafruit_FONAC2Eab
                0x000008d0       0x7a Adafruit_FONA.o
                0x000008d0                _ZN13Adafruit_FONAC2Eab
                0x000008d0                _ZN13Adafruit_FONAC1Eab
 .text._ZN13Adafruit_FONA19internalReadRawDataEPcj
                0x0000094a       0x84 Adafruit_FONA.o
                0x0000094a                _ZN13Adafruit_FONA19internalReadRawDataEPcj
 .text._ZN13Adafruit_FONA12setUserAgentE6String
                0x000009ce        0x8 Adafruit_FONA.o
                0x000009ce                _ZN13Adafruit_FONA12setUserAgentE6String
 .text._ZN13Adafruit_FONA10flushInputEv
                0x000009d6       0x58 Adafruit_FONA.o
                0x000009d6                _ZN13Adafruit_FONA10flushInputEv
 .text._ZN13Adafruit_FONA15HTTP_para_startEPK19__FlashStringHelperb
                0x00000a2e       0x7a Adafruit_FONA.o
                0x00000a2e                _ZN13Adafruit_FONA15HTTP_para_startEPK19__FlashStringHelperb
 .text._ZN13Adafruit_FONA8readlineEjb
                0x00000aa8       0xc4 Adafruit_FONA.o
                0x00000aa8                _ZN13Adafruit_FONA8readlineEjb
 .text._ZN13Adafruit_FONA11expectReplyEPK19__FlashStringHelperj
                0x00000b6c       0x48 Adafruit_FONA.o
                0x00000b6c                _ZN13Adafruit_FONA11expectReplyEPK19__FlashStringHelperj
 .text._ZN13Adafruit_FONA13HTTP_para_endEb
                0x00000bb4       0x3c Adafruit_FONA.o
                0x00000bb4                _ZN13Adafruit_FONA13HTTP_para_endEb
 .text._ZN13Adafruit_FONA9HTTP_paraEPK19__FlashStringHelper6String
                0x00000bf0       0x32 Adafruit_FONA.o
                0x00000bf0                _ZN13Adafruit_FONA9HTTP_paraEPK19__FlashStringHelper6String
 .text._ZN13Adafruit_FONA9HTTP_paraEPK19__FlashStringHelperS2_
                0x00000c22       0x32 Adafruit_FONA.o
                0x00000c22                _ZN13Adafruit_FONA9HTTP_paraEPK19__FlashStringHelperS2_
 .text._ZN13Adafruit_FONA9HTTP_paraEPK19__FlashStringHelperl
                0x00000c54       0x42 Adafruit_FONA.o
                0x00000c54                _ZN13Adafruit_FONA9HTTP_paraEPK19__FlashStringHelperl
 .text._ZN13Adafruit_FONA9HTTP_dataEmm
                0x00000c96       0xd4 Adafruit_FONA.o
                0x00000c96                _ZN13Adafruit_FONA9HTTP_dataEmm
 .text._ZN13Adafruit_FONA8getReplyEPK19__FlashStringHelperj
                0x00000d6a       0x72 Adafruit_FONA.o
                0x00000d6a                _ZN13Adafruit_FONA8getReplyEPK19__FlashStringHelperj
 .text._ZN13Adafruit_FONA8getReplyEPK19__FlashStringHelperlj
                0x00000ddc       0xb4 Adafruit_FONA.o
                0x00000ddc                _ZN13Adafruit_FONA8getReplyEPK19__FlashStringHelperlj
 .text._ZN13Adafruit_FONA14getReplyQuotedEPK19__FlashStringHelperS2_j
                0x00000e90       0xc8 Adafruit_FONA.o
                0x00000e90                _ZN13Adafruit_FONA14getReplyQuotedEPK19__FlashStringHelperS2_j
 .text._ZN13Adafruit_FONA14sendCheckReplyEPK19__FlashStringHelperS2_j
                0x00000f58       0x34 Adafruit_FONA.o
                0x00000f58                _ZN13Adafruit_FONA14sendCheckReplyEPK19__FlashStringHelperS2_j
 .text._ZN13Adafruit_FONA5beginEhh
                0x00000f8c      0x26e Adafruit_FONA.o
                0x00000f8c                _ZN13Adafruit_FONA5beginEhh
 .text._ZN13Adafruit_FONA9HTTP_initEv
                0x000011fa       0x16 Adafruit_FONA.o
                0x000011fa                _ZN13Adafruit_FONA9HTTP_initEv
 .text._ZN13Adafruit_FONA9HTTP_termEv
                0x00001210       0x16 Adafruit_FONA.o
                0x00001210                _ZN13Adafruit_FONA9HTTP_termEv
 .text._ZN13Adafruit_FONA10HTTP_setupEPK19__FlashStringHelper
                0x00001226       0xa6 Adafruit_FONA.o
                0x00001226                _ZN13Adafruit_FONA10HTTP_setupEPK19__FlashStringHelper
 .text._ZN13Adafruit_FONA14sendCheckReplyEPK19__FlashStringHelperlS2_j
                0x000012cc       0x40 Adafruit_FONA.o
                0x000012cc                _ZN13Adafruit_FONA14sendCheckReplyEPK19__FlashStringHelperlS2_j
 .text._ZN13Adafruit_FONA20sendCheckReplyQuotedEPK19__FlashStringHelperS2_S2_j
                0x0000130c       0x38 Adafruit_FONA.o
                0x0000130c                _ZN13Adafruit_FONA20sendCheckReplyQuotedEPK19__FlashStringHelperS2_S2_j
 .text._ZN13Adafruit_FONA10enableGPRSEb
                0x00001344      0x2e8 Adafruit_FONA.o
                0x00001344                _ZN13Adafruit_FONA10enableGPRSEb
 .text._ZN13Adafruit_FONA10parseReplyEPK19__FlashStringHelperPjch
                0x0000162c       0x6a Adafruit_FONA.o
                0x0000162c                _ZN13Adafruit_FONA10parseReplyEPK19__FlashStringHelperPjch
 .text._ZN13Adafruit_FONA12HTTP_readallEjPc
                0x00001696       0x76 Adafruit_FONA.o
                0x00001696                _ZN13Adafruit_FONA12HTTP_readallEjPc
 .text._ZN13Adafruit_FONA11HTTP_actionEhPjS0_l
                0x0000170c       0xbc Adafruit_FONA.o
                0x0000170c                _ZN13Adafruit_FONA11HTTP_actionEhPjS0_l
 .text._ZN13Adafruit_FONA15HTTP_POST_startEPK19__FlashStringHelperS2_PKhjPjjS5_Pc
                0x000017c8      0x12e Adafruit_FONA.o
                0x000017c8                _ZN13Adafruit_FONA15HTTP_POST_startEPK19__FlashStringHelperS2_PKhjPjjS5_Pc
 .text._ZN13Adafruit_FONA16sendDataOverGprsEPhjPcjPjS2_
                0x000018f6       0xf8 Adafruit_FONA.o
                0x000018f6                _ZN13Adafruit_FONA16sendDataOverGprsEPhjPcjPjS2_
 .text._ZN13Adafruit_FONA14sendParseReplyEPK19__FlashStringHelperS2_Pjch
                0x000019ee       0x58 Adafruit_FONA.o
                0x000019ee                _ZN13Adafruit_FONA14sendParseReplyEPK19__FlashStringHelperS2_Pjch
 .text._ZN13Adafruit_FONA14getBattPercentEPj
                0x00001a46       0x1e Adafruit_FONA.o
                0x00001a46                _ZN13Adafruit_FONA14getBattPercentEPj
 .text._ZN13Adafruit_FONA7getRSSIEv
                0x00001a64       0xde Adafruit_FONA.o
                0x00001a64                _ZN13Adafruit_FONA7getRSSIEv
 .text._ZN10GsmPayloadC2Ev
                0x00001b42       0x1c GsmPayload.o
                0x00001b42                _ZN10GsmPayloadC1Ev
                0x00001b42                _ZN10GsmPayloadC2Ev
 .text._ZN10GsmPayload23getEncodedPayloadSize_SEh
                0x00001b5e        0xe GsmPayload.o
                0x00001b5e                _ZN10GsmPayload23getEncodedPayloadSize_SEh
 .text._ZN10GsmPayload16createRawPayloadEPh
                0x00001b6c       0x2e GsmPayload.o
                0x00001b6c                _ZN10GsmPayload16createRawPayloadEPh
 .text._ZN10GsmPayload20createEncodedPayloadEPc
                0x00001b9a       0x78 GsmPayload.o
                0x00001b9a                _ZN10GsmPayload20createEncodedPayloadEPc
 .text._ZN10GsmPayload13setSensorDataEP10SensorDatah
                0x00001c12        0xa GsmPayload.o
                0x00001c12                _ZN10GsmPayload13setSensorDataEP10SensorDatah
 .text._ZN10GsmPayload11setModuleIdEh
                0x00001c1c        0x6 GsmPayload.o
                0x00001c1c                _ZN10GsmPayload11setModuleIdEh
 .text._ZN10GsmPayload13setBootNumberEj
                0x00001c22        0x8 GsmPayload.o
                0x00001c22                _ZN10GsmPayload13setBootNumberEj
 .text._ZN10GsmPayload7setRSSIE13FONA_GET_RSSI
                0x00001c2a        0xc GsmPayload.o
                0x00001c2a                _ZN10GsmPayload7setRSSIE13FONA_GET_RSSI
 .text._ZN7Helpers9printRSSIEP13FONA_GET_RSSI
                0x00001c36       0xe2 Helpers.o
                0x00001c36                _ZN7Helpers9printRSSIEP13FONA_GET_RSSI
 .text._ZN7Helpers12isSignalGoodEP13FONA_GET_RSSI
                0x00001d18       0x18 Helpers.o
                0x00001d18                _ZN7Helpers12isSignalGoodEP13FONA_GET_RSSI
 .text._ZN7Helpers15printSensorDataEP10SensorData
                0x00001d30       0xc4 Helpers.o
                0x00001d30                _ZN7Helpers15printSensorDataEP10SensorData
 .text._ZN7Helpers18printDailySendDataEP14DailyCycleData
                0x00001df4      0x188 Helpers.o
                0x00001df4                _ZN7Helpers18printDailySendDataEP14DailyCycleData
 .text._ZN7Helpers12freeListSizeEv
                0x00001f7c       0x24 Helpers.o
                0x00001f7c                _ZN7Helpers12freeListSizeEv
 .text._ZN7Helpers10freeMemoryEv
                0x00001fa0       0x50 Helpers.o
                0x00001fa0                _ZN7Helpers10freeMemoryEv
 .text._ZN7Helpers14base64_enc_lenEi
                0x00001ff0       0x2e Helpers.o
                0x00001ff0                _ZN7Helpers14base64_enc_lenEi
 .text._Z8a3_to_a4PhS_
                0x0000201e       0x48 Helpers.o
                0x0000201e                _Z8a3_to_a4PhS_
 .text._ZN7Helpers13base64_encodeEPcPhi
                0x00002066      0x154 Helpers.o
                0x00002066                _ZN7Helpers13base64_encodeEPcPhi
 .text.setup    0x000021ba       0x4e Main_SignalLogging.o
                0x000021ba                setup
 .text._Z21ensureFonaInitialisedb
                0x00002208      0x266 Main_SignalLogging.o
                0x00002208                _Z21ensureFonaInitialisedb
 .text._Z15switchOffSystemv
                0x0000246e       0x20 Main_SignalLogging.o
                0x0000246e                _Z15switchOffSystemv
 .text._Z12takeReadingsv
                0x0000248e       0x58 Main_SignalLogging.o
                0x0000248e                _Z12takeReadingsv
 .text._Z17createEncodedDataPcPhh13FONA_GET_RSSI
                0x000024e6      0x166 Main_SignalLogging.o
                0x000024e6                _Z17createEncodedDataPcPhh13FONA_GET_RSSI
 .text._Z8sendDatav
                0x0000264c      0x200 Main_SignalLogging.o
                0x0000264c                _Z8sendDatav
 .text.loop     0x0000284c       0xbe Main_SignalLogging.o
                0x0000284c                loop
 .text.startup._GLOBAL__sub_I___fona
                0x0000290a       0x36 Main_SignalLogging.o
 .text.exit._GLOBAL__sub_D___fona
                0x00002940       0x14 Main_SignalLogging.o
 .text._ZN7TwoWire5writeEi
                0x00002954        0xe RmMemManager.o
                0x00002954                _ZN7TwoWire5writeEi
 .text._ZN12RmMemManagerC2Eb
                0x00002962       0x22 RmMemManager.o
                0x00002962                _ZN12RmMemManagerC1Eb
                0x00002962                _ZN12RmMemManagerC2Eb
 .text._ZN12RmMemManager14loadSensorDataEP10SensorDatah
                0x00002984       0x2c RmMemManager.o
                0x00002984                _ZN12RmMemManager14loadSensorDataEP10SensorDatah
 .text._ZN12RmMemManager16appendDailyEntryEP14DailyCycleData
                0x000029b0        0x2 RmMemManager.o
                0x000029b0                _ZN12RmMemManager16appendDailyEntryEP14DailyCycleData
 .text._Z12internalReadjPhh
                0x000029b2       0x86 RmMemManager.o
                0x000029b2                _Z12internalReadjPhh
 .text._ZN12RmMemManager18getUCharFromMemoryEj
                0x00002a38       0x22 RmMemManager.o
                0x00002a38                _ZN12RmMemManager18getUCharFromMemoryEj
 .text._ZN12RmMemManager11getModuleIdEv
                0x00002a5a        0x8 RmMemManager.o
                0x00002a5a                _ZN12RmMemManager11getModuleIdEv
 .text._ZN12RmMemManager19getUShortFromMemoryEj
                0x00002a62       0x26 RmMemManager.o
                0x00002a62                _ZN12RmMemManager19getUShortFromMemoryEj
 .text._ZN12RmMemManager12getBootCountEv
                0x00002a88        0x8 RmMemManager.o
                0x00002a88                _ZN12RmMemManager12getBootCountEv
 .text._ZN13SensorManagerC2Eb
                0x00002a90        0x6 SensorManager.o
                0x00002a90                _ZN13SensorManagerC1Eb
                0x00002a90                _ZN13SensorManagerC2Eb
 .text._ZN13SensorManager16takeSampleAnalogEh
                0x00002a96       0x14 SensorManager.o
                0x00002a96                _ZN13SensorManager16takeSampleAnalogEh
 .text._ZN13SensorManager11getMockDataEP10SensorData
                0x00002aaa       0x4e SensorManager.o
                0x00002aaa                _ZN13SensorManager11getMockDataEP10SensorData
 .text._ZN13SensorManager8readDataEP10SensorData
                0x00002af8       0x78 SensorManager.o
                0x00002af8                _ZN13SensorManager8readDataEP10SensorData
 .text.twi_init
                0x00002b70       0x3c src/libraries/Wire/src/utility/twi.o
                0x00002b70                twi_init
 .text.twi_readFrom
                0x00002bac       0x90 src/libraries/Wire/src/utility/twi.o
                0x00002bac                twi_readFrom
 .text.twi_writeTo
                0x00002c3c       0xac src/libraries/Wire/src/utility/twi.o
                0x00002c3c                twi_writeTo
 .text.twi_transmit
                0x00002ce8       0x50 src/libraries/Wire/src/utility/twi.o
                0x00002ce8                twi_transmit
 .text.twi_attachSlaveRxEvent
                0x00002d38        0xa src/libraries/Wire/src/utility/twi.o
                0x00002d38                twi_attachSlaveRxEvent
 .text.twi_attachSlaveTxEvent
                0x00002d42        0xa src/libraries/Wire/src/utility/twi.o
                0x00002d42                twi_attachSlaveTxEvent
 .text.twi_stop
                0x00002d4c       0x14 src/libraries/Wire/src/utility/twi.o
                0x00002d4c                twi_stop
 .text.twi_releaseBus
                0x00002d60        0xc src/libraries/Wire/src/utility/twi.o
                0x00002d60                twi_releaseBus
 .text.__vector_24
                0x00002d6c      0x25a src/libraries/Wire/src/utility/twi.o
                0x00002d6c                __vector_24
 .text._ZN7TwoWire9availableEv
                0x00002fc6       0x10 src/libraries/Wire/src/Wire.o
                0x00002fc6                _ZN7TwoWire9availableEv
 .text._ZN7TwoWire4readEv
                0x00002fd6       0x28 src/libraries/Wire/src/Wire.o
                0x00002fd6                _ZN7TwoWire4readEv
 .text._ZN7TwoWire4peekEv
                0x00002ffe       0x1e src/libraries/Wire/src/Wire.o
                0x00002ffe                _ZN7TwoWire4peekEv
 .text._ZN7TwoWire5flushEv
                0x0000301c        0x2 src/libraries/Wire/src/Wire.o
                0x0000301c                _ZN7TwoWire5flushEv
 .text._ZN7TwoWire16onReceiveServiceEPhi
                0x0000301e       0x54 src/libraries/Wire/src/Wire.o
                0x0000301e                _ZN7TwoWire16onReceiveServiceEPhi
 .text._ZN7TwoWire16onRequestServiceEv
                0x00003072       0x18 src/libraries/Wire/src/Wire.o
                0x00003072                _ZN7TwoWire16onRequestServiceEv
 .text._ZN7TwoWire5writeEPKhj
                0x0000308a       0x5a src/libraries/Wire/src/Wire.o
                0x0000308a                _ZN7TwoWire5writeEPKhj
 .text._ZN7TwoWire5writeEh
                0x000030e4       0x5e src/libraries/Wire/src/Wire.o
                0x000030e4                _ZN7TwoWire5writeEh
 .text._ZN7TwoWireC2Ev
                0x00003142       0x20 src/libraries/Wire/src/Wire.o
                0x00003142                _ZN7TwoWireC1Ev
                0x00003142                _ZN7TwoWireC2Ev
 .text._ZN7TwoWire5beginEv
                0x00003162       0x24 src/libraries/Wire/src/Wire.o
                0x00003162                _ZN7TwoWire5beginEv
 .text._ZN7TwoWire17beginTransmissionEh
                0x00003186       0x14 src/libraries/Wire/src/Wire.o
                0x00003186                _ZN7TwoWire17beginTransmissionEh
 .text._ZN7TwoWire17beginTransmissionEi
                0x0000319a        0x4 src/libraries/Wire/src/Wire.o
                0x0000319a                _ZN7TwoWire17beginTransmissionEi
 .text._ZN7TwoWire15endTransmissionEh
                0x0000319e       0x26 src/libraries/Wire/src/Wire.o
                0x0000319e                _ZN7TwoWire15endTransmissionEh
 .text._ZN7TwoWire11requestFromEhhmhh
                0x000031c4       0xa8 src/libraries/Wire/src/Wire.o
                0x000031c4                _ZN7TwoWire11requestFromEhhmhh
 .text._ZN7TwoWire11requestFromEhhh
                0x0000326c       0x20 src/libraries/Wire/src/Wire.o
                0x0000326c                _ZN7TwoWire11requestFromEhhh
 .text._ZN7TwoWire11requestFromEii
                0x0000328c        0x6 src/libraries/Wire/src/Wire.o
                0x0000328c                _ZN7TwoWire11requestFromEii
 .text._ZN7TwoWire15endTransmissionEv
                0x00003292        0x6 src/libraries/Wire/src/Wire.o
                0x00003292                _ZN7TwoWire15endTransmissionEv
 .text.startup._GLOBAL__sub_I__ZN7TwoWire8rxBufferE
                0x00003298        0x8 src/libraries/Wire/src/Wire.o
 .text._ZN13ExtendedTests18endExtendedGsmTestEv
                0x000032a0       0x18 ExtendedTests.o
                0x000032a0                _ZN13ExtendedTests18endExtendedGsmTestEv
 .text._ZN13ExtendedTests20startExtendedGsmTestEP13Adafruit_FONAP12RmMemManager
                0x000032b8       0xa6 ExtendedTests.o
                0x000032b8                _ZN13ExtendedTests20startExtendedGsmTestEP13Adafruit_FONAP12RmMemManager
 .text._ZN14HardwareSerial9availableEv
                0x0000335e       0x18 C:\Users\Saba Baig\Documents\Atmel Studio\7.0\RM\RM\ArduinoCore\Debug\libArduinoCore.a(HardwareSerial.o)
                0x0000335e                _ZN14HardwareSerial9availableEv
 .text._ZN14HardwareSerial4peekEv
                0x00003376       0x1c C:\Users\Saba Baig\Documents\Atmel Studio\7.0\RM\RM\ArduinoCore\Debug\libArduinoCore.a(HardwareSerial.o)
                0x00003376                _ZN14HardwareSerial4peekEv
 .text._ZN14HardwareSerial4readEv
                0x00003392       0x28 C:\Users\Saba Baig\Documents\Atmel Studio\7.0\RM\RM\ArduinoCore\Debug\libArduinoCore.a(HardwareSerial.o)
                0x00003392                _ZN14HardwareSerial4readEv
 .text._Z14serialEventRunv
                0x000033ba       0x1c C:\Users\Saba Baig\Documents\Atmel Studio\7.0\RM\RM\ArduinoCore\Debug\libArduinoCore.a(HardwareSerial.o)
                0x000033ba                _Z14serialEventRunv
 .text._ZN14HardwareSerial17_tx_udr_empty_irqEv
                0x000033d6       0x42 C:\Users\Saba Baig\Documents\Atmel Studio\7.0\RM\RM\ArduinoCore\Debug\libArduinoCore.a(HardwareSerial.o)
                0x000033d6                _ZN14HardwareSerial17_tx_udr_empty_irqEv
 .text._ZN14HardwareSerial5writeEh
                0x00003418       0x8e C:\Users\Saba Baig\Documents\Atmel Studio\7.0\RM\RM\ArduinoCore\Debug\libArduinoCore.a(HardwareSerial.o)
                0x00003418                _ZN14HardwareSerial5writeEh
 .text._ZN14HardwareSerial5flushEv
                0x000034a6       0x44 C:\Users\Saba Baig\Documents\Atmel Studio\7.0\RM\RM\ArduinoCore\Debug\libArduinoCore.a(HardwareSerial.o)
                0x000034a6                _ZN14HardwareSerial5flushEv
 .text._ZN14HardwareSerial5beginEmh
                0x000034ea       0xca C:\Users\Saba Baig\Documents\Atmel Studio\7.0\RM\RM\ArduinoCore\Debug\libArduinoCore.a(HardwareSerial.o)
                0x000034ea                _ZN14HardwareSerial5beginEmh
 .text.__vector_18
                0x000035b4       0x64 C:\Users\Saba Baig\Documents\Atmel Studio\7.0\RM\RM\ArduinoCore\Debug\libArduinoCore.a(HardwareSerial0.o)
                0x000035b4                __vector_18
 .text.__vector_19
                0x00003618       0x4c C:\Users\Saba Baig\Documents\Atmel Studio\7.0\RM\RM\ArduinoCore\Debug\libArduinoCore.a(HardwareSerial0.o)
                0x00003618                __vector_19
 .text._Z17Serial0_availablev
                0x00003664       0x14 C:\Users\Saba Baig\Documents\Atmel Studio\7.0\RM\RM\ArduinoCore\Debug\libArduinoCore.a(HardwareSerial0.o)
                0x00003664                _Z17Serial0_availablev
 .text.startup._GLOBAL__sub_I___vector_18
                0x00003678       0x5a C:\Users\Saba Baig\Documents\Atmel Studio\7.0\RM\RM\ArduinoCore\Debug\libArduinoCore.a(HardwareSerial0.o)
 .text.initVariant
                0x000036d2        0x2 C:\Users\Saba Baig\Documents\Atmel Studio\7.0\RM\RM\ArduinoCore\Debug\libArduinoCore.a(main.o)
                0x000036d2                initVariant
 .text.startup.main
                0x000036d4       0x1e C:\Users\Saba Baig\Documents\Atmel Studio\7.0\RM\RM\ArduinoCore\Debug\libArduinoCore.a(main.o)
                0x000036d4                main
 .text._Znwj    0x000036f2        0x4 C:\Users\Saba Baig\Documents\Atmel Studio\7.0\RM\RM\ArduinoCore\Debug\libArduinoCore.a(new.o)
                0x000036f2                _Znwj
 .text._ZN5Print5writeEPKhj
                0x000036f6       0x54 C:\Users\Saba Baig\Documents\Atmel Studio\7.0\RM\RM\ArduinoCore\Debug\libArduinoCore.a(Print.o)
                0x000036f6                _ZN5Print5writeEPKhj
 .text._ZN5Print5writeEPKc
                0x0000374a       0x2a C:\Users\Saba Baig\Documents\Atmel Studio\7.0\RM\RM\ArduinoCore\Debug\libArduinoCore.a(Print.o)
                0x0000374a                _ZN5Print5writeEPKc
 .text._ZN5Print5printEPK19__FlashStringHelper
                0x00003774       0x48 C:\Users\Saba Baig\Documents\Atmel Studio\7.0\RM\RM\ArduinoCore\Debug\libArduinoCore.a(Print.o)
                0x00003774                _ZN5Print5printEPK19__FlashStringHelper
 .text._ZN5Print5printERK6String
                0x000037bc       0x1c C:\Users\Saba Baig\Documents\Atmel Studio\7.0\RM\RM\ArduinoCore\Debug\libArduinoCore.a(Print.o)
                0x000037bc                _ZN5Print5printERK6String
 .text._ZN5Print5printEPKc
                0x000037d8        0x4 C:\Users\Saba Baig\Documents\Atmel Studio\7.0\RM\RM\ArduinoCore\Debug\libArduinoCore.a(Print.o)
                0x000037d8                _ZN5Print5printEPKc
 .text._ZN5Print5printEc
                0x000037dc        0xe C:\Users\Saba Baig\Documents\Atmel Studio\7.0\RM\RM\ArduinoCore\Debug\libArduinoCore.a(Print.o)
                0x000037dc                _ZN5Print5printEc
 .text._ZN5Print7printlnEv
                0x000037ea        0x8 C:\Users\Saba Baig\Documents\Atmel Studio\7.0\RM\RM\ArduinoCore\Debug\libArduinoCore.a(Print.o)
                0x000037ea                _ZN5Print7printlnEv
 .text._ZN5Print7printlnEPK19__FlashStringHelper
                0x000037f2       0x24 C:\Users\Saba Baig\Documents\Atmel Studio\7.0\RM\RM\ArduinoCore\Debug\libArduinoCore.a(Print.o)
                0x000037f2                _ZN5Print7printlnEPK19__FlashStringHelper
 .text._ZN5Print7printlnEPKc
                0x00003816       0x24 C:\Users\Saba Baig\Documents\Atmel Studio\7.0\RM\RM\ArduinoCore\Debug\libArduinoCore.a(Print.o)
                0x00003816                _ZN5Print7printlnEPKc
 .text._ZN5Print7printlnEc
                0x0000383a       0x24 C:\Users\Saba Baig\Documents\Atmel Studio\7.0\RM\RM\ArduinoCore\Debug\libArduinoCore.a(Print.o)
                0x0000383a                _ZN5Print7printlnEc
 .text._ZN5Print11printNumberEmh
                0x0000385e       0x92 C:\Users\Saba Baig\Documents\Atmel Studio\7.0\RM\RM\ArduinoCore\Debug\libArduinoCore.a(Print.o)
                0x0000385e                _ZN5Print11printNumberEmh
 .text._ZN5Print5printEmi
                0x000038f0       0x1a C:\Users\Saba Baig\Documents\Atmel Studio\7.0\RM\RM\ArduinoCore\Debug\libArduinoCore.a(Print.o)
                0x000038f0                _ZN5Print5printEmi
 .text._ZN5Print5printEhi
                0x0000390a        0xe C:\Users\Saba Baig\Documents\Atmel Studio\7.0\RM\RM\ArduinoCore\Debug\libArduinoCore.a(Print.o)
                0x0000390a                _ZN5Print5printEhi
 .text._ZN5Print7printlnEhi
                0x00003918       0x24 C:\Users\Saba Baig\Documents\Atmel Studio\7.0\RM\RM\ArduinoCore\Debug\libArduinoCore.a(Print.o)
                0x00003918                _ZN5Print7printlnEhi
 .text._ZN5Print5printEji
                0x0000393c        0xc C:\Users\Saba Baig\Documents\Atmel Studio\7.0\RM\RM\ArduinoCore\Debug\libArduinoCore.a(Print.o)
                0x0000393c                _ZN5Print5printEji
 .text._ZN5Print7printlnEji
                0x00003948       0x24 C:\Users\Saba Baig\Documents\Atmel Studio\7.0\RM\RM\ArduinoCore\Debug\libArduinoCore.a(Print.o)
                0x00003948                _ZN5Print7printlnEji
 .text._ZN5Print7printlnEmi
                0x0000396c       0x24 C:\Users\Saba Baig\Documents\Atmel Studio\7.0\RM\RM\ArduinoCore\Debug\libArduinoCore.a(Print.o)
                0x0000396c                _ZN5Print7printlnEmi
 .text._ZN5Print5printEli
                0x00003990       0x90 C:\Users\Saba Baig\Documents\Atmel Studio\7.0\RM\RM\ArduinoCore\Debug\libArduinoCore.a(Print.o)
                0x00003990                _ZN5Print5printEli
 .text._ZN5Print5printEii
                0x00003a20        0xe C:\Users\Saba Baig\Documents\Atmel Studio\7.0\RM\RM\ArduinoCore\Debug\libArduinoCore.a(Print.o)
                0x00003a20                _ZN5Print5printEii
 .text._ZN5Print7printlnEii
                0x00003a2e       0x24 C:\Users\Saba Baig\Documents\Atmel Studio\7.0\RM\RM\ArduinoCore\Debug\libArduinoCore.a(Print.o)
                0x00003a2e                _ZN5Print7printlnEii
 .text._ZN5Print7printlnEli
                0x00003a52       0x24 C:\Users\Saba Baig\Documents\Atmel Studio\7.0\RM\RM\ArduinoCore\Debug\libArduinoCore.a(Print.o)
                0x00003a52                _ZN5Print7printlnEli
 .text.__vector_16
                0x00003a76       0x94 C:\Users\Saba Baig\Documents\Atmel Studio\7.0\RM\RM\ArduinoCore\Debug\libArduinoCore.a(wiring.o)
                0x00003a76                __vector_16
 .text.micros   0x00003b0a       0x4a C:\Users\Saba Baig\Documents\Atmel Studio\7.0\RM\RM\ArduinoCore\Debug\libArduinoCore.a(wiring.o)
                0x00003b0a                micros
 .text.delay    0x00003b54       0x78 C:\Users\Saba Baig\Documents\Atmel Studio\7.0\RM\RM\ArduinoCore\Debug\libArduinoCore.a(wiring.o)
                0x00003b54                delay
 .text.init     0x00003bcc       0x76 C:\Users\Saba Baig\Documents\Atmel Studio\7.0\RM\RM\ArduinoCore\Debug\libArduinoCore.a(wiring.o)
                0x00003bcc                init
 .text.analogRead
                0x00003c42       0x3a C:\Users\Saba Baig\Documents\Atmel Studio\7.0\RM\RM\ArduinoCore\Debug\libArduinoCore.a(wiring_analog.o)
                0x00003c42                analogRead
 .text.turnOffPWM
                0x00003c7c       0x52 C:\Users\Saba Baig\Documents\Atmel Studio\7.0\RM\RM\ArduinoCore\Debug\libArduinoCore.a(wiring_digital.o)
 .text.pinMode  0x00003cce       0x78 C:\Users\Saba Baig\Documents\Atmel Studio\7.0\RM\RM\ArduinoCore\Debug\libArduinoCore.a(wiring_digital.o)
                0x00003cce                pinMode
 .text.digitalWrite
                0x00003d46       0x5e C:\Users\Saba Baig\Documents\Atmel Studio\7.0\RM\RM\ArduinoCore\Debug\libArduinoCore.a(wiring_digital.o)
                0x00003d46                digitalWrite
 .text._ZN6StringD2Ev
                0x00003da4        0xa C:\Users\Saba Baig\Documents\Atmel Studio\7.0\RM\RM\ArduinoCore\Debug\libArduinoCore.a(WString.o)
                0x00003da4                _ZN6StringD2Ev
                0x00003da4                _ZN6StringD1Ev
 .text._ZN6String10invalidateEv
                0x00003dae       0x24 C:\Users\Saba Baig\Documents\Atmel Studio\7.0\RM\RM\ArduinoCore\Debug\libArduinoCore.a(WString.o)
                0x00003dae                _ZN6String10invalidateEv
 .text._ZN6String12changeBufferEj
                0x00003dd2       0x34 C:\Users\Saba Baig\Documents\Atmel Studio\7.0\RM\RM\ArduinoCore\Debug\libArduinoCore.a(WString.o)
                0x00003dd2                _ZN6String12changeBufferEj
 .text._ZN6String7reserveEj
                0x00003e06       0x38 C:\Users\Saba Baig\Documents\Atmel Studio\7.0\RM\RM\ArduinoCore\Debug\libArduinoCore.a(WString.o)
                0x00003e06                _ZN6String7reserveEj
 .text._ZN6String4copyEPKcj
                0x00003e3e       0x42 C:\Users\Saba Baig\Documents\Atmel Studio\7.0\RM\RM\ArduinoCore\Debug\libArduinoCore.a(WString.o)
                0x00003e3e                _ZN6String4copyEPKcj
 .text._ZN6StringC2EPKc
                0x00003e80       0x2a C:\Users\Saba Baig\Documents\Atmel Studio\7.0\RM\RM\ArduinoCore\Debug\libArduinoCore.a(WString.o)
                0x00003e80                _ZN6StringC2EPKc
                0x00003e80                _ZN6StringC1EPKc
 .text._ZN6StringaSERKS_
                0x00003eaa       0x2e C:\Users\Saba Baig\Documents\Atmel Studio\7.0\RM\RM\ArduinoCore\Debug\libArduinoCore.a(WString.o)
                0x00003eaa                _ZN6StringaSERKS_
 .text._ZN6StringC2ERKS_
                0x00003ed8       0x12 C:\Users\Saba Baig\Documents\Atmel Studio\7.0\RM\RM\ArduinoCore\Debug\libArduinoCore.a(WString.o)
                0x00003ed8                _ZN6StringC2ERKS_
                0x00003ed8                _ZN6StringC1ERKS_
 .text._ZN6String6concatEPKcj
                0x00003eea       0x5c C:\Users\Saba Baig\Documents\Atmel Studio\7.0\RM\RM\ArduinoCore\Debug\libArduinoCore.a(WString.o)
                0x00003eea                _ZN6String6concatEPKcj
 .text._ZN6String6concatEh
                0x00003f46       0x56 C:\Users\Saba Baig\Documents\Atmel Studio\7.0\RM\RM\ArduinoCore\Debug\libArduinoCore.a(WString.o)
                0x00003f46                _ZN6String6concatEh
 .text._ZN14SoftwareSerial4readEv
                0x00003f9c       0x42 C:\Users\Saba Baig\Documents\Atmel Studio\7.0\RM\RM\ArduinoCore\Debug\libArduinoCore.a(SoftwareSerial.o)
                0x00003f9c                _ZN14SoftwareSerial4readEv
 .text._ZN14SoftwareSerial5writeEh
                0x00003fde       0xa0 C:\Users\Saba Baig\Documents\Atmel Studio\7.0\RM\RM\ArduinoCore\Debug\libArduinoCore.a(SoftwareSerial.o)
                0x00003fde                _ZN14SoftwareSerial5writeEh
 .text._ZN14SoftwareSerial5flushEv
                0x0000407e        0x2 C:\Users\Saba Baig\Documents\Atmel Studio\7.0\RM\RM\ArduinoCore\Debug\libArduinoCore.a(SoftwareSerial.o)
                0x0000407e                _ZN14SoftwareSerial5flushEv
 .text._ZN14SoftwareSerial4peekEv
                0x00004080       0x30 C:\Users\Saba Baig\Documents\Atmel Studio\7.0\RM\RM\ArduinoCore\Debug\libArduinoCore.a(SoftwareSerial.o)
                0x00004080                _ZN14SoftwareSerial4peekEv
 .text._ZN14SoftwareSerial9availableEv
                0x000040b0       0x30 C:\Users\Saba Baig\Documents\Atmel Studio\7.0\RM\RM\ArduinoCore\Debug\libArduinoCore.a(SoftwareSerial.o)
                0x000040b0                _ZN14SoftwareSerial9availableEv
 .text._ZN14SoftwareSerial13stopListeningEv
                0x000040e0       0x2c C:\Users\Saba Baig\Documents\Atmel Studio\7.0\RM\RM\ArduinoCore\Debug\libArduinoCore.a(SoftwareSerial.o)
                0x000040e0                _ZN14SoftwareSerial13stopListeningEv
 .text._ZN14SoftwareSerial6listenEv
                0x0000410c       0x52 C:\Users\Saba Baig\Documents\Atmel Studio\7.0\RM\RM\ArduinoCore\Debug\libArduinoCore.a(SoftwareSerial.o)
                0x0000410c                _ZN14SoftwareSerial6listenEv
 .text.__vector_3
                0x0000415e       0xf4 C:\Users\Saba Baig\Documents\Atmel Studio\7.0\RM\RM\ArduinoCore\Debug\libArduinoCore.a(SoftwareSerial.o)
                0x0000415e                __vector_5
                0x0000415e                __vector_4
                0x0000415e                __vector_3
 .text._ZN14SoftwareSerial5setTXEh
                0x00004252       0x52 C:\Users\Saba Baig\Documents\Atmel Studio\7.0\RM\RM\ArduinoCore\Debug\libArduinoCore.a(SoftwareSerial.o)
                0x00004252                _ZN14SoftwareSerial5setTXEh
 .text._ZN14SoftwareSerial5setRXEh
                0x000042a4       0x52 C:\Users\Saba Baig\Documents\Atmel Studio\7.0\RM\RM\ArduinoCore\Debug\libArduinoCore.a(SoftwareSerial.o)
                0x000042a4                _ZN14SoftwareSerial5setRXEh
 .text._ZN14SoftwareSerialC2Ehhb
                0x000042f6       0x56 C:\Users\Saba Baig\Documents\Atmel Studio\7.0\RM\RM\ArduinoCore\Debug\libArduinoCore.a(SoftwareSerial.o)
                0x000042f6                _ZN14SoftwareSerialC1Ehhb
                0x000042f6                _ZN14SoftwareSerialC2Ehhb
 .text._ZN14SoftwareSerial5beginEl
                0x0000434c      0x11c C:\Users\Saba Baig\Documents\Atmel Studio\7.0\RM\RM\ArduinoCore\Debug\libArduinoCore.a(SoftwareSerial.o)
                0x0000434c                _ZN14SoftwareSerial5beginEl
 .text.__empty  0x00004468        0x2 C:\Users\Saba Baig\Documents\Atmel Studio\7.0\RM\RM\ArduinoCore\Debug\libArduinoCore.a(hooks.o)
                0x00004468                yield
 .text.libgcc.div
                0x0000446a       0x18 c:/program files (x86)/atmel/studio/7.0/toolchain/avr8/avr8-gnu-toolchain/bin/../lib/gcc/avr/5.4.0/avr5\libgcc.a(_udivmodqi4.o)
                0x0000446a                __udivmodqi4
 .text.libgcc.div
                0x00004482       0x28 c:/program files (x86)/atmel/studio/7.0/toolchain/avr8/avr8-gnu-toolchain/bin/../lib/gcc/avr/5.4.0/avr5\libgcc.a(_udivmodhi4.o)
                0x00004482                __udivmodhi4
 .text.libgcc.div
                0x000044aa       0x28 c:/program files (x86)/atmel/studio/7.0/toolchain/avr8/avr8-gnu-toolchain/bin/../lib/gcc/avr/5.4.0/avr5\libgcc.a(_divmodhi4.o)
                0x000044aa                _div
                0x000044aa                __divmodhi4
 .text.libgcc.div
                0x000044d2       0x44 c:/program files (x86)/atmel/studio/7.0/toolchain/avr8/avr8-gnu-toolchain/bin/../lib/gcc/avr/5.4.0/avr5\libgcc.a(_udivmodsi4.o)
                0x000044d2                __udivmodsi4
 .text.libgcc.div
                0x00004516       0x2e c:/program files (x86)/atmel/studio/7.0/toolchain/avr8/avr8-gnu-toolchain/bin/../lib/gcc/avr/5.4.0/avr5\libgcc.a(_divmodsi4.o)
                0x00004516                __divmodsi4
 .text.libgcc.div
                0x00004544       0x10 c:/program files (x86)/atmel/studio/7.0/toolchain/avr8/avr8-gnu-toolchain/bin/../lib/gcc/avr/5.4.0/avr5\libgcc.a(_negsi2.o)
                0x00004544                __negsi2
 .text.libgcc   0x00004554        0xc c:/program files (x86)/atmel/studio/7.0/toolchain/avr8/avr8-gnu-toolchain/bin/../lib/gcc/avr/5.4.0/avr5\libgcc.a(_tablejump2.o)
                0x00004554                __tablejump2__
 .text.avr-libc
                0x00004560      0x242 c:/program files (x86)/atmel/studio/7.0/toolchain/avr8/avr8-gnu-toolchain/bin/../lib/gcc/avr/5.4.0/../../../../avr/lib/avr5\libc.a(malloc.o)
                0x00004560                malloc
                0x00004690                free
 .text.avr-libc
                0x000047a2      0x18c c:/program files (x86)/atmel/studio/7.0/toolchain/avr8/avr8-gnu-toolchain/bin/../lib/gcc/avr/5.4.0/../../../../avr/lib/avr5\libc.a(realloc.o)
                0x000047a2                realloc
 .text.avr-libc
                0x0000492e       0x3c c:/program files (x86)/atmel/studio/7.0/toolchain/avr8/avr8-gnu-toolchain/bin/../lib/gcc/avr/5.4.0/../../../../avr/lib/avr5\libc.a(atoi.o)
                0x0000492e                atoi
 .text.avr-libc
                0x0000496a       0x12 c:/program files (x86)/atmel/studio/7.0/toolchain/avr8/avr8-gnu-toolchain/bin/../lib/gcc/avr/5.4.0/../../../../avr/lib/avr5\libc.a(strcmp_P.o)
                0x0000496a                strcmp_P
 .text.avr-libc
                0x0000497c       0x12 c:/program files (x86)/atmel/studio/7.0/toolchain/avr8/avr8-gnu-toolchain/bin/../lib/gcc/avr/5.4.0/../../../../avr/lib/avr5\libc.a(strlen_P.o)
                0x0000497c                __strlen_P
 .text.avr-libc
                0x0000498e       0x34 c:/program files (x86)/atmel/studio/7.0/toolchain/avr8/avr8-gnu-toolchain/bin/../lib/gcc/avr/5.4.0/../../../../avr/lib/avr5\libc.a(strstr_P.o)
                0x0000498e                strstr_P
 .text.avr-libc
                0x000049c2       0x12 c:/program files (x86)/atmel/studio/7.0/toolchain/avr8/avr8-gnu-toolchain/bin/../lib/gcc/avr/5.4.0/../../../../avr/lib/avr5\libc.a(memcpy.o)
                0x000049c2                memcpy
 .text.avr-libc
                0x000049d4       0x16 c:/program files (x86)/atmel/studio/7.0/toolchain/avr8/avr8-gnu-toolchain/bin/../lib/gcc/avr/5.4.0/../../../../avr/lib/avr5\libc.a(strchr.o)
                0x000049d4                strchr
 .text.avr-libc
                0x000049ea        0xe c:/program files (x86)/atmel/studio/7.0/toolchain/avr8/avr8-gnu-toolchain/bin/../lib/gcc/avr/5.4.0/../../../../avr/lib/avr5\libc.a(strcpy.o)
                0x000049ea                strcpy
 .text.avr-libc
                0x000049f8       0x16 c:/program files (x86)/atmel/studio/7.0/toolchain/avr8/avr8-gnu-toolchain/bin/../lib/gcc/avr/5.4.0/../../../../avr/lib/avr5\libc.a(itoa_ncheck.o)
                0x000049f8                __itoa_ncheck
 .text.avr-libc
                0x00004a0e       0x10 c:/program files (x86)/atmel/studio/7.0/toolchain/avr8/avr8-gnu-toolchain/bin/../lib/gcc/avr/5.4.0/../../../../avr/lib/avr5\libc.a(mul10.o)
                0x00004a0e                __mulhi_const_10
 .text.avr-libc
                0x00004a1e       0x34 c:/program files (x86)/atmel/studio/7.0/toolchain/avr8/avr8-gnu-toolchain/bin/../lib/gcc/avr/5.4.0/../../../../avr/lib/avr5\libc.a(utoa_ncheck.o)
                0x00004a1e                __utoa_ncheck
                0x00004a20                __utoa_common
 .text.avr-libc
                0x00004a52       0x20 c:/program files (x86)/atmel/studio/7.0/toolchain/avr8/avr8-gnu-toolchain/bin/../lib/gcc/avr/5.4.0/../../../../avr/lib/avr5\libc.a(strrev.o)
                0x00004a52                strrev
 .text.libgcc.prologue
                0x00004a72       0x38 c:/program files (x86)/atmel/studio/7.0/toolchain/avr8/avr8-gnu-toolchain/bin/../lib/gcc/avr/5.4.0/avr5\libgcc.a(_prologue.o)
                0x00004a72                __prologue_saves__
 .text.libgcc.prologue
                0x00004aaa       0x36 c:/program files (x86)/atmel/studio/7.0/toolchain/avr8/avr8-gnu-toolchain/bin/../lib/gcc/avr/5.4.0/avr5\libgcc.a(_epilogue.o)
                0x00004aaa                __epilogue_restores__
                0x00004ae0                . = ALIGN (0x2)
 *(.fini9)
 .fini9         0x00004ae0        0x0 c:/program files (x86)/atmel/studio/7.0/toolchain/avr8/avr8-gnu-toolchain/bin/../lib/gcc/avr/5.4.0/avr5\libgcc.a(_exit.o)
                0x00004ae0                _exit
                0x00004ae0                exit
 *(.fini9)
 *(.fini8)
 *(.fini8)
 *(.fini7)
 *(.fini7)
 *(.fini6)
 .fini6         0x00004ae0       0x16 c:/program files (x86)/atmel/studio/7.0/toolchain/avr8/avr8-gnu-toolchain/bin/../lib/gcc/avr/5.4.0/avr5\libgcc.a(_dtors.o)
                0x00004ae0                __do_global_dtors
 *(.fini6)
 *(.fini5)
 *(.fini5)
 *(.fini4)
 *(.fini4)
 *(.fini3)
 *(.fini3)
 *(.fini2)
 *(.fini2)
 *(.fini1)
 *(.fini1)
 *(.fini0)
 .fini0         0x00004af6        0x4 c:/program files (x86)/atmel/studio/7.0/toolchain/avr8/avr8-gnu-toolchain/bin/../lib/gcc/avr/5.4.0/avr5\libgcc.a(_exit.o)
 *(.fini0)
                0x00004afa                _etext = .

.data           0x00800100       0x9a load address 0x00004afa
                0x00800100                PROVIDE (__data_start, .)
 *(.data)
 .data          0x00800100        0x6 c:/program files (x86)/atmel/studio/7.0/toolchain/avr8/avr8-gnu-toolchain/bin/../lib/gcc/avr/5.4.0/../../../../avr/lib/avr5\libc.a(malloc.o)
                0x00800100                __malloc_heap_end
                0x00800102                __malloc_heap_start
                0x00800104                __malloc_margin
 *(.data*)
 .data.analog_reference
                0x00800106        0x1 C:\Users\Saba Baig\Documents\Atmel Studio\7.0\RM\RM\ArduinoCore\Debug\libArduinoCore.a(wiring_analog.o)
                0x00800106                analog_reference
 *(.gnu.linkonce.d*)
 *(.rodata)
 *(.rodata*)
 .rodata.str1.1
                0x00800107       0x22 Adafruit_FONA.o
                                 0x25 (size before relaxing)
 .rodata._ZTV13Adafruit_FONA
                0x00800129       0x10 Adafruit_FONA.o
                0x00800129                _ZTV13Adafruit_FONA
 .rodata.str1.1
                0x00800139       0x21 Main_SignalLogging.o
 .rodata._ZTV7TwoWire
                0x0080015a       0x10 src/libraries/Wire/src/Wire.o
                0x0080015a                _ZTV7TwoWire
 .rodata._ZTV14HardwareSerial
                0x0080016a       0x10 C:\Users\Saba Baig\Documents\Atmel Studio\7.0\RM\RM\ArduinoCore\Debug\libArduinoCore.a(HardwareSerial.o)
                0x0080016a                _ZTV14HardwareSerial
 .rodata.str1.1
                0x0080017a        0xf C:\Users\Saba Baig\Documents\Atmel Studio\7.0\RM\RM\ArduinoCore\Debug\libArduinoCore.a(Print.o)
                                 0x11 (size before relaxing)
 .rodata._ZTV14SoftwareSerial
                0x00800189       0x10 C:\Users\Saba Baig\Documents\Atmel Studio\7.0\RM\RM\ArduinoCore\Debug\libArduinoCore.a(SoftwareSerial.o)
                0x00800189                _ZTV14SoftwareSerial
 *(.gnu.linkonce.r*)
                0x0080019a                . = ALIGN (0x2)
 *fill*         0x00800199        0x1 
                0x0080019a                _edata = .
                0x0080019a                PROVIDE (__data_end, .)

.bss            0x0080019a      0x2f2
                0x0080019a                PROVIDE (__bss_start, .)
 *(.bss)
 *(.bss*)
 .bss._timerCounter
                0x0080019a        0x2 Main_SignalLogging.o
                0x0080019a                _timerCounter
 .bss._sendDataLoopCount
                0x0080019c        0x2 Main_SignalLogging.o
                0x0080019c                _sendDataLoopCount
 .bss.__initState
                0x0080019e        0xd Main_SignalLogging.o
                0x0080019e                __initState
 .bss._behaviour
                0x008001ab        0x1 Main_SignalLogging.o
                0x008001ab                _behaviour
 .bss.sensorMgr
                0x008001ac        0x2 Main_SignalLogging.o
                0x008001ac                sensorMgr
 .bss.mem       0x008001ae        0xb Main_SignalLogging.o
                0x008001ae                mem
 .bss.__fona    0x008001b9      0x11f Main_SignalLogging.o
                0x008001b9                __fona
 .bss.twi_error
                0x008002d8        0x1 src/libraries/Wire/src/utility/twi.o
 .bss.twi_rxBufferIndex
                0x008002d9        0x1 src/libraries/Wire/src/utility/twi.o
 .bss.twi_rxBuffer
                0x008002da       0x20 src/libraries/Wire/src/utility/twi.o
 .bss.twi_txBufferLength
                0x008002fa        0x1 src/libraries/Wire/src/utility/twi.o
 .bss.twi_txBufferIndex
                0x008002fb        0x1 src/libraries/Wire/src/utility/twi.o
 .bss.twi_txBuffer
                0x008002fc       0x20 src/libraries/Wire/src/utility/twi.o
 .bss.twi_masterBufferLength
                0x0080031c        0x1 src/libraries/Wire/src/utility/twi.o
 .bss.twi_masterBufferIndex
                0x0080031d        0x1 src/libraries/Wire/src/utility/twi.o
 .bss.twi_masterBuffer
                0x0080031e       0x20 src/libraries/Wire/src/utility/twi.o
 .bss.twi_onSlaveReceive
                0x0080033e        0x2 src/libraries/Wire/src/utility/twi.o
 .bss.twi_onSlaveTransmit
                0x00800340        0x2 src/libraries/Wire/src/utility/twi.o
 .bss.twi_inRepStart
                0x00800342        0x1 src/libraries/Wire/src/utility/twi.o
 .bss.twi_sendStop
                0x00800343        0x1 src/libraries/Wire/src/utility/twi.o
 .bss.twi_slarw
                0x00800344        0x1 src/libraries/Wire/src/utility/twi.o
 .bss.twi_state
                0x00800345        0x1 src/libraries/Wire/src/utility/twi.o
 .bss.Wire      0x00800346        0xc src/libraries/Wire/src/Wire.o
                0x00800346                Wire
 .bss._ZN7TwoWire14user_onReceiveE
                0x00800352        0x2 src/libraries/Wire/src/Wire.o
                0x00800352                _ZN7TwoWire14user_onReceiveE
 .bss._ZN7TwoWire14user_onRequestE
                0x00800354        0x2 src/libraries/Wire/src/Wire.o
                0x00800354                _ZN7TwoWire14user_onRequestE
 .bss._ZN7TwoWire12transmittingE
                0x00800356        0x1 src/libraries/Wire/src/Wire.o
                0x00800356                _ZN7TwoWire12transmittingE
 .bss._ZN7TwoWire14txBufferLengthE
                0x00800357        0x1 src/libraries/Wire/src/Wire.o
                0x00800357                _ZN7TwoWire14txBufferLengthE
 .bss._ZN7TwoWire13txBufferIndexE
                0x00800358        0x1 src/libraries/Wire/src/Wire.o
                0x00800358                _ZN7TwoWire13txBufferIndexE
 .bss._ZN7TwoWire8txBufferE
                0x00800359       0x20 src/libraries/Wire/src/Wire.o
                0x00800359                _ZN7TwoWire8txBufferE
 .bss._ZN7TwoWire9txAddressE
                0x00800379        0x1 src/libraries/Wire/src/Wire.o
                0x00800379                _ZN7TwoWire9txAddressE
 .bss._ZN7TwoWire14rxBufferLengthE
                0x0080037a        0x1 src/libraries/Wire/src/Wire.o
                0x0080037a                _ZN7TwoWire14rxBufferLengthE
 .bss._ZN7TwoWire13rxBufferIndexE
                0x0080037b        0x1 src/libraries/Wire/src/Wire.o
                0x0080037b                _ZN7TwoWire13rxBufferIndexE
 .bss._ZN7TwoWire8rxBufferE
                0x0080037c       0x20 src/libraries/Wire/src/Wire.o
                0x0080037c                _ZN7TwoWire8rxBufferE
 .bss._mockData
                0x0080039c        0x2 ExtendedTests.o
                0x0080039c                _mockData
 .bss.Serial    0x0080039e       0x9d C:\Users\Saba Baig\Documents\Atmel Studio\7.0\RM\RM\ArduinoCore\Debug\libArduinoCore.a(HardwareSerial0.o)
                0x0080039e                Serial
 .bss.timer0_fract
                0x0080043b        0x1 C:\Users\Saba Baig\Documents\Atmel Studio\7.0\RM\RM\ArduinoCore\Debug\libArduinoCore.a(wiring.o)
 .bss.timer0_millis
                0x0080043c        0x4 C:\Users\Saba Baig\Documents\Atmel Studio\7.0\RM\RM\ArduinoCore\Debug\libArduinoCore.a(wiring.o)
                0x0080043c                timer0_millis
 .bss.timer0_overflow_count
                0x00800440        0x4 C:\Users\Saba Baig\Documents\Atmel Studio\7.0\RM\RM\ArduinoCore\Debug\libArduinoCore.a(wiring.o)
                0x00800440                timer0_overflow_count
 .bss._ZN14SoftwareSerial20_receive_buffer_headE
                0x00800444        0x1 C:\Users\Saba Baig\Documents\Atmel Studio\7.0\RM\RM\ArduinoCore\Debug\libArduinoCore.a(SoftwareSerial.o)
                0x00800444                _ZN14SoftwareSerial20_receive_buffer_headE
 .bss._ZN14SoftwareSerial20_receive_buffer_tailE
                0x00800445        0x1 C:\Users\Saba Baig\Documents\Atmel Studio\7.0\RM\RM\ArduinoCore\Debug\libArduinoCore.a(SoftwareSerial.o)
                0x00800445                _ZN14SoftwareSerial20_receive_buffer_tailE
 .bss._ZN14SoftwareSerial15_receive_bufferE
                0x00800446       0x40 C:\Users\Saba Baig\Documents\Atmel Studio\7.0\RM\RM\ArduinoCore\Debug\libArduinoCore.a(SoftwareSerial.o)
                0x00800446                _ZN14SoftwareSerial15_receive_bufferE
 .bss._ZN14SoftwareSerial13active_objectE
                0x00800486        0x2 C:\Users\Saba Baig\Documents\Atmel Studio\7.0\RM\RM\ArduinoCore\Debug\libArduinoCore.a(SoftwareSerial.o)
                0x00800486                _ZN14SoftwareSerial13active_objectE
 *(COMMON)
 COMMON         0x00800488        0x4 c:/program files (x86)/atmel/studio/7.0/toolchain/avr8/avr8-gnu-toolchain/bin/../lib/gcc/avr/5.4.0/../../../../avr/lib/avr5\libc.a(malloc.o)
                0x00800488                __brkval
                0x0080048a                __flp
                0x0080048c                PROVIDE (__bss_end, .)
                0x00004afa                __data_load_start = LOADADDR (.data)
                0x00004b94                __data_load_end = (__data_load_start + SIZEOF (.data))

.noinit         0x0080048c        0x0
                [!provide]                PROVIDE (__noinit_start, .)
 *(.noinit*)
                [!provide]                PROVIDE (__noinit_end, .)
                0x0080048c                _end = .
                0x0080048c                PROVIDE (__heap_start, .)

.eeprom         0x00810000        0x0
 *(.eeprom*)
                0x00810000                __eeprom_end = .

.fuse
 *(.fuse)
 *(.lfuse)
 *(.hfuse)
 *(.efuse)

.lock
 *(.lock*)

.signature
 *(.signature*)

.user_signatures
 *(.user_signatures*)

.stab
 *(.stab)

.stabstr
 *(.stabstr)

.stab.excl
 *(.stab.excl)

.stab.exclstr
 *(.stab.exclstr)

.stab.index
 *(.stab.index)

.stab.indexstr
 *(.stab.indexstr)

.comment        0x00000000       0x30
 *(.comment)
 .comment       0x00000000       0x30 Adafruit_FONA.o
                                 0x31 (size before relaxing)
 .comment       0x00000030       0x31 GsmPayload.o
 .comment       0x00000030       0x31 Helpers.o
 .comment       0x00000030       0x31 Main_SignalLogging.o
 .comment       0x00000030       0x31 RmMemManager.o
 .comment       0x00000030       0x31 SensorManager.o
 .comment       0x00000030       0x31 src/libraries/Wire/src/utility/twi.o
 .comment       0x00000030       0x31 src/libraries/Wire/src/Wire.o
 .comment       0x00000030       0x31 ExtendedTests.o
 .comment       0x00000030       0x31 C:\Users\Saba Baig\Documents\Atmel Studio\7.0\RM\RM\ArduinoCore\Debug\libArduinoCore.a(HardwareSerial.o)
 .comment       0x00000030       0x31 C:\Users\Saba Baig\Documents\Atmel Studio\7.0\RM\RM\ArduinoCore\Debug\libArduinoCore.a(HardwareSerial0.o)
 .comment       0x00000030       0x31 C:\Users\Saba Baig\Documents\Atmel Studio\7.0\RM\RM\ArduinoCore\Debug\libArduinoCore.a(main.o)
 .comment       0x00000030       0x31 C:\Users\Saba Baig\Documents\Atmel Studio\7.0\RM\RM\ArduinoCore\Debug\libArduinoCore.a(new.o)
 .comment       0x00000030       0x31 C:\Users\Saba Baig\Documents\Atmel Studio\7.0\RM\RM\ArduinoCore\Debug\libArduinoCore.a(Print.o)
 .comment       0x00000030       0x31 C:\Users\Saba Baig\Documents\Atmel Studio\7.0\RM\RM\ArduinoCore\Debug\libArduinoCore.a(wiring.o)
 .comment       0x00000030       0x31 C:\Users\Saba Baig\Documents\Atmel Studio\7.0\RM\RM\ArduinoCore\Debug\libArduinoCore.a(wiring_analog.o)
 .comment       0x00000030       0x31 C:\Users\Saba Baig\Documents\Atmel Studio\7.0\RM\RM\ArduinoCore\Debug\libArduinoCore.a(wiring_digital.o)
 .comment       0x00000030       0x31 C:\Users\Saba Baig\Documents\Atmel Studio\7.0\RM\RM\ArduinoCore\Debug\libArduinoCore.a(WString.o)
 .comment       0x00000030       0x31 C:\Users\Saba Baig\Documents\Atmel Studio\7.0\RM\RM\ArduinoCore\Debug\libArduinoCore.a(SoftwareSerial.o)
 .comment       0x00000030       0x31 C:\Users\Saba Baig\Documents\Atmel Studio\7.0\RM\RM\ArduinoCore\Debug\libArduinoCore.a(hooks.o)
 .comment       0x00000030       0x31 c:/program files (x86)/atmel/studio/7.0/toolchain/avr8/avr8-gnu-toolchain/bin/../lib/gcc/avr/5.4.0/../../../../avr/lib/avr5\libc.a(malloc.o)
 .comment       0x00000030       0x31 c:/program files (x86)/atmel/studio/7.0/toolchain/avr8/avr8-gnu-toolchain/bin/../lib/gcc/avr/5.4.0/../../../../avr/lib/avr5\libc.a(realloc.o)

.note.gnu.avr.deviceinfo
                0x00000000       0x40
 .note.gnu.avr.deviceinfo
                0x00000000       0x40 C:/Program Files (x86)/Atmel/Studio/7.0/Packs/atmel/ATmega_DFP/1.2.132/gcc/dev/atmega328p/avr5/crtatmega328p.o

.note.gnu.build-id
 *(.note.gnu.build-id)

.debug
 *(.debug)

.line
 *(.line)

.debug_srcinfo
 *(.debug_srcinfo)

.debug_sfnames
 *(.debug_sfnames)

.debug_aranges  0x00000000      0xd00
 *(.debug_aranges)
 .debug_aranges
                0x00000000      0x260 Adafruit_FONA.o
 .debug_aranges
                0x00000260       0xc8 GsmPayload.o
 .debug_aranges
                0x00000328       0x90 Helpers.o
 .debug_aranges
                0x000003b8       0x68 Main_SignalLogging.o
 .debug_aranges
                0x00000420       0xf8 RmMemManager.o
 .debug_aranges
                0x00000518       0x40 SensorManager.o
 .debug_aranges
                0x00000558       0x80 src/libraries/Wire/src/utility/twi.o
 .debug_aranges
                0x000005d8       0xe8 src/libraries/Wire/src/Wire.o
 .debug_aranges
                0x000006c0       0x48 ExtendedTests.o
 .debug_aranges
                0x00000708       0x68 C:\Users\Saba Baig\Documents\Atmel Studio\7.0\RM\RM\ArduinoCore\Debug\libArduinoCore.a(HardwareSerial.o)
 .debug_aranges
                0x00000770       0x38 C:\Users\Saba Baig\Documents\Atmel Studio\7.0\RM\RM\ArduinoCore\Debug\libArduinoCore.a(HardwareSerial0.o)
 .debug_aranges
                0x000007a8       0x30 C:\Users\Saba Baig\Documents\Atmel Studio\7.0\RM\RM\ArduinoCore\Debug\libArduinoCore.a(main.o)
 .debug_aranges
                0x000007d8       0x28 C:\Users\Saba Baig\Documents\Atmel Studio\7.0\RM\RM\ArduinoCore\Debug\libArduinoCore.a(new.o)
 .debug_aranges
                0x00000800       0xf0 C:\Users\Saba Baig\Documents\Atmel Studio\7.0\RM\RM\ArduinoCore\Debug\libArduinoCore.a(Print.o)
 .debug_aranges
                0x000008f0       0x48 C:\Users\Saba Baig\Documents\Atmel Studio\7.0\RM\RM\ArduinoCore\Debug\libArduinoCore.a(wiring.o)
 .debug_aranges
                0x00000938       0x30 C:\Users\Saba Baig\Documents\Atmel Studio\7.0\RM\RM\ArduinoCore\Debug\libArduinoCore.a(wiring_analog.o)
 .debug_aranges
                0x00000968       0x38 C:\Users\Saba Baig\Documents\Atmel Studio\7.0\RM\RM\ArduinoCore\Debug\libArduinoCore.a(wiring_digital.o)
 .debug_aranges
                0x000009a0      0x2a8 C:\Users\Saba Baig\Documents\Atmel Studio\7.0\RM\RM\ArduinoCore\Debug\libArduinoCore.a(WString.o)
 .debug_aranges
                0x00000c48       0x98 C:\Users\Saba Baig\Documents\Atmel Studio\7.0\RM\RM\ArduinoCore\Debug\libArduinoCore.a(SoftwareSerial.o)
 .debug_aranges
                0x00000ce0       0x20 C:\Users\Saba Baig\Documents\Atmel Studio\7.0\RM\RM\ArduinoCore\Debug\libArduinoCore.a(hooks.o)

.debug_pubnames
 *(.debug_pubnames)

.debug_info     0x00000000    0x20f7b
 *(.debug_info .gnu.linkonce.wi.*)
 .debug_info    0x00000000      0x5f4 C:/Program Files (x86)/Atmel/Studio/7.0/Packs/atmel/ATmega_DFP/1.2.132/gcc/dev/atmega328p/avr5/crtatmega328p.o
 .debug_info    0x000005f4     0x76ed Adafruit_FONA.o
 .debug_info    0x00007ce1     0x11ec GsmPayload.o
 .debug_info    0x00008ecd     0x1316 Helpers.o
 .debug_info    0x0000a1e3     0x3105 Main_SignalLogging.o
 .debug_info    0x0000d2e8     0x1e3c RmMemManager.o
 .debug_info    0x0000f124      0x968 SensorManager.o
 .debug_info    0x0000fa8c      0x604 src/libraries/Wire/src/utility/twi.o
 .debug_info    0x00010090     0x26b3 src/libraries/Wire/src/Wire.o
 .debug_info    0x00012743      0xea7 ExtendedTests.o
 .debug_info    0x000135ea     0x1e25 C:\Users\Saba Baig\Documents\Atmel Studio\7.0\RM\RM\ArduinoCore\Debug\libArduinoCore.a(HardwareSerial.o)
 .debug_info    0x0001540f     0x1a19 C:\Users\Saba Baig\Documents\Atmel Studio\7.0\RM\RM\ArduinoCore\Debug\libArduinoCore.a(HardwareSerial0.o)
 .debug_info    0x00016e28      0x237 C:\Users\Saba Baig\Documents\Atmel Studio\7.0\RM\RM\ArduinoCore\Debug\libArduinoCore.a(main.o)
 .debug_info    0x0001705f      0x11c C:\Users\Saba Baig\Documents\Atmel Studio\7.0\RM\RM\ArduinoCore\Debug\libArduinoCore.a(new.o)
 .debug_info    0x0001717b     0x2824 C:\Users\Saba Baig\Documents\Atmel Studio\7.0\RM\RM\ArduinoCore\Debug\libArduinoCore.a(Print.o)
 .debug_info    0x0001999f      0x2cb C:\Users\Saba Baig\Documents\Atmel Studio\7.0\RM\RM\ArduinoCore\Debug\libArduinoCore.a(wiring.o)
 .debug_info    0x00019c6a      0x26d C:\Users\Saba Baig\Documents\Atmel Studio\7.0\RM\RM\ArduinoCore\Debug\libArduinoCore.a(wiring_analog.o)
 .debug_info    0x00019ed7      0x5fe C:\Users\Saba Baig\Documents\Atmel Studio\7.0\RM\RM\ArduinoCore\Debug\libArduinoCore.a(wiring_digital.o)
 .debug_info    0x0001a4d5     0x4273 C:\Users\Saba Baig\Documents\Atmel Studio\7.0\RM\RM\ArduinoCore\Debug\libArduinoCore.a(WString.o)
 .debug_info    0x0001e748     0x27f5 C:\Users\Saba Baig\Documents\Atmel Studio\7.0\RM\RM\ArduinoCore\Debug\libArduinoCore.a(SoftwareSerial.o)
 .debug_info    0x00020f3d       0x3e C:\Users\Saba Baig\Documents\Atmel Studio\7.0\RM\RM\ArduinoCore\Debug\libArduinoCore.a(hooks.o)

.debug_abbrev   0x00000000     0x4a0e
 *(.debug_abbrev)
 .debug_abbrev  0x00000000      0x5a2 C:/Program Files (x86)/Atmel/Studio/7.0/Packs/atmel/ATmega_DFP/1.2.132/gcc/dev/atmega328p/avr5/crtatmega328p.o
 .debug_abbrev  0x000005a2      0x6d6 Adafruit_FONA.o
 .debug_abbrev  0x00000c78      0x376 GsmPayload.o
 .debug_abbrev  0x00000fee      0x378 Helpers.o
 .debug_abbrev  0x00001366      0x63b Main_SignalLogging.o
 .debug_abbrev  0x000019a1      0x4b6 RmMemManager.o
 .debug_abbrev  0x00001e57      0x2ee SensorManager.o
 .debug_abbrev  0x00002145      0x260 src/libraries/Wire/src/utility/twi.o
 .debug_abbrev  0x000023a5      0x583 src/libraries/Wire/src/Wire.o
 .debug_abbrev  0x00002928      0x3c8 ExtendedTests.o
 .debug_abbrev  0x00002cf0      0x432 C:\Users\Saba Baig\Documents\Atmel Studio\7.0\RM\RM\ArduinoCore\Debug\libArduinoCore.a(HardwareSerial.o)
 .debug_abbrev  0x00003122      0x3a2 C:\Users\Saba Baig\Documents\Atmel Studio\7.0\RM\RM\ArduinoCore\Debug\libArduinoCore.a(HardwareSerial0.o)
 .debug_abbrev  0x000034c4      0x12d C:\Users\Saba Baig\Documents\Atmel Studio\7.0\RM\RM\ArduinoCore\Debug\libArduinoCore.a(main.o)
 .debug_abbrev  0x000035f1       0xce C:\Users\Saba Baig\Documents\Atmel Studio\7.0\RM\RM\ArduinoCore\Debug\libArduinoCore.a(new.o)
 .debug_abbrev  0x000036bf      0x469 C:\Users\Saba Baig\Documents\Atmel Studio\7.0\RM\RM\ArduinoCore\Debug\libArduinoCore.a(Print.o)
 .debug_abbrev  0x00003b28      0x146 C:\Users\Saba Baig\Documents\Atmel Studio\7.0\RM\RM\ArduinoCore\Debug\libArduinoCore.a(wiring.o)
 .debug_abbrev  0x00003c6e      0x16b C:\Users\Saba Baig\Documents\Atmel Studio\7.0\RM\RM\ArduinoCore\Debug\libArduinoCore.a(wiring_analog.o)
 .debug_abbrev  0x00003dd9      0x15b C:\Users\Saba Baig\Documents\Atmel Studio\7.0\RM\RM\ArduinoCore\Debug\libArduinoCore.a(wiring_digital.o)
 .debug_abbrev  0x00003f34      0x4a3 C:\Users\Saba Baig\Documents\Atmel Studio\7.0\RM\RM\ArduinoCore\Debug\libArduinoCore.a(WString.o)
 .debug_abbrev  0x000043d7      0x60d C:\Users\Saba Baig\Documents\Atmel Studio\7.0\RM\RM\ArduinoCore\Debug\libArduinoCore.a(SoftwareSerial.o)
 .debug_abbrev  0x000049e4       0x2a C:\Users\Saba Baig\Documents\Atmel Studio\7.0\RM\RM\ArduinoCore\Debug\libArduinoCore.a(hooks.o)

.debug_line     0x00000000     0x72a9
 *(.debug_line .debug_line.* .debug_line_end)
 .debug_line    0x00000000      0x133 C:/Program Files (x86)/Atmel/Studio/7.0/Packs/atmel/ATmega_DFP/1.2.132/gcc/dev/atmega328p/avr5/crtatmega328p.o
 .debug_line    0x00000133     0x1771 Adafruit_FONA.o
 .debug_line    0x000018a4      0x3b1 GsmPayload.o
 .debug_line    0x00001c55      0x758 Helpers.o
 .debug_line    0x000023ad      0x696 Main_SignalLogging.o
 .debug_line    0x00002a43      0x791 RmMemManager.o
 .debug_line    0x000031d4      0x23f SensorManager.o
 .debug_line    0x00003413      0x519 src/libraries/Wire/src/utility/twi.o
 .debug_line    0x0000392c      0x5ad src/libraries/Wire/src/Wire.o
 .debug_line    0x00003ed9      0x31e ExtendedTests.o
 .debug_line    0x000041f7      0x426 C:\Users\Saba Baig\Documents\Atmel Studio\7.0\RM\RM\ArduinoCore\Debug\libArduinoCore.a(HardwareSerial.o)
 .debug_line    0x0000461d      0x257 C:\Users\Saba Baig\Documents\Atmel Studio\7.0\RM\RM\ArduinoCore\Debug\libArduinoCore.a(HardwareSerial0.o)
 .debug_line    0x00004874      0x165 C:\Users\Saba Baig\Documents\Atmel Studio\7.0\RM\RM\ArduinoCore\Debug\libArduinoCore.a(main.o)
 .debug_line    0x000049d9      0x12f C:\Users\Saba Baig\Documents\Atmel Studio\7.0\RM\RM\ArduinoCore\Debug\libArduinoCore.a(new.o)
 .debug_line    0x00004b08      0x62e C:\Users\Saba Baig\Documents\Atmel Studio\7.0\RM\RM\ArduinoCore\Debug\libArduinoCore.a(Print.o)
 .debug_line    0x00005136      0x299 C:\Users\Saba Baig\Documents\Atmel Studio\7.0\RM\RM\ArduinoCore\Debug\libArduinoCore.a(wiring.o)
 .debug_line    0x000053cf      0x20f C:\Users\Saba Baig\Documents\Atmel Studio\7.0\RM\RM\ArduinoCore\Debug\libArduinoCore.a(wiring_analog.o)
 .debug_line    0x000055de      0x252 C:\Users\Saba Baig\Documents\Atmel Studio\7.0\RM\RM\ArduinoCore\Debug\libArduinoCore.a(wiring_digital.o)
 .debug_line    0x00005830     0x12ae C:\Users\Saba Baig\Documents\Atmel Studio\7.0\RM\RM\ArduinoCore\Debug\libArduinoCore.a(WString.o)
 .debug_line    0x00006ade      0x78a C:\Users\Saba Baig\Documents\Atmel Studio\7.0\RM\RM\ArduinoCore\Debug\libArduinoCore.a(SoftwareSerial.o)
 .debug_line    0x00007268       0x41 C:\Users\Saba Baig\Documents\Atmel Studio\7.0\RM\RM\ArduinoCore\Debug\libArduinoCore.a(hooks.o)

.debug_frame    0x00000000     0x304c
 *(.debug_frame)
 .debug_frame   0x00000000      0xe84 Adafruit_FONA.o
 .debug_frame   0x00000e84      0x218 GsmPayload.o
 .debug_frame   0x0000109c      0x210 Helpers.o
 .debug_frame   0x000012ac      0x198 Main_SignalLogging.o
 .debug_frame   0x00001444      0x388 RmMemManager.o
 .debug_frame   0x000017cc       0x98 SensorManager.o
 .debug_frame   0x00001864      0x134 src/libraries/Wire/src/utility/twi.o
 .debug_frame   0x00001998      0x260 src/libraries/Wire/src/Wire.o
 .debug_frame   0x00001bf8       0xa4 ExtendedTests.o
 .debug_frame   0x00001c9c      0x110 C:\Users\Saba Baig\Documents\Atmel Studio\7.0\RM\RM\ArduinoCore\Debug\libArduinoCore.a(HardwareSerial.o)
 .debug_frame   0x00001dac       0xc0 C:\Users\Saba Baig\Documents\Atmel Studio\7.0\RM\RM\ArduinoCore\Debug\libArduinoCore.a(HardwareSerial0.o)
 .debug_frame   0x00001e6c       0x54 C:\Users\Saba Baig\Documents\Atmel Studio\7.0\RM\RM\ArduinoCore\Debug\libArduinoCore.a(main.o)
 .debug_frame   0x00001ec0       0x54 C:\Users\Saba Baig\Documents\Atmel Studio\7.0\RM\RM\ArduinoCore\Debug\libArduinoCore.a(new.o)
 .debug_frame   0x00001f14      0x38c C:\Users\Saba Baig\Documents\Atmel Studio\7.0\RM\RM\ArduinoCore\Debug\libArduinoCore.a(Print.o)
 .debug_frame   0x000022a0       0xc4 C:\Users\Saba Baig\Documents\Atmel Studio\7.0\RM\RM\ArduinoCore\Debug\libArduinoCore.a(wiring.o)
 .debug_frame   0x00002364       0x54 C:\Users\Saba Baig\Documents\Atmel Studio\7.0\RM\RM\ArduinoCore\Debug\libArduinoCore.a(wiring_analog.o)
 .debug_frame   0x000023b8       0x7c C:\Users\Saba Baig\Documents\Atmel Studio\7.0\RM\RM\ArduinoCore\Debug\libArduinoCore.a(wiring_digital.o)
 .debug_frame   0x00002434      0xa40 C:\Users\Saba Baig\Documents\Atmel Studio\7.0\RM\RM\ArduinoCore\Debug\libArduinoCore.a(WString.o)
 .debug_frame   0x00002e74      0x1b4 C:\Users\Saba Baig\Documents\Atmel Studio\7.0\RM\RM\ArduinoCore\Debug\libArduinoCore.a(SoftwareSerial.o)
 .debug_frame   0x00003028       0x24 C:\Users\Saba Baig\Documents\Atmel Studio\7.0\RM\RM\ArduinoCore\Debug\libArduinoCore.a(hooks.o)

.debug_str      0x00000000     0x5dd9
 *(.debug_str)
 .debug_str     0x00000000      0x208 C:/Program Files (x86)/Atmel/Studio/7.0/Packs/atmel/ATmega_DFP/1.2.132/gcc/dev/atmega328p/avr5/crtatmega328p.o
 .debug_str     0x00000208     0x28e0 Adafruit_FONA.o
                               0x2a55 (size before relaxing)
 .debug_str     0x00002ae8      0x91f GsmPayload.o
                                0xf1c (size before relaxing)
 .debug_str     0x00003407      0x10d Helpers.o
                                0xb08 (size before relaxing)
 .debug_str     0x00003514      0xc32 Main_SignalLogging.o
                               0x282e (size before relaxing)
 .debug_str     0x00004146      0x307 RmMemManager.o
                               0x1177 (size before relaxing)
 .debug_str     0x0000444d       0x65 SensorManager.o
                                0xa6a (size before relaxing)
 .debug_str     0x000044b2      0x2bb src/libraries/Wire/src/utility/twi.o
                                0x3bc (size before relaxing)
 .debug_str     0x0000476d      0x452 src/libraries/Wire/src/Wire.o
                               0x1819 (size before relaxing)
 .debug_str     0x00004bbf       0x6e ExtendedTests.o
                               0x129f (size before relaxing)
 .debug_str     0x00004c2d      0x3de C:\Users\Saba Baig\Documents\Atmel Studio\7.0\RM\RM\ArduinoCore\Debug\libArduinoCore.a(HardwareSerial.o)
                               0x1586 (size before relaxing)
 .debug_str     0x0000500b       0x47 C:\Users\Saba Baig\Documents\Atmel Studio\7.0\RM\RM\ArduinoCore\Debug\libArduinoCore.a(HardwareSerial0.o)
                               0x135f (size before relaxing)
 .debug_str     0x00005052       0x37 C:\Users\Saba Baig\Documents\Atmel Studio\7.0\RM\RM\ArduinoCore\Debug\libArduinoCore.a(main.o)
                                0x2a5 (size before relaxing)
 .debug_str     0x00005089       0x44 C:\Users\Saba Baig\Documents\Atmel Studio\7.0\RM\RM\ArduinoCore\Debug\libArduinoCore.a(new.o)
                                0x1bb (size before relaxing)
 .debug_str     0x000050cd      0x20b C:\Users\Saba Baig\Documents\Atmel Studio\7.0\RM\RM\ArduinoCore\Debug\libArduinoCore.a(Print.o)
                               0x11a4 (size before relaxing)
 .debug_str     0x000052d8       0x79 C:\Users\Saba Baig\Documents\Atmel Studio\7.0\RM\RM\ArduinoCore\Debug\libArduinoCore.a(wiring.o)
                                0x23b (size before relaxing)
 .debug_str     0x00005351       0x6c C:\Users\Saba Baig\Documents\Atmel Studio\7.0\RM\RM\ArduinoCore\Debug\libArduinoCore.a(wiring_analog.o)
                                0x23f (size before relaxing)
 .debug_str     0x000053bd       0xa9 C:\Users\Saba Baig\Documents\Atmel Studio\7.0\RM\RM\ArduinoCore\Debug\libArduinoCore.a(wiring_digital.o)
                                0x2a0 (size before relaxing)
 .debug_str     0x00005466      0x3a9 C:\Users\Saba Baig\Documents\Atmel Studio\7.0\RM\RM\ArduinoCore\Debug\libArduinoCore.a(WString.o)
                               0x1140 (size before relaxing)
 .debug_str     0x0000580f      0x5ae C:\Users\Saba Baig\Documents\Atmel Studio\7.0\RM\RM\ArduinoCore\Debug\libArduinoCore.a(SoftwareSerial.o)
                               0x1882 (size before relaxing)
 .debug_str     0x00005dbd       0x1c C:\Users\Saba Baig\Documents\Atmel Studio\7.0\RM\RM\ArduinoCore\Debug\libArduinoCore.a(hooks.o)
                                0x130 (size before relaxing)

.debug_loc      0x00000000    0x116d8
 *(.debug_loc)
 .debug_loc     0x00000000     0x5a74 Adafruit_FONA.o
 .debug_loc     0x00005a74      0x796 GsmPayload.o
 .debug_loc     0x0000620a      0xbc6 Helpers.o
 .debug_loc     0x00006dd0      0x64c Main_SignalLogging.o
 .debug_loc     0x0000741c     0x136b RmMemManager.o
 .debug_loc     0x00008787      0x2d2 SensorManager.o
 .debug_loc     0x00008a59      0x3e6 src/libraries/Wire/src/utility/twi.o
 .debug_loc     0x00008e3f      0xbc0 src/libraries/Wire/src/Wire.o
 .debug_loc     0x000099ff      0x1ca ExtendedTests.o
 .debug_loc     0x00009bc9      0x482 C:\Users\Saba Baig\Documents\Atmel Studio\7.0\RM\RM\ArduinoCore\Debug\libArduinoCore.a(HardwareSerial.o)
 .debug_loc     0x0000a04b      0x18a C:\Users\Saba Baig\Documents\Atmel Studio\7.0\RM\RM\ArduinoCore\Debug\libArduinoCore.a(HardwareSerial0.o)
 .debug_loc     0x0000a1d5       0x4c C:\Users\Saba Baig\Documents\Atmel Studio\7.0\RM\RM\ArduinoCore\Debug\libArduinoCore.a(new.o)
 .debug_loc     0x0000a221     0x1c79 C:\Users\Saba Baig\Documents\Atmel Studio\7.0\RM\RM\ArduinoCore\Debug\libArduinoCore.a(Print.o)
 .debug_loc     0x0000be9a      0x28d C:\Users\Saba Baig\Documents\Atmel Studio\7.0\RM\RM\ArduinoCore\Debug\libArduinoCore.a(wiring.o)
 .debug_loc     0x0000c127       0xfe C:\Users\Saba Baig\Documents\Atmel Studio\7.0\RM\RM\ArduinoCore\Debug\libArduinoCore.a(wiring_analog.o)
 .debug_loc     0x0000c225      0x5fc C:\Users\Saba Baig\Documents\Atmel Studio\7.0\RM\RM\ArduinoCore\Debug\libArduinoCore.a(wiring_digital.o)
 .debug_loc     0x0000c821     0x4247 C:\Users\Saba Baig\Documents\Atmel Studio\7.0\RM\RM\ArduinoCore\Debug\libArduinoCore.a(WString.o)
 .debug_loc     0x00010a68      0xc70 C:\Users\Saba Baig\Documents\Atmel Studio\7.0\RM\RM\ArduinoCore\Debug\libArduinoCore.a(SoftwareSerial.o)

.debug_macinfo
 *(.debug_macinfo)

.debug_weaknames
 *(.debug_weaknames)

.debug_funcnames
 *(.debug_funcnames)

.debug_typenames
 *(.debug_typenames)

.debug_varnames
 *(.debug_varnames)